[35m[1mConsolidate compiler generated dependencies of target master_node[0m
[ 50%] [32mBuilding CXX object CMakeFiles/master_node.dir/src/master_node.cpp.o[0m
[100%] [32m[1mLinking CXX executable master_node[0m
[100%] Built target master_node
-- Install configuration: ""
-- Installing: /home/gaga/sad_ws/install/harvest_master/lib/harvest_master/master_node
-- Set runtime path of "/home/gaga/sad_ws/install/harvest_master/lib/harvest_master/master_node" to ""
-- Up-to-date: /home/gaga/sad_ws/install/harvest_master/include/
-- Up-to-date: /home/gaga/sad_ws/install/harvest_master/include//harvest_master
-- Up-to-date: /home/gaga/sad_ws/install/harvest_master/include//harvest_master/master_node.hpp
-- Up-to-date: /home/gaga/sad_ws/install/harvest_master/share/ament_index/resource_index/package_run_dependencies/harvest_master
-- Up-to-date: /home/gaga/sad_ws/install/harvest_master/share/ament_index/resource_index/parent_prefix_path/harvest_master
-- Up-to-date: /home/gaga/sad_ws/install/harvest_master/share/harvest_master/environment/ament_prefix_path.sh
-- Up-to-date: /home/gaga/sad_ws/install/harvest_master/share/harvest_master/environment/ament_prefix_path.dsv
-- Up-to-date: /home/gaga/sad_ws/install/harvest_master/share/harvest_master/environment/path.sh
-- Up-to-date: /home/gaga/sad_ws/install/harvest_master/share/harvest_master/environment/path.dsv
-- Up-to-date: /home/gaga/sad_ws/install/harvest_master/share/harvest_master/local_setup.bash
-- Up-to-date: /home/gaga/sad_ws/install/harvest_master/share/harvest_master/local_setup.sh
-- Up-to-date: /home/gaga/sad_ws/install/harvest_master/share/harvest_master/local_setup.zsh
-- Up-to-date: /home/gaga/sad_ws/install/harvest_master/share/harvest_master/local_setup.dsv
-- Installing: /home/gaga/sad_ws/install/harvest_master/share/harvest_master/package.dsv
-- Up-to-date: /home/gaga/sad_ws/install/harvest_master/share/ament_index/resource_index/packages/harvest_master
-- Up-to-date: /home/gaga/sad_ws/install/harvest_master/share/harvest_master/cmake/harvest_masterConfig.cmake
-- Up-to-date: /home/gaga/sad_ws/install/harvest_master/share/harvest_master/cmake/harvest_masterConfig-version.cmake
-- Up-to-date: /home/gaga/sad_ws/install/harvest_master/share/harvest_master/package.xml
