[0.024s] Invoking command in '/home/gaga/sad_ws/build/sad_pkg': CMAKE_PREFIX_PATH=/home/gaga/sad_ws/install/q_visualizer:/opt/ros/humble:/home/gaga/sad_ws/install/serial:/home/gaga/sad_ws/install/my_vision_msgs:/home/gaga/sad_ws/install:/home/gaga/sad_ws/install/sad_pkg:/home/gaga/sad_ws/install/mani_urdf:/home/gaga/ssibal_ws/install/robot_msgs:/home/gaga/sad_ws/src/install/vision_msgs:/home/gaga/sad_ws/src/install/sad_pkg:/home/gaga/sad_ws/src/install/serial:/home/gaga/sad_ws/src/install/my_vision_msgs:/home/gaga/sad_ws/src/install/mani_urdf:/home/gaga/robotprograming_ws/install/rp_pkg:/home/gaga/sad_ws/src/sad_pkg/install/sad_pkg /usr/bin/cmake --build /home/gaga/sad_ws/build/sad_pkg -- -j20 -l20
[0.163s] [ 95%] Built target forward_node
[0.164s] [ 95%] Built target Inverse_node
[0.164s] [ 95%] Built target map_node
[0.164s] [ 95%] Built target motor_node
[0.164s] [ 95%] Built target spline_node
[0.164s] [ 95%] Built target path_test_node
[0.164s] [ 95%] Built target path_node
[0.164s] [ 95%] Built target rrt_node
[0.164s] [ 95%] [32mBuilding CXX object CMakeFiles/real_inverse_node.dir/src/real_inverse_node.cpp.o[0m
[0.164s] [ 95%] Built target obstacle_node
[7.522s] [01m[K/home/gaga/sad_ws/src/sad_pkg/src/real_inverse_node.cpp:[m[K In member function ‘[01m[KControlOutput ManipulatorNode::computeControl(const VectorXd&, const Vector3d&, const Vector3d&, double)[m[K’:
[7.522s] [01m[K/home/gaga/sad_ws/src/sad_pkg/src/real_inverse_node.cpp:462:56:[m[K [01;31m[Kerror: [m[K‘[01m[Kaxis[m[K’ was not declared in this scope
[7.522s]   462 |         Eigen::Vector3d desired_velocity_orientation = [01;31m[Kaxis[m[K * angle_rad / dt;
[7.522s]       |                                                        [01;31m[K^~~~[m[K
[7.535s] [01m[K/home/gaga/sad_ws/src/sad_pkg/src/real_inverse_node.cpp:462:63:[m[K [01;31m[Kerror: [m[K‘[01m[Kangle_rad[m[K’ was not declared in this scope
[7.535s]   462 |         Eigen::Vector3d desired_velocity_orientation = axis * [01;31m[Kangle_rad[m[K / dt;
[7.535s]       |                                                               [01;31m[K^~~~~~~~~[m[K
[19.860s] gmake[2]: *** [CMakeFiles/real_inverse_node.dir/build.make:76: CMakeFiles/real_inverse_node.dir/src/real_inverse_node.cpp.o] Error 1
[19.860s] gmake[1]: *** [CMakeFiles/Makefile2:363: CMakeFiles/real_inverse_node.dir/all] Error 2
[19.860s] gmake: *** [Makefile:146: all] Error 2
[19.862s] Invoked command in '/home/gaga/sad_ws/build/sad_pkg' returned '2': CMAKE_PREFIX_PATH=/home/gaga/sad_ws/install/q_visualizer:/opt/ros/humble:/home/gaga/sad_ws/install/serial:/home/gaga/sad_ws/install/my_vision_msgs:/home/gaga/sad_ws/install:/home/gaga/sad_ws/install/sad_pkg:/home/gaga/sad_ws/install/mani_urdf:/home/gaga/ssibal_ws/install/robot_msgs:/home/gaga/sad_ws/src/install/vision_msgs:/home/gaga/sad_ws/src/install/sad_pkg:/home/gaga/sad_ws/src/install/serial:/home/gaga/sad_ws/src/install/my_vision_msgs:/home/gaga/sad_ws/src/install/mani_urdf:/home/gaga/robotprograming_ws/install/rp_pkg:/home/gaga/sad_ws/src/sad_pkg/install/sad_pkg /usr/bin/cmake --build /home/gaga/sad_ws/build/sad_pkg -- -j20 -l20
