[0.028s] Invoking command in '/home/gaga/sad_ws/build/sad_pkg': CMAKE_PREFIX_PATH=/home/gaga/sad_ws/install/q_visualizer:/home/gaga/turtlebot3_ws/install/turtlebot3_teleop:/home/gaga/turtlebot3_ws/install/turtlebot3_example:/opt/ros/humble:/home/gaga/sad_ws/install/serial:/home/gaga/sad_ws/install/my_vision_msgs:/home/gaga/sad_ws/install:/home/gaga/sad_ws/install/sad_pkg:/home/gaga/sad_ws/install/mani_urdf:/home/gaga/turtlebot3_ws/install/turtlebot3:/home/gaga/turtlebot3_ws/install/turtlebot3_simulations:/home/gaga/turtlebot3_ws/install/turtlebot3_bringup:/home/gaga/turtlebot3_ws/install/turtlebot3_node:/home/gaga/turtlebot3_ws/install/turtlebot3_navigation2:/home/gaga/turtlebot3_ws/install/turtlebot3_fake_node:/home/gaga/turtlebot3_ws/install/robot_master:/home/gaga/turtlebot3_ws/install/turtlebot3_msgs:/home/gaga/turtlebot3_ws/install/turtlebot3_gazebo:/home/gaga/turtlebot3_ws/install/turtlebot3_description:/home/gaga/turtlebot3_ws/install/turtlebot3_cartographer:/home/gaga/turtlebot3_ws/install/robot_vision:/home/gaga/turtlebot3_ws/install/robot_navigation:/home/gaga/turtlebot3_ws/install/robot_msgs:/home/gaga/turtlebot3_ws/install/dynamixel_sdk_examples:/home/gaga/turtlebot3_ws/install/dynamixel_sdk_custom_interfaces:/home/gaga/turtlebot3_ws/install/dynamixel_sdk:/home/gaga/ssibal_ws/install/robot_msgs:/home/gaga/sad_ws/src/install/vision_msgs:/home/gaga/sad_ws/src/install/sad_pkg:/home/gaga/sad_ws/src/install/serial:/home/gaga/sad_ws/src/install/my_vision_msgs:/home/gaga/sad_ws/src/install/mani_urdf:/home/gaga/robotprograming_ws/install/rp_pkg:/home/gaga/sad_ws/src/sad_pkg/install/sad_pkg /usr/bin/cmake --build /home/gaga/sad_ws/build/sad_pkg -- -j20 -l20
[0.192s] [ 70%] [32mBuilding CXX object CMakeFiles/motor_node.dir/src/motor_node.cpp.o[0m
[0.193s] [ 70%] Built target forward_node
[0.193s] [ 70%] Built target map_node
[0.193s] [ 70%] Built target path_test_node
[0.193s] [ 70%] Built target obstacle_node
[0.193s] [ 70%] Built target Inverse_node
[0.193s] [ 75%] Built target path_node
[0.193s] [ 85%] Built target rrt_node
[0.193s] [ 90%] Built target real_inverse_node
[0.193s] [ 95%] Built target spline_node
[4.325s] [01m[K/home/gaga/sad_ws/src/sad_pkg/src/motor_node.cpp:176:46:[m[K [01;31m[Kerror: [m[K‘[01m[KportHandler_[m[K’ has not been declared
[4.325s]   176 |         dynamixel::GroupSyncWrite sync_write([01;31m[KportHandler_[m[K, packetHandler_, ADDR_GOAL_POSITION, 4);
[4.325s]       |                                              [01;31m[K^~~~~~~~~~~~[m[K
[4.325s] [01m[K/home/gaga/sad_ws/src/sad_pkg/src/motor_node.cpp:176:60:[m[K [01;31m[Kerror: [m[K‘[01m[KpacketHandler_[m[K’ has not been declared
[4.325s]   176 |         dynamixel::GroupSyncWrite sync_write(portHandler_, [01;31m[KpacketHandler_[m[K, ADDR_GOAL_POSITION, 4);
[4.325s]       |                                                            [01;31m[K^~~~~~~~~~~~~~[m[K
[4.325s] [01m[K/home/gaga/sad_ws/src/sad_pkg/src/motor_node.cpp:15:32:[m[K [01;31m[Kerror: [m[Kexpected identifier before numeric constant
[4.325s]    15 | #define ADDR_GOAL_POSITION     [01;31m[K116[m[K
[4.325s]       |                                [01;31m[K^~~[m[K
[4.325s] [01m[K/home/gaga/sad_ws/src/sad_pkg/src/motor_node.cpp:176:76:[m[K [01;36m[Knote: [m[Kin expansion of macro ‘[01m[KADDR_GOAL_POSITION[m[K’
[4.325s]   176 |         dynamixel::GroupSyncWrite sync_write(portHandler_, packetHandler_, [01;36m[KADDR_GOAL_POSITION[m[K, 4);
[4.325s]       |                                                                            [01;36m[K^~~~~~~~~~~~~~~~~~[m[K
[4.325s] [01m[K/home/gaga/sad_ws/src/sad_pkg/src/motor_node.cpp:15:32:[m[K [01;31m[Kerror: [m[Kexpected ‘[01m[K,[m[K’ or ‘[01m[K...[m[K’ before numeric constant
[4.325s]    15 | #define ADDR_GOAL_POSITION     [01;31m[K116[m[K
[4.326s]       |                                [01;31m[K^~~[m[K
[4.326s] [01m[K/home/gaga/sad_ws/src/sad_pkg/src/motor_node.cpp:176:76:[m[K [01;36m[Knote: [m[Kin expansion of macro ‘[01m[KADDR_GOAL_POSITION[m[K’
[4.326s]   176 |         dynamixel::GroupSyncWrite sync_write(portHandler_, packetHandler_, [01;36m[KADDR_GOAL_POSITION[m[K, 4);
[4.326s]       |                                                                            [01;36m[K^~~~~~~~~~~~~~~~~~[m[K
[4.326s] [01m[K/home/gaga/sad_ws/src/sad_pkg/src/motor_node.cpp:178:9:[m[K [01;31m[Kerror: [m[Kexpected unqualified-id before ‘[01m[Kfor[m[K’
[4.326s]   178 |         [01;31m[Kfor[m[K (int i = 0; i < 2; ++i) {
[4.326s]       |         [01;31m[K^~~[m[K
[4.327s] [01m[K/home/gaga/sad_ws/src/sad_pkg/src/motor_node.cpp:178:25:[m[K [01;31m[Kerror: [m[K‘[01m[Ki[m[K’ does not name a type
[4.327s]   178 |         for (int i = 0; [01;31m[Ki[m[K < 2; ++i) {
[4.328s]       |                         [01;31m[K^[m[K
[4.328s] [01m[K/home/gaga/sad_ws/src/sad_pkg/src/motor_node.cpp:178:32:[m[K [01;31m[Kerror: [m[Kexpected unqualified-id before ‘[01m[K++[m[K’ token
[4.328s]   178 |         for (int i = 0; i < 2; [01;31m[K++[m[Ki) {
[4.328s]       |                                [01;31m[K^~[m[K
[4.328s] [01m[K/home/gaga/sad_ws/src/sad_pkg/src/motor_node.cpp:188:9:[m[K [01;31m[Kerror: [m[Kexpected unqualified-id before ‘[01m[Kif[m[K’
[4.328s]   188 |         [01;31m[Kif[m[K (sync_write.txPacket() != COMM_SUCCESS) {
[4.328s]       |         [01;31m[K^~[m[K
[9.706s] gmake[2]: *** [CMakeFiles/motor_node.dir/build.make:76: CMakeFiles/motor_node.dir/src/motor_node.cpp.o] Error 1
[9.706s] gmake[1]: *** [CMakeFiles/Makefile2:389: CMakeFiles/motor_node.dir/all] Error 2
[9.707s] gmake: *** [Makefile:146: all] Error 2
[9.714s] Invoked command in '/home/gaga/sad_ws/build/sad_pkg' returned '2': CMAKE_PREFIX_PATH=/home/gaga/sad_ws/install/q_visualizer:/home/gaga/turtlebot3_ws/install/turtlebot3_teleop:/home/gaga/turtlebot3_ws/install/turtlebot3_example:/opt/ros/humble:/home/gaga/sad_ws/install/serial:/home/gaga/sad_ws/install/my_vision_msgs:/home/gaga/sad_ws/install:/home/gaga/sad_ws/install/sad_pkg:/home/gaga/sad_ws/install/mani_urdf:/home/gaga/turtlebot3_ws/install/turtlebot3:/home/gaga/turtlebot3_ws/install/turtlebot3_simulations:/home/gaga/turtlebot3_ws/install/turtlebot3_bringup:/home/gaga/turtlebot3_ws/install/turtlebot3_node:/home/gaga/turtlebot3_ws/install/turtlebot3_navigation2:/home/gaga/turtlebot3_ws/install/turtlebot3_fake_node:/home/gaga/turtlebot3_ws/install/robot_master:/home/gaga/turtlebot3_ws/install/turtlebot3_msgs:/home/gaga/turtlebot3_ws/install/turtlebot3_gazebo:/home/gaga/turtlebot3_ws/install/turtlebot3_description:/home/gaga/turtlebot3_ws/install/turtlebot3_cartographer:/home/gaga/turtlebot3_ws/install/robot_vision:/home/gaga/turtlebot3_ws/install/robot_navigation:/home/gaga/turtlebot3_ws/install/robot_msgs:/home/gaga/turtlebot3_ws/install/dynamixel_sdk_examples:/home/gaga/turtlebot3_ws/install/dynamixel_sdk_custom_interfaces:/home/gaga/turtlebot3_ws/install/dynamixel_sdk:/home/gaga/ssibal_ws/install/robot_msgs:/home/gaga/sad_ws/src/install/vision_msgs:/home/gaga/sad_ws/src/install/sad_pkg:/home/gaga/sad_ws/src/install/serial:/home/gaga/sad_ws/src/install/my_vision_msgs:/home/gaga/sad_ws/src/install/mani_urdf:/home/gaga/robotprograming_ws/install/rp_pkg:/home/gaga/sad_ws/src/sad_pkg/install/sad_pkg /usr/bin/cmake --build /home/gaga/sad_ws/build/sad_pkg -- -j20 -l20
