[35m[1mConsolidate compiler generated dependencies of target motor_node[0m
[35m[1mConsolidate compiler generated dependencies of target real_inverse_node[0m
[ 65%] Built target Inverse_node
[ 65%] Built target path_node
[ 80%] Built target path_test_node
[ 65%] Built target forward_node
[ 80%] Built target obstacle_node
[ 80%] Built target rrt_node
[ 80%] Built target spline_node
[ 80%] Built target map_node
[ 95%] [32mBuilding CXX object CMakeFiles/real_inverse_node.dir/src/real_inverse_node.cpp.o[0m
[ 95%] Built target motor_node
[01m[K/home/gaga/sad_ws/src/sad_pkg/src/real_inverse_node.cpp:447:10:[m[K [01;31m[Kerror: [m[Kexpected ‘[01m[K;[m[K’ after class definition
  447 |         }
      |          [01;31m[K^[m[K
      |          [32m[K;[m[K
[01m[K/home/gaga/sad_ws/src/sad_pkg/src/real_inverse_node.cpp:455:45:[m[K [01;31m[Kerror: [m[K‘[01m[Kestimated_q_[m[K’ was not declared in this scope
  455 |         ControlOutput ctrl = computeControl([01;31m[Kestimated_q_[m[K, position_error, axis * angle_rad, dt);
      |                                             [01;31m[K^~~~~~~~~~~~[m[K
[01m[K/home/gaga/sad_ws/src/sad_pkg/src/real_inverse_node.cpp:455:59:[m[K [01;31m[Kerror: [m[K‘[01m[Kposition_error[m[K’ was not declared in this scope
  455 |         ControlOutput ctrl = computeControl(estimated_q_, [01;31m[Kposition_error[m[K, axis * angle_rad, dt);
      |                                                           [01;31m[K^~~~~~~~~~~~~~[m[K
[01m[K/home/gaga/sad_ws/src/sad_pkg/src/real_inverse_node.cpp:455:75:[m[K [01;31m[Kerror: [m[K‘[01m[Kaxis[m[K’ was not declared in this scope
  455 |         ControlOutput ctrl = computeControl(estimated_q_, position_error, [01;31m[Kaxis[m[K * angle_rad, dt);
      |                                                                           [01;31m[K^~~~[m[K
[01m[K/home/gaga/sad_ws/src/sad_pkg/src/real_inverse_node.cpp:455:82:[m[K [01;31m[Kerror: [m[K‘[01m[Kangle_rad[m[K’ was not declared in this scope
  455 |         ControlOutput ctrl = computeControl(estimated_q_, position_error, axis * [01;31m[Kangle_rad[m[K, dt);
      |                                                                                  [01;31m[K^~~~~~~~~[m[K
[01m[K/home/gaga/sad_ws/src/sad_pkg/src/real_inverse_node.cpp:455:30:[m[K [01;31m[Kerror: [m[K‘[01m[KcomputeControl[m[K’ was not declared in this scope
  455 |         ControlOutput ctrl = [01;31m[KcomputeControl[m[K(estimated_q_, position_error, axis * angle_rad, dt);
      |                              [01;31m[K^~~~~~~~~~~~~~[m[K
[01m[K/home/gaga/sad_ws/src/sad_pkg/src/real_inverse_node.cpp:457:9:[m[K [01;31m[Kerror: [m[Kexpected unqualified-id before ‘[01m[Kif[m[K’
  457 |         [01;31m[Kif[m[K (ctrl.q_dot.size() != 6 || ctrl.next_q.size() != 6) {
      |         [01;31m[K^~[m[K
[01m[K/home/gaga/sad_ws/src/sad_pkg/src/real_inverse_node.cpp:466:9:[m[K [01;31m[Kerror: [m[Kexpected unqualified-id before ‘[01m[Kfor[m[K’
  466 |         [01;31m[Kfor[m[K (int i = 0; i < 6; ++i) {
      |         [01;31m[K^~~[m[K
[01m[K/home/gaga/sad_ws/src/sad_pkg/src/real_inverse_node.cpp:466:25:[m[K [01;31m[Kerror: [m[K‘[01m[Ki[m[K’ does not name a type
  466 |         for (int i = 0; [01;31m[Ki[m[K < 6; ++i) {
      |                         [01;31m[K^[m[K
[01m[K/home/gaga/sad_ws/src/sad_pkg/src/real_inverse_node.cpp:466:32:[m[K [01;31m[Kerror: [m[Kexpected unqualified-id before ‘[01m[K++[m[K’ token
  466 |         for (int i = 0; i < 6; [01;31m[K++[m[Ki) {
      |                                [01;31m[K^~[m[K
[01m[K/home/gaga/sad_ws/src/sad_pkg/src/real_inverse_node.cpp:485:9:[m[K [01;31m[Kerror: [m[Kexpected unqualified-id before ‘[01m[Kif[m[K’
  485 |         [01;31m[Kif[m[K (joint6_integrated_angle_ >= M_PI / 2.0) {
      |         [01;31m[K^~[m[K
[01m[K/home/gaga/sad_ws/src/sad_pkg/src/real_inverse_node.cpp:493:9:[m[K [01;31m[Kerror: [m[K‘[01m[Kdq_msg[m[K’ does not name a type
  493 |         [01;31m[Kdq_msg[m[K.data.resize(6);
      |         [01;31m[K^~~~~~[m[K
[01m[K/home/gaga/sad_ws/src/sad_pkg/src/real_inverse_node.cpp:494:9:[m[K [01;31m[Kerror: [m[Kexpected unqualified-id before ‘[01m[Kfor[m[K’
  494 |         [01;31m[Kfor[m[K (int i = 0; i < 6; ++i) {
      |         [01;31m[K^~~[m[K
[01m[K/home/gaga/sad_ws/src/sad_pkg/src/real_inverse_node.cpp:494:25:[m[K [01;31m[Kerror: [m[K‘[01m[Ki[m[K’ does not name a type
  494 |         for (int i = 0; [01;31m[Ki[m[K < 6; ++i) {
      |                         [01;31m[K^[m[K
[01m[K/home/gaga/sad_ws/src/sad_pkg/src/real_inverse_node.cpp:494:32:[m[K [01;31m[Kerror: [m[Kexpected unqualified-id before ‘[01m[K++[m[K’ token
  494 |         for (int i = 0; i < 6; [01;31m[K++[m[Ki) {
      |                                [01;31m[K^~[m[K
In file included from [01m[K/opt/ros/humble/include/rclcpp/rclcpp/client.hpp:40[m[K,
                 from [01m[K/opt/ros/humble/include/rclcpp/rclcpp/callback_group.hpp:24[m[K,
                 from [01m[K/opt/ros/humble/include/rclcpp/rclcpp/any_executable.hpp:20[m[K,
                 from [01m[K/opt/ros/humble/include/rclcpp/rclcpp/memory_strategy.hpp:25[m[K,
                 from [01m[K/opt/ros/humble/include/rclcpp/rclcpp/memory_strategies.hpp:18[m[K,
                 from [01m[K/opt/ros/humble/include/rclcpp/rclcpp/executor_options.hpp:20[m[K,
                 from [01m[K/opt/ros/humble/include/rclcpp/rclcpp/executor.hpp:37[m[K,
                 from [01m[K/opt/ros/humble/include/rclcpp/rclcpp/executors/multi_threaded_executor.hpp:25[m[K,
                 from [01m[K/opt/ros/humble/include/rclcpp/rclcpp/executors.hpp:21[m[K,
                 from [01m[K/opt/ros/humble/include/rclcpp/rclcpp/rclcpp.hpp:155[m[K,
                 from [01m[K/home/gaga/sad_ws/src/sad_pkg/src/real_inverse_node.cpp:8[m[K:
[01m[K/home/gaga/sad_ws/src/sad_pkg/src/real_inverse_node.cpp:504:9:[m[K [01;31m[Kerror: [m[Kexpected unqualified-id before ‘[01m[Kdo[m[K’
  504 |         [01;31m[KRCLCPP_INFO[m[K(this->get_logger(), "[Timer] 퍼블리시되는 q_dot: %.3f %.3f %.3f %.3f %.3f %.3f",
      |         [01;31m[K^~~~~~~~~~~[m[K
[01m[K/home/gaga/sad_ws/src/sad_pkg/src/real_inverse_node.cpp:504:9:[m[K [01;31m[Kerror: [m[Kexpected unqualified-id before ‘[01m[Kwhile[m[K’
  504 |         [01;31m[KRCLCPP_INFO[m[K(this->get_logger(), "[Timer] 퍼블리시되는 q_dot: %.3f %.3f %.3f %.3f %.3f %.3f",
      |         [01;31m[K^~~~~~~~~~~[m[K
[01m[K/home/gaga/sad_ws/src/sad_pkg/src/real_inverse_node.cpp:508:9:[m[K [01;31m[Kerror: [m[K‘[01m[Kjoint_vel_pub_[m[K’ does not name a type
  508 |         [01;31m[Kjoint_vel_pub_[m[K->publish(dq_msg);
      |         [01;31m[K^~~~~~~~~~~~~~[m[K
[01m[K/home/gaga/sad_ws/src/sad_pkg/src/real_inverse_node.cpp:518:9:[m[K [01;31m[Kerror: [m[Kexpected unqualified-id before ‘[01m[Kif[m[K’
  518 |         [01;31m[Kif[m[K (!(fabs(position_error.z()) < position_deadband &&
      |         [01;31m[K^~[m[K
[01m[K/home/gaga/sad_ws/src/sad_pkg/src/real_inverse_node.cpp:532:5:[m[K [01;31m[Kerror: [m[Kexpected declaration before ‘[01m[K}[m[K’ token
  532 |     [01;31m[K}[m[K
      |     [01;31m[K^[m[K
[01m[K/home/gaga/sad_ws/src/sad_pkg/src/real_inverse_node.cpp:[m[K In function ‘[01m[KControlOutput computeControl(const VectorXd&, const Vector3d&, const Vector3d&, double)[m[K’:
[01m[K/home/gaga/sad_ws/src/sad_pkg/src/real_inverse_node.cpp:542:21:[m[K [01;31m[Kerror: [m[K‘[01m[KcomputeFeedbackVelocity[m[K’ was not declared in this scope
  542 |         out.q_dot = [01;31m[KcomputeFeedbackVelocity[m[K(position_error, orientation_axis_angle, desired_velocity);
      |                     [01;31m[K^~~~~~~~~~~~~~~~~~~~~~~[m[K
[01m[K/home/gaga/sad_ws/src/sad_pkg/src/real_inverse_node.cpp:[m[K In function ‘[01m[KEigen::VectorXd computeFeedbackVelocity(const Vector3d&, const Vector3d&, const Vector3d&)[m[K’:
[01m[K/home/gaga/sad_ws/src/sad_pkg/src/real_inverse_node.cpp:600:38:[m[K [01;31m[Kerror: [m[K‘[01m[Kestimated_q_[m[K’ was not declared in this scope
  600 |         MatrixXd J = computeJacobian([01;31m[Kestimated_q_[m[K);
      |                                      [01;31m[K^~~~~~~~~~~~[m[K
[01m[K/home/gaga/sad_ws/src/sad_pkg/src/real_inverse_node.cpp:601:27:[m[K [01;31m[Kerror: [m[K‘[01m[KdampedPseudoInverse[m[K’ was not declared in this scope
  601 |         MatrixXd J_pinv = [01;31m[KdampedPseudoInverse[m[K(J);
      |                           [01;31m[K^~~~~~~~~~~~~~~~~~~[m[K
[01m[K/home/gaga/sad_ws/src/sad_pkg/src/real_inverse_node.cpp:[m[K At global scope:
[01m[K/home/gaga/sad_ws/src/sad_pkg/src/real_inverse_node.cpp:627:1:[m[K [01;31m[Kerror: [m[Kexpected declaration before ‘[01m[K}[m[K’ token
  627 | [01;31m[K}[m[K;
      | [01;31m[K^[m[K
gmake[2]: *** [CMakeFiles/real_inverse_node.dir/build.make:76: CMakeFiles/real_inverse_node.dir/src/real_inverse_node.cpp.o] Error 1
gmake[1]: *** [CMakeFiles/Makefile2:363: CMakeFiles/real_inverse_node.dir/all] Error 2
gmake: *** [Makefile:146: all] Error 2
