[0.031s] Invoking command in '/home/gaga/sad_ws/build/sad_pkg': CMAKE_PREFIX_PATH=/home/gaga/sad_ws/install/q_visualizer:/home/gaga/turtlebot3_ws/install/turtlebot3_teleop:/home/gaga/turtlebot3_ws/install/turtlebot3_example:/opt/ros/humble:/home/gaga/sad_ws/install/serial:/home/gaga/sad_ws/install/my_vision_msgs:/home/gaga/sad_ws/install:/home/gaga/sad_ws/install/sad_pkg:/home/gaga/sad_ws/install/mani_urdf:/home/gaga/turtlebot3_ws/install/turtlebot3:/home/gaga/turtlebot3_ws/install/turtlebot3_simulations:/home/gaga/turtlebot3_ws/install/turtlebot3_bringup:/home/gaga/turtlebot3_ws/install/turtlebot3_node:/home/gaga/turtlebot3_ws/install/turtlebot3_navigation2:/home/gaga/turtlebot3_ws/install/turtlebot3_fake_node:/home/gaga/turtlebot3_ws/install/robot_master:/home/gaga/turtlebot3_ws/install/turtlebot3_msgs:/home/gaga/turtlebot3_ws/install/turtlebot3_gazebo:/home/gaga/turtlebot3_ws/install/turtlebot3_description:/home/gaga/turtlebot3_ws/install/turtlebot3_cartographer:/home/gaga/turtlebot3_ws/install/robot_vision:/home/gaga/turtlebot3_ws/install/robot_navigation:/home/gaga/turtlebot3_ws/install/robot_msgs:/home/gaga/turtlebot3_ws/install/dynamixel_sdk_examples:/home/gaga/turtlebot3_ws/install/dynamixel_sdk_custom_interfaces:/home/gaga/turtlebot3_ws/install/dynamixel_sdk:/home/gaga/ssibal_ws/install/robot_msgs:/home/gaga/sad_ws/src/install/vision_msgs:/home/gaga/sad_ws/src/install/sad_pkg:/home/gaga/sad_ws/src/install/serial:/home/gaga/sad_ws/src/install/my_vision_msgs:/home/gaga/sad_ws/src/install/mani_urdf:/home/gaga/robotprograming_ws/install/rp_pkg:/home/gaga/sad_ws/src/sad_pkg/install/sad_pkg /usr/bin/cmake --build /home/gaga/sad_ws/build/sad_pkg -- -j20 -l20
[0.154s] [35m[1mConsolidate compiler generated dependencies of target motor_node[0m
[0.154s] [35m[1mConsolidate compiler generated dependencies of target real_inverse_node[0m
[0.186s] [ 65%] Built target Inverse_node
[0.186s] [ 65%] Built target path_node
[0.186s] [ 80%] Built target path_test_node
[0.186s] [ 65%] Built target forward_node
[0.186s] [ 80%] Built target obstacle_node
[0.186s] [ 80%] Built target rrt_node
[0.186s] [ 80%] Built target spline_node
[0.187s] [ 80%] Built target map_node
[0.195s] [ 95%] [32mBuilding CXX object CMakeFiles/real_inverse_node.dir/src/real_inverse_node.cpp.o[0m
[0.196s] [ 95%] Built target motor_node
[7.311s] [01m[K/home/gaga/sad_ws/src/sad_pkg/src/real_inverse_node.cpp:447:10:[m[K [01;31m[Kerror: [m[Kexpected ‘[01m[K;[m[K’ after class definition
[7.311s]   447 |         }
[7.311s]       |          [01;31m[K^[m[K
[7.311s]       |          [32m[K;[m[K
[7.504s] [01m[K/home/gaga/sad_ws/src/sad_pkg/src/real_inverse_node.cpp:455:45:[m[K [01;31m[Kerror: [m[K‘[01m[Kestimated_q_[m[K’ was not declared in this scope
[7.504s]   455 |         ControlOutput ctrl = computeControl([01;31m[Kestimated_q_[m[K, position_error, axis * angle_rad, dt);
[7.504s]       |                                             [01;31m[K^~~~~~~~~~~~[m[K
[7.515s] [01m[K/home/gaga/sad_ws/src/sad_pkg/src/real_inverse_node.cpp:455:59:[m[K [01;31m[Kerror: [m[K‘[01m[Kposition_error[m[K’ was not declared in this scope
[7.515s]   455 |         ControlOutput ctrl = computeControl(estimated_q_, [01;31m[Kposition_error[m[K, axis * angle_rad, dt);
[7.515s]       |                                                           [01;31m[K^~~~~~~~~~~~~~[m[K
[7.526s] [01m[K/home/gaga/sad_ws/src/sad_pkg/src/real_inverse_node.cpp:455:75:[m[K [01;31m[Kerror: [m[K‘[01m[Kaxis[m[K’ was not declared in this scope
[7.526s]   455 |         ControlOutput ctrl = computeControl(estimated_q_, position_error, [01;31m[Kaxis[m[K * angle_rad, dt);
[7.526s]       |                                                                           [01;31m[K^~~~[m[K
[7.537s] [01m[K/home/gaga/sad_ws/src/sad_pkg/src/real_inverse_node.cpp:455:82:[m[K [01;31m[Kerror: [m[K‘[01m[Kangle_rad[m[K’ was not declared in this scope
[7.537s]   455 |         ControlOutput ctrl = computeControl(estimated_q_, position_error, axis * [01;31m[Kangle_rad[m[K, dt);
[7.537s]       |                                                                                  [01;31m[K^~~~~~~~~[m[K
[7.549s] [01m[K/home/gaga/sad_ws/src/sad_pkg/src/real_inverse_node.cpp:455:30:[m[K [01;31m[Kerror: [m[K‘[01m[KcomputeControl[m[K’ was not declared in this scope
[7.549s]   455 |         ControlOutput ctrl = [01;31m[KcomputeControl[m[K(estimated_q_, position_error, axis * angle_rad, dt);
[7.549s]       |                              [01;31m[K^~~~~~~~~~~~~~[m[K
[7.549s] [01m[K/home/gaga/sad_ws/src/sad_pkg/src/real_inverse_node.cpp:457:9:[m[K [01;31m[Kerror: [m[Kexpected unqualified-id before ‘[01m[Kif[m[K’
[7.549s]   457 |         [01;31m[Kif[m[K (ctrl.q_dot.size() != 6 || ctrl.next_q.size() != 6) {
[7.549s]       |         [01;31m[K^~[m[K
[7.549s] [01m[K/home/gaga/sad_ws/src/sad_pkg/src/real_inverse_node.cpp:466:9:[m[K [01;31m[Kerror: [m[Kexpected unqualified-id before ‘[01m[Kfor[m[K’
[7.549s]   466 |         [01;31m[Kfor[m[K (int i = 0; i < 6; ++i) {
[7.550s]       |         [01;31m[K^~~[m[K
[7.553s] [01m[K/home/gaga/sad_ws/src/sad_pkg/src/real_inverse_node.cpp:466:25:[m[K [01;31m[Kerror: [m[K‘[01m[Ki[m[K’ does not name a type
[7.553s]   466 |         for (int i = 0; [01;31m[Ki[m[K < 6; ++i) {
[7.553s]       |                         [01;31m[K^[m[K
[7.553s] [01m[K/home/gaga/sad_ws/src/sad_pkg/src/real_inverse_node.cpp:466:32:[m[K [01;31m[Kerror: [m[Kexpected unqualified-id before ‘[01m[K++[m[K’ token
[7.553s]   466 |         for (int i = 0; i < 6; [01;31m[K++[m[Ki) {
[7.553s]       |                                [01;31m[K^~[m[K
[7.553s] [01m[K/home/gaga/sad_ws/src/sad_pkg/src/real_inverse_node.cpp:485:9:[m[K [01;31m[Kerror: [m[Kexpected unqualified-id before ‘[01m[Kif[m[K’
[7.553s]   485 |         [01;31m[Kif[m[K (joint6_integrated_angle_ >= M_PI / 2.0) {
[7.553s]       |         [01;31m[K^~[m[K
[7.556s] [01m[K/home/gaga/sad_ws/src/sad_pkg/src/real_inverse_node.cpp:493:9:[m[K [01;31m[Kerror: [m[K‘[01m[Kdq_msg[m[K’ does not name a type
[7.556s]   493 |         [01;31m[Kdq_msg[m[K.data.resize(6);
[7.556s]       |         [01;31m[K^~~~~~[m[K
[7.556s] [01m[K/home/gaga/sad_ws/src/sad_pkg/src/real_inverse_node.cpp:494:9:[m[K [01;31m[Kerror: [m[Kexpected unqualified-id before ‘[01m[Kfor[m[K’
[7.556s]   494 |         [01;31m[Kfor[m[K (int i = 0; i < 6; ++i) {
[7.556s]       |         [01;31m[K^~~[m[K
[7.558s] [01m[K/home/gaga/sad_ws/src/sad_pkg/src/real_inverse_node.cpp:494:25:[m[K [01;31m[Kerror: [m[K‘[01m[Ki[m[K’ does not name a type
[7.558s]   494 |         for (int i = 0; [01;31m[Ki[m[K < 6; ++i) {
[7.558s]       |                         [01;31m[K^[m[K
[7.558s] [01m[K/home/gaga/sad_ws/src/sad_pkg/src/real_inverse_node.cpp:494:32:[m[K [01;31m[Kerror: [m[Kexpected unqualified-id before ‘[01m[K++[m[K’ token
[7.558s]   494 |         for (int i = 0; i < 6; [01;31m[K++[m[Ki) {
[7.559s]       |                                [01;31m[K^~[m[K
[7.559s] In file included from [01m[K/opt/ros/humble/include/rclcpp/rclcpp/client.hpp:40[m[K,
[7.559s]                  from [01m[K/opt/ros/humble/include/rclcpp/rclcpp/callback_group.hpp:24[m[K,
[7.559s]                  from [01m[K/opt/ros/humble/include/rclcpp/rclcpp/any_executable.hpp:20[m[K,
[7.559s]                  from [01m[K/opt/ros/humble/include/rclcpp/rclcpp/memory_strategy.hpp:25[m[K,
[7.559s]                  from [01m[K/opt/ros/humble/include/rclcpp/rclcpp/memory_strategies.hpp:18[m[K,
[7.559s]                  from [01m[K/opt/ros/humble/include/rclcpp/rclcpp/executor_options.hpp:20[m[K,
[7.559s]                  from [01m[K/opt/ros/humble/include/rclcpp/rclcpp/executor.hpp:37[m[K,
[7.559s]                  from [01m[K/opt/ros/humble/include/rclcpp/rclcpp/executors/multi_threaded_executor.hpp:25[m[K,
[7.559s]                  from [01m[K/opt/ros/humble/include/rclcpp/rclcpp/executors.hpp:21[m[K,
[7.559s]                  from [01m[K/opt/ros/humble/include/rclcpp/rclcpp/rclcpp.hpp:155[m[K,
[7.559s]                  from [01m[K/home/gaga/sad_ws/src/sad_pkg/src/real_inverse_node.cpp:8[m[K:
[7.559s] [01m[K/home/gaga/sad_ws/src/sad_pkg/src/real_inverse_node.cpp:504:9:[m[K [01;31m[Kerror: [m[Kexpected unqualified-id before ‘[01m[Kdo[m[K’
[7.559s]   504 |         [01;31m[KRCLCPP_INFO[m[K(this->get_logger(), "[Timer] 퍼블리시되는 q_dot: %.3f %.3f %.3f %.3f %.3f %.3f",
[7.559s]       |         [01;31m[K^~~~~~~~~~~[m[K
[7.560s] [01m[K/home/gaga/sad_ws/src/sad_pkg/src/real_inverse_node.cpp:504:9:[m[K [01;31m[Kerror: [m[Kexpected unqualified-id before ‘[01m[Kwhile[m[K’
[7.560s]   504 |         [01;31m[KRCLCPP_INFO[m[K(this->get_logger(), "[Timer] 퍼블리시되는 q_dot: %.3f %.3f %.3f %.3f %.3f %.3f",
[7.560s]       |         [01;31m[K^~~~~~~~~~~[m[K
[7.561s] [01m[K/home/gaga/sad_ws/src/sad_pkg/src/real_inverse_node.cpp:508:9:[m[K [01;31m[Kerror: [m[K‘[01m[Kjoint_vel_pub_[m[K’ does not name a type
[7.561s]   508 |         [01;31m[Kjoint_vel_pub_[m[K->publish(dq_msg);
[7.562s]       |         [01;31m[K^~~~~~~~~~~~~~[m[K
[7.562s] [01m[K/home/gaga/sad_ws/src/sad_pkg/src/real_inverse_node.cpp:518:9:[m[K [01;31m[Kerror: [m[Kexpected unqualified-id before ‘[01m[Kif[m[K’
[7.562s]   518 |         [01;31m[Kif[m[K (!(fabs(position_error.z()) < position_deadband &&
[7.562s]       |         [01;31m[K^~[m[K
[7.562s] [01m[K/home/gaga/sad_ws/src/sad_pkg/src/real_inverse_node.cpp:532:5:[m[K [01;31m[Kerror: [m[Kexpected declaration before ‘[01m[K}[m[K’ token
[7.562s]   532 |     [01;31m[K}[m[K
[7.562s]       |     [01;31m[K^[m[K
[7.618s] [01m[K/home/gaga/sad_ws/src/sad_pkg/src/real_inverse_node.cpp:[m[K In function ‘[01m[KControlOutput computeControl(const VectorXd&, const Vector3d&, const Vector3d&, double)[m[K’:
[7.618s] [01m[K/home/gaga/sad_ws/src/sad_pkg/src/real_inverse_node.cpp:542:21:[m[K [01;31m[Kerror: [m[K‘[01m[KcomputeFeedbackVelocity[m[K’ was not declared in this scope
[7.618s]   542 |         out.q_dot = [01;31m[KcomputeFeedbackVelocity[m[K(position_error, orientation_axis_angle, desired_velocity);
[7.618s]       |                     [01;31m[K^~~~~~~~~~~~~~~~~~~~~~~[m[K
[8.018s] [01m[K/home/gaga/sad_ws/src/sad_pkg/src/real_inverse_node.cpp:[m[K In function ‘[01m[KEigen::VectorXd computeFeedbackVelocity(const Vector3d&, const Vector3d&, const Vector3d&)[m[K’:
[8.018s] [01m[K/home/gaga/sad_ws/src/sad_pkg/src/real_inverse_node.cpp:600:38:[m[K [01;31m[Kerror: [m[K‘[01m[Kestimated_q_[m[K’ was not declared in this scope
[8.018s]   600 |         MatrixXd J = computeJacobian([01;31m[Kestimated_q_[m[K);
[8.018s]       |                                      [01;31m[K^~~~~~~~~~~~[m[K
[8.033s] [01m[K/home/gaga/sad_ws/src/sad_pkg/src/real_inverse_node.cpp:601:27:[m[K [01;31m[Kerror: [m[K‘[01m[KdampedPseudoInverse[m[K’ was not declared in this scope
[8.033s]   601 |         MatrixXd J_pinv = [01;31m[KdampedPseudoInverse[m[K(J);
[8.033s]       |                           [01;31m[K^~~~~~~~~~~~~~~~~~~[m[K
[8.209s] [01m[K/home/gaga/sad_ws/src/sad_pkg/src/real_inverse_node.cpp:[m[K At global scope:
[8.209s] [01m[K/home/gaga/sad_ws/src/sad_pkg/src/real_inverse_node.cpp:627:1:[m[K [01;31m[Kerror: [m[Kexpected declaration before ‘[01m[K}[m[K’ token
[8.209s]   627 | [01;31m[K}[m[K;
[8.209s]       | [01;31m[K^[m[K
[20.210s] gmake[2]: *** [CMakeFiles/real_inverse_node.dir/build.make:76: CMakeFiles/real_inverse_node.dir/src/real_inverse_node.cpp.o] Error 1
[20.210s] gmake[1]: *** [CMakeFiles/Makefile2:363: CMakeFiles/real_inverse_node.dir/all] Error 2
[20.210s] gmake: *** [Makefile:146: all] Error 2
[20.213s] Invoked command in '/home/gaga/sad_ws/build/sad_pkg' returned '2': CMAKE_PREFIX_PATH=/home/gaga/sad_ws/install/q_visualizer:/home/gaga/turtlebot3_ws/install/turtlebot3_teleop:/home/gaga/turtlebot3_ws/install/turtlebot3_example:/opt/ros/humble:/home/gaga/sad_ws/install/serial:/home/gaga/sad_ws/install/my_vision_msgs:/home/gaga/sad_ws/install:/home/gaga/sad_ws/install/sad_pkg:/home/gaga/sad_ws/install/mani_urdf:/home/gaga/turtlebot3_ws/install/turtlebot3:/home/gaga/turtlebot3_ws/install/turtlebot3_simulations:/home/gaga/turtlebot3_ws/install/turtlebot3_bringup:/home/gaga/turtlebot3_ws/install/turtlebot3_node:/home/gaga/turtlebot3_ws/install/turtlebot3_navigation2:/home/gaga/turtlebot3_ws/install/turtlebot3_fake_node:/home/gaga/turtlebot3_ws/install/robot_master:/home/gaga/turtlebot3_ws/install/turtlebot3_msgs:/home/gaga/turtlebot3_ws/install/turtlebot3_gazebo:/home/gaga/turtlebot3_ws/install/turtlebot3_description:/home/gaga/turtlebot3_ws/install/turtlebot3_cartographer:/home/gaga/turtlebot3_ws/install/robot_vision:/home/gaga/turtlebot3_ws/install/robot_navigation:/home/gaga/turtlebot3_ws/install/robot_msgs:/home/gaga/turtlebot3_ws/install/dynamixel_sdk_examples:/home/gaga/turtlebot3_ws/install/dynamixel_sdk_custom_interfaces:/home/gaga/turtlebot3_ws/install/dynamixel_sdk:/home/gaga/ssibal_ws/install/robot_msgs:/home/gaga/sad_ws/src/install/vision_msgs:/home/gaga/sad_ws/src/install/sad_pkg:/home/gaga/sad_ws/src/install/serial:/home/gaga/sad_ws/src/install/my_vision_msgs:/home/gaga/sad_ws/src/install/mani_urdf:/home/gaga/robotprograming_ws/install/rp_pkg:/home/gaga/sad_ws/src/sad_pkg/install/sad_pkg /usr/bin/cmake --build /home/gaga/sad_ws/build/sad_pkg -- -j20 -l20
