[35m[1mConsolidate compiler generated dependencies of target motor_node[0m
[35m[1mConsolidate compiler generated dependencies of target path_node[0m
[ 75%] Built target real_inverse_node
[ 75%] Built target map_node
[ 75%] Built target forward_node
[ 75%] Built target rrt_node
[ 75%] Built target path_test_node
[ 75%] Built target Inverse_node
[ 80%] Built target spline_node
[ 80%] Built target obstacle_node
[ 95%] [32mBuilding CXX object CMakeFiles/path_node.dir/src/path_node.cpp.o[0m
[ 95%] Built target motor_node
[01m[K/home/gaga/sad_ws/src/sad_pkg/src/path_node.cpp:[m[K In member function ‘[01m[Kvoid RSNode::triggerCallback(std_msgs::msg::Float64MultiArray_<std::allocator<void> >::SharedPtr)[m[K’:
[01m[K/home/gaga/sad_ws/src/sad_pkg/src/path_node.cpp:95:17:[m[K [01;31m[Kerror: [m[K‘[01m[Kstart_[m[K’ was not declared in this scope
   95 |                 [01;31m[Kstart_[m[K = best_path_.empty() ? makePoint(0.14, 0.0, 1.005) : best_path_.back();
      |                 [01;31m[K^~~~~~[m[K
[01m[K/home/gaga/sad_ws/src/sad_pkg/src/path_node.cpp:96:17:[m[K [01;31m[Kerror: [m[K‘[01m[Kgoal_[m[K’ was not declared in this scope; did you mean ‘[01m[Kgoal2[m[K’?
   96 |                 [01;31m[Kgoal_[m[K  = goal1;
      |                 [01;31m[K^~~~~[m[K
      |                 [32m[Kgoal2[m[K
[01m[K/home/gaga/sad_ws/src/sad_pkg/src/path_node.cpp:101:17:[m[K [01;31m[Kerror: [m[K‘[01m[Kstart_[m[K’ was not declared in this scope
  101 |                 [01;31m[Kstart_[m[K = prev_goal_point_;
      |                 [01;31m[K^~~~~~[m[K
[01m[K/home/gaga/sad_ws/src/sad_pkg/src/path_node.cpp:102:17:[m[K [01;31m[Kerror: [m[K‘[01m[Kgoal_[m[K’ was not declared in this scope; did you mean ‘[01m[Kgoal2[m[K’?
  102 |                 [01;31m[Kgoal_[m[K  = goal2;
      |                 [01;31m[K^~~~~[m[K
      |                 [32m[Kgoal2[m[K
[01m[K/home/gaga/sad_ws/src/sad_pkg/src/path_node.cpp:128:13:[m[K [01;31m[Kerror: [m[K‘[01m[Kstart_[m[K’ was not declared in this scope
  128 |             [01;31m[Kstart_[m[K = prev_goal_point_;                         // 마지막 goal이 현재 위치
      |             [01;31m[K^~~~~~[m[K
[01m[K/home/gaga/sad_ws/src/sad_pkg/src/path_node.cpp:129:13:[m[K [01;31m[Kerror: [m[K‘[01m[Kgoal_[m[K’ was not declared in this scope
  129 |             [01;31m[Kgoal_[m[K  = makePoint(0.14, 0.0, 1.005);                // 홈 위치 직접 지정
      |             [01;31m[K^~~~~[m[K
[01m[K/home/gaga/sad_ws/src/sad_pkg/src/path_node.cpp:[m[K In member function ‘[01m[Kvoid RSNode::planRRTstar()[m[K’:
[01m[K/home/gaga/sad_ws/src/sad_pkg/src/path_node.cpp:316:28:[m[K [01;31m[Kerror: [m[K‘[01m[Kstart_[m[K’ was not declared in this scope
  316 |         nodes_.push_back({ [01;31m[Kstart_[m[K, -1, 0.0 });
      |                            [01;31m[K^~~~~~[m[K
[01m[K/home/gaga/sad_ws/src/sad_pkg/src/path_node.cpp:316:25:[m[K [01;31m[Kerror: [m[Kno matching function for call to ‘[01m[Kstd::vector<TreeNode>::push_back(<brace-enclosed initializer list>)[m[K’
  316 |         [01;31m[Knodes_.push_back({ start_, -1, 0.0 })[m[K;
      |         [01;31m[K~~~~~~~~~~~~~~~~^~~~~~~~~~~~~~~~~~~~~[m[K
In file included from [01m[K/usr/include/c++/11/vector:67[m[K,
                 from [01m[K/usr/include/c++/11/functional:62[m[K,
                 from [01m[K/usr/include/c++/11/pstl/glue_algorithm_defs.h:13[m[K,
                 from [01m[K/usr/include/c++/11/algorithm:74[m[K,
                 from [01m[K/opt/ros/humble/include/rclcpp/rclcpp/executor.hpp:18[m[K,
                 from [01m[K/opt/ros/humble/include/rclcpp/rclcpp/executors/multi_threaded_executor.hpp:25[m[K,
                 from [01m[K/opt/ros/humble/include/rclcpp/rclcpp/executors.hpp:21[m[K,
                 from [01m[K/opt/ros/humble/include/rclcpp/rclcpp/rclcpp.hpp:155[m[K,
                 from [01m[K/home/gaga/sad_ws/src/sad_pkg/src/path_node.cpp:3[m[K:
[01m[K/usr/include/c++/11/bits/stl_vector.h:1187:7:[m[K [01;36m[Knote: [m[Kcandidate: ‘[01m[Kvoid std::vector<_Tp, _Alloc>::push_back(const value_type&) [with _Tp = TreeNode; _Alloc = std::allocator<TreeNode>; std::vector<_Tp, _Alloc>::value_type = TreeNode][m[K’
 1187 |       [01;36m[Kpush_back[m[K(const value_type& __x)
      |       [01;36m[K^~~~~~~~~[m[K
[01m[K/usr/include/c++/11/bits/stl_vector.h:1187:35:[m[K [01;36m[Knote: [m[K  no known conversion for argument 1 from ‘[01m[K<brace-enclosed initializer list>[m[K’ to ‘[01m[Kconst value_type&[m[K’ {aka ‘[01m[Kconst TreeNode&[m[K’}
 1187 |       push_back([01;36m[Kconst value_type& __x[m[K)
      |                 [01;36m[K~~~~~~~~~~~~~~~~~~^~~[m[K
[01m[K/usr/include/c++/11/bits/stl_vector.h:1203:7:[m[K [01;36m[Knote: [m[Kcandidate: ‘[01m[Kvoid std::vector<_Tp, _Alloc>::push_back(std::vector<_Tp, _Alloc>::value_type&&) [with _Tp = TreeNode; _Alloc = std::allocator<TreeNode>; std::vector<_Tp, _Alloc>::value_type = TreeNode][m[K’
 1203 |       [01;36m[Kpush_back[m[K(value_type&& __x)
      |       [01;36m[K^~~~~~~~~[m[K
[01m[K/usr/include/c++/11/bits/stl_vector.h:1203:30:[m[K [01;36m[Knote: [m[K  no known conversion for argument 1 from ‘[01m[K<brace-enclosed initializer list>[m[K’ to ‘[01m[Kstd::vector<TreeNode>::value_type&&[m[K’ {aka ‘[01m[KTreeNode&&[m[K’}
 1203 |       push_back([01;36m[Kvalue_type&& __x[m[K)
      |                 [01;36m[K~~~~~~~~~~~~~^~~[m[K
[01m[K/home/gaga/sad_ws/src/sad_pkg/src/path_node.cpp:321:42:[m[K [01;31m[Kerror: [m[K‘[01m[Kgoal_[m[K’ was not declared in this scope
  321 |                 (ub(gen_) < goal_bias) ? [01;31m[Kgoal_[m[K : makePoint(ux(gen_), uy(gen_), uz(gen_));
      |                                          [01;31m[K^~~~~[m[K
[01m[K/home/gaga/sad_ws/src/sad_pkg/src/path_node.cpp:350:31:[m[K [01;31m[Kerror: [m[K‘[01m[Kgoal_[m[K’ was not declared in this scope
  350 |         int gid = nearestNode([01;31m[Kgoal_[m[K);
      |                               [01;31m[K^~~~~[m[K
gmake[2]: *** [CMakeFiles/path_node.dir/build.make:76: CMakeFiles/path_node.dir/src/path_node.cpp.o] Error 1
gmake[1]: *** [CMakeFiles/Makefile2:285: CMakeFiles/path_node.dir/all] Error 2
gmake: *** [Makefile:146: all] Error 2
