[0.015s] Invoking command in '/home/gaga/sad_ws/build/harvest_go': CMAKE_PREFIX_PATH=/home/gaga/sad_ws/install:/home/gaga/sad_ws/install/sad_pkg:/home/gaga/sad_ws/install/harvest_master:/home/gaga/sad_ws/install/vision_msgs:/home/gaga/sad_ws/install/q_visualizer:/opt/ros/humble:/home/gaga/sad_ws/install/serial:/home/gaga/sad_ws/install/mani_urdf:/home/gaga/sad_ws/install/harvest_go /usr/bin/cmake --build /home/gaga/sad_ws/build/harvest_go -- -j20 -l20
[0.037s] -- Found ament_cmake: 1.3.11 (/opt/ros/humble/share/ament_cmake/cmake)
[0.158s] -- Found rclcpp: 16.0.12 (/opt/ros/humble/share/rclcpp/cmake)
[0.187s] -- Found rosidl_generator_c: 3.1.6 (/opt/ros/humble/share/rosidl_generator_c/cmake)
[0.189s] -- Found rosidl_adapter: 3.1.6 (/opt/ros/humble/share/rosidl_adapter/cmake)
[0.193s] -- Found rosidl_generator_cpp: 3.1.6 (/opt/ros/humble/share/rosidl_generator_cpp/cmake)
[0.199s] -- Using all available rosidl_typesupport_c: rosidl_typesupport_fastrtps_c;rosidl_typesupport_introspection_c
[0.207s] -- Using all available rosidl_typesupport_cpp: rosidl_typesupport_fastrtps_cpp;rosidl_typesupport_introspection_cpp
[0.227s] -- Found rmw_implementation_cmake: 6.1.2 (/opt/ros/humble/share/rmw_implementation_cmake/cmake)
[0.228s] -- Found rmw_fastrtps_cpp: 6.2.7 (/opt/ros/humble/share/rmw_fastrtps_cpp/cmake)
[0.313s] -- Using RMW implementation 'rmw_fastrtps_cpp' as default
[0.445s] -- Configuring done
[0.459s] -- Generating done
[0.459s] -- Build files have been written to: /home/gaga/sad_ws/build/harvest_go
[0.486s] [ 33%] [34m[1mGenerating include/harvest_go/moc_main_window.cpp[0m
[0.486s] [ 33%] [34m[1mGenerating ui_mainwindow.h[0m
[0.503s] [35m[1mConsolidate compiler generated dependencies of target harvest_go[0m
[0.522s] [ 83%] [32mBuilding CXX object CMakeFiles/harvest_go.dir/src/main_window.cpp.o[0m
[0.522s] [ 83%] [32mBuilding CXX object CMakeFiles/harvest_go.dir/include/harvest_go/moc_main_window.cpp.o[0m
[0.522s] [ 83%] [32mBuilding CXX object CMakeFiles/harvest_go.dir/src/main.cpp.o[0m
[1.315s] [100%] [32m[1mLinking CXX executable harvest_go[0m
[1.968s] [100%] Built target harvest_go
[1.977s] Invoked command in '/home/gaga/sad_ws/build/harvest_go' returned '0': CMAKE_PREFIX_PATH=/home/gaga/sad_ws/install:/home/gaga/sad_ws/install/sad_pkg:/home/gaga/sad_ws/install/harvest_master:/home/gaga/sad_ws/install/vision_msgs:/home/gaga/sad_ws/install/q_visualizer:/opt/ros/humble:/home/gaga/sad_ws/install/serial:/home/gaga/sad_ws/install/mani_urdf:/home/gaga/sad_ws/install/harvest_go /usr/bin/cmake --build /home/gaga/sad_ws/build/harvest_go -- -j20 -l20
[1.978s] Invoking command in '/home/gaga/sad_ws/build/harvest_go': CMAKE_PREFIX_PATH=/home/gaga/sad_ws/install:/home/gaga/sad_ws/install/sad_pkg:/home/gaga/sad_ws/install/harvest_master:/home/gaga/sad_ws/install/vision_msgs:/home/gaga/sad_ws/install/q_visualizer:/opt/ros/humble:/home/gaga/sad_ws/install/serial:/home/gaga/sad_ws/install/mani_urdf:/home/gaga/sad_ws/install/harvest_go /usr/bin/cmake --install /home/gaga/sad_ws/build/harvest_go
[1.984s] -- Install configuration: ""
[1.985s] -- Installing: /home/gaga/sad_ws/install/harvest_go/lib/harvest_go/harvest_go
[1.985s] -- Set runtime path of "/home/gaga/sad_ws/install/harvest_go/lib/harvest_go/harvest_go" to ""
[1.985s] -- Up-to-date: /home/gaga/sad_ws/install/harvest_go/share/ament_index/resource_index/package_run_dependencies/harvest_go
[1.985s] -- Up-to-date: /home/gaga/sad_ws/install/harvest_go/share/ament_index/resource_index/parent_prefix_path/harvest_go
[1.985s] -- Up-to-date: /home/gaga/sad_ws/install/harvest_go/share/harvest_go/environment/ament_prefix_path.sh
[1.985s] -- Installing: /home/gaga/sad_ws/install/harvest_go/share/harvest_go/environment/ament_prefix_path.dsv
[1.985s] -- Up-to-date: /home/gaga/sad_ws/install/harvest_go/share/harvest_go/environment/path.sh
[1.985s] -- Installing: /home/gaga/sad_ws/install/harvest_go/share/harvest_go/environment/path.dsv
[1.986s] -- Up-to-date: /home/gaga/sad_ws/install/harvest_go/share/harvest_go/local_setup.bash
[1.986s] -- Up-to-date: /home/gaga/sad_ws/install/harvest_go/share/harvest_go/local_setup.sh
[1.986s] -- Up-to-date: /home/gaga/sad_ws/install/harvest_go/share/harvest_go/local_setup.zsh
[1.986s] -- Installing: /home/gaga/sad_ws/install/harvest_go/share/harvest_go/local_setup.dsv
[1.986s] -- Installing: /home/gaga/sad_ws/install/harvest_go/share/harvest_go/package.dsv
[1.986s] -- Up-to-date: /home/gaga/sad_ws/install/harvest_go/share/ament_index/resource_index/packages/harvest_go
[1.986s] -- Up-to-date: /home/gaga/sad_ws/install/harvest_go/share/harvest_go/cmake/harvest_goConfig.cmake
[1.987s] -- Up-to-date: /home/gaga/sad_ws/install/harvest_go/share/harvest_go/cmake/harvest_goConfig-version.cmake
[1.987s] -- Installing: /home/gaga/sad_ws/install/harvest_go/share/harvest_go/package.xml
[1.987s] Invoked command in '/home/gaga/sad_ws/build/harvest_go' returned '0': CMAKE_PREFIX_PATH=/home/gaga/sad_ws/install:/home/gaga/sad_ws/install/sad_pkg:/home/gaga/sad_ws/install/harvest_master:/home/gaga/sad_ws/install/vision_msgs:/home/gaga/sad_ws/install/q_visualizer:/opt/ros/humble:/home/gaga/sad_ws/install/serial:/home/gaga/sad_ws/install/mani_urdf:/home/gaga/sad_ws/install/harvest_go /usr/bin/cmake --install /home/gaga/sad_ws/build/harvest_go
