[0.034s] Invoking command in '/home/gaga/sad_ws/build/harvest_go': CMAKE_PREFIX_PATH=/home/gaga/sad_ws/install:/home/gaga/sad_ws/install:/home/gaga/sad_ws/install/sad_pkg:/home/gaga/sad_ws/install/q_visualizer:/opt/ros/humble:/home/gaga/sad_ws/install/serial:/home/gaga/sad_ws/install/my_vision_msgs:/home/gaga/sad_ws/install/mani_urdf:/home/gaga/sad_ws/install/harvest_go:/home/gaga/ssibal_ws/install/robot_msgs:/home/gaga/sad_ws/src/install/vision_msgs:/home/gaga/sad_ws/src/install/sad_pkg:/home/gaga/sad_ws/src/install/serial:/home/gaga/sad_ws/src/install/my_vision_msgs:/home/gaga/sad_ws/src/install/mani_urdf:/home/gaga/robotprograming_ws/install/rp_pkg:/home/gaga/sad_ws/src/sad_pkg/install/sad_pkg /usr/bin/cmake --build /home/gaga/sad_ws/build/harvest_go -- -j20 -l20
[0.101s] [35m[1mConsolidate compiler generated dependencies of target harvest_go[0m
[0.135s] [100%] Built target harvest_go
[0.510s] Invoked command in '/home/gaga/sad_ws/build/harvest_go' returned '0': CMAKE_PREFIX_PATH=/home/gaga/sad_ws/install:/home/gaga/sad_ws/install:/home/gaga/sad_ws/install/sad_pkg:/home/gaga/sad_ws/install/q_visualizer:/opt/ros/humble:/home/gaga/sad_ws/install/serial:/home/gaga/sad_ws/install/my_vision_msgs:/home/gaga/sad_ws/install/mani_urdf:/home/gaga/sad_ws/install/harvest_go:/home/gaga/ssibal_ws/install/robot_msgs:/home/gaga/sad_ws/src/install/vision_msgs:/home/gaga/sad_ws/src/install/sad_pkg:/home/gaga/sad_ws/src/install/serial:/home/gaga/sad_ws/src/install/my_vision_msgs:/home/gaga/sad_ws/src/install/mani_urdf:/home/gaga/robotprograming_ws/install/rp_pkg:/home/gaga/sad_ws/src/sad_pkg/install/sad_pkg /usr/bin/cmake --build /home/gaga/sad_ws/build/harvest_go -- -j20 -l20
[0.513s] Invoking command in '/home/gaga/sad_ws/build/harvest_go': CMAKE_PREFIX_PATH=/home/gaga/sad_ws/install:/home/gaga/sad_ws/install:/home/gaga/sad_ws/install/sad_pkg:/home/gaga/sad_ws/install/q_visualizer:/opt/ros/humble:/home/gaga/sad_ws/install/serial:/home/gaga/sad_ws/install/my_vision_msgs:/home/gaga/sad_ws/install/mani_urdf:/home/gaga/sad_ws/install/harvest_go:/home/gaga/ssibal_ws/install/robot_msgs:/home/gaga/sad_ws/src/install/vision_msgs:/home/gaga/sad_ws/src/install/sad_pkg:/home/gaga/sad_ws/src/install/serial:/home/gaga/sad_ws/src/install/my_vision_msgs:/home/gaga/sad_ws/src/install/mani_urdf:/home/gaga/robotprograming_ws/install/rp_pkg:/home/gaga/sad_ws/src/sad_pkg/install/sad_pkg /usr/bin/cmake --install /home/gaga/sad_ws/build/harvest_go
[0.536s] -- Install configuration: ""
[0.536s] -- Up-to-date: /home/gaga/sad_ws/install/harvest_go/lib/harvest_go/harvest_go
[0.536s] -- Up-to-date: /home/gaga/sad_ws/install/harvest_go/share/ament_index/resource_index/package_run_dependencies/harvest_go
[0.536s] -- Up-to-date: /home/gaga/sad_ws/install/harvest_go/share/ament_index/resource_index/parent_prefix_path/harvest_go
[0.537s] -- Up-to-date: /home/gaga/sad_ws/install/harvest_go/share/harvest_go/environment/ament_prefix_path.sh
[0.537s] -- Up-to-date: /home/gaga/sad_ws/install/harvest_go/share/harvest_go/environment/ament_prefix_path.dsv
[0.537s] -- Up-to-date: /home/gaga/sad_ws/install/harvest_go/share/harvest_go/environment/path.sh
[0.537s] -- Up-to-date: /home/gaga/sad_ws/install/harvest_go/share/harvest_go/environment/path.dsv
[0.537s] -- Up-to-date: /home/gaga/sad_ws/install/harvest_go/share/harvest_go/local_setup.bash
[0.537s] -- Up-to-date: /home/gaga/sad_ws/install/harvest_go/share/harvest_go/local_setup.sh
[0.537s] -- Up-to-date: /home/gaga/sad_ws/install/harvest_go/share/harvest_go/local_setup.zsh
[0.537s] -- Up-to-date: /home/gaga/sad_ws/install/harvest_go/share/harvest_go/local_setup.dsv
[0.537s] -- Installing: /home/gaga/sad_ws/install/harvest_go/share/harvest_go/package.dsv
[0.538s] -- Up-to-date: /home/gaga/sad_ws/install/harvest_go/share/ament_index/resource_index/packages/harvest_go
[0.538s] -- Up-to-date: /home/gaga/sad_ws/install/harvest_go/share/harvest_go/cmake/harvest_goConfig.cmake
[0.538s] -- Up-to-date: /home/gaga/sad_ws/install/harvest_go/share/harvest_go/cmake/harvest_goConfig-version.cmake
[0.538s] -- Up-to-date: /home/gaga/sad_ws/install/harvest_go/share/harvest_go/package.xml
[0.601s] Invoked command in '/home/gaga/sad_ws/build/harvest_go' returned '0': CMAKE_PREFIX_PATH=/home/gaga/sad_ws/install:/home/gaga/sad_ws/install:/home/gaga/sad_ws/install/sad_pkg:/home/gaga/sad_ws/install/q_visualizer:/opt/ros/humble:/home/gaga/sad_ws/install/serial:/home/gaga/sad_ws/install/my_vision_msgs:/home/gaga/sad_ws/install/mani_urdf:/home/gaga/sad_ws/install/harvest_go:/home/gaga/ssibal_ws/install/robot_msgs:/home/gaga/sad_ws/src/install/vision_msgs:/home/gaga/sad_ws/src/install/sad_pkg:/home/gaga/sad_ws/src/install/serial:/home/gaga/sad_ws/src/install/my_vision_msgs:/home/gaga/sad_ws/src/install/mani_urdf:/home/gaga/robotprograming_ws/install/rp_pkg:/home/gaga/sad_ws/src/sad_pkg/install/sad_pkg /usr/bin/cmake --install /home/gaga/sad_ws/build/harvest_go
