[35m[1mConsolidate compiler generated dependencies of target forward_node[0m
[35m[1mConsolidate compiler generated dependencies of target obstacle_node[0m
[35m[1mConsolidate compiler generated dependencies of target rrt_node[0m
[35m[1mConsolidate compiler generated dependencies of target path_node[0m
[35m[1mConsolidate compiler generated dependencies of target motor_node[0m
[35m[1mConsolidate compiler generated dependencies of target map_node[0m
[35m[1mConsolidate compiler generated dependencies of target spline_node[0m
[35m[1mConsolidate compiler generated dependencies of target path_test_node[0m
[35m[1mConsolidate compiler generated dependencies of target Inverse_node[0m
[35m[1mConsolidate compiler generated dependencies of target real_inverse_node[0m
[ 10%] Built target forward_node
[ 20%] Built target rrt_node
[ 25%] [32mBuilding CXX object CMakeFiles/motor_node.dir/src/motor_node.cpp.o[0m
[ 35%] Built target obstacle_node
[ 45%] Built target path_test_node
[ 60%] Built target map_node
[ 65%] Built target path_node
[ 75%] Built target spline_node
[ 85%] Built target Inverse_node
[ 95%] Built target real_inverse_node
[100%] [32m[1mLinking CXX executable motor_node[0m
[100%] Built target motor_node
-- Install configuration: ""
-- Installing: /home/gaga/sad_ws/install/sad_pkg/share/sad_pkg/launch
-- Installing: /home/gaga/sad_ws/install/sad_pkg/share/sad_pkg/launch/rviz.launch.py
-- Installing: /home/gaga/sad_ws/install/sad_pkg/share/sad_pkg/launch/real.launch.py
-- Installing: /home/gaga/sad_ws/install/sad_pkg/share/sad_pkg/launch/sad.launch.py
-- Installing: /home/gaga/sad_ws/install/sad_pkg/share/sad_pkg/launch/all.launch.py
-- Installing: /home/gaga/sad_ws/install/sad_pkg/share/sad_pkg/urdf
-- Installing: /home/gaga/sad_ws/install/sad_pkg/share/sad_pkg/urdf/description
-- Installing: /home/gaga/sad_ws/install/sad_pkg/share/sad_pkg/urdf/description/test.xacro
-- Installing: /home/gaga/sad_ws/install/sad_pkg/share/sad_pkg/urdf/description/sad.xacro
-- Installing: /home/gaga/sad_ws/install/sad_pkg/share/sad_pkg/urdf/description/all.xacro
-- Installing: /home/gaga/sad_ws/install/sad_pkg/share/sad_pkg/meshes
-- Installing: /home/gaga/sad_ws/install/sad_pkg/share/sad_pkg/meshes/next.stl
-- Installing: /home/gaga/sad_ws/install/sad_pkg/share/sad_pkg/meshes/link3.stl
-- Installing: /home/gaga/sad_ws/install/sad_pkg/share/sad_pkg/meshes/link1.stl
-- Installing: /home/gaga/sad_ws/install/sad_pkg/share/sad_pkg/meshes/link5.stl
-- Installing: /home/gaga/sad_ws/install/sad_pkg/share/sad_pkg/meshes/link6.stl
-- Installing: /home/gaga/sad_ws/install/sad_pkg/share/sad_pkg/meshes/link7.stl
-- Installing: /home/gaga/sad_ws/install/sad_pkg/share/sad_pkg/meshes/link2.stl
-- Installing: /home/gaga/sad_ws/install/sad_pkg/share/sad_pkg/meshes/mani.stl
-- Installing: /home/gaga/sad_ws/install/sad_pkg/share/sad_pkg/meshes/link4.stl
-- Installing: /home/gaga/sad_ws/install/sad_pkg/share/sad_pkg/meshes/endeffector.stl
-- Installing: /home/gaga/sad_ws/install/sad_pkg/share/sad_pkg/config
-- Installing: /home/gaga/sad_ws/install/sad_pkg/share/sad_pkg/config/install
-- Installing: /home/gaga/sad_ws/install/sad_pkg/share/sad_pkg/config/install/setup.zsh
-- Installing: /home/gaga/sad_ws/install/sad_pkg/share/sad_pkg/config/install/local_setup.bash
-- Installing: /home/gaga/sad_ws/install/sad_pkg/share/sad_pkg/config/install/setup.ps1
-- Installing: /home/gaga/sad_ws/install/sad_pkg/share/sad_pkg/config/install/setup.sh
-- Installing: /home/gaga/sad_ws/install/sad_pkg/share/sad_pkg/config/install/COLCON_IGNORE
-- Installing: /home/gaga/sad_ws/install/sad_pkg/share/sad_pkg/config/install/_local_setup_util_sh.py
-- Installing: /home/gaga/sad_ws/install/sad_pkg/share/sad_pkg/config/install/_local_setup_util_ps1.py
-- Installing: /home/gaga/sad_ws/install/sad_pkg/share/sad_pkg/config/install/setup.bash
-- Installing: /home/gaga/sad_ws/install/sad_pkg/share/sad_pkg/config/install/local_setup.sh
-- Installing: /home/gaga/sad_ws/install/sad_pkg/share/sad_pkg/config/install/.colcon_install_layout
-- Installing: /home/gaga/sad_ws/install/sad_pkg/share/sad_pkg/config/install/local_setup.ps1
-- Installing: /home/gaga/sad_ws/install/sad_pkg/share/sad_pkg/config/install/local_setup.zsh
-- Installing: /home/gaga/sad_ws/install/sad_pkg/share/sad_pkg/config/build
-- Installing: /home/gaga/sad_ws/install/sad_pkg/share/sad_pkg/config/build/COLCON_IGNORE
-- Installing: /home/gaga/sad_ws/install/sad_pkg/share/sad_pkg/config/build/.built_by
-- Installing: /home/gaga/sad_ws/install/sad_pkg/share/sad_pkg/config/sad_controllers.yaml
-- Installing: /home/gaga/sad_ws/install/sad_pkg/share/sad_pkg/config/log
-- Installing: /home/gaga/sad_ws/install/sad_pkg/share/sad_pkg/config/log/latest_build
-- Installing: /home/gaga/sad_ws/install/sad_pkg/share/sad_pkg/config/log/latest
-- Installing: /home/gaga/sad_ws/install/sad_pkg/share/sad_pkg/config/log/build_2025-04-02_10-07-56
-- Installing: /home/gaga/sad_ws/install/sad_pkg/share/sad_pkg/config/log/build_2025-04-02_10-07-56/logger_all.log
-- Installing: /home/gaga/sad_ws/install/sad_pkg/share/sad_pkg/config/log/build_2025-04-02_10-07-56/events.log
-- Installing: /home/gaga/sad_ws/install/sad_pkg/share/sad_pkg/config/log/COLCON_IGNORE
-- Installing: /home/gaga/sad_ws/install/sad_pkg/lib/sad_pkg/forward_node
-- Set runtime path of "/home/gaga/sad_ws/install/sad_pkg/lib/sad_pkg/forward_node" to ""
-- Installing: /home/gaga/sad_ws/install/sad_pkg/lib/sad_pkg/rrt_node
-- Set runtime path of "/home/gaga/sad_ws/install/sad_pkg/lib/sad_pkg/rrt_node" to ""
-- Installing: /home/gaga/sad_ws/install/sad_pkg/lib/sad_pkg/obstacle_node
-- Set runtime path of "/home/gaga/sad_ws/install/sad_pkg/lib/sad_pkg/obstacle_node" to ""
-- Installing: /home/gaga/sad_ws/install/sad_pkg/lib/sad_pkg/spline_node
-- Set runtime path of "/home/gaga/sad_ws/install/sad_pkg/lib/sad_pkg/spline_node" to ""
-- Installing: /home/gaga/sad_ws/install/sad_pkg/lib/sad_pkg/map_node
-- Set runtime path of "/home/gaga/sad_ws/install/sad_pkg/lib/sad_pkg/map_node" to ""
-- Installing: /home/gaga/sad_ws/install/sad_pkg/lib/sad_pkg/path_node
-- Set runtime path of "/home/gaga/sad_ws/install/sad_pkg/lib/sad_pkg/path_node" to ""
-- Installing: /home/gaga/sad_ws/install/sad_pkg/lib/sad_pkg/path_test_node
-- Set runtime path of "/home/gaga/sad_ws/install/sad_pkg/lib/sad_pkg/path_test_node" to ""
-- Installing: /home/gaga/sad_ws/install/sad_pkg/lib/sad_pkg/Inverse_node
-- Set runtime path of "/home/gaga/sad_ws/install/sad_pkg/lib/sad_pkg/Inverse_node" to ""
-- Installing: /home/gaga/sad_ws/install/sad_pkg/lib/sad_pkg/real_inverse_node
-- Set runtime path of "/home/gaga/sad_ws/install/sad_pkg/lib/sad_pkg/real_inverse_node" to ""
-- Installing: /home/gaga/sad_ws/install/sad_pkg/lib/sad_pkg/motor_node
-- Set runtime path of "/home/gaga/sad_ws/install/sad_pkg/lib/sad_pkg/motor_node" to ""
-- Installing: /home/gaga/sad_ws/install/sad_pkg/share/ament_index/resource_index/package_run_dependencies/sad_pkg
-- Installing: /home/gaga/sad_ws/install/sad_pkg/share/ament_index/resource_index/parent_prefix_path/sad_pkg
-- Installing: /home/gaga/sad_ws/install/sad_pkg/share/sad_pkg/environment/ament_prefix_path.sh
-- Installing: /home/gaga/sad_ws/install/sad_pkg/share/sad_pkg/environment/ament_prefix_path.dsv
-- Installing: /home/gaga/sad_ws/install/sad_pkg/share/sad_pkg/environment/path.sh
-- Installing: /home/gaga/sad_ws/install/sad_pkg/share/sad_pkg/environment/path.dsv
-- Installing: /home/gaga/sad_ws/install/sad_pkg/share/sad_pkg/local_setup.bash
-- Installing: /home/gaga/sad_ws/install/sad_pkg/share/sad_pkg/local_setup.sh
-- Installing: /home/gaga/sad_ws/install/sad_pkg/share/sad_pkg/local_setup.zsh
-- Installing: /home/gaga/sad_ws/install/sad_pkg/share/sad_pkg/local_setup.dsv
-- Installing: /home/gaga/sad_ws/install/sad_pkg/share/sad_pkg/package.dsv
-- Installing: /home/gaga/sad_ws/install/sad_pkg/share/ament_index/resource_index/packages/sad_pkg
-- Installing: /home/gaga/sad_ws/install/sad_pkg/share/sad_pkg/cmake/sad_pkgConfig.cmake
-- Installing: /home/gaga/sad_ws/install/sad_pkg/share/sad_pkg/cmake/sad_pkgConfig-version.cmake
-- Installing: /home/gaga/sad_ws/install/sad_pkg/share/sad_pkg/package.xml
