[0.047s] Invoking command in '/home/gaga/sad_ws/build/serial': /usr/bin/cmake --build /home/gaga/sad_ws/build/serial -- -j20 -l20
[0.168s] [ 50%] Built target gtest_main
[0.169s] [ 50%] Built target gtest
[0.169s] [ 57%] Built target serial
[0.227s] [100%] Built target serial-test-timer
[0.227s] [100%] Built target serial-test
[0.231s] [100%] Built target serial_example
[0.654s] Invoked command in '/home/gaga/sad_ws/build/serial' returned '0': /usr/bin/cmake --build /home/gaga/sad_ws/build/serial -- -j20 -l20
[0.658s] Invoking command in '/home/gaga/sad_ws/build/serial': /usr/bin/cmake --install /home/gaga/sad_ws/build/serial
[0.676s] -- Install configuration: ""
[0.676s] -- Up-to-date: /home/gaga/sad_ws/install/serial/lib/libserial.so
[0.676s] -- Up-to-date: /home/gaga/sad_ws/install/serial/include
[0.676s] -- Up-to-date: /home/gaga/sad_ws/install/serial/include/serial
[0.676s] -- Up-to-date: /home/gaga/sad_ws/install/serial/include/serial/serial.h
[0.676s] -- Up-to-date: /home/gaga/sad_ws/install/serial/include/serial/impl
[0.676s] -- Up-to-date: /home/gaga/sad_ws/install/serial/include/serial/impl/win.h
[0.676s] -- Up-to-date: /home/gaga/sad_ws/install/serial/include/serial/impl/unix.h
[0.676s] -- Up-to-date: /home/gaga/sad_ws/install/serial/include/serial/v8stdint.h
[0.677s] -- Up-to-date: /home/gaga/sad_ws/install/serial/lib/serial/serial_example
[0.678s] -- Up-to-date: /home/gaga/sad_ws/install/serial/share/serial/environment/library_path.sh
[0.678s] -- Up-to-date: /home/gaga/sad_ws/install/serial/share/serial/environment/library_path.dsv
[0.679s] -- Up-to-date: /home/gaga/sad_ws/install/serial/share/ament_index/resource_index/package_run_dependencies/serial
[0.679s] -- Up-to-date: /home/gaga/sad_ws/install/serial/share/ament_index/resource_index/parent_prefix_path/serial
[0.680s] -- Up-to-date: /home/gaga/sad_ws/install/serial/share/serial/environment/ament_prefix_path.sh
[0.681s] -- Up-to-date: /home/gaga/sad_ws/install/serial/share/serial/environment/ament_prefix_path.dsv
[0.681s] -- Up-to-date: /home/gaga/sad_ws/install/serial/share/serial/environment/path.sh
[0.681s] -- Up-to-date: /home/gaga/sad_ws/install/serial/share/serial/environment/path.dsv
[0.681s] -- Up-to-date: /home/gaga/sad_ws/install/serial/share/serial/local_setup.bash
[0.681s] -- Up-to-date: /home/gaga/sad_ws/install/serial/share/serial/local_setup.sh
[0.681s] -- Up-to-date: /home/gaga/sad_ws/install/serial/share/serial/local_setup.zsh
[0.681s] -- Up-to-date: /home/gaga/sad_ws/install/serial/share/serial/local_setup.dsv
[0.682s] -- Installing: /home/gaga/sad_ws/install/serial/share/serial/package.dsv
[0.682s] -- Up-to-date: /home/gaga/sad_ws/install/serial/share/ament_index/resource_index/packages/serial
[0.682s] -- Up-to-date: /home/gaga/sad_ws/install/serial/share/serial/cmake/ament_cmake_export_include_directories-extras.cmake
[0.682s] -- Up-to-date: /home/gaga/sad_ws/install/serial/share/serial/cmake/ament_cmake_export_libraries-extras.cmake
[0.682s] -- Up-to-date: /home/gaga/sad_ws/install/serial/share/serial/cmake/serialConfig.cmake
[0.682s] -- Up-to-date: /home/gaga/sad_ws/install/serial/share/serial/cmake/serialConfig-version.cmake
[0.683s] -- Up-to-date: /home/gaga/sad_ws/install/serial/share/serial/package.xml
[0.715s] Invoked command in '/home/gaga/sad_ws/build/serial' returned '0': /usr/bin/cmake --install /home/gaga/sad_ws/build/serial
