[1.136s] Invoking command in '/home/gaga/sad_ws/q_visualizer': PYTHONPATH=/home/gaga/sad_ws/build/q_visualizer/prefix_override:/usr/lib/python3/dist-packages/colcon_core/task/python/colcon_distutils_commands:/home/gaga/sad_ws/install/q_visualizer/lib/python3.10/site-packages:${PYTHONPATH} /usr/bin/python3 -W ignore:setup.py install is deprecated -W ignore:easy_install command is deprecated setup.py egg_info --egg-base ../build/q_visualizer build --build-base /home/gaga/sad_ws/build/q_visualizer/build install --record /home/gaga/sad_ws/build/q_visualizer/install.log --single-version-externally-managed install_data
[1.174s] Traceback (most recent call last):
[1.174s]   File "/home/gaga/sad_ws/q_visualizer/setup.py", line 1, in <module>
[1.174s]     from setuptools import setup
[1.174s]   File "/usr/lib/python3/dist-packages/setuptools/__init__.py", line 10, in <module>
[1.178s]     import distutils.core
[1.179s]   File "/usr/lib/python3.10/distutils/core.py", line 17, in <module>
[1.180s]     from distutils.cmd import Command
[1.181s]   File "/usr/lib/python3.10/distutils/cmd.py", line 9, in <module>
[1.181s]     from distutils import util, dir_util, file_util, archive_util, dep_util
[1.181s]   File "/usr/lib/python3.10/distutils/archive_util.py", line 11, in <module>
[1.181s]     import zipfile
[1.181s]   File "/usr/lib/python3.10/zipfile.py", line 13, in <module>
[1.181s]     import shutil
[1.181s]   File "/usr/lib/python3.10/shutil.py", line 1320, in <module>
[1.183s]     _ntuple_diskusage = collections.namedtuple('usage', 'total used free')
[1.183s]   File "/usr/lib/python3.10/collections/__init__.py", line 414, in namedtuple
[1.183s]     __new__ = eval(code, namespace)
[1.183s]   File "<string>", line 1, in <module>
[1.183s] KeyboardInterrupt
