[0.035s] Invoking command in '/home/gaga/sad_ws/build/serial': /usr/bin/cmake --build /home/gaga/sad_ws/build/serial -- -j20 -l20
[0.117s] [ 42%] Built target gtest_main
[0.118s] [ 42%] Built target gtest
[0.118s] [ 57%] Built target serial
[0.160s] [ 85%] Built target serial-test
[0.161s] [ 85%] Built target serial_example
[0.161s] [100%] Built target serial-test-timer
[0.443s] Invoked command in '/home/gaga/sad_ws/build/serial' returned '0': /usr/bin/cmake --build /home/gaga/sad_ws/build/serial -- -j20 -l20
[0.446s] Invoking command in '/home/gaga/sad_ws/build/serial': /usr/bin/cmake --install /home/gaga/sad_ws/build/serial
[0.461s] -- Install configuration: ""
[0.462s] -- Up-to-date: /home/gaga/sad_ws/install/serial/lib/libserial.so
[0.463s] -- Up-to-date: /home/gaga/sad_ws/install/serial/include
[0.463s] -- Up-to-date: /home/gaga/sad_ws/install/serial/include/serial
[0.463s] -- Up-to-date: /home/gaga/sad_ws/install/serial/include/serial/serial.h
[0.463s] -- Up-to-date: /home/gaga/sad_ws/install/serial/include/serial/impl
[0.463s] -- Up-to-date: /home/gaga/sad_ws/install/serial/include/serial/impl/win.h
[0.464s] -- Up-to-date: /home/gaga/sad_ws/install/serial/include/serial/impl/unix.h
[0.464s] -- Up-to-date: /home/gaga/sad_ws/install/serial/include/serial/v8stdint.h
[0.464s] -- Up-to-date: /home/gaga/sad_ws/install/serial/lib/serial/serial_example
[0.464s] -- Up-to-date: /home/gaga/sad_ws/install/serial/share/serial/environment/library_path.sh
[0.464s] -- Up-to-date: /home/gaga/sad_ws/install/serial/share/serial/environment/library_path.dsv
[0.464s] -- Up-to-date: /home/gaga/sad_ws/install/serial/share/ament_index/resource_index/package_run_dependencies/serial
[0.464s] -- Up-to-date: /home/gaga/sad_ws/install/serial/share/ament_index/resource_index/parent_prefix_path/serial
[0.464s] -- Up-to-date: /home/gaga/sad_ws/install/serial/share/serial/environment/ament_prefix_path.sh
[0.464s] -- Up-to-date: /home/gaga/sad_ws/install/serial/share/serial/environment/ament_prefix_path.dsv
[0.464s] -- Up-to-date: /home/gaga/sad_ws/install/serial/share/serial/environment/path.sh
[0.464s] -- Up-to-date: /home/gaga/sad_ws/install/serial/share/serial/environment/path.dsv
[0.464s] -- Up-to-date: /home/gaga/sad_ws/install/serial/share/serial/local_setup.bash
[0.464s] -- Up-to-date: /home/gaga/sad_ws/install/serial/share/serial/local_setup.sh
[0.464s] -- Up-to-date: /home/gaga/sad_ws/install/serial/share/serial/local_setup.zsh
[0.464s] -- Up-to-date: /home/gaga/sad_ws/install/serial/share/serial/local_setup.dsv
[0.464s] -- Installing: /home/gaga/sad_ws/install/serial/share/serial/package.dsv
[0.464s] -- Up-to-date: /home/gaga/sad_ws/install/serial/share/ament_index/resource_index/packages/serial
[0.464s] -- Up-to-date: /home/gaga/sad_ws/install/serial/share/serial/cmake/ament_cmake_export_include_directories-extras.cmake
[0.464s] -- Up-to-date: /home/gaga/sad_ws/install/serial/share/serial/cmake/ament_cmake_export_libraries-extras.cmake
[0.464s] -- Up-to-date: /home/gaga/sad_ws/install/serial/share/serial/cmake/serialConfig.cmake
[0.464s] -- Up-to-date: /home/gaga/sad_ws/install/serial/share/serial/cmake/serialConfig-version.cmake
[0.465s] -- Up-to-date: /home/gaga/sad_ws/install/serial/share/serial/package.xml
[0.486s] Invoked command in '/home/gaga/sad_ws/build/serial' returned '0': /usr/bin/cmake --install /home/gaga/sad_ws/build/serial
