[0.024s] Invoking command in '/home/gaga/sad_ws/build/mani_urdf': CMAKE_PREFIX_PATH=/home/gaga/sad_ws/install:/home/gaga/sad_ws/install/sad_pkg:/home/gaga/sad_ws/install/harvest_master:/home/gaga/sad_ws/install/vision_msgs:/home/gaga/sad_ws/install/q_visualizer:/opt/ros/humble:/home/gaga/sad_ws/install/serial:/home/gaga/sad_ws/install/mani_urdf:/home/gaga/sad_ws/install/harvest_go:/home/gaga/ssibal_ws/install/robot_msgs:/home/gaga/robotprograming_ws/install/rp_pkg /usr/bin/cmake --build /home/gaga/sad_ws/build/mani_urdf -- -j20 -l20
[0.273s] Invoked command in '/home/gaga/sad_ws/build/mani_urdf' returned '0': CMAKE_PREFIX_PATH=/home/gaga/sad_ws/install:/home/gaga/sad_ws/install/sad_pkg:/home/gaga/sad_ws/install/harvest_master:/home/gaga/sad_ws/install/vision_msgs:/home/gaga/sad_ws/install/q_visualizer:/opt/ros/humble:/home/gaga/sad_ws/install/serial:/home/gaga/sad_ws/install/mani_urdf:/home/gaga/sad_ws/install/harvest_go:/home/gaga/ssibal_ws/install/robot_msgs:/home/gaga/robotprograming_ws/install/rp_pkg /usr/bin/cmake --build /home/gaga/sad_ws/build/mani_urdf -- -j20 -l20
[0.274s] Invoking command in '/home/gaga/sad_ws/build/mani_urdf': CMAKE_PREFIX_PATH=/home/gaga/sad_ws/install:/home/gaga/sad_ws/install/sad_pkg:/home/gaga/sad_ws/install/harvest_master:/home/gaga/sad_ws/install/vision_msgs:/home/gaga/sad_ws/install/q_visualizer:/opt/ros/humble:/home/gaga/sad_ws/install/serial:/home/gaga/sad_ws/install/mani_urdf:/home/gaga/sad_ws/install/harvest_go:/home/gaga/ssibal_ws/install/robot_msgs:/home/gaga/robotprograming_ws/install/rp_pkg /usr/bin/cmake --install /home/gaga/sad_ws/build/mani_urdf
[0.283s] -- Install configuration: ""
[0.284s] -- Up-to-date: /home/gaga/sad_ws/install/mani_urdf/share/mani_urdf/description
[0.284s] -- Up-to-date: /home/gaga/sad_ws/install/mani_urdf/share/mani_urdf/description/example_robot.urdf.xacro
[0.284s] -- Up-to-date: /home/gaga/sad_ws/install/mani_urdf/share/mani_urdf/description/mesh
[0.284s] -- Up-to-date: /home/gaga/sad_ws/install/mani_urdf/share/mani_urdf/description/mesh/before.zip
[0.284s] -- Up-to-date: /home/gaga/sad_ws/install/mani_urdf/share/mani_urdf/description/mesh/link3.stl
[0.285s] -- Up-to-date: /home/gaga/sad_ws/install/mani_urdf/share/mani_urdf/description/mesh/link1.stl
[0.285s] -- Up-to-date: /home/gaga/sad_ws/install/mani_urdf/share/mani_urdf/description/mesh/link5.stl
[0.285s] -- Up-to-date: /home/gaga/sad_ws/install/mani_urdf/share/mani_urdf/description/mesh/link6.stl
[0.285s] -- Up-to-date: /home/gaga/sad_ws/install/mani_urdf/share/mani_urdf/description/mesh/link7.stl
[0.285s] -- Up-to-date: /home/gaga/sad_ws/install/mani_urdf/share/mani_urdf/description/mesh/link2.stl
[0.286s] -- Up-to-date: /home/gaga/sad_ws/install/mani_urdf/share/mani_urdf/description/mesh/link4.stl
[0.286s] -- Up-to-date: /home/gaga/sad_ws/install/mani_urdf/share/mani_urdf/description/mesh/endeffector.stl
[0.286s] -- Up-to-date: /home/gaga/sad_ws/install/mani_urdf/share/mani_urdf/description/mesh/link5_1.stl
[0.287s] -- Up-to-date: /home/gaga/sad_ws/install/mani_urdf/share/mani_urdf/description/example_gazebo.xacro
[0.287s] -- Up-to-date: /home/gaga/sad_ws/install/mani_urdf/share/mani_urdf/description/example_include.xacro
[0.287s] -- Up-to-date: /home/gaga/sad_ws/install/mani_urdf/share/mani_urdf/launch
[0.288s] -- Up-to-date: /home/gaga/sad_ws/install/mani_urdf/share/mani_urdf/launch/rsp.launch.py
[0.288s] -- Up-to-date: /home/gaga/sad_ws/install/mani_urdf/share/mani_urdf/launch/rsp_sim.launch.py
[0.288s] -- Up-to-date: /home/gaga/sad_ws/install/mani_urdf/share/mani_urdf/worlds
[0.288s] -- Up-to-date: /home/gaga/sad_ws/install/mani_urdf/share/mani_urdf/worlds/test_world.world
[0.288s] -- Up-to-date: /home/gaga/sad_ws/install/mani_urdf/share/mani_urdf/config
[0.289s] -- Up-to-date: /home/gaga/sad_ws/install/mani_urdf/share/mani_urdf/config/gazebo_controll.yaml
[0.290s] -- Up-to-date: /home/gaga/sad_ws/install/mani_urdf/share/ament_index/resource_index/package_run_dependencies/mani_urdf
[0.291s] -- Up-to-date: /home/gaga/sad_ws/install/mani_urdf/share/ament_index/resource_index/parent_prefix_path/mani_urdf
[0.291s] -- Up-to-date: /home/gaga/sad_ws/install/mani_urdf/share/mani_urdf/environment/ament_prefix_path.sh
[0.291s] -- Up-to-date: /home/gaga/sad_ws/install/mani_urdf/share/mani_urdf/environment/ament_prefix_path.dsv
[0.292s] -- Up-to-date: /home/gaga/sad_ws/install/mani_urdf/share/mani_urdf/environment/path.sh
[0.292s] -- Up-to-date: /home/gaga/sad_ws/install/mani_urdf/share/mani_urdf/environment/path.dsv
[0.292s] -- Up-to-date: /home/gaga/sad_ws/install/mani_urdf/share/mani_urdf/local_setup.bash
[0.292s] -- Up-to-date: /home/gaga/sad_ws/install/mani_urdf/share/mani_urdf/local_setup.sh
[0.293s] -- Up-to-date: /home/gaga/sad_ws/install/mani_urdf/share/mani_urdf/local_setup.zsh
[0.293s] -- Up-to-date: /home/gaga/sad_ws/install/mani_urdf/share/mani_urdf/local_setup.dsv
[0.293s] -- Installing: /home/gaga/sad_ws/install/mani_urdf/share/mani_urdf/package.dsv
[0.293s] -- Up-to-date: /home/gaga/sad_ws/install/mani_urdf/share/ament_index/resource_index/packages/mani_urdf
[0.293s] -- Up-to-date: /home/gaga/sad_ws/install/mani_urdf/share/mani_urdf/cmake/mani_urdfConfig.cmake
[0.293s] -- Up-to-date: /home/gaga/sad_ws/install/mani_urdf/share/mani_urdf/cmake/mani_urdfConfig-version.cmake
[0.293s] -- Up-to-date: /home/gaga/sad_ws/install/mani_urdf/share/mani_urdf/package.xml
[0.307s] Invoked command in '/home/gaga/sad_ws/build/mani_urdf' returned '0': CMAKE_PREFIX_PATH=/home/gaga/sad_ws/install:/home/gaga/sad_ws/install/sad_pkg:/home/gaga/sad_ws/install/harvest_master:/home/gaga/sad_ws/install/vision_msgs:/home/gaga/sad_ws/install/q_visualizer:/opt/ros/humble:/home/gaga/sad_ws/install/serial:/home/gaga/sad_ws/install/mani_urdf:/home/gaga/sad_ws/install/harvest_go:/home/gaga/ssibal_ws/install/robot_msgs:/home/gaga/robotprograming_ws/install/rp_pkg /usr/bin/cmake --install /home/gaga/sad_ws/build/mani_urdf
