[0.970s] Invoking command in '/home/gaga/sad_ws/q_visualizer': PYTHONPATH=/home/gaga/sad_ws/build/q_visualizer/prefix_override:/usr/lib/python3/dist-packages/colcon_core/task/python/colcon_distutils_commands:/home/gaga/sad_ws/install/q_visualizer/lib/python3.10/site-packages:${PYTHONPATH} /usr/bin/python3 -W ignore:setup.py install is deprecated -W ignore:easy_install command is deprecated setup.py egg_info --egg-base ../build/q_visualizer build --build-base /home/gaga/sad_ws/build/q_visualizer/build install --record /home/gaga/sad_ws/build/q_visualizer/install.log --single-version-externally-managed install_data
[1.194s] running egg_info
[1.195s] writing ../build/q_visualizer/q_visualizer.egg-info/PKG-INFO
[1.195s] writing dependency_links to ../build/q_visualizer/q_visualizer.egg-info/dependency_links.txt
[1.195s] writing entry points to ../build/q_visualizer/q_visualizer.egg-info/entry_points.txt
[1.196s] writing requirements to ../build/q_visualizer/q_visualizer.egg-info/requires.txt
[1.196s] writing top-level names to ../build/q_visualizer/q_visualizer.egg-info/top_level.txt
[1.197s] reading manifest file '../build/q_visualizer/q_visualizer.egg-info/SOURCES.txt'
[1.198s] writing manifest file '../build/q_visualizer/q_visualizer.egg-info/SOURCES.txt'
[1.198s] running build
[1.198s] running build_py
[1.198s] running install
[1.199s] running install_lib
[1.200s] running install_data
[1.200s] running install_egg_info
[1.202s] removing '/home/gaga/sad_ws/install/q_visualizer/lib/python3.10/site-packages/q_visualizer-0.1.0-py3.10.egg-info' (and everything under it)
[1.202s] Copying ../build/q_visualizer/q_visualizer.egg-info to /home/gaga/sad_ws/install/q_visualizer/lib/python3.10/site-packages/q_visualizer-0.1.0-py3.10.egg-info
[1.203s] running install_scripts
[1.234s] Installing q_visualizer_node script to /home/gaga/sad_ws/install/q_visualizer/lib/q_visualizer
[1.235s] writing list of installed files to '/home/gaga/sad_ws/build/q_visualizer/install.log'
[1.312s] Invoked command in '/home/gaga/sad_ws/q_visualizer' returned '0': PYTHONPATH=/home/gaga/sad_ws/build/q_visualizer/prefix_override:/usr/lib/python3/dist-packages/colcon_core/task/python/colcon_distutils_commands:/home/gaga/sad_ws/install/q_visualizer/lib/python3.10/site-packages:${PYTHONPATH} /usr/bin/python3 -W ignore:setup.py install is deprecated -W ignore:easy_install command is deprecated setup.py egg_info --egg-base ../build/q_visualizer build --build-base /home/gaga/sad_ws/build/q_visualizer/build install --record /home/gaga/sad_ws/build/q_visualizer/install.log --single-version-externally-managed install_data
