[35m[1mConsolidate compiler generated dependencies of target calibration_node[0m
[  9%] Built target rrt_node
[ 18%] Built target spline_node
[ 36%] Built target motor_node
[ 36%] Built target path_test_node
[ 45%] Built target map_node
[ 54%] Built target forward_node
[ 63%] Built target real_inverse_node
[ 72%] Built target path_node
[ 81%] Built target Inverse_node
[ 90%] Built target obstacle_node
[ 95%] [32mBuilding CXX object CMakeFiles/calibration_node.dir/src/calibration_node.cpp.o[0m
[01m[K/home/gaga/sad_ws/src/sad_pkg/src/calibration_node.cpp:237:27:[m[K [01;31m[Kerror: [m[Kredeclaration of ‘[01m[Kint RSNode::obstacle_count_[m[K’
  237 |     int obstacle_count_ = [01;31m[K0[m[K;
      |                           [01;31m[K^[m[K
[01m[K/home/gaga/sad_ws/src/sad_pkg/src/calibration_node.cpp:226:9:[m[K [01;36m[Knote: [m[Kprevious declaration ‘[01m[Kint RSNode::obstacle_count_[m[K’
  226 |     int [01;36m[Kobstacle_count_[m[K = 0;
      |         [01;36m[K^~~~~~~~~~~~~~~[m[K
gmake[2]: *** [CMakeFiles/calibration_node.dir/build.make:76: CMakeFiles/calibration_node.dir/src/calibration_node.cpp.o] Error 1
gmake[1]: *** [CMakeFiles/Makefile2:417: CMakeFiles/calibration_node.dir/all] Error 2
gmake: *** [Makefile:146: all] Error 2
