[0.032s] Invoking command in '/home/gaga/sad_ws/build/sad_pkg': CMAKE_PREFIX_PATH=/home/gaga/sad_ws/install/q_visualizer:/home/gaga/turtlebot3_ws/install/turtlebot3_teleop:/home/gaga/turtlebot3_ws/install/turtlebot3_example:/opt/ros/humble:/home/gaga/sad_ws/install/serial:/home/gaga/sad_ws/install/my_vision_msgs:/home/gaga/sad_ws/install:/home/gaga/sad_ws/install/sad_pkg:/home/gaga/sad_ws/install/mani_urdf:/home/gaga/turtlebot3_ws/install/turtlebot3:/home/gaga/turtlebot3_ws/install/turtlebot3_simulations:/home/gaga/turtlebot3_ws/install/turtlebot3_bringup:/home/gaga/turtlebot3_ws/install/turtlebot3_node:/home/gaga/turtlebot3_ws/install/turtlebot3_navigation2:/home/gaga/turtlebot3_ws/install/turtlebot3_fake_node:/home/gaga/turtlebot3_ws/install/robot_master:/home/gaga/turtlebot3_ws/install/turtlebot3_msgs:/home/gaga/turtlebot3_ws/install/turtlebot3_gazebo:/home/gaga/turtlebot3_ws/install/turtlebot3_description:/home/gaga/turtlebot3_ws/install/turtlebot3_cartographer:/home/gaga/turtlebot3_ws/install/robot_vision:/home/gaga/turtlebot3_ws/install/robot_navigation:/home/gaga/turtlebot3_ws/install/robot_msgs:/home/gaga/turtlebot3_ws/install/dynamixel_sdk_examples:/home/gaga/turtlebot3_ws/install/dynamixel_sdk_custom_interfaces:/home/gaga/turtlebot3_ws/install/dynamixel_sdk:/home/gaga/ssibal_ws/install/robot_msgs:/home/gaga/sad_ws/src/install/vision_msgs:/home/gaga/sad_ws/src/install/sad_pkg:/home/gaga/sad_ws/src/install/serial:/home/gaga/sad_ws/src/install/my_vision_msgs:/home/gaga/sad_ws/src/install/mani_urdf:/home/gaga/robotprograming_ws/install/rp_pkg:/home/gaga/sad_ws/src/sad_pkg/install/sad_pkg /usr/bin/cmake --build /home/gaga/sad_ws/build/sad_pkg -- -j20 -l20
[0.149s] [35m[1mConsolidate compiler generated dependencies of target real_inverse_node[0m
[0.182s] [ 80%] Built target spline_node
[0.183s] [ 80%] Built target rrt_node
[0.183s] [ 80%] Built target path_node
[0.183s] [ 80%] Built target forward_node
[0.184s] [ 80%] Built target Inverse_node
[0.184s] [ 80%] Built target obstacle_node
[0.184s] [ 80%] Built target path_test_node
[0.184s] [ 80%] Built target motor_node
[0.184s] [ 90%] Built target map_node
[0.200s] [ 95%] [32mBuilding CXX object CMakeFiles/real_inverse_node.dir/src/real_inverse_node.cpp.o[0m
[7.496s] [01m[K/home/gaga/sad_ws/src/sad_pkg/src/real_inverse_node.cpp:511:9:[m[K [01;31m[Kerror: [m[Kexpected unqualified-id before ‘[01m[Kif[m[K’
[7.496s]   511 |         [01;31m[Kif[m[K (ctrl.q_dot.size() != 6 || ctrl.next_q.size() != 6) {
[7.496s]       |         [01;31m[K^~[m[K
[7.497s] [01m[K/home/gaga/sad_ws/src/sad_pkg/src/real_inverse_node.cpp:517:31:[m[K [01;31m[Kerror: [m[Kredeclaration of ‘[01m[KEigen::VectorXd ManipulatorNode::q_dot[m[K’
[7.497s]   517 |         VectorXd q_dot = ctrl.[01;31m[Kq_dot[m[K;
[7.497s]       |                               [01;31m[K^~~~~[m[K
[7.497s] [01m[K/home/gaga/sad_ws/src/sad_pkg/src/real_inverse_node.cpp:245:14:[m[K [01;36m[Knote: [m[Kprevious declaration ‘[01m[KEigen::VectorXd ManipulatorNode::q_dot[m[K’
[7.497s]   245 |     VectorXd [01;36m[Kq_dot[m[K = VectorXd::Zero(6);  // 반드시 크기 명시
[7.497s]       |              [01;36m[K^~~~~[m[K
[7.497s] [01m[K/home/gaga/sad_ws/src/sad_pkg/src/real_inverse_node.cpp:520:9:[m[K [01;31m[Kerror: [m[Kexpected unqualified-id before ‘[01m[Kfor[m[K’
[7.497s]   520 |         [01;31m[Kfor[m[K (int i = 0; i < 6; ++i) {
[7.497s]       |         [01;31m[K^~~[m[K
[7.500s] [01m[K/home/gaga/sad_ws/src/sad_pkg/src/real_inverse_node.cpp:520:25:[m[K [01;31m[Kerror: [m[K‘[01m[Ki[m[K’ does not name a type
[7.500s]   520 |         for (int i = 0; [01;31m[Ki[m[K < 6; ++i) {
[7.500s]       |                         [01;31m[K^[m[K
[7.500s] [01m[K/home/gaga/sad_ws/src/sad_pkg/src/real_inverse_node.cpp:520:32:[m[K [01;31m[Kerror: [m[Kexpected unqualified-id before ‘[01m[K++[m[K’ token
[7.500s]   520 |         for (int i = 0; i < 6; [01;31m[K++[m[Ki) {
[7.500s]       |                                [01;31m[K^~[m[K
[7.505s] [01m[K/home/gaga/sad_ws/src/sad_pkg/src/real_inverse_node.cpp:548:9:[m[K [01;31m[Kerror: [m[K‘[01m[Kdq_msg[m[K’ does not name a type
[7.505s]   548 |         [01;31m[Kdq_msg[m[K.data.resize(6);
[7.505s]       |         [01;31m[K^~~~~~[m[K
[7.505s] [01m[K/home/gaga/sad_ws/src/sad_pkg/src/real_inverse_node.cpp:549:9:[m[K [01;31m[Kerror: [m[Kexpected unqualified-id before ‘[01m[Kfor[m[K’
[7.505s]   549 |         [01;31m[Kfor[m[K (int i = 0; i < 6; ++i) {
[7.505s]       |         [01;31m[K^~~[m[K
[7.509s] [01m[K/home/gaga/sad_ws/src/sad_pkg/src/real_inverse_node.cpp:549:25:[m[K [01;31m[Kerror: [m[K‘[01m[Ki[m[K’ does not name a type
[7.509s]   549 |         for (int i = 0; [01;31m[Ki[m[K < 6; ++i) {
[7.510s]       |                         [01;31m[K^[m[K
[7.510s] [01m[K/home/gaga/sad_ws/src/sad_pkg/src/real_inverse_node.cpp:549:32:[m[K [01;31m[Kerror: [m[Kexpected unqualified-id before ‘[01m[K++[m[K’ token
[7.510s]   549 |         for (int i = 0; i < 6; [01;31m[K++[m[Ki) {
[7.510s]       |                                [01;31m[K^~[m[K
[7.510s] In file included from [01m[K/opt/ros/humble/include/rclcpp/rclcpp/client.hpp:40[m[K,
[7.510s]                  from [01m[K/opt/ros/humble/include/rclcpp/rclcpp/callback_group.hpp:24[m[K,
[7.510s]                  from [01m[K/opt/ros/humble/include/rclcpp/rclcpp/any_executable.hpp:20[m[K,
[7.510s]                  from [01m[K/opt/ros/humble/include/rclcpp/rclcpp/memory_strategy.hpp:25[m[K,
[7.510s]                  from [01m[K/opt/ros/humble/include/rclcpp/rclcpp/memory_strategies.hpp:18[m[K,
[7.510s]                  from [01m[K/opt/ros/humble/include/rclcpp/rclcpp/executor_options.hpp:20[m[K,
[7.510s]                  from [01m[K/opt/ros/humble/include/rclcpp/rclcpp/executor.hpp:37[m[K,
[7.510s]                  from [01m[K/opt/ros/humble/include/rclcpp/rclcpp/executors/multi_threaded_executor.hpp:25[m[K,
[7.510s]                  from [01m[K/opt/ros/humble/include/rclcpp/rclcpp/executors.hpp:21[m[K,
[7.510s]                  from [01m[K/opt/ros/humble/include/rclcpp/rclcpp/rclcpp.hpp:155[m[K,
[7.510s]                  from [01m[K/home/gaga/sad_ws/src/sad_pkg/src/real_inverse_node.cpp:8[m[K:
[7.510s] [01m[K/home/gaga/sad_ws/src/sad_pkg/src/real_inverse_node.cpp:559:9:[m[K [01;31m[Kerror: [m[Kexpected unqualified-id before ‘[01m[Kdo[m[K’
[7.511s]   559 |         [01;31m[KRCLCPP_INFO[m[K(this->get_logger(), "[Timer] 퍼블리시되는 q_dot: %.3f %.3f %.3f %.3f %.3f %.3f",
[7.511s]       |         [01;31m[K^~~~~~~~~~~[m[K
[7.511s] [01m[K/home/gaga/sad_ws/src/sad_pkg/src/real_inverse_node.cpp:559:9:[m[K [01;31m[Kerror: [m[Kexpected unqualified-id before ‘[01m[Kwhile[m[K’
[7.511s]   559 |         [01;31m[KRCLCPP_INFO[m[K(this->get_logger(), "[Timer] 퍼블리시되는 q_dot: %.3f %.3f %.3f %.3f %.3f %.3f",
[7.511s]       |         [01;31m[K^~~~~~~~~~~[m[K
[7.514s] [01m[K/home/gaga/sad_ws/src/sad_pkg/src/real_inverse_node.cpp:563:9:[m[K [01;31m[Kerror: [m[K‘[01m[Kjoint_vel_pub_[m[K’ does not name a type
[7.514s]   563 |         [01;31m[Kjoint_vel_pub_[m[K->publish(dq_msg);
[7.515s]       |         [01;31m[K^~~~~~~~~~~~~~[m[K
[7.515s] [01m[K/home/gaga/sad_ws/src/sad_pkg/src/real_inverse_node.cpp:573:9:[m[K [01;31m[Kerror: [m[Kexpected unqualified-id before ‘[01m[Kif[m[K’
[7.515s]   573 |         [01;31m[Kif[m[K (!(fabs(position_error.z()) < position_deadband &&
[7.515s]       |         [01;31m[K^~[m[K
[7.568s] [01m[K/home/gaga/sad_ws/src/sad_pkg/src/real_inverse_node.cpp:509:59:[m[K [01;31m[Kerror: [m[K‘[01m[Kposition_error[m[K’ was not declared in this scope
[7.568s]   509 |         ControlOutput ctrl = computeControl(estimated_q_, [01;31m[Kposition_error[m[K, axis * angle_rad, dt);
[7.568s]       |                                                           [01;31m[K^~~~~~~~~~~~~~[m[K
[7.581s] [01m[K/home/gaga/sad_ws/src/sad_pkg/src/real_inverse_node.cpp:509:75:[m[K [01;31m[Kerror: [m[K‘[01m[Kaxis[m[K’ was not declared in this scope
[7.582s]   509 |         ControlOutput ctrl = computeControl(estimated_q_, position_error, [01;31m[Kaxis[m[K * angle_rad, dt);
[7.582s]       |                                                                           [01;31m[K^~~~[m[K
[7.595s] [01m[K/home/gaga/sad_ws/src/sad_pkg/src/real_inverse_node.cpp:509:82:[m[K [01;31m[Kerror: [m[K‘[01m[Kangle_rad[m[K’ was not declared in this scope
[7.595s]   509 |         ControlOutput ctrl = computeControl(estimated_q_, position_error, axis * [01;31m[Kangle_rad[m[K, dt);
[7.595s]       |                                                                                  [01;31m[K^~~~~~~~~[m[K
[7.611s] [01m[K/home/gaga/sad_ws/src/sad_pkg/src/real_inverse_node.cpp:509:30:[m[K [01;31m[Kerror: [m[K‘[01m[KcomputeControl[m[K’ was not declared in this scope
[7.611s]   509 |         ControlOutput ctrl = [01;31m[KcomputeControl[m[K(estimated_q_, position_error, axis * angle_rad, dt);
[7.611s]       |                              [01;31m[K^~~~~~~~~~~~~~[m[K
[7.824s] [01m[K/home/gaga/sad_ws/src/sad_pkg/src/real_inverse_node.cpp:[m[K In member function ‘[01m[Kvoid ManipulatorNode::timerCallback()[m[K’:
[7.824s] [01m[K/home/gaga/sad_ws/src/sad_pkg/src/real_inverse_node.cpp:446:30:[m[K [01;31m[Kerror: [m[K‘[01m[KcomputeControl[m[K’ was not declared in this scope
[7.824s]   446 |         ControlOutput ctrl = [01;31m[KcomputeControl[m[K(estimated_q_, position_error, axis * angle_rad, dt);
[7.824s]       |                              [01;31m[K^~~~~~~~~~~~~~[m[K
[7.833s] [01m[K/home/gaga/sad_ws/src/sad_pkg/src/real_inverse_node.cpp:[m[K At global scope:
[7.833s] [01m[K/home/gaga/sad_ws/src/sad_pkg/src/real_inverse_node.cpp:589:19:[m[K [01;31m[Kerror: [m[Kexpected initializer before ‘[01m[KcomputeControl[m[K’
[7.833s]   589 |     ControlOutput [01;31m[KcomputeControl[m[K(const VectorXd& current_q, const Vector3d& position_error, const Vector3d& orientation_axis_angle, double dt)
[7.833s]       |                   [01;31m[K^~~~~~~~~~~~~~[m[K
[8.190s] [01m[K/home/gaga/sad_ws/src/sad_pkg/src/real_inverse_node.cpp:[m[K In function ‘[01m[KEigen::VectorXd computeFeedbackVelocity(const Vector3d&, const Vector3d&, const Vector3d&)[m[K’:
[8.190s] [01m[K/home/gaga/sad_ws/src/sad_pkg/src/real_inverse_node.cpp:655:38:[m[K [01;31m[Kerror: [m[K‘[01m[Kestimated_q_[m[K’ was not declared in this scope
[8.190s]   655 |         MatrixXd J = computeJacobian([01;31m[Kestimated_q_[m[K);
[8.190s]       |                                      [01;31m[K^~~~~~~~~~~~[m[K
[8.204s] [01m[K/home/gaga/sad_ws/src/sad_pkg/src/real_inverse_node.cpp:656:27:[m[K [01;31m[Kerror: [m[K‘[01m[KdampedPseudoInverse[m[K’ was not declared in this scope
[8.204s]   656 |         MatrixXd J_pinv = [01;31m[KdampedPseudoInverse[m[K(J);
[8.204s]       |                           [01;31m[K^~~~~~~~~~~~~~~~~~~[m[K
[8.387s] [01m[K/home/gaga/sad_ws/src/sad_pkg/src/real_inverse_node.cpp:[m[K At global scope:
[8.387s] [01m[K/home/gaga/sad_ws/src/sad_pkg/src/real_inverse_node.cpp:682:1:[m[K [01;31m[Kerror: [m[Kexpected declaration before ‘[01m[K}[m[K’ token
[8.387s]   682 | [01;31m[K}[m[K;
[8.387s]       | [01;31m[K^[m[K
[19.788s] gmake[2]: *** [CMakeFiles/real_inverse_node.dir/build.make:76: CMakeFiles/real_inverse_node.dir/src/real_inverse_node.cpp.o] Error 1
[19.788s] gmake[1]: *** [CMakeFiles/Makefile2:363: CMakeFiles/real_inverse_node.dir/all] Error 2
[19.788s] gmake: *** [Makefile:146: all] Error 2
[19.790s] Invoked command in '/home/gaga/sad_ws/build/sad_pkg' returned '2': CMAKE_PREFIX_PATH=/home/gaga/sad_ws/install/q_visualizer:/home/gaga/turtlebot3_ws/install/turtlebot3_teleop:/home/gaga/turtlebot3_ws/install/turtlebot3_example:/opt/ros/humble:/home/gaga/sad_ws/install/serial:/home/gaga/sad_ws/install/my_vision_msgs:/home/gaga/sad_ws/install:/home/gaga/sad_ws/install/sad_pkg:/home/gaga/sad_ws/install/mani_urdf:/home/gaga/turtlebot3_ws/install/turtlebot3:/home/gaga/turtlebot3_ws/install/turtlebot3_simulations:/home/gaga/turtlebot3_ws/install/turtlebot3_bringup:/home/gaga/turtlebot3_ws/install/turtlebot3_node:/home/gaga/turtlebot3_ws/install/turtlebot3_navigation2:/home/gaga/turtlebot3_ws/install/turtlebot3_fake_node:/home/gaga/turtlebot3_ws/install/robot_master:/home/gaga/turtlebot3_ws/install/turtlebot3_msgs:/home/gaga/turtlebot3_ws/install/turtlebot3_gazebo:/home/gaga/turtlebot3_ws/install/turtlebot3_description:/home/gaga/turtlebot3_ws/install/turtlebot3_cartographer:/home/gaga/turtlebot3_ws/install/robot_vision:/home/gaga/turtlebot3_ws/install/robot_navigation:/home/gaga/turtlebot3_ws/install/robot_msgs:/home/gaga/turtlebot3_ws/install/dynamixel_sdk_examples:/home/gaga/turtlebot3_ws/install/dynamixel_sdk_custom_interfaces:/home/gaga/turtlebot3_ws/install/dynamixel_sdk:/home/gaga/ssibal_ws/install/robot_msgs:/home/gaga/sad_ws/src/install/vision_msgs:/home/gaga/sad_ws/src/install/sad_pkg:/home/gaga/sad_ws/src/install/serial:/home/gaga/sad_ws/src/install/my_vision_msgs:/home/gaga/sad_ws/src/install/mani_urdf:/home/gaga/robotprograming_ws/install/rp_pkg:/home/gaga/sad_ws/src/sad_pkg/install/sad_pkg /usr/bin/cmake --build /home/gaga/sad_ws/build/sad_pkg -- -j20 -l20
