[ 30%] Built target obstacle_node
[ 30%] Built target path_node
[ 30%] Built target path_test_node
[ 40%] Built target spline_node
[ 50%] Built target rrt_node
[ 60%] Built target forward_node
[ 65%] [32mBuilding CXX object CMakeFiles/motor_node.dir/src/motor_node.cpp.o[0m
[ 75%] Built target map_node
[ 85%] Built target Inverse_node
[ 95%] Built target real_inverse_node
[01m[K/home/gaga/sad_ws/src/sad_pkg/src/motor_node.cpp:[m[K In member function ‘[01m[Kvoid MotorControlNode::setDynamixelVelocityGroupSync(int32_t, int32_t)[m[K’:
[01m[K/home/gaga/sad_ws/src/sad_pkg/src/motor_node.cpp:134:21:[m[K [01;31m[Kerror: [m[Kredeclaration of ‘[01m[Kuint8_t param [4][m[K’
  134 |             uint8_t [01;31m[Kparam[m[K[4];
      |                     [01;31m[K^~~~~[m[K
[01m[K/home/gaga/sad_ws/src/sad_pkg/src/motor_node.cpp:129:21:[m[K [01;36m[Knote: [m[K‘[01m[Kuint8_t param [4][m[K’ previously declared here
  129 |             uint8_t [01;36m[Kparam[m[K[4];
      |                     [01;36m[K^~~~~[m[K
gmake[2]: *** [CMakeFiles/motor_node.dir/build.make:76: CMakeFiles/motor_node.dir/src/motor_node.cpp.o] Error 1
gmake[1]: *** [CMakeFiles/Makefile2:389: CMakeFiles/motor_node.dir/all] Error 2
gmake: *** [Makefile:146: all] Error 2
