In file included from [01m[K/opt/ros/humble/include/rclcpp/rclcpp/logging.hpp:24[m[K,
                 from [01m[K/opt/ros/humble/include/rclcpp/rclcpp/client.hpp:40[m[K,
                 from [01m[K/opt/ros/humble/include/rclcpp/rclcpp/callback_group.hpp:24[m[K,
                 from [01m[K/opt/ros/humble/include/rclcpp/rclcpp/any_executable.hpp:20[m[K,
                 from [01m[K/opt/ros/humble/include/rclcpp/rclcpp/memory_strategy.hpp:25[m[K,
                 from [01m[K/opt/ros/humble/include/rclcpp/rclcpp/memory_strategies.hpp:18[m[K,
                 from [01m[K/opt/ros/humble/include/rclcpp/rclcpp/executor_options.hpp:20[m[K,
                 from [01m[K/opt/ros/humble/include/rclcpp/rclcpp/executor.hpp:37[m[K,
                 from [01m[K/opt/ros/humble/include/rclcpp/rclcpp/executors/multi_threaded_executor.hpp:25[m[K,
                 from [01m[K/opt/ros/humble/include/rclcpp/rclcpp/executors.hpp:21[m[K,
                 from [01m[K/opt/ros/humble/include/rclcpp/rclcpp/rclcpp.hpp:155[m[K,
                 from [01m[K/home/gaga/sad_ws/src/sad_pkg/src/Inverse_node.cpp:8[m[K:
[01m[K/home/gaga/sad_ws/src/sad_pkg/src/Inverse_node.cpp:[m[K In member function ‘[01m[Kvoid ManipulatorNode::timerCallback()[m[K’:
[01m[K/home/gaga/sad_ws/src/sad_pkg/src/Inverse_node.cpp:418:13:[m[K [01;35m[Kwarning: [m[Kformat ‘[01m[K%f[m[K’ expects argument of type ‘[01m[Kdouble[m[K’, but argument 6 has type ‘[01m[KEigen::Vector3d[m[K’ {aka ‘[01m[KEigen::Matrix<double, 3, 1>[m[K’} [[01;35m[K]8;;https://gcc.gnu.org/onlinedocs/gcc/Warning-Options.html#index-Wformat=-Wformat=]8;;[m[K]
  418 |             [01;35m[K"[Timer] 위치 오차 크기 = %.3f m, 방위 오차 크기 = %.3f°"[m[K,
      |             [01;35m[K^~~~~~~~~~~~~~~~~~~~~~~~~~~~~~~~~~~~~~~~~~~~~~~~~~~~~~~~~[m[K
[01m[K/home/gaga/sad_ws/src/sad_pkg/src/Inverse_node.cpp:418:67:[m[K [01;36m[Knote: [m[Kformat string is defined here
  418 |             "[Timer] 위치 오차 크기 = %.3f m, 방위 오차 크기 = [01;36m[K%.3f[m[K°",
      |                                                                [01;36m[K~~~^[m[K
      |                                                                   [01;36m[K|[m[K
      |                                                                   [01;36m[Kdouble[m[K
[01m[K/home/gaga/sad_ws/src/sad_pkg/src/Inverse_node.cpp:392:16:[m[K [01;35m[Kwarning: [m[Kunused variable ‘[01m[Kori_err_deg[m[K’ [[01;35m[K]8;;https://gcc.gnu.org/onlinedocs/gcc/Warning-Options.html#index-Wunused-variable-Wunused-variable]8;;[m[K]
  392 |         double [01;35m[Kori_err_deg[m[K = angle_rad * (180.0 / M_PI);  // 방위 오차 (°)
      |                [01;35m[K^~~~~~~~~~~[m[K
