[35m[1mConsolidate compiler generated dependencies of target real_inverse_node[0m
[ 25%] Built target motor_node
[ 25%] Built target obstacle_node
[ 30%] Built target map_node
[ 40%] Built target rrt_node
[ 50%] Built target forward_node
[ 70%] Built target path_test_node
[ 70%] Built target spline_node
[ 80%] Built target Inverse_node
[ 90%] Built target path_node
[ 95%] [32mBuilding CXX object CMakeFiles/real_inverse_node.dir/src/real_inverse_node.cpp.o[0m
[01m[K/home/gaga/sad_ws/src/sad_pkg/src/real_inverse_node.cpp:252:24:[m[K [01;31m[Kerror: [m[K‘[01m[Kposition_error[m[K’ was not declared in this scope
  252 |     double max_error = [01;31m[Kposition_error[m[K.norm() + orientation_error.norm();
      |                        [01;31m[K^~~~~~~~~~~~~~[m[K
[01m[K/home/gaga/sad_ws/src/sad_pkg/src/real_inverse_node.cpp:252:48:[m[K [01;31m[Kerror: [m[K‘[01m[Korientation_error[m[K’ was not declared in this scope
  252 |     double max_error = position_error.norm() + [01;31m[Korientation_error[m[K.norm();
      |                                                [01;31m[K^~~~~~~~~~~~~~~~~[m[K
gmake[2]: *** [CMakeFiles/real_inverse_node.dir/build.make:76: CMakeFiles/real_inverse_node.dir/src/real_inverse_node.cpp.o] Error 1
gmake[1]: *** [CMakeFiles/Makefile2:363: CMakeFiles/real_inverse_node.dir/all] Error 2
gmake: *** [Makefile:146: all] Error 2
