[0.011s] Invoking command in '/home/gaga/sad_ws/build/sad_pkg': CMAKE_PREFIX_PATH=/home/gaga/sad_ws/install/vision_msgs:/home/gaga/sad_ws/install/q_visualizer:/opt/ros/humble:/home/gaga/sad_ws/install/serial:/home/gaga/sad_ws/install:/home/gaga/sad_ws/install/sad_pkg:/home/gaga/sad_ws/install/harvest_master:/home/gaga/sad_ws/install/mani_urdf:/home/gaga/sad_ws/install/harvest_go:/home/gaga/ssibal_ws/install/robot_msgs:/home/gaga/robotprograming_ws/install/rp_pkg /usr/bin/cmake --build /home/gaga/sad_ws/build/sad_pkg -- -j20 -l20
[0.057s] [35m[1mConsolidate compiler generated dependencies of target calibration_node[0m
[0.066s] [ 27%] Built target rrt_node
[0.066s] [ 27%] Built target path_test_node
[0.067s] [ 27%] Built target forward_node
[0.068s] [ 36%] Built target map_node
[0.073s] [ 63%] Built target motor_node
[0.073s] [ 63%] Built target real_inverse_node
[0.073s] [ 63%] Built target spline_node
[0.073s] [ 72%] Built target obstacle_node
[0.074s] [ 77%] [32mBuilding CXX object CMakeFiles/path_node.dir/src/path_node.cpp.o[0m
[0.076s] [ 86%] Built target Inverse_node
[0.082s] [ 90%] [32mBuilding CXX object CMakeFiles/calibration_node.dir/src/calibration_node.cpp.o[0m
[2.117s] [01m[K/home/gaga/sad_ws/src/sad_pkg/src/calibration_node.cpp:[m[K In member function ‘[01m[Kvoid RSNode::obstacleCallback(vision_msgs::msg::HarvestOrdering_<std::allocator<void> >::SharedPtr)[m[K’:
[2.117s] [01m[K/home/gaga/sad_ws/src/sad_pkg/src/calibration_node.cpp:149:13:[m[K [01;31m[Kerror: [m[K‘[01m[Kobstacle_count_[m[K’ was not declared in this scope; did you mean ‘[01m[Kobstacle_sub_[m[K’?
[2.117s]   149 |         if ([01;31m[Kobstacle_count_[m[K == 0) {
[2.117s]       |             [01;31m[K^~~~~~~~~~~~~~~[m[K
[2.117s]       |             [32m[Kobstacle_sub_[m[K
[2.125s] [01m[K/home/gaga/sad_ws/src/sad_pkg/src/calibration_node.cpp:186:9:[m[K [01;31m[Kerror: [m[K‘[01m[Kobstacle_count_[m[K’ was not declared in this scope; did you mean ‘[01m[Kobstacle_sub_[m[K’?
[2.125s]   186 |         [01;31m[Kobstacle_count_[m[K++;
[2.125s]       |         [01;31m[K^~~~~~~~~~~~~~~[m[K
[2.125s]       |         [32m[Kobstacle_sub_[m[K
[5.455s] gmake[2]: *** [CMakeFiles/calibration_node.dir/build.make:76: CMakeFiles/calibration_node.dir/src/calibration_node.cpp.o] Error 1
[5.455s] gmake[1]: *** [CMakeFiles/Makefile2:417: CMakeFiles/calibration_node.dir/all] Error 2
[5.455s] gmake[1]: *** Waiting for unfinished jobs....
[9.625s] [ 95%] [32m[1mLinking CXX executable path_node[0m
[10.110s] [ 95%] Built target path_node
[10.111s] gmake: *** [Makefile:146: all] Error 2
[10.113s] Invoked command in '/home/gaga/sad_ws/build/sad_pkg' returned '2': CMAKE_PREFIX_PATH=/home/gaga/sad_ws/install/vision_msgs:/home/gaga/sad_ws/install/q_visualizer:/opt/ros/humble:/home/gaga/sad_ws/install/serial:/home/gaga/sad_ws/install:/home/gaga/sad_ws/install/sad_pkg:/home/gaga/sad_ws/install/harvest_master:/home/gaga/sad_ws/install/mani_urdf:/home/gaga/sad_ws/install/harvest_go:/home/gaga/ssibal_ws/install/robot_msgs:/home/gaga/robotprograming_ws/install/rp_pkg /usr/bin/cmake --build /home/gaga/sad_ws/build/sad_pkg -- -j20 -l20
