[35m[1mConsolidate compiler generated dependencies of target calibration_node[0m
[ 40%] Built target forward_node
[ 40%] Built target rrt_node
[ 40%] Built target map_node
[ 40%] Built target motor_node
[ 45%] Built target obstacle_node
[ 63%] Built target spline_node
[ 63%] Built target path_test_node
[ 72%] Built target real_inverse_node
[ 81%] Built target Inverse_node
[ 90%] Built target path_node
[ 95%] [32mBuilding CXX object CMakeFiles/calibration_node.dir/src/calibration_node.cpp.o[0m
[01m[K/home/gaga/sad_ws/src/sad_pkg/src/calibration_node.cpp:206:9:[m[K [01;31m[Kerror: [m[K‘[01m[Ktransformed_msg[m[K’ does not name a type
  206 |         [01;31m[Ktransformed_msg[m[K.header.stamp = this->get_clock()->now();
      |         [01;31m[K^~~~~~~~~~~~~~~[m[K
[01m[K/home/gaga/sad_ws/src/sad_pkg/src/calibration_node.cpp:207:9:[m[K [01;31m[Kerror: [m[K‘[01m[Ktransformed_msg[m[K’ does not name a type
  207 |         [01;31m[Ktransformed_msg[m[K.crop_ids = msg->crop_ids;
      |         [01;31m[K^~~~~~~~~~~~~~~[m[K
[01m[K/home/gaga/sad_ws/src/sad_pkg/src/calibration_node.cpp:208:9:[m[K [01;31m[Kerror: [m[K‘[01m[Ktransformed_msg[m[K’ does not name a type
  208 |         [01;31m[Ktransformed_msg[m[K.total_objects = 8;
      |         [01;31m[K^~~~~~~~~~~~~~~[m[K
[01m[K/home/gaga/sad_ws/src/sad_pkg/src/calibration_node.cpp:210:9:[m[K [01;31m[Kerror: [m[Kexpected unqualified-id before ‘[01m[Kfor[m[K’
  210 |         [01;31m[Kfor[m[K (size_t i = 0; i < 8; ++i) {
      |         [01;31m[K^~~[m[K
[01m[K/home/gaga/sad_ws/src/sad_pkg/src/calibration_node.cpp:210:28:[m[K [01;31m[Kerror: [m[K‘[01m[Ki[m[K’ does not name a type
  210 |         for (size_t i = 0; [01;31m[Ki[m[K < 8; ++i) {
      |                            [01;31m[K^[m[K
[01m[K/home/gaga/sad_ws/src/sad_pkg/src/calibration_node.cpp:210:35:[m[K [01;31m[Kerror: [m[Kexpected unqualified-id before ‘[01m[K++[m[K’ token
  210 |         for (size_t i = 0; i < 8; [01;31m[K++[m[Ki) {
      |                                   [01;31m[K^~[m[K
[01m[K/home/gaga/sad_ws/src/sad_pkg/src/calibration_node.cpp:228:9:[m[K [01;31m[Kerror: [m[K‘[01m[Kobstacle_pub_[m[K’ does not name a type
  228 |         [01;31m[Kobstacle_pub_[m[K->publish(transformed_msg);
      |         [01;31m[K^~~~~~~~~~~~~[m[K
In file included from [01m[K/opt/ros/humble/include/rclcpp/rclcpp/client.hpp:40[m[K,
                 from [01m[K/opt/ros/humble/include/rclcpp/rclcpp/callback_group.hpp:24[m[K,
                 from [01m[K/opt/ros/humble/include/rclcpp/rclcpp/any_executable.hpp:20[m[K,
                 from [01m[K/opt/ros/humble/include/rclcpp/rclcpp/memory_strategy.hpp:25[m[K,
                 from [01m[K/opt/ros/humble/include/rclcpp/rclcpp/memory_strategies.hpp:18[m[K,
                 from [01m[K/opt/ros/humble/include/rclcpp/rclcpp/executor_options.hpp:20[m[K,
                 from [01m[K/opt/ros/humble/include/rclcpp/rclcpp/executor.hpp:37[m[K,
                 from [01m[K/opt/ros/humble/include/rclcpp/rclcpp/executors/multi_threaded_executor.hpp:25[m[K,
                 from [01m[K/opt/ros/humble/include/rclcpp/rclcpp/executors.hpp:21[m[K,
                 from [01m[K/opt/ros/humble/include/rclcpp/rclcpp/rclcpp.hpp:155[m[K,
                 from [01m[K/home/gaga/sad_ws/src/sad_pkg/src/calibration_node.cpp:1[m[K:
[01m[K/home/gaga/sad_ws/src/sad_pkg/src/calibration_node.cpp:229:9:[m[K [01;31m[Kerror: [m[Kexpected unqualified-id before ‘[01m[Kdo[m[K’
  229 |         [01;31m[KRCLCPP_INFO[m[K(this->get_logger(), "✅ Published transformed obstacle positions.");
      |         [01;31m[K^~~~~~~~~~~[m[K
[01m[K/home/gaga/sad_ws/src/sad_pkg/src/calibration_node.cpp:229:9:[m[K [01;31m[Kerror: [m[Kexpected unqualified-id before ‘[01m[Kwhile[m[K’
  229 |         [01;31m[KRCLCPP_INFO[m[K(this->get_logger(), "✅ Published transformed obstacle positions.");
      |         [01;31m[K^~~~~~~~~~~[m[K
[01m[K/home/gaga/sad_ws/src/sad_pkg/src/calibration_node.cpp:230:9:[m[K [01;31m[Kerror: [m[K‘[01m[Kobstacle_count_[m[K’ does not name a type
  230 |         [01;31m[Kobstacle_count_[m[K++;
      |         [01;31m[K^~~~~~~~~~~~~~~[m[K
[01m[K/home/gaga/sad_ws/src/sad_pkg/src/calibration_node.cpp:[m[K In constructor ‘[01m[KRSNode::RSNode()[m[K’:
[01m[K/home/gaga/sad_ws/src/sad_pkg/src/calibration_node.cpp:47:16:[m[K [01;31m[Kerror: [m[Kclass ‘[01m[KRSNode[m[K’ does not have any field named ‘[01m[Kgoal_received_[m[K’
   47 |                [01;31m[Kgoal_received_[m[K(false), goal_processed_(false), initial_goal_sent_(false) {
      |                [01;31m[K^~~~~~~~~~~~~~[m[K
[01m[K/home/gaga/sad_ws/src/sad_pkg/src/calibration_node.cpp:47:39:[m[K [01;31m[Kerror: [m[Kclass ‘[01m[KRSNode[m[K’ does not have any field named ‘[01m[Kgoal_processed_[m[K’
   47 |                goal_received_(false), [01;31m[Kgoal_processed_[m[K(false), initial_goal_sent_(false) {
      |                                       [01;31m[K^~~~~~~~~~~~~~~[m[K
[01m[K/home/gaga/sad_ws/src/sad_pkg/src/calibration_node.cpp:47:63:[m[K [01;31m[Kerror: [m[Kclass ‘[01m[KRSNode[m[K’ does not have any field named ‘[01m[Kinitial_goal_sent_[m[K’
   47 |                goal_received_(false), goal_processed_(false), [01;31m[Kinitial_goal_sent_[m[K(false) {
      |                                                               [01;31m[K^~~~~~~~~~~~~~~~~~[m[K
[01m[K/home/gaga/sad_ws/src/sad_pkg/src/calibration_node.cpp:48:9:[m[K [01;31m[Kerror: [m[K‘[01m[Kjoint_sub_[m[K’ was not declared in this scope
   48 |         [01;31m[Kjoint_sub_[m[K = this->create_subscription<sensor_msgs::msg::JointState>(
      |         [01;31m[K^~~~~~~~~~[m[K
[01m[K/home/gaga/sad_ws/src/sad_pkg/src/calibration_node.cpp:53:9:[m[K [01;31m[Kerror: [m[K‘[01m[Kgoal_sub_[m[K’ was not declared in this scope
   53 |         [01;31m[Kgoal_sub_[m[K = this->create_subscription<std_msgs::msg::Float64MultiArray>(
      |         [01;31m[K^~~~~~~~~[m[K
[01m[K/home/gaga/sad_ws/src/sad_pkg/src/calibration_node.cpp:58:9:[m[K [01;31m[Kerror: [m[K‘[01m[Kgoal_pub_[m[K’ was not declared in this scope
   58 |         [01;31m[Kgoal_pub_[m[K = this->create_publisher<std_msgs::msg::Float64MultiArray>("/transformed_goal", 10);
      |         [01;31m[K^~~~~~~~~[m[K
[01m[K/home/gaga/sad_ws/src/sad_pkg/src/calibration_node.cpp:62:9:[m[K [01;31m[Kerror: [m[K‘[01m[Kobstacle_sub_[m[K’ was not declared in this scope
   62 |         [01;31m[Kobstacle_sub_[m[K = this->create_subscription<vision_msgs::msg::HarvestOrdering>(
      |         [01;31m[K^~~~~~~~~~~~~[m[K
[01m[K/home/gaga/sad_ws/src/sad_pkg/src/calibration_node.cpp:68:9:[m[K [01;31m[Kerror: [m[K‘[01m[Kobstacle_pub_[m[K’ was not declared in this scope
   68 |         [01;31m[Kobstacle_pub_[m[K = this->create_publisher<vision_msgs::msg::HarvestOrdering>(
      |         [01;31m[K^~~~~~~~~~~~~[m[K
[01m[K/home/gaga/sad_ws/src/sad_pkg/src/calibration_node.cpp:[m[K In member function ‘[01m[Kvoid RSNode::jointCallback(sensor_msgs::msg::JointState_<std::allocator<void> >::SharedPtr)[m[K’:
[01m[K/home/gaga/sad_ws/src/sad_pkg/src/calibration_node.cpp:75:14:[m[K [01;31m[Kerror: [m[K‘[01m[Kgoal_received_[m[K’ was not declared in this scope
   75 |         if (![01;31m[Kgoal_received_[m[K || goal_processed_ || goal_count_ <= 1) return;
      |              [01;31m[K^~~~~~~~~~~~~~[m[K
[01m[K/home/gaga/sad_ws/src/sad_pkg/src/calibration_node.cpp:75:32:[m[K [01;31m[Kerror: [m[K‘[01m[Kgoal_processed_[m[K’ was not declared in this scope
   75 |         if (!goal_received_ || [01;31m[Kgoal_processed_[m[K || goal_count_ <= 1) return;
      |                                [01;31m[K^~~~~~~~~~~~~~~[m[K
[01m[K/home/gaga/sad_ws/src/sad_pkg/src/calibration_node.cpp:75:51:[m[K [01;31m[Kerror: [m[K‘[01m[Kgoal_count_[m[K’ was not declared in this scope
   75 |         if (!goal_received_ || goal_processed_ || [01;31m[Kgoal_count_[m[K <= 1) return;
      |                                                   [01;31m[K^~~~~~~~~~~[m[K
[01m[K/home/gaga/sad_ws/src/sad_pkg/src/calibration_node.cpp:93:9:[m[K [01;31m[Kerror: [m[K‘[01m[KT_60_[m[K’ was not declared in this scope
   93 |         [01;31m[KT_60_[m[K = T_06.inverse();
      |         [01;31m[K^~~~~[m[K
[01m[K/home/gaga/sad_ws/src/sad_pkg/src/calibration_node.cpp:96:26:[m[K [01;31m[Kerror: [m[K‘[01m[Kgoal_position_[m[K’ was not declared in this scope
   96 |         goal_in_world << [01;31m[Kgoal_position_[m[K(0), goal_position_(1), goal_position_(2), 1.0;
      |                          [01;31m[K^~~~~~~~~~~~~~[m[K
[01m[K/home/gaga/sad_ws/src/sad_pkg/src/calibration_node.cpp:104:9:[m[K [01;31m[Kerror: [m[K‘[01m[Kgoal_pub_[m[K’ was not declared in this scope
  104 |         [01;31m[Kgoal_pub_[m[K->publish(transformed_msg);
      |         [01;31m[K^~~~~~~~~[m[K
[01m[K/home/gaga/sad_ws/src/sad_pkg/src/calibration_node.cpp:106:9:[m[K [01;31m[Kerror: [m[K‘[01m[Kgoal_processed_[m[K’ was not declared in this scope
  106 |         [01;31m[Kgoal_processed_[m[K = true;
      |         [01;31m[K^~~~~~~~~~~~~~~[m[K
In file included from [01m[K/opt/ros/humble/include/rclcpp/rclcpp/logging.hpp:24[m[K,
                 from [01m[K/opt/ros/humble/include/rclcpp/rclcpp/client.hpp:40[m[K,
                 from [01m[K/opt/ros/humble/include/rclcpp/rclcpp/callback_group.hpp:24[m[K,
                 from [01m[K/opt/ros/humble/include/rclcpp/rclcpp/any_executable.hpp:20[m[K,
                 from [01m[K/opt/ros/humble/include/rclcpp/rclcpp/memory_strategy.hpp:25[m[K,
                 from [01m[K/opt/ros/humble/include/rclcpp/rclcpp/memory_strategies.hpp:18[m[K,
                 from [01m[K/opt/ros/humble/include/rclcpp/rclcpp/executor_options.hpp:20[m[K,
                 from [01m[K/opt/ros/humble/include/rclcpp/rclcpp/executor.hpp:37[m[K,
                 from [01m[K/opt/ros/humble/include/rclcpp/rclcpp/executors/multi_threaded_executor.hpp:25[m[K,
                 from [01m[K/opt/ros/humble/include/rclcpp/rclcpp/executors.hpp:21[m[K,
                 from [01m[K/opt/ros/humble/include/rclcpp/rclcpp/rclcpp.hpp:155[m[K,
                 from [01m[K/home/gaga/sad_ws/src/sad_pkg/src/calibration_node.cpp:1[m[K:
[01m[K/home/gaga/sad_ws/src/sad_pkg/src/calibration_node.cpp:109:21:[m[K [01;31m[Kerror: [m[K‘[01m[Kgoal_count_[m[K’ was not declared in this scope
  109 |                     [01;31m[Kgoal_count_[m[K, goal_in_base(0), goal_in_base(1), goal_in_base(2));
      |                     [01;31m[K^~~~~~~~~~~[m[K
[01m[K/home/gaga/sad_ws/src/sad_pkg/src/calibration_node.cpp:[m[K In member function ‘[01m[Kvoid RSNode::goalCallback(std_msgs::msg::Float64MultiArray_<std::allocator<void> >::SharedPtr)[m[K’:
[01m[K/home/gaga/sad_ws/src/sad_pkg/src/calibration_node.cpp:115:13:[m[K [01;31m[Kerror: [m[K‘[01m[Kgoal_position_[m[K’ was not declared in this scope
  115 |             [01;31m[Kgoal_position_[m[K << msg->data[0], msg->data[1], msg->data[2];
      |             [01;31m[K^~~~~~~~~~~~~~[m[K
[01m[K/home/gaga/sad_ws/src/sad_pkg/src/calibration_node.cpp:116:13:[m[K [01;31m[Kerror: [m[K‘[01m[Kgoal_received_[m[K’ was not declared in this scope
  116 |             [01;31m[Kgoal_received_[m[K = true;
      |             [01;31m[K^~~~~~~~~~~~~~[m[K
[01m[K/home/gaga/sad_ws/src/sad_pkg/src/calibration_node.cpp:117:13:[m[K [01;31m[Kerror: [m[K‘[01m[Kgoal_processed_[m[K’ was not declared in this scope
  117 |             [01;31m[Kgoal_processed_[m[K = false;  // 매 goal마다 처리 가능하게
      |             [01;31m[K^~~~~~~~~~~~~~~[m[K
[01m[K/home/gaga/sad_ws/src/sad_pkg/src/calibration_node.cpp:119:13:[m[K [01;31m[Kerror: [m[K‘[01m[Kgoal_count_[m[K’ was not declared in this scope
  119 |             [01;31m[Kgoal_count_[m[K++;
      |             [01;31m[K^~~~~~~~~~~[m[K
[01m[K/home/gaga/sad_ws/src/sad_pkg/src/calibration_node.cpp:124:92:[m[K [01;31m[Kerror: [m[Kno match for ‘[01m[Koperator=[m[K’ (operand types are ‘[01m[Kstd_msgs::msg::Float64MultiArray_<std::allocator<void> >::_data_type[m[K’ {aka ‘[01m[Kstd::vector<double, std::allocator<double> >[m[K’} and ‘[01m[K<brace-enclosed initializer list>[m[K’)
  124 |                 initial_msg.data = {goal_position_(0), goal_position_(1), goal_position_(2)[01;31m[K}[m[K;
      |                                                                                            [01;31m[K^[m[K
In file included from [01m[K/usr/include/c++/11/vector:72[m[K,
                 from [01m[K/usr/include/c++/11/functional:62[m[K,
                 from [01m[K/usr/include/c++/11/pstl/glue_algorithm_defs.h:13[m[K,
                 from [01m[K/usr/include/c++/11/algorithm:74[m[K,
                 from [01m[K/opt/ros/humble/include/rclcpp/rclcpp/executor.hpp:18[m[K,
                 from [01m[K/opt/ros/humble/include/rclcpp/rclcpp/executors/multi_threaded_executor.hpp:25[m[K,
                 from [01m[K/opt/ros/humble/include/rclcpp/rclcpp/executors.hpp:21[m[K,
                 from [01m[K/opt/ros/humble/include/rclcpp/rclcpp/rclcpp.hpp:155[m[K,
                 from [01m[K/home/gaga/sad_ws/src/sad_pkg/src/calibration_node.cpp:1[m[K:
[01m[K/usr/include/c++/11/bits/vector.tcc:198:5:[m[K [01;36m[Knote: [m[Kcandidate: ‘[01m[Kstd::vector<_Tp, _Alloc>& std::vector<_Tp, _Alloc>::operator=(const std::vector<_Tp, _Alloc>&) [with _Tp = double; _Alloc = std::allocator<double>][m[K’
  198 |     [01;36m[Kvector<_Tp, _Alloc>[m[K::
      |     [01;36m[K^~~~~~~~~~~~~~~~~~~[m[K
[01m[K/usr/include/c++/11/bits/vector.tcc:199:42:[m[K [01;36m[Knote: [m[K  no known conversion for argument 1 from ‘[01m[K<brace-enclosed initializer list>[m[K’ to ‘[01m[Kconst std::vector<double, std::allocator<double> >&[m[K’
  199 |     operator=([01;36m[Kconst vector<_Tp, _Alloc>& __x[m[K)
      |               [01;36m[K~~~~~~~~~~~~~~~~~~~~~~~~~~~^~~[m[K
In file included from [01m[K/usr/include/c++/11/vector:67[m[K,
                 from [01m[K/usr/include/c++/11/functional:62[m[K,
                 from [01m[K/usr/include/c++/11/pstl/glue_algorithm_defs.h:13[m[K,
                 from [01m[K/usr/include/c++/11/algorithm:74[m[K,
                 from [01m[K/opt/ros/humble/include/rclcpp/rclcpp/executor.hpp:18[m[K,
                 from [01m[K/opt/ros/humble/include/rclcpp/rclcpp/executors/multi_threaded_executor.hpp:25[m[K,
                 from [01m[K/opt/ros/humble/include/rclcpp/rclcpp/executors.hpp:21[m[K,
                 from [01m[K/opt/ros/humble/include/rclcpp/rclcpp/rclcpp.hpp:155[m[K,
                 from [01m[K/home/gaga/sad_ws/src/sad_pkg/src/calibration_node.cpp:1[m[K:
[01m[K/usr/include/c++/11/bits/stl_vector.h:709:7:[m[K [01;36m[Knote: [m[Kcandidate: ‘[01m[Kstd::vector<_Tp, _Alloc>& std::vector<_Tp, _Alloc>::operator=(std::vector<_Tp, _Alloc>&&) [with _Tp = double; _Alloc = std::allocator<double>][m[K’
  709 |       [01;36m[Koperator[m[K=(vector&& __x) noexcept(_Alloc_traits::_S_nothrow_move())
      |       [01;36m[K^~~~~~~~[m[K
[01m[K/usr/include/c++/11/bits/stl_vector.h:709:26:[m[K [01;36m[Knote: [m[K  no known conversion for argument 1 from ‘[01m[K<brace-enclosed initializer list>[m[K’ to ‘[01m[Kstd::vector<double, std::allocator<double> >&&[m[K’
  709 |       operator=([01;36m[Kvector&& __x[m[K) noexcept(_Alloc_traits::_S_nothrow_move())
      |                 [01;36m[K~~~~~~~~~^~~[m[K
[01m[K/usr/include/c++/11/bits/stl_vector.h:730:7:[m[K [01;36m[Knote: [m[Kcandidate: ‘[01m[Kstd::vector<_Tp, _Alloc>& std::vector<_Tp, _Alloc>::operator=(std::initializer_list<_Tp>) [with _Tp = double; _Alloc = std::allocator<double>][m[K’
  730 |       [01;36m[Koperator[m[K=(initializer_list<value_type> __l)
      |       [01;36m[K^~~~~~~~[m[K
[01m[K/usr/include/c++/11/bits/stl_vector.h:730:46:[m[K [01;36m[Knote: [m[K  no known conversion for argument 1 from ‘[01m[K<brace-enclosed initializer list>[m[K’ to ‘[01m[Kstd::initializer_list<double>[m[K’
  730 |       operator=([01;36m[Kinitializer_list<value_type> __l[m[K)
      |                 [01;36m[K~~~~~~~~~~~~~~~~~~~~~~~~~~~~~^~~[m[K
[01m[K/home/gaga/sad_ws/src/sad_pkg/src/calibration_node.cpp:125:17:[m[K [01;31m[Kerror: [m[K‘[01m[Kgoal_pub_[m[K’ was not declared in this scope
  125 |                 [01;31m[Kgoal_pub_[m[K->publish(initial_msg);
      |                 [01;31m[K^~~~~~~~~[m[K
[01m[K/home/gaga/sad_ws/src/sad_pkg/src/calibration_node.cpp:126:17:[m[K [01;31m[Kerror: [m[K‘[01m[Kinitial_goal_sent_[m[K’ was not declared in this scope
  126 |                 [01;31m[Kinitial_goal_sent_[m[K = true;
      |                 [01;31m[K^~~~~~~~~~~~~~~~~~[m[K
In file included from [01m[K/opt/ros/humble/include/rclcpp/rclcpp/logging.hpp:24[m[K,
                 from [01m[K/opt/ros/humble/include/rclcpp/rclcpp/client.hpp:40[m[K,
                 from [01m[K/opt/ros/humble/include/rclcpp/rclcpp/callback_group.hpp:24[m[K,
                 from [01m[K/opt/ros/humble/include/rclcpp/rclcpp/any_executable.hpp:20[m[K,
                 from [01m[K/opt/ros/humble/include/rclcpp/rclcpp/memory_strategy.hpp:25[m[K,
                 from [01m[K/opt/ros/humble/include/rclcpp/rclcpp/memory_strategies.hpp:18[m[K,
                 from [01m[K/opt/ros/humble/include/rclcpp/rclcpp/executor_options.hpp:20[m[K,
                 from [01m[K/opt/ros/humble/include/rclcpp/rclcpp/executor.hpp:37[m[K,
                 from [01m[K/opt/ros/humble/include/rclcpp/rclcpp/executors/multi_threaded_executor.hpp:25[m[K,
                 from [01m[K/opt/ros/humble/include/rclcpp/rclcpp/executors.hpp:21[m[K,
                 from [01m[K/opt/ros/humble/include/rclcpp/rclcpp/rclcpp.hpp:155[m[K,
                 from [01m[K/home/gaga/sad_ws/src/sad_pkg/src/calibration_node.cpp:1[m[K:
[01m[K/home/gaga/sad_ws/src/sad_pkg/src/calibration_node.cpp:[m[K In member function ‘[01m[Kvoid RSNode::obstacleCallback(vision_msgs::msg::HarvestOrdering_<std::allocator<void> >::SharedPtr)[m[K’:
[01m[K/home/gaga/sad_ws/src/sad_pkg/src/calibration_node.cpp:143:21:[m[K [01;31m[Kerror: [m[K‘[01m[Kgoal_count_[m[K’ was not declared in this scope
  143 |                     [01;31m[Kgoal_count_[m[K, obstacle_count_, goal_processed_ ? "true" : "false");
      |                     [01;31m[K^~~~~~~~~~~[m[K
[01m[K/home/gaga/sad_ws/src/sad_pkg/src/calibration_node.cpp:143:34:[m[K [01;31m[Kerror: [m[K‘[01m[Kobstacle_count_[m[K’ was not declared in this scope
  143 |                     goal_count_, [01;31m[Kobstacle_count_[m[K, goal_processed_ ? "true" : "false");
      |                                  [01;31m[K^~~~~~~~~~~~~~~[m[K
[01m[K/home/gaga/sad_ws/src/sad_pkg/src/calibration_node.cpp:143:51:[m[K [01;31m[Kerror: [m[K‘[01m[Kgoal_processed_[m[K’ was not declared in this scope
  143 |                     goal_count_, obstacle_count_, [01;31m[Kgoal_processed_[m[K ? "true" : "false");
      |                                                   [01;31m[K^~~~~~~~~~~~~~~[m[K
[01m[K/home/gaga/sad_ws/src/sad_pkg/src/calibration_node.cpp:159:13:[m[K [01;31m[Kerror: [m[K‘[01m[Kgoal_count_[m[K’ was not declared in this scope
  159 |         if ([01;31m[Kgoal_count_[m[K <= 1 || obstacle_count_ == 0) {
      |             [01;31m[K^~~~~~~~~~~[m[K
[01m[K/home/gaga/sad_ws/src/sad_pkg/src/calibration_node.cpp:159:33:[m[K [01;31m[Kerror: [m[K‘[01m[Kobstacle_count_[m[K’ was not declared in this scope
  159 |         if (goal_count_ <= 1 || [01;31m[Kobstacle_count_[m[K == 0) {
      |                                 [01;31m[K^~~~~~~~~~~~~~~[m[K
[01m[K/home/gaga/sad_ws/src/sad_pkg/src/calibration_node.cpp:160:13:[m[K [01;31m[Kerror: [m[K‘[01m[Kobstacle_pub_[m[K’ was not declared in this scope
  160 |             [01;31m[Kobstacle_pub_[m[K->publish(*msg);
      |             [01;31m[K^~~~~~~~~~~~~[m[K
[01m[K/home/gaga/sad_ws/src/sad_pkg/src/calibration_node.cpp:167:14:[m[K [01;31m[Kerror: [m[K‘[01m[Kgoal_processed_[m[K’ was not declared in this scope
  167 |         if (![01;31m[Kgoal_processed_[m[K) {
      |              [01;31m[K^~~~~~~~~~~~~~~[m[K
[01m[K/home/gaga/sad_ws/src/sad_pkg/src/calibration_node.cpp:183:33:[m[K [01;31m[Kerror: [m[K‘[01m[KT_60_[m[K’ was not declared in this scope
  183 |             Vector4d obs_base = [01;31m[KT_60_[m[K * obs_world;
      |                                 [01;31m[K^~~~~[m[K
[01m[K/home/gaga/sad_ws/src/sad_pkg/src/calibration_node.cpp:198:9:[m[K [01;31m[Kerror: [m[K‘[01m[Kobstacle_pub_[m[K’ was not declared in this scope
  198 |         [01;31m[Kobstacle_pub_[m[K->publish(transformed_msg);
      |         [01;31m[K^~~~~~~~~~~~~[m[K
[01m[K/home/gaga/sad_ws/src/sad_pkg/src/calibration_node.cpp:200:9:[m[K [01;31m[Kerror: [m[K‘[01m[Kobstacle_count_[m[K’ was not declared in this scope
  200 |         [01;31m[Kobstacle_count_[m[K++;
      |         [01;31m[K^~~~~~~~~~~~~~~[m[K
[01m[K/home/gaga/sad_ws/src/sad_pkg/src/calibration_node.cpp:[m[K At global scope:
[01m[K/home/gaga/sad_ws/src/sad_pkg/src/calibration_node.cpp:239:5:[m[K [01;31m[Kerror: [m[Kspecializing member ‘[01m[Krclcpp::Subscription<sensor_msgs::msg::JointState_<std::allocator<void> >, std::allocator<void>, sensor_msgs::msg::JointState_<std::allocator<void> >, sensor_msgs::msg::JointState_<std::allocator<void> >, rclcpp::message_memory_strategy::MessageMemoryStrategy<sensor_msgs::msg::JointState_<std::allocator<void> >, std::allocator<void> > >::SharedPtr[m[K’ requires ‘[01m[Ktemplate<>[m[K’ syntax
  239 |     [01;31m[Krclcpp[m[K::Subscription<sensor_msgs::msg::JointState>::SharedPtr joint_sub_;
      |     [01;31m[K^~~~~~[m[K
[01m[K/home/gaga/sad_ws/src/sad_pkg/src/calibration_node.cpp:255:1:[m[K [01;31m[Kerror: [m[Kexpected declaration before ‘[01m[K}[m[K’ token
  255 | [01;31m[K}[m[K;
      | [01;31m[K^[m[K
gmake[2]: *** [CMakeFiles/calibration_node.dir/build.make:76: CMakeFiles/calibration_node.dir/src/calibration_node.cpp.o] Error 1
gmake[1]: *** [CMakeFiles/Makefile2:417: CMakeFiles/calibration_node.dir/all] Error 2
gmake: *** [Makefile:146: all] Error 2
