[0.021s] Invoking command in '/home/gaga/sad_ws/build/sad_pkg': CMAKE_PREFIX_PATH=/home/gaga/sad_ws/install/vision_msgs:/home/gaga/sad_ws/install/q_visualizer:/opt/ros/humble:/home/gaga/sad_ws/install/serial:/home/gaga/sad_ws/install:/home/gaga/sad_ws/install/sad_pkg:/home/gaga/sad_ws/install/harvest_master:/home/gaga/sad_ws/install/mani_urdf:/home/gaga/sad_ws/install/harvest_go:/home/gaga/ssibal_ws/install/robot_msgs:/home/gaga/robotprograming_ws/install/rp_pkg /usr/bin/cmake --build /home/gaga/sad_ws/build/sad_pkg -- -j20 -l20
[0.072s] [35m[1mConsolidate compiler generated dependencies of target calibration_node[0m
[0.085s] [ 40%] Built target forward_node
[0.085s] [ 40%] Built target rrt_node
[0.085s] [ 40%] Built target map_node
[0.085s] [ 40%] Built target motor_node
[0.085s] [ 45%] Built target obstacle_node
[0.088s] [ 63%] Built target spline_node
[0.088s] [ 63%] Built target path_test_node
[0.088s] [ 72%] Built target real_inverse_node
[0.089s] [ 81%] Built target Inverse_node
[0.094s] [ 90%] Built target path_node
[0.095s] [ 95%] [32mBuilding CXX object CMakeFiles/calibration_node.dir/src/calibration_node.cpp.o[0m
[2.202s] [01m[K/home/gaga/sad_ws/src/sad_pkg/src/calibration_node.cpp:206:9:[m[K [01;31m[Kerror: [m[K‘[01m[Ktransformed_msg[m[K’ does not name a type
[2.202s]   206 |         [01;31m[Ktransformed_msg[m[K.header.stamp = this->get_clock()->now();
[2.202s]       |         [01;31m[K^~~~~~~~~~~~~~~[m[K
[2.204s] [01m[K/home/gaga/sad_ws/src/sad_pkg/src/calibration_node.cpp:207:9:[m[K [01;31m[Kerror: [m[K‘[01m[Ktransformed_msg[m[K’ does not name a type
[2.204s]   207 |         [01;31m[Ktransformed_msg[m[K.crop_ids = msg->crop_ids;
[2.204s]       |         [01;31m[K^~~~~~~~~~~~~~~[m[K
[2.206s] [01m[K/home/gaga/sad_ws/src/sad_pkg/src/calibration_node.cpp:208:9:[m[K [01;31m[Kerror: [m[K‘[01m[Ktransformed_msg[m[K’ does not name a type
[2.206s]   208 |         [01;31m[Ktransformed_msg[m[K.total_objects = 8;
[2.206s]       |         [01;31m[K^~~~~~~~~~~~~~~[m[K
[2.206s] [01m[K/home/gaga/sad_ws/src/sad_pkg/src/calibration_node.cpp:210:9:[m[K [01;31m[Kerror: [m[Kexpected unqualified-id before ‘[01m[Kfor[m[K’
[2.206s]   210 |         [01;31m[Kfor[m[K (size_t i = 0; i < 8; ++i) {
[2.206s]       |         [01;31m[K^~~[m[K
[2.207s] [01m[K/home/gaga/sad_ws/src/sad_pkg/src/calibration_node.cpp:210:28:[m[K [01;31m[Kerror: [m[K‘[01m[Ki[m[K’ does not name a type
[2.207s]   210 |         for (size_t i = 0; [01;31m[Ki[m[K < 8; ++i) {
[2.207s]       |                            [01;31m[K^[m[K
[2.207s] [01m[K/home/gaga/sad_ws/src/sad_pkg/src/calibration_node.cpp:210:35:[m[K [01;31m[Kerror: [m[Kexpected unqualified-id before ‘[01m[K++[m[K’ token
[2.207s]   210 |         for (size_t i = 0; i < 8; [01;31m[K++[m[Ki) {
[2.207s]       |                                   [01;31m[K^~[m[K
[2.209s] [01m[K/home/gaga/sad_ws/src/sad_pkg/src/calibration_node.cpp:228:9:[m[K [01;31m[Kerror: [m[K‘[01m[Kobstacle_pub_[m[K’ does not name a type
[2.209s]   228 |         [01;31m[Kobstacle_pub_[m[K->publish(transformed_msg);
[2.209s]       |         [01;31m[K^~~~~~~~~~~~~[m[K
[2.209s] In file included from [01m[K/opt/ros/humble/include/rclcpp/rclcpp/client.hpp:40[m[K,
[2.209s]                  from [01m[K/opt/ros/humble/include/rclcpp/rclcpp/callback_group.hpp:24[m[K,
[2.209s]                  from [01m[K/opt/ros/humble/include/rclcpp/rclcpp/any_executable.hpp:20[m[K,
[2.209s]                  from [01m[K/opt/ros/humble/include/rclcpp/rclcpp/memory_strategy.hpp:25[m[K,
[2.209s]                  from [01m[K/opt/ros/humble/include/rclcpp/rclcpp/memory_strategies.hpp:18[m[K,
[2.209s]                  from [01m[K/opt/ros/humble/include/rclcpp/rclcpp/executor_options.hpp:20[m[K,
[2.210s]                  from [01m[K/opt/ros/humble/include/rclcpp/rclcpp/executor.hpp:37[m[K,
[2.210s]                  from [01m[K/opt/ros/humble/include/rclcpp/rclcpp/executors/multi_threaded_executor.hpp:25[m[K,
[2.210s]                  from [01m[K/opt/ros/humble/include/rclcpp/rclcpp/executors.hpp:21[m[K,
[2.210s]                  from [01m[K/opt/ros/humble/include/rclcpp/rclcpp/rclcpp.hpp:155[m[K,
[2.210s]                  from [01m[K/home/gaga/sad_ws/src/sad_pkg/src/calibration_node.cpp:1[m[K:
[2.210s] [01m[K/home/gaga/sad_ws/src/sad_pkg/src/calibration_node.cpp:229:9:[m[K [01;31m[Kerror: [m[Kexpected unqualified-id before ‘[01m[Kdo[m[K’
[2.210s]   229 |         [01;31m[KRCLCPP_INFO[m[K(this->get_logger(), "✅ Published transformed obstacle positions.");
[2.210s]       |         [01;31m[K^~~~~~~~~~~[m[K
[2.210s] [01m[K/home/gaga/sad_ws/src/sad_pkg/src/calibration_node.cpp:229:9:[m[K [01;31m[Kerror: [m[Kexpected unqualified-id before ‘[01m[Kwhile[m[K’
[2.210s]   229 |         [01;31m[KRCLCPP_INFO[m[K(this->get_logger(), "✅ Published transformed obstacle positions.");
[2.210s]       |         [01;31m[K^~~~~~~~~~~[m[K
[2.211s] [01m[K/home/gaga/sad_ws/src/sad_pkg/src/calibration_node.cpp:230:9:[m[K [01;31m[Kerror: [m[K‘[01m[Kobstacle_count_[m[K’ does not name a type
[2.211s]   230 |         [01;31m[Kobstacle_count_[m[K++;
[2.211s]       |         [01;31m[K^~~~~~~~~~~~~~~[m[K
[2.211s] [01m[K/home/gaga/sad_ws/src/sad_pkg/src/calibration_node.cpp:[m[K In constructor ‘[01m[KRSNode::RSNode()[m[K’:
[2.211s] [01m[K/home/gaga/sad_ws/src/sad_pkg/src/calibration_node.cpp:47:16:[m[K [01;31m[Kerror: [m[Kclass ‘[01m[KRSNode[m[K’ does not have any field named ‘[01m[Kgoal_received_[m[K’
[2.211s]    47 |                [01;31m[Kgoal_received_[m[K(false), goal_processed_(false), initial_goal_sent_(false) {
[2.212s]       |                [01;31m[K^~~~~~~~~~~~~~[m[K
[2.212s] [01m[K/home/gaga/sad_ws/src/sad_pkg/src/calibration_node.cpp:47:39:[m[K [01;31m[Kerror: [m[Kclass ‘[01m[KRSNode[m[K’ does not have any field named ‘[01m[Kgoal_processed_[m[K’
[2.212s]    47 |                goal_received_(false), [01;31m[Kgoal_processed_[m[K(false), initial_goal_sent_(false) {
[2.212s]       |                                       [01;31m[K^~~~~~~~~~~~~~~[m[K
[2.212s] [01m[K/home/gaga/sad_ws/src/sad_pkg/src/calibration_node.cpp:47:63:[m[K [01;31m[Kerror: [m[Kclass ‘[01m[KRSNode[m[K’ does not have any field named ‘[01m[Kinitial_goal_sent_[m[K’
[2.212s]    47 |                goal_received_(false), goal_processed_(false), [01;31m[Kinitial_goal_sent_[m[K(false) {
[2.212s]       |                                                               [01;31m[K^~~~~~~~~~~~~~~~~~[m[K
[2.218s] [01m[K/home/gaga/sad_ws/src/sad_pkg/src/calibration_node.cpp:48:9:[m[K [01;31m[Kerror: [m[K‘[01m[Kjoint_sub_[m[K’ was not declared in this scope
[2.218s]    48 |         [01;31m[Kjoint_sub_[m[K = this->create_subscription<sensor_msgs::msg::JointState>(
[2.218s]       |         [01;31m[K^~~~~~~~~~[m[K
[2.261s] [01m[K/home/gaga/sad_ws/src/sad_pkg/src/calibration_node.cpp:53:9:[m[K [01;31m[Kerror: [m[K‘[01m[Kgoal_sub_[m[K’ was not declared in this scope
[2.261s]    53 |         [01;31m[Kgoal_sub_[m[K = this->create_subscription<std_msgs::msg::Float64MultiArray>(
[2.261s]       |         [01;31m[K^~~~~~~~~[m[K
[2.293s] [01m[K/home/gaga/sad_ws/src/sad_pkg/src/calibration_node.cpp:58:9:[m[K [01;31m[Kerror: [m[K‘[01m[Kgoal_pub_[m[K’ was not declared in this scope
[2.293s]    58 |         [01;31m[Kgoal_pub_[m[K = this->create_publisher<std_msgs::msg::Float64MultiArray>("/transformed_goal", 10);
[2.293s]       |         [01;31m[K^~~~~~~~~[m[K
[2.301s] [01m[K/home/gaga/sad_ws/src/sad_pkg/src/calibration_node.cpp:62:9:[m[K [01;31m[Kerror: [m[K‘[01m[Kobstacle_sub_[m[K’ was not declared in this scope
[2.301s]    62 |         [01;31m[Kobstacle_sub_[m[K = this->create_subscription<vision_msgs::msg::HarvestOrdering>(
[2.301s]       |         [01;31m[K^~~~~~~~~~~~~[m[K
[2.336s] [01m[K/home/gaga/sad_ws/src/sad_pkg/src/calibration_node.cpp:68:9:[m[K [01;31m[Kerror: [m[K‘[01m[Kobstacle_pub_[m[K’ was not declared in this scope
[2.336s]    68 |         [01;31m[Kobstacle_pub_[m[K = this->create_publisher<vision_msgs::msg::HarvestOrdering>(
[2.336s]       |         [01;31m[K^~~~~~~~~~~~~[m[K
[2.346s] [01m[K/home/gaga/sad_ws/src/sad_pkg/src/calibration_node.cpp:[m[K In member function ‘[01m[Kvoid RSNode::jointCallback(sensor_msgs::msg::JointState_<std::allocator<void> >::SharedPtr)[m[K’:
[2.346s] [01m[K/home/gaga/sad_ws/src/sad_pkg/src/calibration_node.cpp:75:14:[m[K [01;31m[Kerror: [m[K‘[01m[Kgoal_received_[m[K’ was not declared in this scope
[2.346s]    75 |         if (![01;31m[Kgoal_received_[m[K || goal_processed_ || goal_count_ <= 1) return;
[2.346s]       |              [01;31m[K^~~~~~~~~~~~~~[m[K
[2.353s] [01m[K/home/gaga/sad_ws/src/sad_pkg/src/calibration_node.cpp:75:32:[m[K [01;31m[Kerror: [m[K‘[01m[Kgoal_processed_[m[K’ was not declared in this scope
[2.353s]    75 |         if (!goal_received_ || [01;31m[Kgoal_processed_[m[K || goal_count_ <= 1) return;
[2.353s]       |                                [01;31m[K^~~~~~~~~~~~~~~[m[K
[2.359s] [01m[K/home/gaga/sad_ws/src/sad_pkg/src/calibration_node.cpp:75:51:[m[K [01;31m[Kerror: [m[K‘[01m[Kgoal_count_[m[K’ was not declared in this scope
[2.359s]    75 |         if (!goal_received_ || goal_processed_ || [01;31m[Kgoal_count_[m[K <= 1) return;
[2.359s]       |                                                   [01;31m[K^~~~~~~~~~~[m[K
[2.363s] [01m[K/home/gaga/sad_ws/src/sad_pkg/src/calibration_node.cpp:93:9:[m[K [01;31m[Kerror: [m[K‘[01m[KT_60_[m[K’ was not declared in this scope
[2.364s]    93 |         [01;31m[KT_60_[m[K = T_06.inverse();
[2.364s]       |         [01;31m[K^~~~~[m[K
[2.377s] [01m[K/home/gaga/sad_ws/src/sad_pkg/src/calibration_node.cpp:96:26:[m[K [01;31m[Kerror: [m[K‘[01m[Kgoal_position_[m[K’ was not declared in this scope
[2.377s]    96 |         goal_in_world << [01;31m[Kgoal_position_[m[K(0), goal_position_(1), goal_position_(2), 1.0;
[2.377s]       |                          [01;31m[K^~~~~~~~~~~~~~[m[K
[2.384s] [01m[K/home/gaga/sad_ws/src/sad_pkg/src/calibration_node.cpp:104:9:[m[K [01;31m[Kerror: [m[K‘[01m[Kgoal_pub_[m[K’ was not declared in this scope
[2.384s]   104 |         [01;31m[Kgoal_pub_[m[K->publish(transformed_msg);
[2.384s]       |         [01;31m[K^~~~~~~~~[m[K
[2.391s] [01m[K/home/gaga/sad_ws/src/sad_pkg/src/calibration_node.cpp:106:9:[m[K [01;31m[Kerror: [m[K‘[01m[Kgoal_processed_[m[K’ was not declared in this scope
[2.391s]   106 |         [01;31m[Kgoal_processed_[m[K = true;
[2.391s]       |         [01;31m[K^~~~~~~~~~~~~~~[m[K
[2.397s] In file included from [01m[K/opt/ros/humble/include/rclcpp/rclcpp/logging.hpp:24[m[K,
[2.397s]                  from [01m[K/opt/ros/humble/include/rclcpp/rclcpp/client.hpp:40[m[K,
[2.397s]                  from [01m[K/opt/ros/humble/include/rclcpp/rclcpp/callback_group.hpp:24[m[K,
[2.397s]                  from [01m[K/opt/ros/humble/include/rclcpp/rclcpp/any_executable.hpp:20[m[K,
[2.397s]                  from [01m[K/opt/ros/humble/include/rclcpp/rclcpp/memory_strategy.hpp:25[m[K,
[2.397s]                  from [01m[K/opt/ros/humble/include/rclcpp/rclcpp/memory_strategies.hpp:18[m[K,
[2.398s]                  from [01m[K/opt/ros/humble/include/rclcpp/rclcpp/executor_options.hpp:20[m[K,
[2.398s]                  from [01m[K/opt/ros/humble/include/rclcpp/rclcpp/executor.hpp:37[m[K,
[2.398s]                  from [01m[K/opt/ros/humble/include/rclcpp/rclcpp/executors/multi_threaded_executor.hpp:25[m[K,
[2.398s]                  from [01m[K/opt/ros/humble/include/rclcpp/rclcpp/executors.hpp:21[m[K,
[2.398s]                  from [01m[K/opt/ros/humble/include/rclcpp/rclcpp/rclcpp.hpp:155[m[K,
[2.398s]                  from [01m[K/home/gaga/sad_ws/src/sad_pkg/src/calibration_node.cpp:1[m[K:
[2.398s] [01m[K/home/gaga/sad_ws/src/sad_pkg/src/calibration_node.cpp:109:21:[m[K [01;31m[Kerror: [m[K‘[01m[Kgoal_count_[m[K’ was not declared in this scope
[2.398s]   109 |                     [01;31m[Kgoal_count_[m[K, goal_in_base(0), goal_in_base(1), goal_in_base(2));
[2.398s]       |                     [01;31m[K^~~~~~~~~~~[m[K
[2.407s] [01m[K/home/gaga/sad_ws/src/sad_pkg/src/calibration_node.cpp:[m[K In member function ‘[01m[Kvoid RSNode::goalCallback(std_msgs::msg::Float64MultiArray_<std::allocator<void> >::SharedPtr)[m[K’:
[2.407s] [01m[K/home/gaga/sad_ws/src/sad_pkg/src/calibration_node.cpp:115:13:[m[K [01;31m[Kerror: [m[K‘[01m[Kgoal_position_[m[K’ was not declared in this scope
[2.407s]   115 |             [01;31m[Kgoal_position_[m[K << msg->data[0], msg->data[1], msg->data[2];
[2.407s]       |             [01;31m[K^~~~~~~~~~~~~~[m[K
[2.414s] [01m[K/home/gaga/sad_ws/src/sad_pkg/src/calibration_node.cpp:116:13:[m[K [01;31m[Kerror: [m[K‘[01m[Kgoal_received_[m[K’ was not declared in this scope
[2.414s]   116 |             [01;31m[Kgoal_received_[m[K = true;
[2.414s]       |             [01;31m[K^~~~~~~~~~~~~~[m[K
[2.421s] [01m[K/home/gaga/sad_ws/src/sad_pkg/src/calibration_node.cpp:117:13:[m[K [01;31m[Kerror: [m[K‘[01m[Kgoal_processed_[m[K’ was not declared in this scope
[2.422s]   117 |             [01;31m[Kgoal_processed_[m[K = false;  // 매 goal마다 처리 가능하게
[2.422s]       |             [01;31m[K^~~~~~~~~~~~~~~[m[K
[2.427s] [01m[K/home/gaga/sad_ws/src/sad_pkg/src/calibration_node.cpp:119:13:[m[K [01;31m[Kerror: [m[K‘[01m[Kgoal_count_[m[K’ was not declared in this scope
[2.428s]   119 |             [01;31m[Kgoal_count_[m[K++;
[2.428s]       |             [01;31m[K^~~~~~~~~~~[m[K
[2.428s] [01m[K/home/gaga/sad_ws/src/sad_pkg/src/calibration_node.cpp:124:92:[m[K [01;31m[Kerror: [m[Kno match for ‘[01m[Koperator=[m[K’ (operand types are ‘[01m[Kstd_msgs::msg::Float64MultiArray_<std::allocator<void> >::_data_type[m[K’ {aka ‘[01m[Kstd::vector<double, std::allocator<double> >[m[K’} and ‘[01m[K<brace-enclosed initializer list>[m[K’)
[2.428s]   124 |                 initial_msg.data = {goal_position_(0), goal_position_(1), goal_position_(2)[01;31m[K}[m[K;
[2.428s]       |                                                                                            [01;31m[K^[m[K
[2.428s] In file included from [01m[K/usr/include/c++/11/vector:72[m[K,
[2.428s]                  from [01m[K/usr/include/c++/11/functional:62[m[K,
[2.428s]                  from [01m[K/usr/include/c++/11/pstl/glue_algorithm_defs.h:13[m[K,
[2.428s]                  from [01m[K/usr/include/c++/11/algorithm:74[m[K,
[2.428s]                  from [01m[K/opt/ros/humble/include/rclcpp/rclcpp/executor.hpp:18[m[K,
[2.428s]                  from [01m[K/opt/ros/humble/include/rclcpp/rclcpp/executors/multi_threaded_executor.hpp:25[m[K,
[2.428s]                  from [01m[K/opt/ros/humble/include/rclcpp/rclcpp/executors.hpp:21[m[K,
[2.428s]                  from [01m[K/opt/ros/humble/include/rclcpp/rclcpp/rclcpp.hpp:155[m[K,
[2.428s]                  from [01m[K/home/gaga/sad_ws/src/sad_pkg/src/calibration_node.cpp:1[m[K:
[2.428s] [01m[K/usr/include/c++/11/bits/vector.tcc:198:5:[m[K [01;36m[Knote: [m[Kcandidate: ‘[01m[Kstd::vector<_Tp, _Alloc>& std::vector<_Tp, _Alloc>::operator=(const std::vector<_Tp, _Alloc>&) [with _Tp = double; _Alloc = std::allocator<double>][m[K’
[2.428s]   198 |     [01;36m[Kvector<_Tp, _Alloc>[m[K::
[2.428s]       |     [01;36m[K^~~~~~~~~~~~~~~~~~~[m[K
[2.428s] [01m[K/usr/include/c++/11/bits/vector.tcc:199:42:[m[K [01;36m[Knote: [m[K  no known conversion for argument 1 from ‘[01m[K<brace-enclosed initializer list>[m[K’ to ‘[01m[Kconst std::vector<double, std::allocator<double> >&[m[K’
[2.428s]   199 |     operator=([01;36m[Kconst vector<_Tp, _Alloc>& __x[m[K)
[2.428s]       |               [01;36m[K~~~~~~~~~~~~~~~~~~~~~~~~~~~^~~[m[K
[2.428s] In file included from [01m[K/usr/include/c++/11/vector:67[m[K,
[2.428s]                  from [01m[K/usr/include/c++/11/functional:62[m[K,
[2.428s]                  from [01m[K/usr/include/c++/11/pstl/glue_algorithm_defs.h:13[m[K,
[2.428s]                  from [01m[K/usr/include/c++/11/algorithm:74[m[K,
[2.428s]                  from [01m[K/opt/ros/humble/include/rclcpp/rclcpp/executor.hpp:18[m[K,
[2.428s]                  from [01m[K/opt/ros/humble/include/rclcpp/rclcpp/executors/multi_threaded_executor.hpp:25[m[K,
[2.428s]                  from [01m[K/opt/ros/humble/include/rclcpp/rclcpp/executors.hpp:21[m[K,
[2.428s]                  from [01m[K/opt/ros/humble/include/rclcpp/rclcpp/rclcpp.hpp:155[m[K,
[2.428s]                  from [01m[K/home/gaga/sad_ws/src/sad_pkg/src/calibration_node.cpp:1[m[K:
[2.428s] [01m[K/usr/include/c++/11/bits/stl_vector.h:709:7:[m[K [01;36m[Knote: [m[Kcandidate: ‘[01m[Kstd::vector<_Tp, _Alloc>& std::vector<_Tp, _Alloc>::operator=(std::vector<_Tp, _Alloc>&&) [with _Tp = double; _Alloc = std::allocator<double>][m[K’
[2.428s]   709 |       [01;36m[Koperator[m[K=(vector&& __x) noexcept(_Alloc_traits::_S_nothrow_move())
[2.428s]       |       [01;36m[K^~~~~~~~[m[K
[2.428s] [01m[K/usr/include/c++/11/bits/stl_vector.h:709:26:[m[K [01;36m[Knote: [m[K  no known conversion for argument 1 from ‘[01m[K<brace-enclosed initializer list>[m[K’ to ‘[01m[Kstd::vector<double, std::allocator<double> >&&[m[K’
[2.428s]   709 |       operator=([01;36m[Kvector&& __x[m[K) noexcept(_Alloc_traits::_S_nothrow_move())
[2.428s]       |                 [01;36m[K~~~~~~~~~^~~[m[K
[2.429s] [01m[K/usr/include/c++/11/bits/stl_vector.h:730:7:[m[K [01;36m[Knote: [m[Kcandidate: ‘[01m[Kstd::vector<_Tp, _Alloc>& std::vector<_Tp, _Alloc>::operator=(std::initializer_list<_Tp>) [with _Tp = double; _Alloc = std::allocator<double>][m[K’
[2.429s]   730 |       [01;36m[Koperator[m[K=(initializer_list<value_type> __l)
[2.429s]       |       [01;36m[K^~~~~~~~[m[K
[2.429s] [01m[K/usr/include/c++/11/bits/stl_vector.h:730:46:[m[K [01;36m[Knote: [m[K  no known conversion for argument 1 from ‘[01m[K<brace-enclosed initializer list>[m[K’ to ‘[01m[Kstd::initializer_list<double>[m[K’
[2.429s]   730 |       operator=([01;36m[Kinitializer_list<value_type> __l[m[K)
[2.429s]       |                 [01;36m[K~~~~~~~~~~~~~~~~~~~~~~~~~~~~~^~~[m[K
[2.433s] [01m[K/home/gaga/sad_ws/src/sad_pkg/src/calibration_node.cpp:125:17:[m[K [01;31m[Kerror: [m[K‘[01m[Kgoal_pub_[m[K’ was not declared in this scope
[2.433s]   125 |                 [01;31m[Kgoal_pub_[m[K->publish(initial_msg);
[2.433s]       |                 [01;31m[K^~~~~~~~~[m[K
[2.441s] [01m[K/home/gaga/sad_ws/src/sad_pkg/src/calibration_node.cpp:126:17:[m[K [01;31m[Kerror: [m[K‘[01m[Kinitial_goal_sent_[m[K’ was not declared in this scope
[2.441s]   126 |                 [01;31m[Kinitial_goal_sent_[m[K = true;
[2.441s]       |                 [01;31m[K^~~~~~~~~~~~~~~~~~[m[K
[2.450s] In file included from [01m[K/opt/ros/humble/include/rclcpp/rclcpp/logging.hpp:24[m[K,
[2.450s]                  from [01m[K/opt/ros/humble/include/rclcpp/rclcpp/client.hpp:40[m[K,
[2.451s]                  from [01m[K/opt/ros/humble/include/rclcpp/rclcpp/callback_group.hpp:24[m[K,
[2.451s]                  from [01m[K/opt/ros/humble/include/rclcpp/rclcpp/any_executable.hpp:20[m[K,
[2.451s]                  from [01m[K/opt/ros/humble/include/rclcpp/rclcpp/memory_strategy.hpp:25[m[K,
[2.451s]                  from [01m[K/opt/ros/humble/include/rclcpp/rclcpp/memory_strategies.hpp:18[m[K,
[2.451s]                  from [01m[K/opt/ros/humble/include/rclcpp/rclcpp/executor_options.hpp:20[m[K,
[2.451s]                  from [01m[K/opt/ros/humble/include/rclcpp/rclcpp/executor.hpp:37[m[K,
[2.451s]                  from [01m[K/opt/ros/humble/include/rclcpp/rclcpp/executors/multi_threaded_executor.hpp:25[m[K,
[2.451s]                  from [01m[K/opt/ros/humble/include/rclcpp/rclcpp/executors.hpp:21[m[K,
[2.451s]                  from [01m[K/opt/ros/humble/include/rclcpp/rclcpp/rclcpp.hpp:155[m[K,
[2.451s]                  from [01m[K/home/gaga/sad_ws/src/sad_pkg/src/calibration_node.cpp:1[m[K:
[2.451s] [01m[K/home/gaga/sad_ws/src/sad_pkg/src/calibration_node.cpp:[m[K In member function ‘[01m[Kvoid RSNode::obstacleCallback(vision_msgs::msg::HarvestOrdering_<std::allocator<void> >::SharedPtr)[m[K’:
[2.451s] [01m[K/home/gaga/sad_ws/src/sad_pkg/src/calibration_node.cpp:143:21:[m[K [01;31m[Kerror: [m[K‘[01m[Kgoal_count_[m[K’ was not declared in this scope
[2.451s]   143 |                     [01;31m[Kgoal_count_[m[K, obstacle_count_, goal_processed_ ? "true" : "false");
[2.451s]       |                     [01;31m[K^~~~~~~~~~~[m[K
[2.457s] [01m[K/home/gaga/sad_ws/src/sad_pkg/src/calibration_node.cpp:143:34:[m[K [01;31m[Kerror: [m[K‘[01m[Kobstacle_count_[m[K’ was not declared in this scope
[2.457s]   143 |                     goal_count_, [01;31m[Kobstacle_count_[m[K, goal_processed_ ? "true" : "false");
[2.457s]       |                                  [01;31m[K^~~~~~~~~~~~~~~[m[K
[2.464s] [01m[K/home/gaga/sad_ws/src/sad_pkg/src/calibration_node.cpp:143:51:[m[K [01;31m[Kerror: [m[K‘[01m[Kgoal_processed_[m[K’ was not declared in this scope
[2.464s]   143 |                     goal_count_, obstacle_count_, [01;31m[Kgoal_processed_[m[K ? "true" : "false");
[2.464s]       |                                                   [01;31m[K^~~~~~~~~~~~~~~[m[K
[2.471s] [01m[K/home/gaga/sad_ws/src/sad_pkg/src/calibration_node.cpp:159:13:[m[K [01;31m[Kerror: [m[K‘[01m[Kgoal_count_[m[K’ was not declared in this scope
[2.471s]   159 |         if ([01;31m[Kgoal_count_[m[K <= 1 || obstacle_count_ == 0) {
[2.471s]       |             [01;31m[K^~~~~~~~~~~[m[K
[2.477s] [01m[K/home/gaga/sad_ws/src/sad_pkg/src/calibration_node.cpp:159:33:[m[K [01;31m[Kerror: [m[K‘[01m[Kobstacle_count_[m[K’ was not declared in this scope
[2.477s]   159 |         if (goal_count_ <= 1 || [01;31m[Kobstacle_count_[m[K == 0) {
[2.477s]       |                                 [01;31m[K^~~~~~~~~~~~~~~[m[K
[2.483s] [01m[K/home/gaga/sad_ws/src/sad_pkg/src/calibration_node.cpp:160:13:[m[K [01;31m[Kerror: [m[K‘[01m[Kobstacle_pub_[m[K’ was not declared in this scope
[2.483s]   160 |             [01;31m[Kobstacle_pub_[m[K->publish(*msg);
[2.483s]       |             [01;31m[K^~~~~~~~~~~~~[m[K
[2.491s] [01m[K/home/gaga/sad_ws/src/sad_pkg/src/calibration_node.cpp:167:14:[m[K [01;31m[Kerror: [m[K‘[01m[Kgoal_processed_[m[K’ was not declared in this scope
[2.491s]   167 |         if (![01;31m[Kgoal_processed_[m[K) {
[2.491s]       |              [01;31m[K^~~~~~~~~~~~~~~[m[K
[2.496s] [01m[K/home/gaga/sad_ws/src/sad_pkg/src/calibration_node.cpp:183:33:[m[K [01;31m[Kerror: [m[K‘[01m[KT_60_[m[K’ was not declared in this scope
[2.496s]   183 |             Vector4d obs_base = [01;31m[KT_60_[m[K * obs_world;
[2.496s]       |                                 [01;31m[K^~~~~[m[K
[2.503s] [01m[K/home/gaga/sad_ws/src/sad_pkg/src/calibration_node.cpp:198:9:[m[K [01;31m[Kerror: [m[K‘[01m[Kobstacle_pub_[m[K’ was not declared in this scope
[2.504s]   198 |         [01;31m[Kobstacle_pub_[m[K->publish(transformed_msg);
[2.504s]       |         [01;31m[K^~~~~~~~~~~~~[m[K
[2.510s] [01m[K/home/gaga/sad_ws/src/sad_pkg/src/calibration_node.cpp:200:9:[m[K [01;31m[Kerror: [m[K‘[01m[Kobstacle_count_[m[K’ was not declared in this scope
[2.510s]   200 |         [01;31m[Kobstacle_count_[m[K++;
[2.510s]       |         [01;31m[K^~~~~~~~~~~~~~~[m[K
[2.511s] [01m[K/home/gaga/sad_ws/src/sad_pkg/src/calibration_node.cpp:[m[K At global scope:
[2.511s] [01m[K/home/gaga/sad_ws/src/sad_pkg/src/calibration_node.cpp:239:5:[m[K [01;31m[Kerror: [m[Kspecializing member ‘[01m[Krclcpp::Subscription<sensor_msgs::msg::JointState_<std::allocator<void> >, std::allocator<void>, sensor_msgs::msg::JointState_<std::allocator<void> >, sensor_msgs::msg::JointState_<std::allocator<void> >, rclcpp::message_memory_strategy::MessageMemoryStrategy<sensor_msgs::msg::JointState_<std::allocator<void> >, std::allocator<void> > >::SharedPtr[m[K’ requires ‘[01m[Ktemplate<>[m[K’ syntax
[2.511s]   239 |     [01;31m[Krclcpp[m[K::Subscription<sensor_msgs::msg::JointState>::SharedPtr joint_sub_;
[2.511s]       |     [01;31m[K^~~~~~[m[K
[2.523s] [01m[K/home/gaga/sad_ws/src/sad_pkg/src/calibration_node.cpp:255:1:[m[K [01;31m[Kerror: [m[Kexpected declaration before ‘[01m[K}[m[K’ token
[2.523s]   255 | [01;31m[K}[m[K;
[2.523s]       | [01;31m[K^[m[K
[5.074s] gmake[2]: *** [CMakeFiles/calibration_node.dir/build.make:76: CMakeFiles/calibration_node.dir/src/calibration_node.cpp.o] Error 1
[5.074s] gmake[1]: *** [CMakeFiles/Makefile2:417: CMakeFiles/calibration_node.dir/all] Error 2
[5.074s] gmake: *** [Makefile:146: all] Error 2
[5.077s] Invoked command in '/home/gaga/sad_ws/build/sad_pkg' returned '2': CMAKE_PREFIX_PATH=/home/gaga/sad_ws/install/vision_msgs:/home/gaga/sad_ws/install/q_visualizer:/opt/ros/humble:/home/gaga/sad_ws/install/serial:/home/gaga/sad_ws/install:/home/gaga/sad_ws/install/sad_pkg:/home/gaga/sad_ws/install/harvest_master:/home/gaga/sad_ws/install/mani_urdf:/home/gaga/sad_ws/install/harvest_go:/home/gaga/ssibal_ws/install/robot_msgs:/home/gaga/robotprograming_ws/install/rp_pkg /usr/bin/cmake --build /home/gaga/sad_ws/build/sad_pkg -- -j20 -l20
