[0.020s] Invoking command in '/home/gaga/sad_ws/build/sad_pkg': CMAKE_PREFIX_PATH=/home/gaga/sad_ws/install/vision_msgs:/home/gaga/sad_ws/install/q_visualizer:/opt/ros/humble:/home/gaga/sad_ws/install/serial:/home/gaga/sad_ws/install:/home/gaga/sad_ws/install/sad_pkg:/home/gaga/sad_ws/install/harvest_master:/home/gaga/sad_ws/install/mani_urdf:/home/gaga/sad_ws/install/harvest_go:/home/gaga/ssibal_ws/install/robot_msgs:/home/gaga/robotprograming_ws/install/rp_pkg /usr/bin/cmake --build /home/gaga/sad_ws/build/sad_pkg -- -j20 -l20
[0.107s] [35m[1mConsolidate compiler generated dependencies of target Inverse_node[0m
[0.126s] [ 68%] Built target path_node
[0.126s] [ 68%] Built target motor_node
[0.126s] [ 68%] Built target map_node
[0.126s] [ 68%] Built target spline_node
[0.127s] [ 68%] [32mBuilding CXX object CMakeFiles/forward_node.dir/src/forward_node.cpp.o[0m
[0.127s] [ 77%] Built target calibration_node
[0.127s] [ 77%] Built target obstacle_node
[0.127s] [ 77%] Built target path_test_node
[0.127s] [ 77%] Built target rrt_node
[0.137s] [ 86%] Built target real_inverse_node
[0.147s] [ 95%] Built target Inverse_node
[1.355s] [100%] [32m[1mLinking CXX executable forward_node[0m
[1.504s] [100%] Built target forward_node
[1.521s] Invoked command in '/home/gaga/sad_ws/build/sad_pkg' returned '0': CMAKE_PREFIX_PATH=/home/gaga/sad_ws/install/vision_msgs:/home/gaga/sad_ws/install/q_visualizer:/opt/ros/humble:/home/gaga/sad_ws/install/serial:/home/gaga/sad_ws/install:/home/gaga/sad_ws/install/sad_pkg:/home/gaga/sad_ws/install/harvest_master:/home/gaga/sad_ws/install/mani_urdf:/home/gaga/sad_ws/install/harvest_go:/home/gaga/ssibal_ws/install/robot_msgs:/home/gaga/robotprograming_ws/install/rp_pkg /usr/bin/cmake --build /home/gaga/sad_ws/build/sad_pkg -- -j20 -l20
[1.522s] Invoking command in '/home/gaga/sad_ws/build/sad_pkg': CMAKE_PREFIX_PATH=/home/gaga/sad_ws/install/vision_msgs:/home/gaga/sad_ws/install/q_visualizer:/opt/ros/humble:/home/gaga/sad_ws/install/serial:/home/gaga/sad_ws/install:/home/gaga/sad_ws/install/sad_pkg:/home/gaga/sad_ws/install/harvest_master:/home/gaga/sad_ws/install/mani_urdf:/home/gaga/sad_ws/install/harvest_go:/home/gaga/ssibal_ws/install/robot_msgs:/home/gaga/robotprograming_ws/install/rp_pkg /usr/bin/cmake --install /home/gaga/sad_ws/build/sad_pkg
[1.531s] -- Install configuration: ""
[1.532s] -- Up-to-date: /home/gaga/sad_ws/install/sad_pkg/share/sad_pkg/launch
[1.532s] -- Up-to-date: /home/gaga/sad_ws/install/sad_pkg/share/sad_pkg/launch/rviz.launch.py
[1.532s] -- Up-to-date: /home/gaga/sad_ws/install/sad_pkg/share/sad_pkg/launch/real.launch.py
[1.532s] -- Up-to-date: /home/gaga/sad_ws/install/sad_pkg/share/sad_pkg/launch/sad.launch.py
[1.532s] -- Up-to-date: /home/gaga/sad_ws/install/sad_pkg/share/sad_pkg/launch/all.launch.py
[1.532s] -- Up-to-date: /home/gaga/sad_ws/install/sad_pkg/share/sad_pkg/urdf
[1.532s] -- Up-to-date: /home/gaga/sad_ws/install/sad_pkg/share/sad_pkg/urdf/description
[1.532s] -- Up-to-date: /home/gaga/sad_ws/install/sad_pkg/share/sad_pkg/urdf/description/test.xacro
[1.532s] -- Up-to-date: /home/gaga/sad_ws/install/sad_pkg/share/sad_pkg/urdf/description/sad.xacro
[1.532s] -- Up-to-date: /home/gaga/sad_ws/install/sad_pkg/share/sad_pkg/urdf/description/all.xacro
[1.532s] -- Up-to-date: /home/gaga/sad_ws/install/sad_pkg/share/sad_pkg/meshes
[1.532s] -- Up-to-date: /home/gaga/sad_ws/install/sad_pkg/share/sad_pkg/meshes/next.stl
[1.532s] -- Up-to-date: /home/gaga/sad_ws/install/sad_pkg/share/sad_pkg/meshes/link3.stl
[1.532s] -- Up-to-date: /home/gaga/sad_ws/install/sad_pkg/share/sad_pkg/meshes/link1.stl
[1.532s] -- Up-to-date: /home/gaga/sad_ws/install/sad_pkg/share/sad_pkg/meshes/link5.stl
[1.532s] -- Up-to-date: /home/gaga/sad_ws/install/sad_pkg/share/sad_pkg/meshes/link6.stl
[1.532s] -- Up-to-date: /home/gaga/sad_ws/install/sad_pkg/share/sad_pkg/meshes/link7.stl
[1.532s] -- Up-to-date: /home/gaga/sad_ws/install/sad_pkg/share/sad_pkg/meshes/link2.stl
[1.532s] -- Up-to-date: /home/gaga/sad_ws/install/sad_pkg/share/sad_pkg/meshes/mani.stl
[1.532s] -- Up-to-date: /home/gaga/sad_ws/install/sad_pkg/share/sad_pkg/meshes/link4.stl
[1.532s] -- Up-to-date: /home/gaga/sad_ws/install/sad_pkg/share/sad_pkg/meshes/endeffector.stl
[1.532s] -- Up-to-date: /home/gaga/sad_ws/install/sad_pkg/share/sad_pkg/config
[1.532s] -- Up-to-date: /home/gaga/sad_ws/install/sad_pkg/share/sad_pkg/config/install
[1.532s] -- Up-to-date: /home/gaga/sad_ws/install/sad_pkg/share/sad_pkg/config/install/setup.zsh
[1.532s] -- Up-to-date: /home/gaga/sad_ws/install/sad_pkg/share/sad_pkg/config/install/local_setup.bash
[1.532s] -- Up-to-date: /home/gaga/sad_ws/install/sad_pkg/share/sad_pkg/config/install/setup.ps1
[1.532s] -- Up-to-date: /home/gaga/sad_ws/install/sad_pkg/share/sad_pkg/config/install/setup.sh
[1.533s] -- Up-to-date: /home/gaga/sad_ws/install/sad_pkg/share/sad_pkg/config/install/COLCON_IGNORE
[1.533s] -- Up-to-date: /home/gaga/sad_ws/install/sad_pkg/share/sad_pkg/config/install/_local_setup_util_sh.py
[1.533s] -- Up-to-date: /home/gaga/sad_ws/install/sad_pkg/share/sad_pkg/config/install/_local_setup_util_ps1.py
[1.533s] -- Up-to-date: /home/gaga/sad_ws/install/sad_pkg/share/sad_pkg/config/install/setup.bash
[1.533s] -- Up-to-date: /home/gaga/sad_ws/install/sad_pkg/share/sad_pkg/config/install/local_setup.sh
[1.533s] -- Up-to-date: /home/gaga/sad_ws/install/sad_pkg/share/sad_pkg/config/install/.colcon_install_layout
[1.533s] -- Up-to-date: /home/gaga/sad_ws/install/sad_pkg/share/sad_pkg/config/install/local_setup.ps1
[1.533s] -- Up-to-date: /home/gaga/sad_ws/install/sad_pkg/share/sad_pkg/config/install/local_setup.zsh
[1.533s] -- Up-to-date: /home/gaga/sad_ws/install/sad_pkg/share/sad_pkg/config/build
[1.533s] -- Up-to-date: /home/gaga/sad_ws/install/sad_pkg/share/sad_pkg/config/build/COLCON_IGNORE
[1.533s] -- Up-to-date: /home/gaga/sad_ws/install/sad_pkg/share/sad_pkg/config/build/.built_by
[1.533s] -- Up-to-date: /home/gaga/sad_ws/install/sad_pkg/share/sad_pkg/config/sad_controllers.yaml
[1.533s] -- Up-to-date: /home/gaga/sad_ws/install/sad_pkg/share/sad_pkg/config/log
[1.533s] -- Up-to-date: /home/gaga/sad_ws/install/sad_pkg/share/sad_pkg/config/log/latest_build
[1.533s] -- Up-to-date: /home/gaga/sad_ws/install/sad_pkg/share/sad_pkg/config/log/latest
[1.533s] -- Up-to-date: /home/gaga/sad_ws/install/sad_pkg/share/sad_pkg/config/log/build_2025-04-02_10-07-56
[1.533s] -- Up-to-date: /home/gaga/sad_ws/install/sad_pkg/share/sad_pkg/config/log/build_2025-04-02_10-07-56/logger_all.log
[1.533s] -- Up-to-date: /home/gaga/sad_ws/install/sad_pkg/share/sad_pkg/config/log/build_2025-04-02_10-07-56/events.log
[1.533s] -- Up-to-date: /home/gaga/sad_ws/install/sad_pkg/share/sad_pkg/config/log/COLCON_IGNORE
[1.533s] -- Installing: /home/gaga/sad_ws/install/sad_pkg/lib/sad_pkg/forward_node
[1.533s] -- Set runtime path of "/home/gaga/sad_ws/install/sad_pkg/lib/sad_pkg/forward_node" to ""
[1.533s] -- Up-to-date: /home/gaga/sad_ws/install/sad_pkg/lib/sad_pkg/rrt_node
[1.533s] -- Up-to-date: /home/gaga/sad_ws/install/sad_pkg/lib/sad_pkg/obstacle_node
[1.533s] -- Up-to-date: /home/gaga/sad_ws/install/sad_pkg/lib/sad_pkg/spline_node
[1.534s] -- Up-to-date: /home/gaga/sad_ws/install/sad_pkg/lib/sad_pkg/map_node
[1.534s] -- Up-to-date: /home/gaga/sad_ws/install/sad_pkg/lib/sad_pkg/path_node
[1.534s] -- Up-to-date: /home/gaga/sad_ws/install/sad_pkg/lib/sad_pkg/path_test_node
[1.534s] -- Up-to-date: /home/gaga/sad_ws/install/sad_pkg/lib/sad_pkg/Inverse_node
[1.534s] -- Up-to-date: /home/gaga/sad_ws/install/sad_pkg/lib/sad_pkg/real_inverse_node
[1.534s] -- Up-to-date: /home/gaga/sad_ws/install/sad_pkg/lib/sad_pkg/motor_node
[1.534s] -- Up-to-date: /home/gaga/sad_ws/install/sad_pkg/lib/sad_pkg/calibration_node
[1.534s] -- Up-to-date: /home/gaga/sad_ws/install/sad_pkg/share/ament_index/resource_index/package_run_dependencies/sad_pkg
[1.534s] -- Up-to-date: /home/gaga/sad_ws/install/sad_pkg/share/ament_index/resource_index/parent_prefix_path/sad_pkg
[1.534s] -- Up-to-date: /home/gaga/sad_ws/install/sad_pkg/share/sad_pkg/environment/ament_prefix_path.sh
[1.534s] -- Up-to-date: /home/gaga/sad_ws/install/sad_pkg/share/sad_pkg/environment/ament_prefix_path.dsv
[1.534s] -- Up-to-date: /home/gaga/sad_ws/install/sad_pkg/share/sad_pkg/environment/path.sh
[1.534s] -- Up-to-date: /home/gaga/sad_ws/install/sad_pkg/share/sad_pkg/environment/path.dsv
[1.534s] -- Up-to-date: /home/gaga/sad_ws/install/sad_pkg/share/sad_pkg/local_setup.bash
[1.534s] -- Up-to-date: /home/gaga/sad_ws/install/sad_pkg/share/sad_pkg/local_setup.sh
[1.534s] -- Up-to-date: /home/gaga/sad_ws/install/sad_pkg/share/sad_pkg/local_setup.zsh
[1.534s] -- Up-to-date: /home/gaga/sad_ws/install/sad_pkg/share/sad_pkg/local_setup.dsv
[1.534s] -- Installing: /home/gaga/sad_ws/install/sad_pkg/share/sad_pkg/package.dsv
[1.534s] -- Up-to-date: /home/gaga/sad_ws/install/sad_pkg/share/ament_index/resource_index/packages/sad_pkg
[1.534s] -- Up-to-date: /home/gaga/sad_ws/install/sad_pkg/share/sad_pkg/cmake/sad_pkgConfig.cmake
[1.534s] -- Up-to-date: /home/gaga/sad_ws/install/sad_pkg/share/sad_pkg/cmake/sad_pkgConfig-version.cmake
[1.534s] -- Up-to-date: /home/gaga/sad_ws/install/sad_pkg/share/sad_pkg/package.xml
[1.536s] Invoked command in '/home/gaga/sad_ws/build/sad_pkg' returned '0': CMAKE_PREFIX_PATH=/home/gaga/sad_ws/install/vision_msgs:/home/gaga/sad_ws/install/q_visualizer:/opt/ros/humble:/home/gaga/sad_ws/install/serial:/home/gaga/sad_ws/install:/home/gaga/sad_ws/install/sad_pkg:/home/gaga/sad_ws/install/harvest_master:/home/gaga/sad_ws/install/mani_urdf:/home/gaga/sad_ws/install/harvest_go:/home/gaga/ssibal_ws/install/robot_msgs:/home/gaga/robotprograming_ws/install/rp_pkg /usr/bin/cmake --install /home/gaga/sad_ws/build/sad_pkg
