[35m[1mConsolidate compiler generated dependencies of target Inverse_node[0m
[ 90%] Built target real_inverse_node
[ 90%] Built target spline_node
[ 90%] Built target path_node
[ 90%] Built target forward_node
[ 90%] Built target obstacle_node
[ 90%] Built target map_node
[ 90%] Built target motor_node
[ 90%] Built target rrt_node
[ 90%] Built target path_test_node
[ 95%] [32mBuilding CXX object CMakeFiles/Inverse_node.dir/src/Inverse_node.cpp.o[0m
[01m[K/home/gaga/sad_ws/src/sad_pkg/src/Inverse_node.cpp:226:27:[m[K [01;31m[Kerror: [m[Kexpected identifier before numeric constant
  226 |     current_joint_angles_([01;31m[K1[m[K) = 1.0;  // elbow-up 시드
      |                           [01;31m[K^[m[K
[01m[K/home/gaga/sad_ws/src/sad_pkg/src/Inverse_node.cpp:226:27:[m[K [01;31m[Kerror: [m[Kexpected ‘[01m[K,[m[K’ or ‘[01m[K...[m[K’ before numeric constant
[01m[K/home/gaga/sad_ws/src/sad_pkg/src/Inverse_node.cpp:226:35:[m[K [01;31m[Kerror: [m[Kinvalid pure specifier (only ‘[01m[K= 0[m[K’ is allowed) before ‘[01m[K;[m[K’ token
  226 |     current_joint_angles_(1) = 1.0[01;31m[K;[m[K  // elbow-up 시드
      |                                   [01;31m[K^[m[K
[01m[K/home/gaga/sad_ws/src/sad_pkg/src/Inverse_node.cpp:226:5:[m[K [01;31m[Kerror: [m[KISO C++ forbids declaration of ‘[01m[Kcurrent_joint_angles_[m[K’ with no type [[01;31m[K]8;;https://gcc.gnu.org/onlinedocs/gcc/Warning-Options.html#index-fpermissive-fpermissive]8;;[m[K]
  226 |     [01;31m[Kcurrent_joint_angles_[m[K(1) = 1.0;  // elbow-up 시드
      |     [01;31m[K^~~~~~~~~~~~~~~~~~~~~[m[K
[01m[K/home/gaga/sad_ws/src/sad_pkg/src/Inverse_node.cpp:226:35:[m[K [01;31m[Kerror: [m[K‘[01m[Kint ManipulatorNode::current_joint_angles_(int)[m[K’ conflicts with a previous declaration
  226 |     current_joint_angles_(1) = 1.0[01;31m[K;[m[K  // elbow-up 시드
      |                                   [01;31m[K^[m[K
[01m[K/home/gaga/sad_ws/src/sad_pkg/src/Inverse_node.cpp:225:14:[m[K [01;36m[Knote: [m[Kprevious declaration ‘[01m[KEigen::VectorXd ManipulatorNode::current_joint_angles_[m[K’
  225 |     VectorXd [01;36m[Kcurrent_joint_angles_[m[K{6};  // 현재 joint angles
      |              [01;36m[K^~~~~~~~~~~~~~~~~~~~~[m[K
gmake[2]: *** [CMakeFiles/Inverse_node.dir/build.make:76: CMakeFiles/Inverse_node.dir/src/Inverse_node.cpp.o] Error 1
gmake[1]: *** [CMakeFiles/Makefile2:337: CMakeFiles/Inverse_node.dir/all] Error 2
gmake: *** [Makefile:146: all] Error 2
