[35m[1mConsolidate compiler generated dependencies of target motor_node[0m
[35m[1mConsolidate compiler generated dependencies of target real_inverse_node[0m
[ 55%] Built target spline_node
[ 55%] Built target obstacle_node
[ 60%] Built target map_node
[ 55%] Built target forward_node
[ 55%] Built target Inverse_node
[ 55%] Built target rrt_node
[ 70%] Built target path_test_node
[ 80%] Built target path_node
[ 85%] [32mBuilding CXX object CMakeFiles/motor_node.dir/src/motor_node.cpp.o[0m
[ 95%] Built target real_inverse_node
In file included from [01m[K/opt/ros/humble/include/rclcpp/rclcpp/client.hpp:40[m[K,
                 from [01m[K/opt/ros/humble/include/rclcpp/rclcpp/callback_group.hpp:24[m[K,
                 from [01m[K/opt/ros/humble/include/rclcpp/rclcpp/any_executable.hpp:20[m[K,
                 from [01m[K/opt/ros/humble/include/rclcpp/rclcpp/memory_strategy.hpp:25[m[K,
                 from [01m[K/opt/ros/humble/include/rclcpp/rclcpp/memory_strategies.hpp:18[m[K,
                 from [01m[K/opt/ros/humble/include/rclcpp/rclcpp/executor_options.hpp:20[m[K,
                 from [01m[K/opt/ros/humble/include/rclcpp/rclcpp/executor.hpp:37[m[K,
                 from [01m[K/opt/ros/humble/include/rclcpp/rclcpp/executors/multi_threaded_executor.hpp:25[m[K,
                 from [01m[K/opt/ros/humble/include/rclcpp/rclcpp/executors.hpp:21[m[K,
                 from [01m[K/opt/ros/humble/include/rclcpp/rclcpp/rclcpp.hpp:155[m[K,
                 from [01m[K/home/gaga/sad_ws/src/sad_pkg/src/motor_node.cpp:1[m[K:
[01m[K/home/gaga/sad_ws/src/sad_pkg/src/motor_node.cpp:247:9:[m[K [01;31m[Kerror: [m[Kexpected unqualified-id before ‘[01m[Kdo[m[K’
  247 |         [01;31m[KRCLCPP_INFO[m[K(get_logger(),
      |         [01;31m[K^~~~~~~~~~~[m[K
[01m[K/home/gaga/sad_ws/src/sad_pkg/src/motor_node.cpp:247:9:[m[K [01;31m[Kerror: [m[Kexpected unqualified-id before ‘[01m[Kwhile[m[K’
  247 |         [01;31m[KRCLCPP_INFO[m[K(get_logger(),
      |         [01;31m[K^~~~~~~~~~~[m[K
[01m[K/home/gaga/sad_ws/src/sad_pkg/src/motor_node.cpp:251:9:[m[K [01;31m[Kerror: [m[Kexpected unqualified-id before ‘[01m[Kdo[m[K’
  251 |         [01;31m[KRCLCPP_INFO[m[K(get_logger(),
      |         [01;31m[K^~~~~~~~~~~[m[K
[01m[K/home/gaga/sad_ws/src/sad_pkg/src/motor_node.cpp:251:9:[m[K [01;31m[Kerror: [m[Kexpected unqualified-id before ‘[01m[Kwhile[m[K’
  251 |         [01;31m[KRCLCPP_INFO[m[K(get_logger(),
      |         [01;31m[K^~~~~~~~~~~[m[K
[01m[K/home/gaga/sad_ws/src/sad_pkg/src/motor_node.cpp:257:9:[m[K [01;31m[Kerror: [m[Kexpected unqualified-id before ‘[01m[Kdo[m[K’
  257 |         [01;31m[KRCLCPP_INFO[m[K(get_logger(),
      |         [01;31m[K^~~~~~~~~~~[m[K
[01m[K/home/gaga/sad_ws/src/sad_pkg/src/motor_node.cpp:257:9:[m[K [01;31m[Kerror: [m[Kexpected unqualified-id before ‘[01m[Kwhile[m[K’
  257 |         [01;31m[KRCLCPP_INFO[m[K(get_logger(),
      |         [01;31m[K^~~~~~~~~~~[m[K
[01m[K/home/gaga/sad_ws/src/sad_pkg/src/motor_node.cpp:261:9:[m[K [01;31m[Kerror: [m[K‘[01m[Kcurrent_qdot_pub_[m[K’ does not name a type
  261 |         [01;31m[Kcurrent_qdot_pub_[m[K->publish(msg);
      |         [01;31m[K^~~~~~~~~~~~~~~~~[m[K
[01m[K/home/gaga/sad_ws/src/sad_pkg/src/motor_node.cpp:262:6:[m[K [01;31m[Kerror: [m[Kexpected ‘[01m[K;[m[K’ after class definition
  262 |     }
      |      [01;31m[K^[m[K
      |      [32m[K;[m[K
[01m[K/home/gaga/sad_ws/src/sad_pkg/src/motor_node.cpp:[m[K In constructor ‘[01m[KMotorControlNode::MotorControlNode()[m[K’:
[01m[K/home/gaga/sad_ws/src/sad_pkg/src/motor_node.cpp:22:9:[m[K [01;31m[Kerror: [m[K‘[01m[KportHandler_[m[K’ was not declared in this scope
   22 |         [01;31m[KportHandler_[m[K = dynamixel::PortHandler::getPortHandler("/dev/ttyUSB0");
      |         [01;31m[K^~~~~~~~~~~~[m[K
[01m[K/home/gaga/sad_ws/src/sad_pkg/src/motor_node.cpp:23:9:[m[K [01;31m[Kerror: [m[K‘[01m[KpacketHandler_[m[K’ was not declared in this scope
   23 |         [01;31m[KpacketHandler_[m[K = dynamixel::PacketHandler::getPacketHandler(PROTOCOL_VERSION);
      |         [01;31m[K^~~~~~~~~~~~~~[m[K
[01m[K/home/gaga/sad_ws/src/sad_pkg/src/motor_node.cpp:47:13:[m[K [01;31m[Kerror: [m[K‘[01m[Kserial_[m[K’ was not declared in this scope; did you mean ‘[01m[Kserial[m[K’?
   47 |             [01;31m[Kserial_[m[K.setPort("/dev/ttyUSB2");
      |             [01;31m[K^~~~~~~[m[K
      |             [32m[Kserial[m[K
[01m[K/home/gaga/sad_ws/src/sad_pkg/src/motor_node.cpp:57:9:[m[K [01;31m[Kerror: [m[K‘[01m[Kdq_sub_[m[K’ was not declared in this scope; did you mean ‘[01m[Kdsubl[m[K’?
   57 |         [01;31m[Kdq_sub_[m[K = this->create_subscription<std_msgs::msg::Float64MultiArray>(
      |         [01;31m[K^~~~~~~[m[K
      |         [32m[Kdsubl[m[K
[01m[K/home/gaga/sad_ws/src/sad_pkg/src/motor_node.cpp:62:9:[m[K [01;31m[Kerror: [m[K‘[01m[Kcurrent_qdot_pub_[m[K’ was not declared in this scope
   62 |         [01;31m[Kcurrent_qdot_pub_[m[K = this->create_publisher<std_msgs::msg::Float64MultiArray>(
      |         [01;31m[K^~~~~~~~~~~~~~~~~[m[K
[01m[K/home/gaga/sad_ws/src/sad_pkg/src/motor_node.cpp:[m[K In destructor ‘[01m[Kvirtual MotorControlNode::~MotorControlNode()[m[K’:
[01m[K/home/gaga/sad_ws/src/sad_pkg/src/motor_node.cpp:78:9:[m[K [01;31m[Kerror: [m[K‘[01m[KpacketHandler_[m[K’ was not declared in this scope
   78 |         [01;31m[KpacketHandler_[m[K->write1ByteTxRx(portHandler_, DXL_ID_1, ADDR_TORQUE_ENABLE, 0, &dxl_error);
      |         [01;31m[K^~~~~~~~~~~~~~[m[K
[01m[K/home/gaga/sad_ws/src/sad_pkg/src/motor_node.cpp:78:40:[m[K [01;31m[Kerror: [m[K‘[01m[KportHandler_[m[K’ was not declared in this scope
   78 |         packetHandler_->write1ByteTxRx([01;31m[KportHandler_[m[K, DXL_ID_1, ADDR_TORQUE_ENABLE, 0, &dxl_error);
      |                                        [01;31m[K^~~~~~~~~~~~[m[K
[01m[K/home/gaga/sad_ws/src/sad_pkg/src/motor_node.cpp:81:13:[m[K [01;31m[Kerror: [m[K‘[01m[Kserial_[m[K’ was not declared in this scope; did you mean ‘[01m[Kserial[m[K’?
   81 |         if ([01;31m[Kserial_[m[K.isOpen()) serial_.close();
      |             [01;31m[K^~~~~~~[m[K
      |             [32m[Kserial[m[K
[01m[K/home/gaga/sad_ws/src/sad_pkg/src/motor_node.cpp:[m[K In member function ‘[01m[Kvoid MotorControlNode::initDynamixelPositions()[m[K’:
[01m[K/home/gaga/sad_ws/src/sad_pkg/src/motor_node.cpp:89:31:[m[K [01;31m[Kerror: [m[K‘[01m[KpacketHandler_[m[K’ was not declared in this scope
   89 |             int comm_result = [01;31m[KpacketHandler_[m[K->read4ByteTxRx(
      |                               [01;31m[K^~~~~~~~~~~~~~[m[K
[01m[K/home/gaga/sad_ws/src/sad_pkg/src/motor_node.cpp:90:17:[m[K [01;31m[Kerror: [m[K‘[01m[KportHandler_[m[K’ was not declared in this scope
   90 |                 [01;31m[KportHandler_[m[K, DXL_ID_1 + i,
      |                 [01;31m[K^~~~~~~~~~~~[m[K
[01m[K/home/gaga/sad_ws/src/sad_pkg/src/motor_node.cpp:100:13:[m[K [01;31m[Kerror: [m[K‘[01m[Kcurrent_goal_pos_[m[K’ was not declared in this scope
  100 |             [01;31m[Kcurrent_goal_pos_[m[K[i] = pos;
      |             [01;31m[K^~~~~~~~~~~~~~~~~[m[K
[01m[K/home/gaga/sad_ws/src/sad_pkg/src/motor_node.cpp:101:13:[m[K [01;31m[Kerror: [m[K‘[01m[Kprev_present_pos_[m[K’ was not declared in this scope
  101 |             [01;31m[Kprev_present_pos_[m[K[i] = pos;
      |             [01;31m[K^~~~~~~~~~~~~~~~~[m[K
[01m[K/home/gaga/sad_ws/src/sad_pkg/src/motor_node.cpp:102:13:[m[K [01;31m[Kerror: [m[K‘[01m[Khome_offset_[m[K’ was not declared in this scope
  102 |             [01;31m[Khome_offset_[m[K[i] = pos;  // ✅ home 기준 설정
      |             [01;31m[K^~~~~~~~~~~~[m[K
[01m[K/home/gaga/sad_ws/src/sad_pkg/src/motor_node.cpp:[m[K In member function ‘[01m[Kvoid MotorControlNode::dq_callback(std_msgs::msg::Float64MultiArray_<std::allocator<void> >::SharedPtr)[m[K’:
[01m[K/home/gaga/sad_ws/src/sad_pkg/src/motor_node.cpp:122:25:[m[K [01;31m[Kerror: [m[K‘[01m[Kcontrol_period_[m[K’ was not declared in this scope
  122 |             double dt = [01;31m[Kcontrol_period_[m[K;
      |                         [01;31m[K^~~~~~~~~~~~~~~[m[K
[01m[K/home/gaga/sad_ws/src/sad_pkg/src/motor_node.cpp:125:13:[m[K [01;31m[Kerror: [m[K‘[01m[Kcurrent_goal_pos_[m[K’ was not declared in this scope
  125 |             [01;31m[Kcurrent_goal_pos_[m[K[i] += d_ticks;
      |             [01;31m[K^~~~~~~~~~~~~~~~~[m[K
[01m[K/home/gaga/sad_ws/src/sad_pkg/src/motor_node.cpp:[m[K In member function ‘[01m[Kvoid MotorControlNode::setDynamixelPosition(uint8_t, int32_t)[m[K’:
[01m[K/home/gaga/sad_ws/src/sad_pkg/src/motor_node.cpp:138:27:[m[K [01;31m[Kerror: [m[K‘[01m[KpacketHandler_[m[K’ was not declared in this scope
  138 |         int comm_result = [01;31m[KpacketHandler_[m[K->write4ByteTxRx(
      |                           [01;31m[K^~~~~~~~~~~~~~[m[K
[01m[K/home/gaga/sad_ws/src/sad_pkg/src/motor_node.cpp:139:13:[m[K [01;31m[Kerror: [m[K‘[01m[KportHandler_[m[K’ was not declared in this scope
  139 |             [01;31m[KportHandler_[m[K, id,
      |             [01;31m[K^~~~~~~~~~~~[m[K
[01m[K/home/gaga/sad_ws/src/sad_pkg/src/motor_node.cpp:[m[K In member function ‘[01m[Kvoid MotorControlNode::sendToSTM32(const std::vector<double, std::allocator<double> >&)[m[K’:
[01m[K/home/gaga/sad_ws/src/sad_pkg/src/motor_node.cpp:169:9:[m[K [01;31m[Kerror: [m[K‘[01m[Kserial_[m[K’ was not declared in this scope; did you mean ‘[01m[Kserial[m[K’?
  169 |         [01;31m[Kserial_[m[K.write(pkt, 19);
      |         [01;31m[K^~~~~~~[m[K
      |         [32m[Kserial[m[K
[01m[K/home/gaga/sad_ws/src/sad_pkg/src/motor_node.cpp:[m[K In member function ‘[01m[Kvoid MotorControlNode::readFromSTM32()[m[K’:
[01m[K/home/gaga/sad_ws/src/sad_pkg/src/motor_node.cpp:177:24:[m[K [01;31m[Kerror: [m[K‘[01m[Kserial_[m[K’ was not declared in this scope; did you mean ‘[01m[Kserial[m[K’?
  177 |             size_t n = [01;31m[Kserial_[m[K.read(buf + r, N - r);
      |                        [01;31m[K^~~~~~~[m[K
      |                        [32m[Kserial[m[K
[01m[K/home/gaga/sad_ws/src/sad_pkg/src/motor_node.cpp:193:33:[m[K [01;31m[Kerror: [m[K‘[01m[Kprev_present_pos_[m[K’ was not declared in this scope
  193 |         int32_t raw_prev[2] = { [01;31m[Kprev_present_pos_[m[K[0], prev_present_pos_[1] };
      |                                 [01;31m[K^~~~~~~~~~~~~~~~~[m[K
[01m[K/home/gaga/sad_ws/src/sad_pkg/src/motor_node.cpp:199:27:[m[K [01;31m[Kerror: [m[K‘[01m[KpacketHandler_[m[K’ was not declared in this scope
  199 |         int comm_result = [01;31m[KpacketHandler_[m[K->read4ByteTxRx(
      |                           [01;31m[K^~~~~~~~~~~~~~[m[K
[01m[K/home/gaga/sad_ws/src/sad_pkg/src/motor_node.cpp:200:13:[m[K [01;31m[Kerror: [m[K‘[01m[KportHandler_[m[K’ was not declared in this scope
  200 |             [01;31m[KportHandler_[m[K, DXL_ID_1 + i,
      |             [01;31m[K^~~~~~~~~~~~[m[K
[01m[K/home/gaga/sad_ws/src/sad_pkg/src/motor_node.cpp:222:51:[m[K [01;31m[Kerror: [m[K‘[01m[Kcontrol_period_[m[K’ was not declared in this scope
  222 |             double vel = (delta * rad_per_tick) / [01;31m[Kcontrol_period_[m[K;
      |                                                   [01;31m[K^~~~~~~~~~~~~~~[m[K
[01m[K/home/gaga/sad_ws/src/sad_pkg/src/motor_node.cpp:228:28:[m[K [01;31m[Kerror: [m[K‘[01m[Khome_offset_[m[K’ was not declared in this scope
  228 |             (raw_prev[0] - [01;31m[Khome_offset_[m[K[0]) * rad_per_tick,
      |                            [01;31m[K^~~~~~~~~~~~[m[K
[01m[K/home/gaga/sad_ws/src/sad_pkg/src/motor_node.cpp:242:9:[m[K [01;31m[Kerror: [m[K‘[01m[Kfiltered_pos_rad_[m[K’ was not declared in this scope
  242 |         [01;31m[Kfiltered_pos_rad_[m[K[i] = alpha_ * curr_rad[i]
      |         [01;31m[K^~~~~~~~~~~~~~~~~[m[K
[01m[K/home/gaga/sad_ws/src/sad_pkg/src/motor_node.cpp:242:27:[m[K [01;31m[Kerror: [m[K‘[01m[Ki[m[K’ was not declared in this scope
  242 |         filtered_pos_rad_[[01;31m[Ki[m[K] = alpha_ * curr_rad[i]
      |                           [01;31m[K^[m[K
[01m[K/home/gaga/sad_ws/src/sad_pkg/src/motor_node.cpp:242:32:[m[K [01;31m[Kerror: [m[K‘[01m[Kalpha_[m[K’ was not declared in this scope; did you mean ‘[01m[Kisalpha_l[m[K’?
  242 |         filtered_pos_rad_[i] = [01;31m[Kalpha_[m[K * curr_rad[i]
      |                                [01;31m[K^~~~~~[m[K
      |                                [32m[Kisalpha_l[m[K
[01m[K/home/gaga/sad_ws/src/sad_pkg/src/motor_node.cpp:[m[K At global scope:
[01m[K/home/gaga/sad_ws/src/sad_pkg/src/motor_node.cpp:276:1:[m[K [01;31m[Kerror: [m[Kexpected declaration before ‘[01m[K}[m[K’ token
  276 | [01;31m[K}[m[K;
      | [01;31m[K^[m[K
gmake[2]: *** [CMakeFiles/motor_node.dir/build.make:76: CMakeFiles/motor_node.dir/src/motor_node.cpp.o] Error 1
gmake[1]: *** [CMakeFiles/Makefile2:389: CMakeFiles/motor_node.dir/all] Error 2
gmake: *** [Makefile:146: all] Error 2
