[0.029s] Invoking command in '/home/gaga/sad_ws/build/sad_pkg': CMAKE_PREFIX_PATH=/home/gaga/sad_ws/install/q_visualizer:/home/gaga/turtlebot3_ws/install/turtlebot3_teleop:/home/gaga/turtlebot3_ws/install/turtlebot3_example:/opt/ros/humble:/home/gaga/sad_ws/install/serial:/home/gaga/sad_ws/install/my_vision_msgs:/home/gaga/sad_ws/install:/home/gaga/sad_ws/install/sad_pkg:/home/gaga/sad_ws/install/mani_urdf:/home/gaga/turtlebot3_ws/install/turtlebot3:/home/gaga/turtlebot3_ws/install/turtlebot3_simulations:/home/gaga/turtlebot3_ws/install/turtlebot3_bringup:/home/gaga/turtlebot3_ws/install/turtlebot3_node:/home/gaga/turtlebot3_ws/install/turtlebot3_navigation2:/home/gaga/turtlebot3_ws/install/turtlebot3_fake_node:/home/gaga/turtlebot3_ws/install/robot_master:/home/gaga/turtlebot3_ws/install/turtlebot3_msgs:/home/gaga/turtlebot3_ws/install/turtlebot3_gazebo:/home/gaga/turtlebot3_ws/install/turtlebot3_description:/home/gaga/turtlebot3_ws/install/turtlebot3_cartographer:/home/gaga/turtlebot3_ws/install/robot_vision:/home/gaga/turtlebot3_ws/install/robot_navigation:/home/gaga/turtlebot3_ws/install/robot_msgs:/home/gaga/turtlebot3_ws/install/dynamixel_sdk_examples:/home/gaga/turtlebot3_ws/install/dynamixel_sdk_custom_interfaces:/home/gaga/turtlebot3_ws/install/dynamixel_sdk:/home/gaga/ssibal_ws/install/robot_msgs:/home/gaga/sad_ws/src/install/vision_msgs:/home/gaga/sad_ws/src/install/sad_pkg:/home/gaga/sad_ws/src/install/serial:/home/gaga/sad_ws/src/install/my_vision_msgs:/home/gaga/sad_ws/src/install/mani_urdf:/home/gaga/robotprograming_ws/install/rp_pkg:/home/gaga/sad_ws/src/sad_pkg/install/sad_pkg /usr/bin/cmake --build /home/gaga/sad_ws/build/sad_pkg -- -j20 -l20
[0.141s] [35m[1mConsolidate compiler generated dependencies of target motor_node[0m
[0.141s] [35m[1mConsolidate compiler generated dependencies of target real_inverse_node[0m
[0.174s] [ 55%] Built target spline_node
[0.179s] [ 55%] Built target obstacle_node
[0.179s] [ 60%] Built target map_node
[0.179s] [ 55%] Built target forward_node
[0.179s] [ 55%] Built target Inverse_node
[0.179s] [ 55%] Built target rrt_node
[0.180s] [ 70%] Built target path_test_node
[0.180s] [ 80%] Built target path_node
[0.191s] [ 85%] [32mBuilding CXX object CMakeFiles/motor_node.dir/src/motor_node.cpp.o[0m
[0.199s] [ 95%] Built target real_inverse_node
[4.304s] In file included from [01m[K/opt/ros/humble/include/rclcpp/rclcpp/client.hpp:40[m[K,
[4.304s]                  from [01m[K/opt/ros/humble/include/rclcpp/rclcpp/callback_group.hpp:24[m[K,
[4.304s]                  from [01m[K/opt/ros/humble/include/rclcpp/rclcpp/any_executable.hpp:20[m[K,
[4.304s]                  from [01m[K/opt/ros/humble/include/rclcpp/rclcpp/memory_strategy.hpp:25[m[K,
[4.304s]                  from [01m[K/opt/ros/humble/include/rclcpp/rclcpp/memory_strategies.hpp:18[m[K,
[4.304s]                  from [01m[K/opt/ros/humble/include/rclcpp/rclcpp/executor_options.hpp:20[m[K,
[4.304s]                  from [01m[K/opt/ros/humble/include/rclcpp/rclcpp/executor.hpp:37[m[K,
[4.304s]                  from [01m[K/opt/ros/humble/include/rclcpp/rclcpp/executors/multi_threaded_executor.hpp:25[m[K,
[4.304s]                  from [01m[K/opt/ros/humble/include/rclcpp/rclcpp/executors.hpp:21[m[K,
[4.304s]                  from [01m[K/opt/ros/humble/include/rclcpp/rclcpp/rclcpp.hpp:155[m[K,
[4.304s]                  from [01m[K/home/gaga/sad_ws/src/sad_pkg/src/motor_node.cpp:1[m[K:
[4.304s] [01m[K/home/gaga/sad_ws/src/sad_pkg/src/motor_node.cpp:247:9:[m[K [01;31m[Kerror: [m[Kexpected unqualified-id before ‘[01m[Kdo[m[K’
[4.304s]   247 |         [01;31m[KRCLCPP_INFO[m[K(get_logger(),
[4.305s]       |         [01;31m[K^~~~~~~~~~~[m[K
[4.305s] [01m[K/home/gaga/sad_ws/src/sad_pkg/src/motor_node.cpp:247:9:[m[K [01;31m[Kerror: [m[Kexpected unqualified-id before ‘[01m[Kwhile[m[K’
[4.305s]   247 |         [01;31m[KRCLCPP_INFO[m[K(get_logger(),
[4.305s]       |         [01;31m[K^~~~~~~~~~~[m[K
[4.305s] [01m[K/home/gaga/sad_ws/src/sad_pkg/src/motor_node.cpp:251:9:[m[K [01;31m[Kerror: [m[Kexpected unqualified-id before ‘[01m[Kdo[m[K’
[4.305s]   251 |         [01;31m[KRCLCPP_INFO[m[K(get_logger(),
[4.305s]       |         [01;31m[K^~~~~~~~~~~[m[K
[4.305s] [01m[K/home/gaga/sad_ws/src/sad_pkg/src/motor_node.cpp:251:9:[m[K [01;31m[Kerror: [m[Kexpected unqualified-id before ‘[01m[Kwhile[m[K’
[4.305s]   251 |         [01;31m[KRCLCPP_INFO[m[K(get_logger(),
[4.305s]       |         [01;31m[K^~~~~~~~~~~[m[K
[4.305s] [01m[K/home/gaga/sad_ws/src/sad_pkg/src/motor_node.cpp:257:9:[m[K [01;31m[Kerror: [m[Kexpected unqualified-id before ‘[01m[Kdo[m[K’
[4.305s]   257 |         [01;31m[KRCLCPP_INFO[m[K(get_logger(),
[4.305s]       |         [01;31m[K^~~~~~~~~~~[m[K
[4.305s] [01m[K/home/gaga/sad_ws/src/sad_pkg/src/motor_node.cpp:257:9:[m[K [01;31m[Kerror: [m[Kexpected unqualified-id before ‘[01m[Kwhile[m[K’
[4.305s]   257 |         [01;31m[KRCLCPP_INFO[m[K(get_logger(),
[4.305s]       |         [01;31m[K^~~~~~~~~~~[m[K
[4.308s] [01m[K/home/gaga/sad_ws/src/sad_pkg/src/motor_node.cpp:261:9:[m[K [01;31m[Kerror: [m[K‘[01m[Kcurrent_qdot_pub_[m[K’ does not name a type
[4.308s]   261 |         [01;31m[Kcurrent_qdot_pub_[m[K->publish(msg);
[4.308s]       |         [01;31m[K^~~~~~~~~~~~~~~~~[m[K
[4.309s] [01m[K/home/gaga/sad_ws/src/sad_pkg/src/motor_node.cpp:262:6:[m[K [01;31m[Kerror: [m[Kexpected ‘[01m[K;[m[K’ after class definition
[4.309s]   262 |     }
[4.309s]       |      [01;31m[K^[m[K
[4.309s]       |      [32m[K;[m[K
[4.320s] [01m[K/home/gaga/sad_ws/src/sad_pkg/src/motor_node.cpp:[m[K In constructor ‘[01m[KMotorControlNode::MotorControlNode()[m[K’:
[4.320s] [01m[K/home/gaga/sad_ws/src/sad_pkg/src/motor_node.cpp:22:9:[m[K [01;31m[Kerror: [m[K‘[01m[KportHandler_[m[K’ was not declared in this scope
[4.320s]    22 |         [01;31m[KportHandler_[m[K = dynamixel::PortHandler::getPortHandler("/dev/ttyUSB0");
[4.320s]       |         [01;31m[K^~~~~~~~~~~~[m[K
[4.329s] [01m[K/home/gaga/sad_ws/src/sad_pkg/src/motor_node.cpp:23:9:[m[K [01;31m[Kerror: [m[K‘[01m[KpacketHandler_[m[K’ was not declared in this scope
[4.330s]    23 |         [01;31m[KpacketHandler_[m[K = dynamixel::PacketHandler::getPacketHandler(PROTOCOL_VERSION);
[4.330s]       |         [01;31m[K^~~~~~~~~~~~~~[m[K
[4.337s] [01m[K/home/gaga/sad_ws/src/sad_pkg/src/motor_node.cpp:47:13:[m[K [01;31m[Kerror: [m[K‘[01m[Kserial_[m[K’ was not declared in this scope; did you mean ‘[01m[Kserial[m[K’?
[4.337s]    47 |             [01;31m[Kserial_[m[K.setPort("/dev/ttyUSB2");
[4.337s]       |             [01;31m[K^~~~~~~[m[K
[4.337s]       |             [32m[Kserial[m[K
[4.345s] [01m[K/home/gaga/sad_ws/src/sad_pkg/src/motor_node.cpp:57:9:[m[K [01;31m[Kerror: [m[K‘[01m[Kdq_sub_[m[K’ was not declared in this scope; did you mean ‘[01m[Kdsubl[m[K’?
[4.345s]    57 |         [01;31m[Kdq_sub_[m[K = this->create_subscription<std_msgs::msg::Float64MultiArray>(
[4.345s]       |         [01;31m[K^~~~~~~[m[K
[4.345s]       |         [32m[Kdsubl[m[K
[4.432s] [01m[K/home/gaga/sad_ws/src/sad_pkg/src/motor_node.cpp:62:9:[m[K [01;31m[Kerror: [m[K‘[01m[Kcurrent_qdot_pub_[m[K’ was not declared in this scope
[4.433s]    62 |         [01;31m[Kcurrent_qdot_pub_[m[K = this->create_publisher<std_msgs::msg::Float64MultiArray>(
[4.433s]       |         [01;31m[K^~~~~~~~~~~~~~~~~[m[K
[4.453s] [01m[K/home/gaga/sad_ws/src/sad_pkg/src/motor_node.cpp:[m[K In destructor ‘[01m[Kvirtual MotorControlNode::~MotorControlNode()[m[K’:
[4.453s] [01m[K/home/gaga/sad_ws/src/sad_pkg/src/motor_node.cpp:78:9:[m[K [01;31m[Kerror: [m[K‘[01m[KpacketHandler_[m[K’ was not declared in this scope
[4.453s]    78 |         [01;31m[KpacketHandler_[m[K->write1ByteTxRx(portHandler_, DXL_ID_1, ADDR_TORQUE_ENABLE, 0, &dxl_error);
[4.453s]       |         [01;31m[K^~~~~~~~~~~~~~[m[K
[4.464s] [01m[K/home/gaga/sad_ws/src/sad_pkg/src/motor_node.cpp:78:40:[m[K [01;31m[Kerror: [m[K‘[01m[KportHandler_[m[K’ was not declared in this scope
[4.464s]    78 |         packetHandler_->write1ByteTxRx([01;31m[KportHandler_[m[K, DXL_ID_1, ADDR_TORQUE_ENABLE, 0, &dxl_error);
[4.464s]       |                                        [01;31m[K^~~~~~~~~~~~[m[K
[4.472s] [01m[K/home/gaga/sad_ws/src/sad_pkg/src/motor_node.cpp:81:13:[m[K [01;31m[Kerror: [m[K‘[01m[Kserial_[m[K’ was not declared in this scope; did you mean ‘[01m[Kserial[m[K’?
[4.472s]    81 |         if ([01;31m[Kserial_[m[K.isOpen()) serial_.close();
[4.472s]       |             [01;31m[K^~~~~~~[m[K
[4.472s]       |             [32m[Kserial[m[K
[4.482s] [01m[K/home/gaga/sad_ws/src/sad_pkg/src/motor_node.cpp:[m[K In member function ‘[01m[Kvoid MotorControlNode::initDynamixelPositions()[m[K’:
[4.483s] [01m[K/home/gaga/sad_ws/src/sad_pkg/src/motor_node.cpp:89:31:[m[K [01;31m[Kerror: [m[K‘[01m[KpacketHandler_[m[K’ was not declared in this scope
[4.483s]    89 |             int comm_result = [01;31m[KpacketHandler_[m[K->read4ByteTxRx(
[4.483s]       |                               [01;31m[K^~~~~~~~~~~~~~[m[K
[4.490s] [01m[K/home/gaga/sad_ws/src/sad_pkg/src/motor_node.cpp:90:17:[m[K [01;31m[Kerror: [m[K‘[01m[KportHandler_[m[K’ was not declared in this scope
[4.490s]    90 |                 [01;31m[KportHandler_[m[K, DXL_ID_1 + i,
[4.490s]       |                 [01;31m[K^~~~~~~~~~~~[m[K
[4.501s] [01m[K/home/gaga/sad_ws/src/sad_pkg/src/motor_node.cpp:100:13:[m[K [01;31m[Kerror: [m[K‘[01m[Kcurrent_goal_pos_[m[K’ was not declared in this scope
[4.501s]   100 |             [01;31m[Kcurrent_goal_pos_[m[K[i] = pos;
[4.501s]       |             [01;31m[K^~~~~~~~~~~~~~~~~[m[K
[4.509s] [01m[K/home/gaga/sad_ws/src/sad_pkg/src/motor_node.cpp:101:13:[m[K [01;31m[Kerror: [m[K‘[01m[Kprev_present_pos_[m[K’ was not declared in this scope
[4.509s]   101 |             [01;31m[Kprev_present_pos_[m[K[i] = pos;
[4.509s]       |             [01;31m[K^~~~~~~~~~~~~~~~~[m[K
[4.518s] [01m[K/home/gaga/sad_ws/src/sad_pkg/src/motor_node.cpp:102:13:[m[K [01;31m[Kerror: [m[K‘[01m[Khome_offset_[m[K’ was not declared in this scope
[4.518s]   102 |             [01;31m[Khome_offset_[m[K[i] = pos;  // ✅ home 기준 설정
[4.518s]       |             [01;31m[K^~~~~~~~~~~~[m[K
[4.538s] [01m[K/home/gaga/sad_ws/src/sad_pkg/src/motor_node.cpp:[m[K In member function ‘[01m[Kvoid MotorControlNode::dq_callback(std_msgs::msg::Float64MultiArray_<std::allocator<void> >::SharedPtr)[m[K’:
[4.538s] [01m[K/home/gaga/sad_ws/src/sad_pkg/src/motor_node.cpp:122:25:[m[K [01;31m[Kerror: [m[K‘[01m[Kcontrol_period_[m[K’ was not declared in this scope
[4.538s]   122 |             double dt = [01;31m[Kcontrol_period_[m[K;
[4.538s]       |                         [01;31m[K^~~~~~~~~~~~~~~[m[K
[4.548s] [01m[K/home/gaga/sad_ws/src/sad_pkg/src/motor_node.cpp:125:13:[m[K [01;31m[Kerror: [m[K‘[01m[Kcurrent_goal_pos_[m[K’ was not declared in this scope
[4.548s]   125 |             [01;31m[Kcurrent_goal_pos_[m[K[i] += d_ticks;
[4.548s]       |             [01;31m[K^~~~~~~~~~~~~~~~~[m[K
[4.558s] [01m[K/home/gaga/sad_ws/src/sad_pkg/src/motor_node.cpp:[m[K In member function ‘[01m[Kvoid MotorControlNode::setDynamixelPosition(uint8_t, int32_t)[m[K’:
[4.559s] [01m[K/home/gaga/sad_ws/src/sad_pkg/src/motor_node.cpp:138:27:[m[K [01;31m[Kerror: [m[K‘[01m[KpacketHandler_[m[K’ was not declared in this scope
[4.559s]   138 |         int comm_result = [01;31m[KpacketHandler_[m[K->write4ByteTxRx(
[4.559s]       |                           [01;31m[K^~~~~~~~~~~~~~[m[K
[4.567s] [01m[K/home/gaga/sad_ws/src/sad_pkg/src/motor_node.cpp:139:13:[m[K [01;31m[Kerror: [m[K‘[01m[KportHandler_[m[K’ was not declared in this scope
[4.567s]   139 |             [01;31m[KportHandler_[m[K, id,
[4.567s]       |             [01;31m[K^~~~~~~~~~~~[m[K
[4.577s] [01m[K/home/gaga/sad_ws/src/sad_pkg/src/motor_node.cpp:[m[K In member function ‘[01m[Kvoid MotorControlNode::sendToSTM32(const std::vector<double, std::allocator<double> >&)[m[K’:
[4.577s] [01m[K/home/gaga/sad_ws/src/sad_pkg/src/motor_node.cpp:169:9:[m[K [01;31m[Kerror: [m[K‘[01m[Kserial_[m[K’ was not declared in this scope; did you mean ‘[01m[Kserial[m[K’?
[4.577s]   169 |         [01;31m[Kserial_[m[K.write(pkt, 19);
[4.577s]       |         [01;31m[K^~~~~~~[m[K
[4.577s]       |         [32m[Kserial[m[K
[4.586s] [01m[K/home/gaga/sad_ws/src/sad_pkg/src/motor_node.cpp:[m[K In member function ‘[01m[Kvoid MotorControlNode::readFromSTM32()[m[K’:
[4.586s] [01m[K/home/gaga/sad_ws/src/sad_pkg/src/motor_node.cpp:177:24:[m[K [01;31m[Kerror: [m[K‘[01m[Kserial_[m[K’ was not declared in this scope; did you mean ‘[01m[Kserial[m[K’?
[4.586s]   177 |             size_t n = [01;31m[Kserial_[m[K.read(buf + r, N - r);
[4.586s]       |                        [01;31m[K^~~~~~~[m[K
[4.586s]       |                        [32m[Kserial[m[K
[4.596s] [01m[K/home/gaga/sad_ws/src/sad_pkg/src/motor_node.cpp:193:33:[m[K [01;31m[Kerror: [m[K‘[01m[Kprev_present_pos_[m[K’ was not declared in this scope
[4.596s]   193 |         int32_t raw_prev[2] = { [01;31m[Kprev_present_pos_[m[K[0], prev_present_pos_[1] };
[4.596s]       |                                 [01;31m[K^~~~~~~~~~~~~~~~~[m[K
[4.605s] [01m[K/home/gaga/sad_ws/src/sad_pkg/src/motor_node.cpp:199:27:[m[K [01;31m[Kerror: [m[K‘[01m[KpacketHandler_[m[K’ was not declared in this scope
[4.605s]   199 |         int comm_result = [01;31m[KpacketHandler_[m[K->read4ByteTxRx(
[4.605s]       |                           [01;31m[K^~~~~~~~~~~~~~[m[K
[4.612s] [01m[K/home/gaga/sad_ws/src/sad_pkg/src/motor_node.cpp:200:13:[m[K [01;31m[Kerror: [m[K‘[01m[KportHandler_[m[K’ was not declared in this scope
[4.612s]   200 |             [01;31m[KportHandler_[m[K, DXL_ID_1 + i,
[4.612s]       |             [01;31m[K^~~~~~~~~~~~[m[K
[4.624s] [01m[K/home/gaga/sad_ws/src/sad_pkg/src/motor_node.cpp:222:51:[m[K [01;31m[Kerror: [m[K‘[01m[Kcontrol_period_[m[K’ was not declared in this scope
[4.624s]   222 |             double vel = (delta * rad_per_tick) / [01;31m[Kcontrol_period_[m[K;
[4.624s]       |                                                   [01;31m[K^~~~~~~~~~~~~~~[m[K
[4.634s] [01m[K/home/gaga/sad_ws/src/sad_pkg/src/motor_node.cpp:228:28:[m[K [01;31m[Kerror: [m[K‘[01m[Khome_offset_[m[K’ was not declared in this scope
[4.634s]   228 |             (raw_prev[0] - [01;31m[Khome_offset_[m[K[0]) * rad_per_tick,
[4.634s]       |                            [01;31m[K^~~~~~~~~~~~[m[K
[4.644s] [01m[K/home/gaga/sad_ws/src/sad_pkg/src/motor_node.cpp:242:9:[m[K [01;31m[Kerror: [m[K‘[01m[Kfiltered_pos_rad_[m[K’ was not declared in this scope
[4.644s]   242 |         [01;31m[Kfiltered_pos_rad_[m[K[i] = alpha_ * curr_rad[i]
[4.644s]       |         [01;31m[K^~~~~~~~~~~~~~~~~[m[K
[4.650s] [01m[K/home/gaga/sad_ws/src/sad_pkg/src/motor_node.cpp:242:27:[m[K [01;31m[Kerror: [m[K‘[01m[Ki[m[K’ was not declared in this scope
[4.650s]   242 |         filtered_pos_rad_[[01;31m[Ki[m[K] = alpha_ * curr_rad[i]
[4.650s]       |                           [01;31m[K^[m[K
[4.657s] [01m[K/home/gaga/sad_ws/src/sad_pkg/src/motor_node.cpp:242:32:[m[K [01;31m[Kerror: [m[K‘[01m[Kalpha_[m[K’ was not declared in this scope; did you mean ‘[01m[Kisalpha_l[m[K’?
[4.657s]   242 |         filtered_pos_rad_[i] = [01;31m[Kalpha_[m[K * curr_rad[i]
[4.657s]       |                                [01;31m[K^~~~~~[m[K
[4.657s]       |                                [32m[Kisalpha_l[m[K
[4.660s] [01m[K/home/gaga/sad_ws/src/sad_pkg/src/motor_node.cpp:[m[K At global scope:
[4.661s] [01m[K/home/gaga/sad_ws/src/sad_pkg/src/motor_node.cpp:276:1:[m[K [01;31m[Kerror: [m[Kexpected declaration before ‘[01m[K}[m[K’ token
[4.661s]   276 | [01;31m[K}[m[K;
[4.661s]       | [01;31m[K^[m[K
[9.472s] gmake[2]: *** [CMakeFiles/motor_node.dir/build.make:76: CMakeFiles/motor_node.dir/src/motor_node.cpp.o] Error 1
[9.473s] gmake[1]: *** [CMakeFiles/Makefile2:389: CMakeFiles/motor_node.dir/all] Error 2
[9.473s] gmake: *** [Makefile:146: all] Error 2
[9.481s] Invoked command in '/home/gaga/sad_ws/build/sad_pkg' returned '2': CMAKE_PREFIX_PATH=/home/gaga/sad_ws/install/q_visualizer:/home/gaga/turtlebot3_ws/install/turtlebot3_teleop:/home/gaga/turtlebot3_ws/install/turtlebot3_example:/opt/ros/humble:/home/gaga/sad_ws/install/serial:/home/gaga/sad_ws/install/my_vision_msgs:/home/gaga/sad_ws/install:/home/gaga/sad_ws/install/sad_pkg:/home/gaga/sad_ws/install/mani_urdf:/home/gaga/turtlebot3_ws/install/turtlebot3:/home/gaga/turtlebot3_ws/install/turtlebot3_simulations:/home/gaga/turtlebot3_ws/install/turtlebot3_bringup:/home/gaga/turtlebot3_ws/install/turtlebot3_node:/home/gaga/turtlebot3_ws/install/turtlebot3_navigation2:/home/gaga/turtlebot3_ws/install/turtlebot3_fake_node:/home/gaga/turtlebot3_ws/install/robot_master:/home/gaga/turtlebot3_ws/install/turtlebot3_msgs:/home/gaga/turtlebot3_ws/install/turtlebot3_gazebo:/home/gaga/turtlebot3_ws/install/turtlebot3_description:/home/gaga/turtlebot3_ws/install/turtlebot3_cartographer:/home/gaga/turtlebot3_ws/install/robot_vision:/home/gaga/turtlebot3_ws/install/robot_navigation:/home/gaga/turtlebot3_ws/install/robot_msgs:/home/gaga/turtlebot3_ws/install/dynamixel_sdk_examples:/home/gaga/turtlebot3_ws/install/dynamixel_sdk_custom_interfaces:/home/gaga/turtlebot3_ws/install/dynamixel_sdk:/home/gaga/ssibal_ws/install/robot_msgs:/home/gaga/sad_ws/src/install/vision_msgs:/home/gaga/sad_ws/src/install/sad_pkg:/home/gaga/sad_ws/src/install/serial:/home/gaga/sad_ws/src/install/my_vision_msgs:/home/gaga/sad_ws/src/install/mani_urdf:/home/gaga/robotprograming_ws/install/rp_pkg:/home/gaga/sad_ws/src/sad_pkg/install/sad_pkg /usr/bin/cmake --build /home/gaga/sad_ws/build/sad_pkg -- -j20 -l20
