[0.025s] Invoking command in '/home/gaga/sad_ws/build/sad_pkg': CMAKE_PREFIX_PATH=/home/gaga/sad_ws/install/q_visualizer:/opt/ros/humble:/home/gaga/sad_ws/install/serial:/home/gaga/sad_ws/install/my_vision_msgs:/home/gaga/sad_ws/install:/home/gaga/sad_ws/install/sad_pkg:/home/gaga/sad_ws/install/mani_urdf:/home/gaga/ssibal_ws/install/robot_msgs:/home/gaga/sad_ws/src/install/vision_msgs:/home/gaga/sad_ws/src/install/sad_pkg:/home/gaga/sad_ws/src/install/serial:/home/gaga/sad_ws/src/install/my_vision_msgs:/home/gaga/sad_ws/src/install/mani_urdf:/home/gaga/robotprograming_ws/install/rp_pkg:/home/gaga/sad_ws/src/sad_pkg/install/sad_pkg /usr/bin/cmake --build /home/gaga/sad_ws/build/sad_pkg -- -j20 -l20
[0.116s] [35m[1mConsolidate compiler generated dependencies of target Inverse_node[0m
[0.149s] [ 40%] Built target path_test_node
[0.150s] [ 40%] Built target forward_node
[0.150s] [ 40%] Built target rrt_node
[0.150s] [ 50%] Built target map_node
[0.150s] [ 60%] Built target obstacle_node
[0.150s] [ 40%] Built target motor_node
[0.150s] [ 80%] Built target spline_node
[0.150s] [ 85%] Built target real_inverse_node
[0.150s] [ 90%] Built target path_node
[0.169s] [ 95%] [32mBuilding CXX object CMakeFiles/Inverse_node.dir/src/Inverse_node.cpp.o[0m
[7.438s] [01m[K/home/gaga/sad_ws/src/sad_pkg/src/Inverse_node.cpp:[m[K In member function ‘[01m[Kvoid ManipulatorNode::timerCallback()[m[K’:
[7.438s] [01m[K/home/gaga/sad_ws/src/sad_pkg/src/Inverse_node.cpp:398:75:[m[K [01;31m[Kerror: [m[K‘[01m[Kdt[m[K’ was not declared in this scope; did you mean ‘[01m[Kd7[m[K’?
[7.438s]   398 |         Eigen::Vector3d desired_velocity_orientation = axis * angle_rad / [01;31m[Kdt[m[K;
[7.438s]       |                                                                           [01;31m[K^~[m[K
[7.438s]       |                                                                           [32m[Kd7[m[K
[7.438s] [01m[K/home/gaga/sad_ws/src/sad_pkg/src/Inverse_node.cpp:404:25:[m[K [01;31m[Kerror: [m[Kredeclaration of ‘[01m[KEigen::Vector3d desired_velocity_orientation[m[K’
[7.439s]   404 |         Eigen::Vector3d [01;31m[Kdesired_velocity_orientation[m[K = axis * angle_rad / dt;
[7.439s]       |                         [01;31m[K^~~~~~~~~~~~~~~~~~~~~~~~~~~~[m[K
[7.439s] [01m[K/home/gaga/sad_ws/src/sad_pkg/src/Inverse_node.cpp:398:25:[m[K [01;36m[Knote: [m[K‘[01m[KEigen::Vector3d desired_velocity_orientation[m[K’ previously declared here
[7.439s]   398 |         Eigen::Vector3d [01;36m[Kdesired_velocity_orientation[m[K = axis * angle_rad / dt;
[7.439s]       |                         [01;36m[K^~~~~~~~~~~~~~~~~~~~~~~~~~~~[m[K
[21.632s] gmake[2]: *** [CMakeFiles/Inverse_node.dir/build.make:76: CMakeFiles/Inverse_node.dir/src/Inverse_node.cpp.o] Error 1
[21.632s] gmake[1]: *** [CMakeFiles/Makefile2:337: CMakeFiles/Inverse_node.dir/all] Error 2
[21.632s] gmake: *** [Makefile:146: all] Error 2
[21.634s] Invoked command in '/home/gaga/sad_ws/build/sad_pkg' returned '2': CMAKE_PREFIX_PATH=/home/gaga/sad_ws/install/q_visualizer:/opt/ros/humble:/home/gaga/sad_ws/install/serial:/home/gaga/sad_ws/install/my_vision_msgs:/home/gaga/sad_ws/install:/home/gaga/sad_ws/install/sad_pkg:/home/gaga/sad_ws/install/mani_urdf:/home/gaga/ssibal_ws/install/robot_msgs:/home/gaga/sad_ws/src/install/vision_msgs:/home/gaga/sad_ws/src/install/sad_pkg:/home/gaga/sad_ws/src/install/serial:/home/gaga/sad_ws/src/install/my_vision_msgs:/home/gaga/sad_ws/src/install/mani_urdf:/home/gaga/robotprograming_ws/install/rp_pkg:/home/gaga/sad_ws/src/sad_pkg/install/sad_pkg /usr/bin/cmake --build /home/gaga/sad_ws/build/sad_pkg -- -j20 -l20
