[0.024s] Invoking command in '/home/gaga/sad_ws/build/vision_msgs': CMAKE_PREFIX_PATH=/home/gaga/sad_ws/install:/home/gaga/sad_ws/install/sad_pkg:/home/gaga/sad_ws/install/harvest_master:/home/gaga/sad_ws/install/vision_msgs:/home/gaga/sad_ws/install/q_visualizer:/opt/ros/humble:/home/gaga/sad_ws/install/serial:/home/gaga/sad_ws/install/mani_urdf:/home/gaga/sad_ws/install/harvest_go:/home/gaga/ssibal_ws/install/robot_msgs:/home/gaga/robotprograming_ws/install/rp_pkg /usr/bin/cmake --build /home/gaga/sad_ws/build/vision_msgs -- -j20 -l20
[0.063s] [ 10%] Built target vision_msgs__rosidl_generator_c
[0.064s] [ 12%] Built target vision_msgs__cpp
[0.070s] [ 12%] Built target ament_cmake_python_copy_vision_msgs
[0.078s] [ 23%] Built target vision_msgs__rosidl_typesupport_c
[0.078s] [ 34%] Built target vision_msgs__rosidl_typesupport_introspection_c
[0.082s] [ 56%] Built target vision_msgs__rosidl_typesupport_introspection_cpp
[0.082s] [ 56%] Built target vision_msgs__rosidl_typesupport_cpp
[0.082s] [ 67%] Built target vision_msgs__rosidl_typesupport_fastrtps_c
[0.084s] [ 78%] Built target vision_msgs__rosidl_typesupport_fastrtps_cpp
[0.099s] [ 78%] Built target vision_msgs
[0.115s] [ 80%] Built target vision_msgs__py
[0.136s] [ 89%] Built target vision_msgs__rosidl_generator_py
[0.153s] [ 92%] Built target vision_msgs__rosidl_typesupport_c__pyext
[0.154s] [100%] Built target vision_msgs__rosidl_typesupport_fastrtps_c__pyext
[0.154s] [100%] Built target vision_msgs__rosidl_typesupport_introspection_c__pyext
[0.210s] running egg_info
[0.211s] writing vision_msgs.egg-info/PKG-INFO
[0.211s] writing dependency_links to vision_msgs.egg-info/dependency_links.txt
[0.211s] writing top-level names to vision_msgs.egg-info/top_level.txt
[0.214s] reading manifest file 'vision_msgs.egg-info/SOURCES.txt'
[0.214s] writing manifest file 'vision_msgs.egg-info/SOURCES.txt'
[0.291s] [100%] Built target ament_cmake_python_build_vision_msgs_egg
[0.315s] Invoked command in '/home/gaga/sad_ws/build/vision_msgs' returned '0': CMAKE_PREFIX_PATH=/home/gaga/sad_ws/install:/home/gaga/sad_ws/install/sad_pkg:/home/gaga/sad_ws/install/harvest_master:/home/gaga/sad_ws/install/vision_msgs:/home/gaga/sad_ws/install/q_visualizer:/opt/ros/humble:/home/gaga/sad_ws/install/serial:/home/gaga/sad_ws/install/mani_urdf:/home/gaga/sad_ws/install/harvest_go:/home/gaga/ssibal_ws/install/robot_msgs:/home/gaga/robotprograming_ws/install/rp_pkg /usr/bin/cmake --build /home/gaga/sad_ws/build/vision_msgs -- -j20 -l20
[0.319s] Invoking command in '/home/gaga/sad_ws/build/vision_msgs': CMAKE_PREFIX_PATH=/home/gaga/sad_ws/install:/home/gaga/sad_ws/install/sad_pkg:/home/gaga/sad_ws/install/harvest_master:/home/gaga/sad_ws/install/vision_msgs:/home/gaga/sad_ws/install/q_visualizer:/opt/ros/humble:/home/gaga/sad_ws/install/serial:/home/gaga/sad_ws/install/mani_urdf:/home/gaga/sad_ws/install/harvest_go:/home/gaga/ssibal_ws/install/robot_msgs:/home/gaga/robotprograming_ws/install/rp_pkg /usr/bin/cmake --install /home/gaga/sad_ws/build/vision_msgs
[0.334s] -- Install configuration: ""
[0.334s] -- Up-to-date: /home/gaga/sad_ws/install/vision_msgs/share/ament_index/resource_index/rosidl_interfaces/vision_msgs
[0.334s] -- Up-to-date: /home/gaga/sad_ws/install/vision_msgs/include/vision_msgs/vision_msgs
[0.334s] -- Up-to-date: /home/gaga/sad_ws/install/vision_msgs/include/vision_msgs/vision_msgs/msg
[0.335s] -- Up-to-date: /home/gaga/sad_ws/install/vision_msgs/include/vision_msgs/vision_msgs/msg/detected_crop.h
[0.335s] -- Up-to-date: /home/gaga/sad_ws/install/vision_msgs/include/vision_msgs/vision_msgs/msg/rosidl_generator_c__visibility_control.h
[0.335s] -- Up-to-date: /home/gaga/sad_ws/install/vision_msgs/include/vision_msgs/vision_msgs/msg/crop_pose.h
[0.335s] -- Up-to-date: /home/gaga/sad_ws/install/vision_msgs/include/vision_msgs/vision_msgs/msg/harvest_ordering.h
[0.335s] -- Up-to-date: /home/gaga/sad_ws/install/vision_msgs/include/vision_msgs/vision_msgs/msg/detail
[0.335s] -- Up-to-date: /home/gaga/sad_ws/install/vision_msgs/include/vision_msgs/vision_msgs/msg/detail/detected_crop__functions.c
[0.335s] -- Up-to-date: /home/gaga/sad_ws/install/vision_msgs/include/vision_msgs/vision_msgs/msg/detail/detected_crop_array__struct.h
[0.335s] -- Up-to-date: /home/gaga/sad_ws/install/vision_msgs/include/vision_msgs/vision_msgs/msg/detail/detected_crop_array__functions.c
[0.335s] -- Up-to-date: /home/gaga/sad_ws/install/vision_msgs/include/vision_msgs/vision_msgs/msg/detail/crop_pose__struct.h
[0.335s] -- Up-to-date: /home/gaga/sad_ws/install/vision_msgs/include/vision_msgs/vision_msgs/msg/detail/harvest_ordering__functions.c
[0.335s] -- Up-to-date: /home/gaga/sad_ws/install/vision_msgs/include/vision_msgs/vision_msgs/msg/detail/detected_crop__struct.h
[0.335s] -- Up-to-date: /home/gaga/sad_ws/install/vision_msgs/include/vision_msgs/vision_msgs/msg/detail/harvest_ordering__struct.h
[0.335s] -- Up-to-date: /home/gaga/sad_ws/install/vision_msgs/include/vision_msgs/vision_msgs/msg/detail/harvest_ordering__functions.h
[0.335s] -- Up-to-date: /home/gaga/sad_ws/install/vision_msgs/include/vision_msgs/vision_msgs/msg/detail/harvest_ordering__type_support.h
[0.335s] -- Up-to-date: /home/gaga/sad_ws/install/vision_msgs/include/vision_msgs/vision_msgs/msg/detail/detected_crop__functions.h
[0.335s] -- Up-to-date: /home/gaga/sad_ws/install/vision_msgs/include/vision_msgs/vision_msgs/msg/detail/detected_crop__type_support.h
[0.335s] -- Up-to-date: /home/gaga/sad_ws/install/vision_msgs/include/vision_msgs/vision_msgs/msg/detail/crop_pose__functions.c
[0.335s] -- Up-to-date: /home/gaga/sad_ws/install/vision_msgs/include/vision_msgs/vision_msgs/msg/detail/crop_pose__type_support.h
[0.335s] -- Up-to-date: /home/gaga/sad_ws/install/vision_msgs/include/vision_msgs/vision_msgs/msg/detail/detected_crop_array__functions.h
[0.335s] -- Up-to-date: /home/gaga/sad_ws/install/vision_msgs/include/vision_msgs/vision_msgs/msg/detail/crop_pose__functions.h
[0.335s] -- Up-to-date: /home/gaga/sad_ws/install/vision_msgs/include/vision_msgs/vision_msgs/msg/detail/detected_crop_array__type_support.h
[0.335s] -- Up-to-date: /home/gaga/sad_ws/install/vision_msgs/include/vision_msgs/vision_msgs/msg/detected_crop_array.h
[0.335s] -- Up-to-date: /home/gaga/sad_ws/install/vision_msgs/share/vision_msgs/environment/library_path.sh
[0.335s] -- Up-to-date: /home/gaga/sad_ws/install/vision_msgs/share/vision_msgs/environment/library_path.dsv
[0.335s] -- Up-to-date: /home/gaga/sad_ws/install/vision_msgs/lib/libvision_msgs__rosidl_generator_c.so
[0.335s] -- Up-to-date: /home/gaga/sad_ws/install/vision_msgs/include/vision_msgs/vision_msgs
[0.336s] -- Up-to-date: /home/gaga/sad_ws/install/vision_msgs/include/vision_msgs/vision_msgs/msg
[0.336s] -- Up-to-date: /home/gaga/sad_ws/install/vision_msgs/include/vision_msgs/vision_msgs/msg/rosidl_typesupport_fastrtps_c__visibility_control.h
[0.336s] -- Up-to-date: /home/gaga/sad_ws/install/vision_msgs/include/vision_msgs/vision_msgs/msg/detail
[0.336s] -- Up-to-date: /home/gaga/sad_ws/install/vision_msgs/include/vision_msgs/vision_msgs/msg/detail/crop_pose__rosidl_typesupport_fastrtps_c.h
[0.336s] -- Up-to-date: /home/gaga/sad_ws/install/vision_msgs/include/vision_msgs/vision_msgs/msg/detail/detected_crop_array__rosidl_typesupport_fastrtps_c.h
[0.336s] -- Up-to-date: /home/gaga/sad_ws/install/vision_msgs/include/vision_msgs/vision_msgs/msg/detail/harvest_ordering__rosidl_typesupport_fastrtps_c.h
[0.336s] -- Up-to-date: /home/gaga/sad_ws/install/vision_msgs/include/vision_msgs/vision_msgs/msg/detail/detected_crop__rosidl_typesupport_fastrtps_c.h
[0.336s] -- Up-to-date: /home/gaga/sad_ws/install/vision_msgs/lib/libvision_msgs__rosidl_typesupport_fastrtps_c.so
[0.336s] -- Up-to-date: /home/gaga/sad_ws/install/vision_msgs/include/vision_msgs/vision_msgs
[0.336s] -- Up-to-date: /home/gaga/sad_ws/install/vision_msgs/include/vision_msgs/vision_msgs/msg
[0.336s] -- Up-to-date: /home/gaga/sad_ws/install/vision_msgs/include/vision_msgs/vision_msgs/msg/rosidl_generator_cpp__visibility_control.hpp
[0.336s] -- Up-to-date: /home/gaga/sad_ws/install/vision_msgs/include/vision_msgs/vision_msgs/msg/detected_crop.hpp
[0.336s] -- Up-to-date: /home/gaga/sad_ws/install/vision_msgs/include/vision_msgs/vision_msgs/msg/harvest_ordering.hpp
[0.336s] -- Up-to-date: /home/gaga/sad_ws/install/vision_msgs/include/vision_msgs/vision_msgs/msg/detected_crop_array.hpp
[0.336s] -- Up-to-date: /home/gaga/sad_ws/install/vision_msgs/include/vision_msgs/vision_msgs/msg/detail
[0.336s] -- Up-to-date: /home/gaga/sad_ws/install/vision_msgs/include/vision_msgs/vision_msgs/msg/detail/detected_crop__builder.hpp
[0.336s] -- Up-to-date: /home/gaga/sad_ws/install/vision_msgs/include/vision_msgs/vision_msgs/msg/detail/detected_crop__traits.hpp
[0.336s] -- Up-to-date: /home/gaga/sad_ws/install/vision_msgs/include/vision_msgs/vision_msgs/msg/detail/detected_crop_array__builder.hpp
[0.336s] -- Up-to-date: /home/gaga/sad_ws/install/vision_msgs/include/vision_msgs/vision_msgs/msg/detail/crop_pose__struct.hpp
[0.336s] -- Up-to-date: /home/gaga/sad_ws/install/vision_msgs/include/vision_msgs/vision_msgs/msg/detail/harvest_ordering__struct.hpp
[0.336s] -- Up-to-date: /home/gaga/sad_ws/install/vision_msgs/include/vision_msgs/vision_msgs/msg/detail/harvest_ordering__type_support.hpp
[0.336s] -- Up-to-date: /home/gaga/sad_ws/install/vision_msgs/include/vision_msgs/vision_msgs/msg/detail/harvest_ordering__builder.hpp
[0.336s] -- Up-to-date: /home/gaga/sad_ws/install/vision_msgs/include/vision_msgs/vision_msgs/msg/detail/detected_crop_array__type_support.hpp
[0.337s] -- Up-to-date: /home/gaga/sad_ws/install/vision_msgs/include/vision_msgs/vision_msgs/msg/detail/crop_pose__builder.hpp
[0.337s] -- Up-to-date: /home/gaga/sad_ws/install/vision_msgs/include/vision_msgs/vision_msgs/msg/detail/detected_crop_array__struct.hpp
[0.337s] -- Up-to-date: /home/gaga/sad_ws/install/vision_msgs/include/vision_msgs/vision_msgs/msg/detail/detected_crop__struct.hpp
[0.337s] -- Up-to-date: /home/gaga/sad_ws/install/vision_msgs/include/vision_msgs/vision_msgs/msg/detail/detected_crop__type_support.hpp
[0.337s] -- Up-to-date: /home/gaga/sad_ws/install/vision_msgs/include/vision_msgs/vision_msgs/msg/detail/crop_pose__traits.hpp
[0.337s] -- Up-to-date: /home/gaga/sad_ws/install/vision_msgs/include/vision_msgs/vision_msgs/msg/detail/harvest_ordering__traits.hpp
[0.337s] -- Up-to-date: /home/gaga/sad_ws/install/vision_msgs/include/vision_msgs/vision_msgs/msg/detail/crop_pose__type_support.hpp
[0.337s] -- Up-to-date: /home/gaga/sad_ws/install/vision_msgs/include/vision_msgs/vision_msgs/msg/detail/detected_crop_array__traits.hpp
[0.337s] -- Up-to-date: /home/gaga/sad_ws/install/vision_msgs/include/vision_msgs/vision_msgs/msg/crop_pose.hpp
[0.337s] -- Up-to-date: /home/gaga/sad_ws/install/vision_msgs/include/vision_msgs/vision_msgs
[0.337s] -- Up-to-date: /home/gaga/sad_ws/install/vision_msgs/include/vision_msgs/vision_msgs/msg
[0.338s] -- Up-to-date: /home/gaga/sad_ws/install/vision_msgs/include/vision_msgs/vision_msgs/msg/rosidl_typesupport_fastrtps_cpp__visibility_control.h
[0.338s] -- Up-to-date: /home/gaga/sad_ws/install/vision_msgs/include/vision_msgs/vision_msgs/msg/detail
[0.338s] -- Up-to-date: /home/gaga/sad_ws/install/vision_msgs/include/vision_msgs/vision_msgs/msg/detail/harvest_ordering__rosidl_typesupport_fastrtps_cpp.hpp
[0.338s] -- Up-to-date: /home/gaga/sad_ws/install/vision_msgs/include/vision_msgs/vision_msgs/msg/detail/dds_fastrtps
[0.338s] -- Up-to-date: /home/gaga/sad_ws/install/vision_msgs/include/vision_msgs/vision_msgs/msg/detail/crop_pose__rosidl_typesupport_fastrtps_cpp.hpp
[0.338s] -- Up-to-date: /home/gaga/sad_ws/install/vision_msgs/include/vision_msgs/vision_msgs/msg/detail/detected_crop__rosidl_typesupport_fastrtps_cpp.hpp
[0.338s] -- Up-to-date: /home/gaga/sad_ws/install/vision_msgs/include/vision_msgs/vision_msgs/msg/detail/detected_crop_array__rosidl_typesupport_fastrtps_cpp.hpp
[0.338s] -- Up-to-date: /home/gaga/sad_ws/install/vision_msgs/lib/libvision_msgs__rosidl_typesupport_fastrtps_cpp.so
[0.338s] -- Up-to-date: /home/gaga/sad_ws/install/vision_msgs/include/vision_msgs/vision_msgs
[0.338s] -- Up-to-date: /home/gaga/sad_ws/install/vision_msgs/include/vision_msgs/vision_msgs/msg
[0.338s] -- Up-to-date: /home/gaga/sad_ws/install/vision_msgs/include/vision_msgs/vision_msgs/msg/rosidl_typesupport_introspection_c__visibility_control.h
[0.339s] -- Up-to-date: /home/gaga/sad_ws/install/vision_msgs/include/vision_msgs/vision_msgs/msg/detail
[0.339s] -- Up-to-date: /home/gaga/sad_ws/install/vision_msgs/include/vision_msgs/vision_msgs/msg/detail/harvest_ordering__type_support.c
[0.339s] -- Up-to-date: /home/gaga/sad_ws/install/vision_msgs/include/vision_msgs/vision_msgs/msg/detail/crop_pose__type_support.c
[0.339s] -- Up-to-date: /home/gaga/sad_ws/install/vision_msgs/include/vision_msgs/vision_msgs/msg/detail/detected_crop__type_support.c
[0.339s] -- Up-to-date: /home/gaga/sad_ws/install/vision_msgs/include/vision_msgs/vision_msgs/msg/detail/detected_crop_array__rosidl_typesupport_introspection_c.h
[0.339s] -- Up-to-date: /home/gaga/sad_ws/install/vision_msgs/include/vision_msgs/vision_msgs/msg/detail/detected_crop__rosidl_typesupport_introspection_c.h
[0.339s] -- Up-to-date: /home/gaga/sad_ws/install/vision_msgs/include/vision_msgs/vision_msgs/msg/detail/detected_crop_array__type_support.c
[0.339s] -- Up-to-date: /home/gaga/sad_ws/install/vision_msgs/include/vision_msgs/vision_msgs/msg/detail/crop_pose__rosidl_typesupport_introspection_c.h
[0.339s] -- Up-to-date: /home/gaga/sad_ws/install/vision_msgs/include/vision_msgs/vision_msgs/msg/detail/harvest_ordering__rosidl_typesupport_introspection_c.h
[0.339s] -- Up-to-date: /home/gaga/sad_ws/install/vision_msgs/lib/libvision_msgs__rosidl_typesupport_introspection_c.so
[0.339s] -- Up-to-date: /home/gaga/sad_ws/install/vision_msgs/lib/libvision_msgs__rosidl_typesupport_c.so
[0.339s] -- Up-to-date: /home/gaga/sad_ws/install/vision_msgs/include/vision_msgs/vision_msgs
[0.339s] -- Up-to-date: /home/gaga/sad_ws/install/vision_msgs/include/vision_msgs/vision_msgs/msg
[0.339s] -- Up-to-date: /home/gaga/sad_ws/install/vision_msgs/include/vision_msgs/vision_msgs/msg/detail
[0.339s] -- Up-to-date: /home/gaga/sad_ws/install/vision_msgs/include/vision_msgs/vision_msgs/msg/detail/detected_crop_array__type_support.cpp
[0.340s] -- Up-to-date: /home/gaga/sad_ws/install/vision_msgs/include/vision_msgs/vision_msgs/msg/detail/detected_crop_array__rosidl_typesupport_introspection_cpp.hpp
[0.340s] -- Up-to-date: /home/gaga/sad_ws/install/vision_msgs/include/vision_msgs/vision_msgs/msg/detail/harvest_ordering__rosidl_typesupport_introspection_cpp.hpp
[0.340s] -- Up-to-date: /home/gaga/sad_ws/install/vision_msgs/include/vision_msgs/vision_msgs/msg/detail/detected_crop__type_support.cpp
[0.340s] -- Up-to-date: /home/gaga/sad_ws/install/vision_msgs/include/vision_msgs/vision_msgs/msg/detail/detected_crop__rosidl_typesupport_introspection_cpp.hpp
[0.340s] -- Up-to-date: /home/gaga/sad_ws/install/vision_msgs/include/vision_msgs/vision_msgs/msg/detail/crop_pose__type_support.cpp
[0.340s] -- Up-to-date: /home/gaga/sad_ws/install/vision_msgs/include/vision_msgs/vision_msgs/msg/detail/harvest_ordering__type_support.cpp
[0.340s] -- Up-to-date: /home/gaga/sad_ws/install/vision_msgs/include/vision_msgs/vision_msgs/msg/detail/crop_pose__rosidl_typesupport_introspection_cpp.hpp
[0.340s] -- Up-to-date: /home/gaga/sad_ws/install/vision_msgs/lib/libvision_msgs__rosidl_typesupport_introspection_cpp.so
[0.340s] -- Up-to-date: /home/gaga/sad_ws/install/vision_msgs/lib/libvision_msgs__rosidl_typesupport_cpp.so
[0.340s] -- Up-to-date: /home/gaga/sad_ws/install/vision_msgs/share/vision_msgs/environment/pythonpath.sh
[0.340s] -- Up-to-date: /home/gaga/sad_ws/install/vision_msgs/share/vision_msgs/environment/pythonpath.dsv
[0.340s] -- Up-to-date: /home/gaga/sad_ws/install/vision_msgs/local/lib/python3.10/dist-packages/vision_msgs-0.1.0-py3.10.egg-info
[0.340s] -- Installing: /home/gaga/sad_ws/install/vision_msgs/local/lib/python3.10/dist-packages/vision_msgs-0.1.0-py3.10.egg-info/SOURCES.txt
[0.341s] -- Installing: /home/gaga/sad_ws/install/vision_msgs/local/lib/python3.10/dist-packages/vision_msgs-0.1.0-py3.10.egg-info/PKG-INFO
[0.341s] -- Installing: /home/gaga/sad_ws/install/vision_msgs/local/lib/python3.10/dist-packages/vision_msgs-0.1.0-py3.10.egg-info/top_level.txt
[0.341s] -- Installing: /home/gaga/sad_ws/install/vision_msgs/local/lib/python3.10/dist-packages/vision_msgs-0.1.0-py3.10.egg-info/dependency_links.txt
[0.341s] -- Up-to-date: /home/gaga/sad_ws/install/vision_msgs/local/lib/python3.10/dist-packages/vision_msgs
[0.341s] -- Up-to-date: /home/gaga/sad_ws/install/vision_msgs/local/lib/python3.10/dist-packages/vision_msgs/_vision_msgs_s.ep.rosidl_typesupport_c.c
[0.341s] -- Up-to-date: /home/gaga/sad_ws/install/vision_msgs/local/lib/python3.10/dist-packages/vision_msgs/__init__.py
[0.341s] -- Up-to-date: /home/gaga/sad_ws/install/vision_msgs/local/lib/python3.10/dist-packages/vision_msgs/msg
[0.341s] -- Up-to-date: /home/gaga/sad_ws/install/vision_msgs/local/lib/python3.10/dist-packages/vision_msgs/msg/_harvest_ordering_s.c
[0.341s] -- Up-to-date: /home/gaga/sad_ws/install/vision_msgs/local/lib/python3.10/dist-packages/vision_msgs/msg/__init__.py
[0.341s] -- Up-to-date: /home/gaga/sad_ws/install/vision_msgs/local/lib/python3.10/dist-packages/vision_msgs/msg/_detected_crop_s.c
[0.341s] -- Up-to-date: /home/gaga/sad_ws/install/vision_msgs/local/lib/python3.10/dist-packages/vision_msgs/msg/_crop_pose.py
[0.341s] -- Up-to-date: /home/gaga/sad_ws/install/vision_msgs/local/lib/python3.10/dist-packages/vision_msgs/msg/_detected_crop_array_s.c
[0.341s] -- Up-to-date: /home/gaga/sad_ws/install/vision_msgs/local/lib/python3.10/dist-packages/vision_msgs/msg/_detected_crop_array.py
[0.341s] -- Up-to-date: /home/gaga/sad_ws/install/vision_msgs/local/lib/python3.10/dist-packages/vision_msgs/msg/_crop_pose_s.c
[0.341s] -- Up-to-date: /home/gaga/sad_ws/install/vision_msgs/local/lib/python3.10/dist-packages/vision_msgs/msg/_harvest_ordering.py
[0.342s] -- Up-to-date: /home/gaga/sad_ws/install/vision_msgs/local/lib/python3.10/dist-packages/vision_msgs/msg/_detected_crop.py
[0.342s] -- Up-to-date: /home/gaga/sad_ws/install/vision_msgs/local/lib/python3.10/dist-packages/vision_msgs/vision_msgs_s__rosidl_typesupport_introspection_c.cpython-310-x86_64-linux-gnu.so
[0.342s] -- Up-to-date: /home/gaga/sad_ws/install/vision_msgs/local/lib/python3.10/dist-packages/vision_msgs/_vision_msgs_s.ep.rosidl_typesupport_introspection_c.c
[0.342s] -- Up-to-date: /home/gaga/sad_ws/install/vision_msgs/local/lib/python3.10/dist-packages/vision_msgs/vision_msgs_s__rosidl_typesupport_c.cpython-310-x86_64-linux-gnu.so
[0.342s] -- Up-to-date: /home/gaga/sad_ws/install/vision_msgs/local/lib/python3.10/dist-packages/vision_msgs/_vision_msgs_s.ep.rosidl_typesupport_fastrtps_c.c
[0.342s] -- Up-to-date: /home/gaga/sad_ws/install/vision_msgs/local/lib/python3.10/dist-packages/vision_msgs/libvision_msgs__rosidl_generator_py.so
[0.342s] -- Up-to-date: /home/gaga/sad_ws/install/vision_msgs/local/lib/python3.10/dist-packages/vision_msgs/vision_msgs_s__rosidl_typesupport_fastrtps_c.cpython-310-x86_64-linux-gnu.so
[0.380s] Listing '/home/gaga/sad_ws/install/vision_msgs/local/lib/python3.10/dist-packages/vision_msgs'...
[0.380s] Listing '/home/gaga/sad_ws/install/vision_msgs/local/lib/python3.10/dist-packages/vision_msgs/msg'...
[0.389s] -- Up-to-date: /home/gaga/sad_ws/install/vision_msgs/local/lib/python3.10/dist-packages/vision_msgs/vision_msgs_s__rosidl_typesupport_fastrtps_c.cpython-310-x86_64-linux-gnu.so
[0.390s] -- Up-to-date: /home/gaga/sad_ws/install/vision_msgs/local/lib/python3.10/dist-packages/vision_msgs/vision_msgs_s__rosidl_typesupport_introspection_c.cpython-310-x86_64-linux-gnu.so
[0.390s] -- Up-to-date: /home/gaga/sad_ws/install/vision_msgs/local/lib/python3.10/dist-packages/vision_msgs/vision_msgs_s__rosidl_typesupport_c.cpython-310-x86_64-linux-gnu.so
[0.390s] -- Up-to-date: /home/gaga/sad_ws/install/vision_msgs/lib/libvision_msgs__rosidl_generator_py.so
[0.390s] -- Up-to-date: /home/gaga/sad_ws/install/vision_msgs/share/vision_msgs/msg/CropPose.idl
[0.390s] -- Up-to-date: /home/gaga/sad_ws/install/vision_msgs/share/vision_msgs/msg/DetectedCrop.idl
[0.390s] -- Up-to-date: /home/gaga/sad_ws/install/vision_msgs/share/vision_msgs/msg/DetectedCropArray.idl
[0.390s] -- Up-to-date: /home/gaga/sad_ws/install/vision_msgs/share/vision_msgs/msg/HarvestOrdering.idl
[0.390s] -- Up-to-date: /home/gaga/sad_ws/install/vision_msgs/share/vision_msgs/msg/CropPose.msg
[0.390s] -- Up-to-date: /home/gaga/sad_ws/install/vision_msgs/share/vision_msgs/msg/DetectedCrop.msg
[0.391s] -- Up-to-date: /home/gaga/sad_ws/install/vision_msgs/share/vision_msgs/msg/DetectedCropArray.msg
[0.391s] -- Up-to-date: /home/gaga/sad_ws/install/vision_msgs/share/vision_msgs/msg/HarvestOrdering.msg
[0.391s] -- Up-to-date: /home/gaga/sad_ws/install/vision_msgs/share/ament_index/resource_index/package_run_dependencies/vision_msgs
[0.391s] -- Up-to-date: /home/gaga/sad_ws/install/vision_msgs/share/ament_index/resource_index/parent_prefix_path/vision_msgs
[0.391s] -- Up-to-date: /home/gaga/sad_ws/install/vision_msgs/share/vision_msgs/environment/ament_prefix_path.sh
[0.391s] -- Up-to-date: /home/gaga/sad_ws/install/vision_msgs/share/vision_msgs/environment/ament_prefix_path.dsv
[0.391s] -- Up-to-date: /home/gaga/sad_ws/install/vision_msgs/share/vision_msgs/environment/path.sh
[0.391s] -- Up-to-date: /home/gaga/sad_ws/install/vision_msgs/share/vision_msgs/environment/path.dsv
[0.391s] -- Up-to-date: /home/gaga/sad_ws/install/vision_msgs/share/vision_msgs/local_setup.bash
[0.391s] -- Up-to-date: /home/gaga/sad_ws/install/vision_msgs/share/vision_msgs/local_setup.sh
[0.391s] -- Up-to-date: /home/gaga/sad_ws/install/vision_msgs/share/vision_msgs/local_setup.zsh
[0.391s] -- Up-to-date: /home/gaga/sad_ws/install/vision_msgs/share/vision_msgs/local_setup.dsv
[0.391s] -- Installing: /home/gaga/sad_ws/install/vision_msgs/share/vision_msgs/package.dsv
[0.392s] -- Up-to-date: /home/gaga/sad_ws/install/vision_msgs/share/ament_index/resource_index/packages/vision_msgs
[0.392s] -- Up-to-date: /home/gaga/sad_ws/install/vision_msgs/share/vision_msgs/cmake/export_vision_msgs__rosidl_generator_cExport.cmake
[0.392s] -- Up-to-date: /home/gaga/sad_ws/install/vision_msgs/share/vision_msgs/cmake/export_vision_msgs__rosidl_generator_cExport-noconfig.cmake
[0.392s] -- Up-to-date: /home/gaga/sad_ws/install/vision_msgs/share/vision_msgs/cmake/export_vision_msgs__rosidl_typesupport_fastrtps_cExport.cmake
[0.392s] -- Up-to-date: /home/gaga/sad_ws/install/vision_msgs/share/vision_msgs/cmake/export_vision_msgs__rosidl_typesupport_fastrtps_cExport-noconfig.cmake
[0.392s] -- Up-to-date: /home/gaga/sad_ws/install/vision_msgs/share/vision_msgs/cmake/export_vision_msgs__rosidl_generator_cppExport.cmake
[0.392s] -- Up-to-date: /home/gaga/sad_ws/install/vision_msgs/share/vision_msgs/cmake/export_vision_msgs__rosidl_typesupport_fastrtps_cppExport.cmake
[0.392s] -- Up-to-date: /home/gaga/sad_ws/install/vision_msgs/share/vision_msgs/cmake/export_vision_msgs__rosidl_typesupport_fastrtps_cppExport-noconfig.cmake
[0.392s] -- Up-to-date: /home/gaga/sad_ws/install/vision_msgs/share/vision_msgs/cmake/vision_msgs__rosidl_typesupport_introspection_cExport.cmake
[0.392s] -- Up-to-date: /home/gaga/sad_ws/install/vision_msgs/share/vision_msgs/cmake/vision_msgs__rosidl_typesupport_introspection_cExport-noconfig.cmake
[0.392s] -- Up-to-date: /home/gaga/sad_ws/install/vision_msgs/share/vision_msgs/cmake/vision_msgs__rosidl_typesupport_cExport.cmake
[0.392s] -- Up-to-date: /home/gaga/sad_ws/install/vision_msgs/share/vision_msgs/cmake/vision_msgs__rosidl_typesupport_cExport-noconfig.cmake
[0.392s] -- Up-to-date: /home/gaga/sad_ws/install/vision_msgs/share/vision_msgs/cmake/vision_msgs__rosidl_typesupport_introspection_cppExport.cmake
[0.392s] -- Up-to-date: /home/gaga/sad_ws/install/vision_msgs/share/vision_msgs/cmake/vision_msgs__rosidl_typesupport_introspection_cppExport-noconfig.cmake
[0.392s] -- Up-to-date: /home/gaga/sad_ws/install/vision_msgs/share/vision_msgs/cmake/vision_msgs__rosidl_typesupport_cppExport.cmake
[0.392s] -- Up-to-date: /home/gaga/sad_ws/install/vision_msgs/share/vision_msgs/cmake/vision_msgs__rosidl_typesupport_cppExport-noconfig.cmake
[0.393s] -- Up-to-date: /home/gaga/sad_ws/install/vision_msgs/share/vision_msgs/cmake/export_vision_msgs__rosidl_generator_pyExport.cmake
[0.393s] -- Up-to-date: /home/gaga/sad_ws/install/vision_msgs/share/vision_msgs/cmake/export_vision_msgs__rosidl_generator_pyExport-noconfig.cmake
[0.393s] -- Up-to-date: /home/gaga/sad_ws/install/vision_msgs/share/vision_msgs/cmake/rosidl_cmake-extras.cmake
[0.393s] -- Up-to-date: /home/gaga/sad_ws/install/vision_msgs/share/vision_msgs/cmake/ament_cmake_export_dependencies-extras.cmake
[0.393s] -- Up-to-date: /home/gaga/sad_ws/install/vision_msgs/share/vision_msgs/cmake/ament_cmake_export_include_directories-extras.cmake
[0.393s] -- Up-to-date: /home/gaga/sad_ws/install/vision_msgs/share/vision_msgs/cmake/ament_cmake_export_libraries-extras.cmake
[0.394s] -- Up-to-date: /home/gaga/sad_ws/install/vision_msgs/share/vision_msgs/cmake/ament_cmake_export_targets-extras.cmake
[0.394s] -- Up-to-date: /home/gaga/sad_ws/install/vision_msgs/share/vision_msgs/cmake/rosidl_cmake_export_typesupport_targets-extras.cmake
[0.394s] -- Up-to-date: /home/gaga/sad_ws/install/vision_msgs/share/vision_msgs/cmake/rosidl_cmake_export_typesupport_libraries-extras.cmake
[0.394s] -- Up-to-date: /home/gaga/sad_ws/install/vision_msgs/share/vision_msgs/cmake/vision_msgsConfig.cmake
[0.394s] -- Up-to-date: /home/gaga/sad_ws/install/vision_msgs/share/vision_msgs/cmake/vision_msgsConfig-version.cmake
[0.394s] -- Up-to-date: /home/gaga/sad_ws/install/vision_msgs/share/vision_msgs/package.xml
[0.400s] Invoked command in '/home/gaga/sad_ws/build/vision_msgs' returned '0': CMAKE_PREFIX_PATH=/home/gaga/sad_ws/install:/home/gaga/sad_ws/install/sad_pkg:/home/gaga/sad_ws/install/harvest_master:/home/gaga/sad_ws/install/vision_msgs:/home/gaga/sad_ws/install/q_visualizer:/opt/ros/humble:/home/gaga/sad_ws/install/serial:/home/gaga/sad_ws/install/mani_urdf:/home/gaga/sad_ws/install/harvest_go:/home/gaga/ssibal_ws/install/robot_msgs:/home/gaga/robotprograming_ws/install/rp_pkg /usr/bin/cmake --install /home/gaga/sad_ws/build/vision_msgs
