[0.013s] Invoking command in '/home/gaga/sad_ws/build/sad_pkg': CMAKE_PREFIX_PATH=/home/gaga/sad_ws/install/vision_msgs:/home/gaga/sad_ws/install/q_visualizer:/opt/ros/humble:/home/gaga/sad_ws/install/serial:/home/gaga/sad_ws/install:/home/gaga/sad_ws/install/sad_pkg:/home/gaga/sad_ws/install/harvest_master:/home/gaga/sad_ws/install/mani_urdf:/home/gaga/sad_ws/install/harvest_go /usr/bin/cmake --build /home/gaga/sad_ws/build/sad_pkg -- -j20 -l20
[0.078s] [35m[1mConsolidate compiler generated dependencies of target calibration_node[0m
[0.098s] [ 77%] Built target obstacle_node
[0.098s] [ 77%] Built target spline_node
[0.098s] [ 77%] Built target forward_node
[0.098s] [ 77%] Built target real_inverse_node
[0.098s] [ 77%] Built target path_test_node
[0.099s] [ 77%] Built target path_node
[0.099s] [ 77%] Built target rrt_node
[0.099s] [ 81%] Built target motor_node
[0.099s] [ 77%] Built target map_node
[0.102s] [ 90%] Built target Inverse_node
[0.111s] [ 95%] [32mBuilding CXX object CMakeFiles/calibration_node.dir/src/calibration_node.cpp.o[0m
[3.109s] [01m[K/home/gaga/sad_ws/src/sad_pkg/src/calibration_node.cpp:[m[K In member function ‘[01m[Kvoid RSNode::jointCallback(sensor_msgs::msg::JointState_<std::allocator<void> >::SharedPtr)[m[K’:
[3.110s] [01m[K/home/gaga/sad_ws/src/sad_pkg/src/calibration_node.cpp:112:83:[m[K [01;31m[Kerror: [m[K‘[01m[Kcurrent_joint_map[m[K’ was not declared in this scope
[3.110s]   112 |         const auto& selected_joint_map = use_initial_joint ? initial_joint_map_ : [01;31m[Kcurrent_joint_map[m[K;
[3.110s]       |                                                                                   [01;31m[K^~~~~~~~~~~~~~~~~[m[K
[8.352s] gmake[2]: *** [CMakeFiles/calibration_node.dir/build.make:76: CMakeFiles/calibration_node.dir/src/calibration_node.cpp.o] Error 1
[8.352s] gmake[1]: *** [CMakeFiles/Makefile2:417: CMakeFiles/calibration_node.dir/all] Error 2
[8.352s] gmake: *** [Makefile:146: all] Error 2
[8.356s] Invoked command in '/home/gaga/sad_ws/build/sad_pkg' returned '2': CMAKE_PREFIX_PATH=/home/gaga/sad_ws/install/vision_msgs:/home/gaga/sad_ws/install/q_visualizer:/opt/ros/humble:/home/gaga/sad_ws/install/serial:/home/gaga/sad_ws/install:/home/gaga/sad_ws/install/sad_pkg:/home/gaga/sad_ws/install/harvest_master:/home/gaga/sad_ws/install/mani_urdf:/home/gaga/sad_ws/install/harvest_go /usr/bin/cmake --build /home/gaga/sad_ws/build/sad_pkg -- -j20 -l20
