[0.025s] Invoking command in '/home/gaga/sad_ws/build/harvest_master': CMAKE_PREFIX_PATH=/home/gaga/sad_ws/install/vision_msgs:/home/gaga/sad_ws/install:/home/gaga/sad_ws/install/sad_pkg:/home/gaga/sad_ws/install/harvest_master:/home/gaga/sad_ws/install/q_visualizer:/opt/ros/humble:/home/gaga/sad_ws/install/serial:/home/gaga/sad_ws/install/mani_urdf:/home/gaga/sad_ws/install/harvest_go /usr/bin/cmake --build /home/gaga/sad_ws/build/harvest_master -- -j20 -l20
[0.136s] [100%] Built target master_node
[0.154s] Invoked command in '/home/gaga/sad_ws/build/harvest_master' returned '0': CMAKE_PREFIX_PATH=/home/gaga/sad_ws/install/vision_msgs:/home/gaga/sad_ws/install:/home/gaga/sad_ws/install/sad_pkg:/home/gaga/sad_ws/install/harvest_master:/home/gaga/sad_ws/install/q_visualizer:/opt/ros/humble:/home/gaga/sad_ws/install/serial:/home/gaga/sad_ws/install/mani_urdf:/home/gaga/sad_ws/install/harvest_go /usr/bin/cmake --build /home/gaga/sad_ws/build/harvest_master -- -j20 -l20
[0.155s] Invoking command in '/home/gaga/sad_ws/build/harvest_master': CMAKE_PREFIX_PATH=/home/gaga/sad_ws/install/vision_msgs:/home/gaga/sad_ws/install:/home/gaga/sad_ws/install/sad_pkg:/home/gaga/sad_ws/install/harvest_master:/home/gaga/sad_ws/install/q_visualizer:/opt/ros/humble:/home/gaga/sad_ws/install/serial:/home/gaga/sad_ws/install/mani_urdf:/home/gaga/sad_ws/install/harvest_go /usr/bin/cmake --install /home/gaga/sad_ws/build/harvest_master
[0.170s] -- Install configuration: ""
[0.170s] -- Up-to-date: /home/gaga/sad_ws/install/harvest_master/lib/harvest_master/master_node
[0.170s] -- Up-to-date: /home/gaga/sad_ws/install/harvest_master/include/
[0.170s] -- Up-to-date: /home/gaga/sad_ws/install/harvest_master/include//harvest_master
[0.170s] -- Up-to-date: /home/gaga/sad_ws/install/harvest_master/include//harvest_master/master_node.hpp
[0.170s] -- Up-to-date: /home/gaga/sad_ws/install/harvest_master/share/ament_index/resource_index/package_run_dependencies/harvest_master
[0.170s] -- Up-to-date: /home/gaga/sad_ws/install/harvest_master/share/ament_index/resource_index/parent_prefix_path/harvest_master
[0.170s] -- Up-to-date: /home/gaga/sad_ws/install/harvest_master/share/harvest_master/environment/ament_prefix_path.sh
[0.170s] -- Up-to-date: /home/gaga/sad_ws/install/harvest_master/share/harvest_master/environment/ament_prefix_path.dsv
[0.170s] -- Up-to-date: /home/gaga/sad_ws/install/harvest_master/share/harvest_master/environment/path.sh
[0.170s] -- Up-to-date: /home/gaga/sad_ws/install/harvest_master/share/harvest_master/environment/path.dsv
[0.170s] -- Up-to-date: /home/gaga/sad_ws/install/harvest_master/share/harvest_master/local_setup.bash
[0.171s] -- Up-to-date: /home/gaga/sad_ws/install/harvest_master/share/harvest_master/local_setup.sh
[0.171s] -- Up-to-date: /home/gaga/sad_ws/install/harvest_master/share/harvest_master/local_setup.zsh
[0.171s] -- Up-to-date: /home/gaga/sad_ws/install/harvest_master/share/harvest_master/local_setup.dsv
[0.171s] -- Installing: /home/gaga/sad_ws/install/harvest_master/share/harvest_master/package.dsv
[0.171s] -- Up-to-date: /home/gaga/sad_ws/install/harvest_master/share/ament_index/resource_index/packages/harvest_master
[0.171s] -- Up-to-date: /home/gaga/sad_ws/install/harvest_master/share/harvest_master/cmake/harvest_masterConfig.cmake
[0.171s] -- Up-to-date: /home/gaga/sad_ws/install/harvest_master/share/harvest_master/cmake/harvest_masterConfig-version.cmake
[0.171s] -- Up-to-date: /home/gaga/sad_ws/install/harvest_master/share/harvest_master/package.xml
[0.173s] Invoked command in '/home/gaga/sad_ws/build/harvest_master' returned '0': CMAKE_PREFIX_PATH=/home/gaga/sad_ws/install/vision_msgs:/home/gaga/sad_ws/install:/home/gaga/sad_ws/install/sad_pkg:/home/gaga/sad_ws/install/harvest_master:/home/gaga/sad_ws/install/q_visualizer:/opt/ros/humble:/home/gaga/sad_ws/install/serial:/home/gaga/sad_ws/install/mani_urdf:/home/gaga/sad_ws/install/harvest_go /usr/bin/cmake --install /home/gaga/sad_ws/build/harvest_master
