[0.013s] Invoking command in '/home/gaga/sad_ws/build/sad_pkg': CMAKE_PREFIX_PATH=/home/gaga/sad_ws/install/q_visualizer:/home/gaga/turtlebot3_ws/install/turtlebot3_teleop:/home/gaga/turtlebot3_ws/install/turtlebot3_example:/opt/ros/humble:/home/gaga/sad_ws/install/serial:/home/gaga/sad_ws/install/my_vision_msgs:/home/gaga/sad_ws/install:/home/gaga/sad_ws/install/sad_pkg:/home/gaga/sad_ws/install/mani_urdf:/home/gaga/turtlebot3_ws/install/turtlebot3:/home/gaga/turtlebot3_ws/install/turtlebot3_simulations:/home/gaga/turtlebot3_ws/install/turtlebot3_bringup:/home/gaga/turtlebot3_ws/install/turtlebot3_node:/home/gaga/turtlebot3_ws/install/turtlebot3_navigation2:/home/gaga/turtlebot3_ws/install/turtlebot3_fake_node:/home/gaga/turtlebot3_ws/install/robot_master:/home/gaga/turtlebot3_ws/install/turtlebot3_msgs:/home/gaga/turtlebot3_ws/install/turtlebot3_gazebo:/home/gaga/turtlebot3_ws/install/turtlebot3_description:/home/gaga/turtlebot3_ws/install/turtlebot3_cartographer:/home/gaga/turtlebot3_ws/install/robot_vision:/home/gaga/turtlebot3_ws/install/robot_navigation:/home/gaga/turtlebot3_ws/install/robot_msgs:/home/gaga/turtlebot3_ws/install/dynamixel_sdk_examples:/home/gaga/turtlebot3_ws/install/dynamixel_sdk_custom_interfaces:/home/gaga/turtlebot3_ws/install/dynamixel_sdk:/home/gaga/ssibal_ws/install/robot_msgs:/home/gaga/sad_ws/src/install/vision_msgs:/home/gaga/sad_ws/src/install/sad_pkg:/home/gaga/sad_ws/src/install/serial:/home/gaga/sad_ws/src/install/my_vision_msgs:/home/gaga/sad_ws/src/install/mani_urdf:/home/gaga/robotprograming_ws/install/rp_pkg:/home/gaga/sad_ws/src/sad_pkg/install/sad_pkg /usr/bin/cmake --build /home/gaga/sad_ws/build/sad_pkg -- -j20 -l20
[0.060s] [35m[1mConsolidate compiler generated dependencies of target motor_node[0m
[0.075s] [ 30%] [32mBuilding CXX object CMakeFiles/motor_node.dir/src/motor_node.cpp.o[0m
[0.075s] [ 35%] Built target obstacle_node
[0.075s] [ 30%] Built target map_node
[0.075s] [ 35%] Built target spline_node
[0.076s] [ 45%] Built target forward_node
[0.076s] [ 65%] Built target rrt_node
[0.076s] [ 65%] Built target path_test_node
[0.077s] [ 75%] Built target Inverse_node
[0.077s] [ 85%] Built target path_node
[0.081s] [ 90%] [32mBuilding CXX object CMakeFiles/real_inverse_node.dir/src/real_inverse_node.cpp.o[0m
[2.328s] [01m[K/home/gaga/sad_ws/src/sad_pkg/src/real_inverse_node.cpp:455:9:[m[K [01;31m[Kerror: [m[Kexpected unqualified-id before ‘[01m[Kif[m[K’
[2.328s]   455 |         [01;31m[Kif[m[K (ctrl.q_dot.size() != 6 || ctrl.next_q.size() != 6) {
[2.328s]       |         [01;31m[K^~[m[K
[2.328s] [01m[K/home/gaga/sad_ws/src/sad_pkg/src/real_inverse_node.cpp:461:31:[m[K [01;31m[Kerror: [m[Kredeclaration of ‘[01m[KEigen::VectorXd ManipulatorNode::q_dot[m[K’
[2.328s]   461 |         VectorXd q_dot = ctrl.[01;31m[Kq_dot[m[K;
[2.328s]       |                               [01;31m[K^~~~~[m[K
[2.328s] [01m[K/home/gaga/sad_ws/src/sad_pkg/src/real_inverse_node.cpp:251:14:[m[K [01;36m[Knote: [m[Kprevious declaration ‘[01m[KEigen::VectorXd ManipulatorNode::q_dot[m[K’
[2.328s]   251 |     VectorXd [01;36m[Kq_dot[m[K = VectorXd::Zero(6);  // 반드시 크기 명시
[2.328s]       |              [01;36m[K^~~~~[m[K
[2.328s] [01m[K/home/gaga/sad_ws/src/sad_pkg/src/real_inverse_node.cpp:464:9:[m[K [01;31m[Kerror: [m[Kexpected unqualified-id before ‘[01m[Kfor[m[K’
[2.328s]   464 |         [01;31m[Kfor[m[K (int i = 0; i < 6; ++i) {
[2.328s]       |         [01;31m[K^~~[m[K
[2.329s] [01m[K/home/gaga/sad_ws/src/sad_pkg/src/real_inverse_node.cpp:464:25:[m[K [01;31m[Kerror: [m[K‘[01m[Ki[m[K’ does not name a type
[2.329s]   464 |         for (int i = 0; [01;31m[Ki[m[K < 6; ++i) {
[2.329s]       |                         [01;31m[K^[m[K
[2.329s] [01m[K/home/gaga/sad_ws/src/sad_pkg/src/real_inverse_node.cpp:464:32:[m[K [01;31m[Kerror: [m[Kexpected unqualified-id before ‘[01m[K++[m[K’ token
[2.329s]   464 |         for (int i = 0; i < 6; [01;31m[K++[m[Ki) {
[2.329s]       |                                [01;31m[K^~[m[K
[2.329s] [01m[K/home/gaga/sad_ws/src/sad_pkg/src/real_inverse_node.cpp:483:9:[m[K [01;31m[Kerror: [m[Kexpected unqualified-id before ‘[01m[Kif[m[K’
[2.329s]   483 |         [01;31m[Kif[m[K (joint6_integrated_angle_ >= M_PI / 2.0) {
[2.329s]       |         [01;31m[K^~[m[K
[2.330s] [01m[K/home/gaga/sad_ws/src/sad_pkg/src/real_inverse_node.cpp:491:9:[m[K [01;31m[Kerror: [m[K‘[01m[Kdq_msg[m[K’ does not name a type
[2.330s]   491 |         [01;31m[Kdq_msg[m[K.data.resize(6);
[2.330s]       |         [01;31m[K^~~~~~[m[K
[2.330s] [01m[K/home/gaga/sad_ws/src/sad_pkg/src/real_inverse_node.cpp:492:9:[m[K [01;31m[Kerror: [m[Kexpected unqualified-id before ‘[01m[Kfor[m[K’
[2.330s]   492 |         [01;31m[Kfor[m[K (int i = 0; i < 6; ++i) {
[2.330s]       |         [01;31m[K^~~[m[K
[2.331s] [01m[K/home/gaga/sad_ws/src/sad_pkg/src/real_inverse_node.cpp:492:25:[m[K [01;31m[Kerror: [m[K‘[01m[Ki[m[K’ does not name a type
[2.331s]   492 |         for (int i = 0; [01;31m[Ki[m[K < 6; ++i) {
[2.331s]       |                         [01;31m[K^[m[K
[2.331s] [01m[K/home/gaga/sad_ws/src/sad_pkg/src/real_inverse_node.cpp:492:32:[m[K [01;31m[Kerror: [m[Kexpected unqualified-id before ‘[01m[K++[m[K’ token
[2.331s]   492 |         for (int i = 0; i < 6; [01;31m[K++[m[Ki) {
[2.331s]       |                                [01;31m[K^~[m[K
[2.331s] In file included from [01m[K/opt/ros/humble/include/rclcpp/rclcpp/client.hpp:40[m[K,
[2.331s]                  from [01m[K/opt/ros/humble/include/rclcpp/rclcpp/callback_group.hpp:24[m[K,
[2.331s]                  from [01m[K/opt/ros/humble/include/rclcpp/rclcpp/any_executable.hpp:20[m[K,
[2.331s]                  from [01m[K/opt/ros/humble/include/rclcpp/rclcpp/memory_strategy.hpp:25[m[K,
[2.331s]                  from [01m[K/opt/ros/humble/include/rclcpp/rclcpp/memory_strategies.hpp:18[m[K,
[2.331s]                  from [01m[K/opt/ros/humble/include/rclcpp/rclcpp/executor_options.hpp:20[m[K,
[2.332s]                  from [01m[K/opt/ros/humble/include/rclcpp/rclcpp/executor.hpp:37[m[K,
[2.332s]                  from [01m[K/opt/ros/humble/include/rclcpp/rclcpp/executors/multi_threaded_executor.hpp:25[m[K,
[2.332s]                  from [01m[K/opt/ros/humble/include/rclcpp/rclcpp/executors.hpp:21[m[K,
[2.332s]                  from [01m[K/opt/ros/humble/include/rclcpp/rclcpp/rclcpp.hpp:155[m[K,
[2.332s]                  from [01m[K/home/gaga/sad_ws/src/sad_pkg/src/real_inverse_node.cpp:8[m[K:
[2.332s] [01m[K/home/gaga/sad_ws/src/sad_pkg/src/real_inverse_node.cpp:502:9:[m[K [01;31m[Kerror: [m[Kexpected unqualified-id before ‘[01m[Kdo[m[K’
[2.332s]   502 |         [01;31m[KRCLCPP_INFO[m[K(this->get_logger(), "[Timer] 퍼블리시되는 q_dot: %.3f %.3f %.3f %.3f %.3f %.3f",
[2.332s]       |         [01;31m[K^~~~~~~~~~~[m[K
[2.332s] [01m[K/home/gaga/sad_ws/src/sad_pkg/src/real_inverse_node.cpp:502:9:[m[K [01;31m[Kerror: [m[Kexpected unqualified-id before ‘[01m[Kwhile[m[K’
[2.332s]   502 |         [01;31m[KRCLCPP_INFO[m[K(this->get_logger(), "[Timer] 퍼블리시되는 q_dot: %.3f %.3f %.3f %.3f %.3f %.3f",
[2.332s]       |         [01;31m[K^~~~~~~~~~~[m[K
[2.333s] [01m[K/home/gaga/sad_ws/src/sad_pkg/src/real_inverse_node.cpp:506:9:[m[K [01;31m[Kerror: [m[K‘[01m[Kjoint_vel_pub_[m[K’ does not name a type
[2.333s]   506 |         [01;31m[Kjoint_vel_pub_[m[K->publish(dq_msg);
[2.333s]       |         [01;31m[K^~~~~~~~~~~~~~[m[K
[2.333s] [01m[K/home/gaga/sad_ws/src/sad_pkg/src/real_inverse_node.cpp:516:9:[m[K [01;31m[Kerror: [m[Kexpected unqualified-id before ‘[01m[Kif[m[K’
[2.333s]   516 |         [01;31m[Kif[m[K (!(fabs(position_error.z()) < position_deadband &&
[2.333s]       |         [01;31m[K^~[m[K
[2.348s] [01m[K/home/gaga/sad_ws/src/sad_pkg/src/real_inverse_node.cpp:453:59:[m[K [01;31m[Kerror: [m[K‘[01m[Kposition_error[m[K’ was not declared in this scope
[2.348s]   453 |         ControlOutput ctrl = computeControl(estimated_q_, [01;31m[Kposition_error[m[K, axis * angle_rad, dt);
[2.348s]       |                                                           [01;31m[K^~~~~~~~~~~~~~[m[K
[2.351s] [01m[K/home/gaga/sad_ws/src/sad_pkg/src/real_inverse_node.cpp:453:75:[m[K [01;31m[Kerror: [m[K‘[01m[Kaxis[m[K’ was not declared in this scope
[2.352s]   453 |         ControlOutput ctrl = computeControl(estimated_q_, position_error, [01;31m[Kaxis[m[K * angle_rad, dt);
[2.352s]       |                                                                           [01;31m[K^~~~[m[K
[2.356s] [01m[K/home/gaga/sad_ws/src/sad_pkg/src/real_inverse_node.cpp:453:82:[m[K [01;31m[Kerror: [m[K‘[01m[Kangle_rad[m[K’ was not declared in this scope
[2.356s]   453 |         ControlOutput ctrl = computeControl(estimated_q_, position_error, axis * [01;31m[Kangle_rad[m[K, dt);
[2.357s]       |                                                                                  [01;31m[K^~~~~~~~~[m[K
[2.363s] [01m[K/home/gaga/sad_ws/src/sad_pkg/src/real_inverse_node.cpp:453:30:[m[K [01;31m[Kerror: [m[K‘[01m[KcomputeControl[m[K’ was not declared in this scope
[2.363s]   453 |         ControlOutput ctrl = [01;31m[KcomputeControl[m[K(estimated_q_, position_error, axis * angle_rad, dt);
[2.363s]       |                              [01;31m[K^~~~~~~~~~~~~~[m[K
[2.406s] [01m[K/home/gaga/sad_ws/src/sad_pkg/src/real_inverse_node.cpp:532:19:[m[K [01;31m[Kerror: [m[Kexpected initializer before ‘[01m[KcomputeControl[m[K’
[2.406s]   532 |     ControlOutput [01;31m[KcomputeControl[m[K(const VectorXd& current_q, const Vector3d& position_error, const Vector3d& orientation_axis_angle, double dt)
[2.406s]       |                   [01;31m[K^~~~~~~~~~~~~~[m[K
[2.493s] [01m[K/home/gaga/sad_ws/src/sad_pkg/src/real_inverse_node.cpp:[m[K In function ‘[01m[KEigen::VectorXd computeFeedbackVelocity(const Vector3d&, const Vector3d&, const Vector3d&)[m[K’:
[2.493s] [01m[K/home/gaga/sad_ws/src/sad_pkg/src/real_inverse_node.cpp:598:38:[m[K [01;31m[Kerror: [m[K‘[01m[Kestimated_q_[m[K’ was not declared in this scope
[2.493s]   598 |         MatrixXd J = computeJacobian([01;31m[Kestimated_q_[m[K);
[2.493s]       |                                      [01;31m[K^~~~~~~~~~~~[m[K
[2.499s] [01m[K/home/gaga/sad_ws/src/sad_pkg/src/real_inverse_node.cpp:599:27:[m[K [01;31m[Kerror: [m[K‘[01m[KdampedPseudoInverse[m[K’ was not declared in this scope
[2.499s]   599 |         MatrixXd J_pinv = [01;31m[KdampedPseudoInverse[m[K(J);
[2.499s]       |                           [01;31m[K^~~~~~~~~~~~~~~~~~~[m[K
[2.546s] [01m[K/home/gaga/sad_ws/src/sad_pkg/src/real_inverse_node.cpp:[m[K At global scope:
[2.546s] [01m[K/home/gaga/sad_ws/src/sad_pkg/src/real_inverse_node.cpp:625:1:[m[K [01;31m[Kerror: [m[Kexpected declaration before ‘[01m[K}[m[K’ token
[2.547s]   625 | [01;31m[K}[m[K;
[2.547s]       | [01;31m[K^[m[K
[5.396s] [ 95%] [32m[1mLinking CXX executable motor_node[0m
[5.648s] [ 95%] Built target motor_node
[6.388s] gmake[2]: *** [CMakeFiles/real_inverse_node.dir/build.make:76: CMakeFiles/real_inverse_node.dir/src/real_inverse_node.cpp.o] Error 1
[6.388s] gmake[1]: *** [CMakeFiles/Makefile2:363: CMakeFiles/real_inverse_node.dir/all] Error 2
[6.388s] gmake: *** [Makefile:146: all] Error 2
[6.390s] Invoked command in '/home/gaga/sad_ws/build/sad_pkg' returned '2': CMAKE_PREFIX_PATH=/home/gaga/sad_ws/install/q_visualizer:/home/gaga/turtlebot3_ws/install/turtlebot3_teleop:/home/gaga/turtlebot3_ws/install/turtlebot3_example:/opt/ros/humble:/home/gaga/sad_ws/install/serial:/home/gaga/sad_ws/install/my_vision_msgs:/home/gaga/sad_ws/install:/home/gaga/sad_ws/install/sad_pkg:/home/gaga/sad_ws/install/mani_urdf:/home/gaga/turtlebot3_ws/install/turtlebot3:/home/gaga/turtlebot3_ws/install/turtlebot3_simulations:/home/gaga/turtlebot3_ws/install/turtlebot3_bringup:/home/gaga/turtlebot3_ws/install/turtlebot3_node:/home/gaga/turtlebot3_ws/install/turtlebot3_navigation2:/home/gaga/turtlebot3_ws/install/turtlebot3_fake_node:/home/gaga/turtlebot3_ws/install/robot_master:/home/gaga/turtlebot3_ws/install/turtlebot3_msgs:/home/gaga/turtlebot3_ws/install/turtlebot3_gazebo:/home/gaga/turtlebot3_ws/install/turtlebot3_description:/home/gaga/turtlebot3_ws/install/turtlebot3_cartographer:/home/gaga/turtlebot3_ws/install/robot_vision:/home/gaga/turtlebot3_ws/install/robot_navigation:/home/gaga/turtlebot3_ws/install/robot_msgs:/home/gaga/turtlebot3_ws/install/dynamixel_sdk_examples:/home/gaga/turtlebot3_ws/install/dynamixel_sdk_custom_interfaces:/home/gaga/turtlebot3_ws/install/dynamixel_sdk:/home/gaga/ssibal_ws/install/robot_msgs:/home/gaga/sad_ws/src/install/vision_msgs:/home/gaga/sad_ws/src/install/sad_pkg:/home/gaga/sad_ws/src/install/serial:/home/gaga/sad_ws/src/install/my_vision_msgs:/home/gaga/sad_ws/src/install/mani_urdf:/home/gaga/robotprograming_ws/install/rp_pkg:/home/gaga/sad_ws/src/sad_pkg/install/sad_pkg /usr/bin/cmake --build /home/gaga/sad_ws/build/sad_pkg -- -j20 -l20
