[0.014s] Invoking command in '/home/gaga/sad_ws/build/sad_pkg': CMAKE_PREFIX_PATH=/home/gaga/sad_ws/install/vision_msgs:/home/gaga/sad_ws/install/q_visualizer:/opt/ros/humble:/home/gaga/sad_ws/install/serial:/home/gaga/sad_ws/install:/home/gaga/sad_ws/install/sad_pkg:/home/gaga/sad_ws/install/harvest_master:/home/gaga/sad_ws/install/mani_urdf:/home/gaga/sad_ws/install/harvest_go:/home/gaga/ssibal_ws/install/robot_msgs:/home/gaga/robotprograming_ws/install/rp_pkg /usr/bin/cmake --build /home/gaga/sad_ws/build/sad_pkg -- -j20 -l20
[0.078s] [35m[1mConsolidate compiler generated dependencies of target calibration_node[0m
[0.091s] [ 18%] Built target obstacle_node
[0.091s] [ 18%] [32mBuilding CXX object CMakeFiles/path_node.dir/src/path_node.cpp.o[0m
[0.092s] [ 22%] Built target forward_node
[0.092s] [ 31%] Built target real_inverse_node
[0.092s] [ 40%] Built target spline_node
[0.092s] [ 63%] Built target rrt_node
[0.092s] [ 63%] Built target motor_node
[0.092s] [ 68%] Built target map_node
[0.092s] [ 77%] Built target path_test_node
[0.095s] [ 86%] Built target Inverse_node
[0.098s] [ 90%] [32mBuilding CXX object CMakeFiles/calibration_node.dir/src/calibration_node.cpp.o[0m
[2.214s] [01m[K/home/gaga/sad_ws/src/sad_pkg/src/calibration_node.cpp:133:33:[m[K [01;31m[Kerror: [m[K‘[01m[Kvision_msgs[m[K’ does not name a type
[2.214s]   133 |     void obstacleCallback(const [01;31m[Kvision_msgs[m[K::msg::HarvestOrdering::SharedPtr msg) {
[2.214s]       |                                 [01;31m[K^~~~~~~~~~~[m[K
[2.214s] [01m[K/home/gaga/sad_ws/src/sad_pkg/src/calibration_node.cpp:133:49:[m[K [01;31m[Kerror: [m[Kexpected unqualified-id before ‘[01m[K::[m[K’ token
[2.214s]   133 |     void obstacleCallback(const vision_msgs::msg[01;31m[K::[m[KHarvestOrdering::SharedPtr msg) {
[2.215s]       |                                                 [01;31m[K^~[m[K
[2.215s] [01m[K/home/gaga/sad_ws/src/sad_pkg/src/calibration_node.cpp:133:49:[m[K [01;31m[Kerror: [m[Kexpected ‘[01m[K)[m[K’ before ‘[01m[K::[m[K’ token
[2.215s]   133 |     void obstacleCallback[34m[K([m[Kconst vision_msgs::msg[01;31m[K:[m[K[32m[K:[m[KHarvestOrdering::SharedPtr msg) {
[2.215s]       |                          [34m[K~[m[K                      [01;31m[K^[m[K[32m[K~[m[K
[2.215s]       |                                                 [32m[K)[m[K
[2.215s] [01m[K/home/gaga/sad_ws/src/sad_pkg/src/calibration_node.cpp:133:46:[m[K [01;31m[Kerror: [m[Kexpected ‘[01m[K;[m[K’ at end of member declaration
[2.215s]   133 |     void obstacleCallback(const vision_msgs::[01;31m[Kmsg[m[K::HarvestOrdering::SharedPtr msg) {
[2.215s]       |                                              [01;31m[K^~~[m[K
[2.215s]       |                                                 [32m[K;[m[K
[2.216s] [01m[K/home/gaga/sad_ws/src/sad_pkg/src/calibration_node.cpp:133:51:[m[K [01;31m[Kerror: [m[K‘[01m[KHarvestOrdering[m[K’ in namespace ‘[01m[K::[m[K’ does not name a type
[2.217s]   133 |     void obstacleCallback(const vision_msgs::msg::[01;31m[KHarvestOrdering[m[K::SharedPtr msg) {
[2.217s]       |                                                   [01;31m[K^~~~~~~~~~~~~~~[m[K
[2.275s] [01m[K/home/gaga/sad_ws/src/sad_pkg/src/calibration_node.cpp:170:26:[m[K [01;31m[Kerror: [m[K‘[01m[Kvision_msgs[m[K’ was not declared in this scope
[2.275s]   170 |     rclcpp::Subscription<[01;31m[Kvision_msgs[m[K::msg::HarvestOrdering>::SharedPtr obstacle_sub_;
[2.275s]       |                          [01;31m[K^~~~~~~~~~~[m[K
[2.275s] [01m[K/home/gaga/sad_ws/src/sad_pkg/src/calibration_node.cpp:170:59:[m[K [01;31m[Kerror: [m[Ktemplate argument 1 is invalid
[2.276s]   170 |     rclcpp::Subscription<vision_msgs::msg::HarvestOrdering[01;31m[K>[m[K::SharedPtr obstacle_sub_;
[2.276s]       |                                                           [01;31m[K^[m[K
[2.276s] [01m[K/home/gaga/sad_ws/src/sad_pkg/src/calibration_node.cpp:170:59:[m[K [01;31m[Kerror: [m[Ktemplate argument 3 is invalid
[2.276s] [01m[K/home/gaga/sad_ws/src/sad_pkg/src/calibration_node.cpp:170:59:[m[K [01;31m[Kerror: [m[Ktemplate argument 4 is invalid
[2.276s] [01m[K/home/gaga/sad_ws/src/sad_pkg/src/calibration_node.cpp:170:59:[m[K [01;31m[Kerror: [m[Ktemplate argument 5 is invalid
[2.276s] [01m[K/home/gaga/sad_ws/src/sad_pkg/src/calibration_node.cpp:170:62:[m[K [01;31m[Kerror: [m[Kexpected ‘[01m[K;[m[K’ at end of member declaration
[2.276s]   170 |     rclcpp::Subscription<vision_msgs::msg::HarvestOrdering>::[01;31m[KSharedPtr[m[K obstacle_sub_;
[2.276s]       |                                                              [01;31m[K^~~~~~~~~[m[K
[2.276s]       |                                                                       [32m[K;[m[K
[2.277s] [01m[K/home/gaga/sad_ws/src/sad_pkg/src/calibration_node.cpp:170:72:[m[K [01;31m[Kerror: [m[K‘[01m[Kobstacle_sub_[m[K’ does not name a type
[2.277s]   170 |     rclcpp::Subscription<vision_msgs::msg::HarvestOrdering>::SharedPtr [01;31m[Kobstacle_sub_[m[K;
[2.277s]       |                                                                        [01;31m[K^~~~~~~~~~~~~[m[K
[2.298s] [01m[K/home/gaga/sad_ws/src/sad_pkg/src/calibration_node.cpp:[m[K In constructor ‘[01m[KRSNode::RSNode()[m[K’:
[2.298s] [01m[K/home/gaga/sad_ws/src/sad_pkg/src/calibration_node.cpp:59:9:[m[K [01;31m[Kerror: [m[K‘[01m[Kobstacle_sub_[m[K’ was not declared in this scope; did you mean ‘[01m[Kobstacle_pub_[m[K’?
[2.298s]    59 |         [01;31m[Kobstacle_sub_[m[K = this->create_subscription<vision_msgs::msg::HarvestOrdering>(
[2.298s]       |         [01;31m[K^~~~~~~~~~~~~[m[K
[2.298s]       |         [32m[Kobstacle_pub_[m[K
[2.304s] [01m[K/home/gaga/sad_ws/src/sad_pkg/src/calibration_node.cpp:59:51:[m[K [01;31m[Kerror: [m[K‘[01m[Kvision_msgs[m[K’ was not declared in this scope
[2.304s]    59 |         obstacle_sub_ = this->create_subscription<[01;31m[Kvision_msgs[m[K::msg::HarvestOrdering>(
[2.304s]       |                                                   [01;31m[K^~~~~~~~~~~[m[K
[2.304s] [01m[K/home/gaga/sad_ws/src/sad_pkg/src/calibration_node.cpp:59:31:[m[K [01;31m[Kerror: [m[Kparse error in template argument list
[2.304s]    59 |         obstacle_sub_ = this->[01;31m[Kcreate_subscription<vision_msgs::msg::HarvestOrdering>[m[K(
[2.304s]       |                               [01;31m[K^~~~~~~~~~~~~~~~~~~~~~~~~~~~~~~~~~~~~~~~~~~~~~~~~~~~~~[m[K
[2.304s] [01m[K/home/gaga/sad_ws/src/sad_pkg/src/calibration_node.cpp:59:85:[m[K [01;31m[Kerror: [m[Kno matching function for call to ‘[01m[KRSNode::create_subscription<<expression error> >(const char [15], int, std::_Bind_helper<false, void (RSNode::*)(...), RSNode*, const std::_Placeholder<1>&>::type)[m[K’
[2.305s]    59 |         obstacle_sub_ = [01;31m[Kthis->create_subscription<vision_msgs::msg::HarvestOrdering>([m[K
[2.305s]       |                         [01;31m[K~~~~~~~~~~~~~~~~~~~~~~~~~~~~~~~~~~~~~~~~~~~~~~~~~~~~~~~~~~~~^[m[K
[2.305s]    60 | [01;31m[K            "/harvest_order", 10,[m[K
[2.305s]       |             [01;31m[K~~~~~~~~~~~~~~~~~~~~~[m[K                                                    
[2.305s]    61 | [01;31m[K            std::bind(&RSNode::obstacleCallback, this, std::placeholders::_1)[m[K
[2.305s]       |             [01;31m[K~~~~~~~~~~~~~~~~~~~~~~~~~~~~~~~~~~~~~~~~~~~~~~~~~~~~~~~~~~~~~~~~~[m[K        
[2.305s]    62 | [01;31m[K        )[m[K;
[2.305s]       |         [01;31m[K~[m[K                                                                            
[2.305s] In file included from [01m[K/opt/ros/humble/include/rclcpp/rclcpp/node.hpp:1321[m[K,
[2.305s]                  from [01m[K/opt/ros/humble/include/rclcpp/rclcpp/executors/single_threaded_executor.hpp:28[m[K,
[2.305s]                  from [01m[K/opt/ros/humble/include/rclcpp/rclcpp/executors.hpp:22[m[K,
[2.305s]                  from [01m[K/opt/ros/humble/include/rclcpp/rclcpp/rclcpp.hpp:155[m[K,
[2.305s]                  from [01m[K/home/gaga/sad_ws/src/sad_pkg/src/calibration_node.cpp:1[m[K:
[2.305s] [01m[K/opt/ros/humble/include/rclcpp/rclcpp/node_impl.hpp:92:1:[m[K [01;36m[Knote: [m[Kcandidate: ‘[01m[Ktemplate<class MessageT, class CallbackT, class AllocatorT, class SubscriptionT, class MessageMemoryStrategyT> std::shared_ptr<ROSMessageT> rclcpp::Node::create_subscription(const string&, const rclcpp::QoS&, CallbackT&&, const rclcpp::SubscriptionOptionsWithAllocator<AllocatorT>&, typename MessageMemoryStrategyT::SharedPtr)[m[K’
[2.305s]    92 | [01;36m[KNode[m[K::create_subscription(
[2.305s]       | [01;36m[K^~~~[m[K
[2.305s] [01m[K/opt/ros/humble/include/rclcpp/rclcpp/node_impl.hpp:92:1:[m[K [01;36m[Knote: [m[K  template argument deduction/substitution failed:
[2.305s] [01m[K/home/gaga/sad_ws/src/sad_pkg/src/calibration_node.cpp:59:85:[m[K [01;31m[Kerror: [m[Ktemplate argument 1 is invalid
[2.305s]    59 |         obstacle_sub_ = [01;31m[Kthis->create_subscription<vision_msgs::msg::HarvestOrdering>([m[K
[2.305s]       |                         [01;31m[K~~~~~~~~~~~~~~~~~~~~~~~~~~~~~~~~~~~~~~~~~~~~~~~~~~~~~~~~~~~~^[m[K
[2.305s]    60 | [01;31m[K            "/harvest_order", 10,[m[K
[2.305s]       |             [01;31m[K~~~~~~~~~~~~~~~~~~~~~[m[K                                                    
[2.305s]    61 | [01;31m[K            std::bind(&RSNode::obstacleCallback, this, std::placeholders::_1)[m[K
[2.305s]       |             [01;31m[K~~~~~~~~~~~~~~~~~~~~~~~~~~~~~~~~~~~~~~~~~~~~~~~~~~~~~~~~~~~~~~~~~[m[K        
[2.305s]    62 | [01;31m[K        )[m[K;
[2.305s]       |         [01;31m[K~[m[K                                                                            
[4.671s] gmake[2]: *** [CMakeFiles/calibration_node.dir/build.make:76: CMakeFiles/calibration_node.dir/src/calibration_node.cpp.o] Error 1
[4.671s] gmake[1]: *** [CMakeFiles/Makefile2:417: CMakeFiles/calibration_node.dir/all] Error 2
[4.671s] gmake[1]: *** Waiting for unfinished jobs....
[10.052s] [ 95%] [32m[1mLinking CXX executable path_node[0m
[10.564s] [ 95%] Built target path_node
[10.564s] gmake: *** [Makefile:146: all] Error 2
[10.566s] Invoked command in '/home/gaga/sad_ws/build/sad_pkg' returned '2': CMAKE_PREFIX_PATH=/home/gaga/sad_ws/install/vision_msgs:/home/gaga/sad_ws/install/q_visualizer:/opt/ros/humble:/home/gaga/sad_ws/install/serial:/home/gaga/sad_ws/install:/home/gaga/sad_ws/install/sad_pkg:/home/gaga/sad_ws/install/harvest_master:/home/gaga/sad_ws/install/mani_urdf:/home/gaga/sad_ws/install/harvest_go:/home/gaga/ssibal_ws/install/robot_msgs:/home/gaga/robotprograming_ws/install/rp_pkg /usr/bin/cmake --build /home/gaga/sad_ws/build/sad_pkg -- -j20 -l20
