[0.016s] Invoking command in '/home/gaga/sad_ws/build/vision_msgs': CMAKE_PREFIX_PATH=${CMAKE_PREFIX_PATH}:/home/gaga/sad_ws/install/q_visualizer:/opt/ros/humble /usr/bin/cmake --build /home/gaga/sad_ws/build/vision_msgs -- -j20 -l20
[0.063s] [35m[1mConsolidate compiler generated dependencies of target vision_msgs__rosidl_generator_c[0m
[0.073s] [  1%] Built target vision_msgs__cpp
[0.080s] [ 12%] Built target vision_msgs__rosidl_generator_c
[0.083s] [ 12%] Built target ament_cmake_python_copy_vision_msgs
[0.084s] [35m[1mConsolidate compiler generated dependencies of target vision_msgs__rosidl_typesupport_fastrtps_cpp[0m
[0.085s] [35m[1mConsolidate compiler generated dependencies of target vision_msgs__rosidl_typesupport_cpp[0m
[0.085s] [35m[1mConsolidate compiler generated dependencies of target vision_msgs__rosidl_typesupport_introspection_cpp[0m
[0.096s] [35m[1mConsolidate compiler generated dependencies of target vision_msgs__rosidl_typesupport_c[0m
[0.097s] [35m[1mConsolidate compiler generated dependencies of target vision_msgs__rosidl_typesupport_introspection_c[0m
[0.097s] [35m[1mConsolidate compiler generated dependencies of target vision_msgs__rosidl_typesupport_fastrtps_c[0m
[0.105s] [ 43%] Built target vision_msgs__rosidl_typesupport_fastrtps_cpp
[0.105s] [ 45%] Built target vision_msgs__rosidl_typesupport_cpp
[0.106s] [ 43%] Built target vision_msgs__rosidl_typesupport_introspection_cpp
[0.117s] [ 63%] Built target vision_msgs__rosidl_typesupport_c
[0.117s] [ 67%] Built target vision_msgs__rosidl_typesupport_introspection_c
[0.117s] [ 78%] Built target vision_msgs__rosidl_typesupport_fastrtps_c
[0.146s] [ 78%] Built target vision_msgs
[0.184s] [ 80%] Built target vision_msgs__py
[0.200s] [35m[1mConsolidate compiler generated dependencies of target vision_msgs__rosidl_generator_py[0m
[0.216s] [ 89%] Built target vision_msgs__rosidl_generator_py
[0.231s] [35m[1mConsolidate compiler generated dependencies of target vision_msgs__rosidl_typesupport_c__pyext[0m
[0.231s] [35m[1mConsolidate compiler generated dependencies of target vision_msgs__rosidl_typesupport_fastrtps_c__pyext[0m
[0.231s] [35m[1mConsolidate compiler generated dependencies of target vision_msgs__rosidl_typesupport_introspection_c__pyext[0m
[0.248s] [ 92%] Built target vision_msgs__rosidl_typesupport_introspection_c__pyext
[0.251s] [100%] Built target vision_msgs__rosidl_typesupport_fastrtps_c__pyext
[0.251s] [ 98%] Built target vision_msgs__rosidl_typesupport_c__pyext
[0.323s] running egg_info
[0.324s] writing vision_msgs.egg-info/PKG-INFO
[0.324s] writing dependency_links to vision_msgs.egg-info/dependency_links.txt
[0.324s] writing top-level names to vision_msgs.egg-info/top_level.txt
[0.334s] reading manifest file 'vision_msgs.egg-info/SOURCES.txt'
[0.334s] writing manifest file 'vision_msgs.egg-info/SOURCES.txt'
[0.375s] [100%] Built target ament_cmake_python_build_vision_msgs_egg
[0.388s] Invoked command in '/home/gaga/sad_ws/build/vision_msgs' returned '0': CMAKE_PREFIX_PATH=${CMAKE_PREFIX_PATH}:/home/gaga/sad_ws/install/q_visualizer:/opt/ros/humble /usr/bin/cmake --build /home/gaga/sad_ws/build/vision_msgs -- -j20 -l20
[0.390s] Invoking command in '/home/gaga/sad_ws/build/vision_msgs': CMAKE_PREFIX_PATH=${CMAKE_PREFIX_PATH}:/home/gaga/sad_ws/install/q_visualizer:/opt/ros/humble /usr/bin/cmake --install /home/gaga/sad_ws/build/vision_msgs
[0.409s] -- Install configuration: ""
[0.409s] -- Installing: /home/gaga/sad_ws/install/vision_msgs/share/ament_index/resource_index/rosidl_interfaces/vision_msgs
[0.409s] -- Installing: /home/gaga/sad_ws/install/vision_msgs/include/vision_msgs/vision_msgs
[0.409s] -- Installing: /home/gaga/sad_ws/install/vision_msgs/include/vision_msgs/vision_msgs/msg
[0.409s] -- Installing: /home/gaga/sad_ws/install/vision_msgs/include/vision_msgs/vision_msgs/msg/detected_crop.h
[0.409s] -- Installing: /home/gaga/sad_ws/install/vision_msgs/include/vision_msgs/vision_msgs/msg/rosidl_generator_c__visibility_control.h
[0.409s] -- Installing: /home/gaga/sad_ws/install/vision_msgs/include/vision_msgs/vision_msgs/msg/crop_pose.h
[0.410s] -- Installing: /home/gaga/sad_ws/install/vision_msgs/include/vision_msgs/vision_msgs/msg/harvest_ordering.h
[0.410s] -- Installing: /home/gaga/sad_ws/install/vision_msgs/include/vision_msgs/vision_msgs/msg/detail
[0.410s] -- Installing: /home/gaga/sad_ws/install/vision_msgs/include/vision_msgs/vision_msgs/msg/detail/detected_crop__functions.c
[0.410s] -- Installing: /home/gaga/sad_ws/install/vision_msgs/include/vision_msgs/vision_msgs/msg/detail/detected_crop_array__struct.h
[0.410s] -- Installing: /home/gaga/sad_ws/install/vision_msgs/include/vision_msgs/vision_msgs/msg/detail/detected_crop_array__functions.c
[0.410s] -- Installing: /home/gaga/sad_ws/install/vision_msgs/include/vision_msgs/vision_msgs/msg/detail/crop_pose__struct.h
[0.410s] -- Installing: /home/gaga/sad_ws/install/vision_msgs/include/vision_msgs/vision_msgs/msg/detail/harvest_ordering__functions.c
[0.410s] -- Installing: /home/gaga/sad_ws/install/vision_msgs/include/vision_msgs/vision_msgs/msg/detail/detected_crop__struct.h
[0.410s] -- Installing: /home/gaga/sad_ws/install/vision_msgs/include/vision_msgs/vision_msgs/msg/detail/harvest_ordering__struct.h
[0.410s] -- Installing: /home/gaga/sad_ws/install/vision_msgs/include/vision_msgs/vision_msgs/msg/detail/harvest_ordering__functions.h
[0.410s] -- Installing: /home/gaga/sad_ws/install/vision_msgs/include/vision_msgs/vision_msgs/msg/detail/harvest_ordering__type_support.h
[0.410s] -- Installing: /home/gaga/sad_ws/install/vision_msgs/include/vision_msgs/vision_msgs/msg/detail/detected_crop__functions.h
[0.410s] -- Installing: /home/gaga/sad_ws/install/vision_msgs/include/vision_msgs/vision_msgs/msg/detail/detected_crop__type_support.h
[0.410s] -- Installing: /home/gaga/sad_ws/install/vision_msgs/include/vision_msgs/vision_msgs/msg/detail/crop_pose__functions.c
[0.410s] -- Installing: /home/gaga/sad_ws/install/vision_msgs/include/vision_msgs/vision_msgs/msg/detail/crop_pose__type_support.h
[0.410s] -- Installing: /home/gaga/sad_ws/install/vision_msgs/include/vision_msgs/vision_msgs/msg/detail/detected_crop_array__functions.h
[0.410s] -- Installing: /home/gaga/sad_ws/install/vision_msgs/include/vision_msgs/vision_msgs/msg/detail/crop_pose__functions.h
[0.410s] -- Installing: /home/gaga/sad_ws/install/vision_msgs/include/vision_msgs/vision_msgs/msg/detail/detected_crop_array__type_support.h
[0.410s] -- Installing: /home/gaga/sad_ws/install/vision_msgs/include/vision_msgs/vision_msgs/msg/detected_crop_array.h
[0.410s] -- Installing: /home/gaga/sad_ws/install/vision_msgs/share/vision_msgs/environment/library_path.sh
[0.410s] -- Installing: /home/gaga/sad_ws/install/vision_msgs/share/vision_msgs/environment/library_path.dsv
[0.411s] -- Installing: /home/gaga/sad_ws/install/vision_msgs/lib/libvision_msgs__rosidl_generator_c.so
[0.411s] -- Set runtime path of "/home/gaga/sad_ws/install/vision_msgs/lib/libvision_msgs__rosidl_generator_c.so" to ""
[0.411s] -- Up-to-date: /home/gaga/sad_ws/install/vision_msgs/include/vision_msgs/vision_msgs
[0.411s] -- Up-to-date: /home/gaga/sad_ws/install/vision_msgs/include/vision_msgs/vision_msgs/msg
[0.411s] -- Installing: /home/gaga/sad_ws/install/vision_msgs/include/vision_msgs/vision_msgs/msg/rosidl_typesupport_fastrtps_c__visibility_control.h
[0.411s] -- Up-to-date: /home/gaga/sad_ws/install/vision_msgs/include/vision_msgs/vision_msgs/msg/detail
[0.411s] -- Installing: /home/gaga/sad_ws/install/vision_msgs/include/vision_msgs/vision_msgs/msg/detail/crop_pose__rosidl_typesupport_fastrtps_c.h
[0.411s] -- Installing: /home/gaga/sad_ws/install/vision_msgs/include/vision_msgs/vision_msgs/msg/detail/detected_crop_array__rosidl_typesupport_fastrtps_c.h
[0.411s] -- Installing: /home/gaga/sad_ws/install/vision_msgs/include/vision_msgs/vision_msgs/msg/detail/harvest_ordering__rosidl_typesupport_fastrtps_c.h
[0.411s] -- Installing: /home/gaga/sad_ws/install/vision_msgs/include/vision_msgs/vision_msgs/msg/detail/detected_crop__rosidl_typesupport_fastrtps_c.h
[0.411s] -- Installing: /home/gaga/sad_ws/install/vision_msgs/lib/libvision_msgs__rosidl_typesupport_fastrtps_c.so
[0.411s] -- Set runtime path of "/home/gaga/sad_ws/install/vision_msgs/lib/libvision_msgs__rosidl_typesupport_fastrtps_c.so" to ""
[0.412s] -- Up-to-date: /home/gaga/sad_ws/install/vision_msgs/include/vision_msgs/vision_msgs
[0.412s] -- Up-to-date: /home/gaga/sad_ws/install/vision_msgs/include/vision_msgs/vision_msgs/msg
[0.412s] -- Installing: /home/gaga/sad_ws/install/vision_msgs/include/vision_msgs/vision_msgs/msg/rosidl_generator_cpp__visibility_control.hpp
[0.412s] -- Installing: /home/gaga/sad_ws/install/vision_msgs/include/vision_msgs/vision_msgs/msg/detected_crop.hpp
[0.412s] -- Installing: /home/gaga/sad_ws/install/vision_msgs/include/vision_msgs/vision_msgs/msg/harvest_ordering.hpp
[0.412s] -- Installing: /home/gaga/sad_ws/install/vision_msgs/include/vision_msgs/vision_msgs/msg/detected_crop_array.hpp
[0.412s] -- Up-to-date: /home/gaga/sad_ws/install/vision_msgs/include/vision_msgs/vision_msgs/msg/detail
[0.412s] -- Installing: /home/gaga/sad_ws/install/vision_msgs/include/vision_msgs/vision_msgs/msg/detail/detected_crop__builder.hpp
[0.412s] -- Installing: /home/gaga/sad_ws/install/vision_msgs/include/vision_msgs/vision_msgs/msg/detail/detected_crop__traits.hpp
[0.412s] -- Installing: /home/gaga/sad_ws/install/vision_msgs/include/vision_msgs/vision_msgs/msg/detail/detected_crop_array__builder.hpp
[0.412s] -- Installing: /home/gaga/sad_ws/install/vision_msgs/include/vision_msgs/vision_msgs/msg/detail/crop_pose__struct.hpp
[0.412s] -- Installing: /home/gaga/sad_ws/install/vision_msgs/include/vision_msgs/vision_msgs/msg/detail/harvest_ordering__struct.hpp
[0.412s] -- Installing: /home/gaga/sad_ws/install/vision_msgs/include/vision_msgs/vision_msgs/msg/detail/harvest_ordering__type_support.hpp
[0.412s] -- Installing: /home/gaga/sad_ws/install/vision_msgs/include/vision_msgs/vision_msgs/msg/detail/harvest_ordering__builder.hpp
[0.412s] -- Installing: /home/gaga/sad_ws/install/vision_msgs/include/vision_msgs/vision_msgs/msg/detail/detected_crop_array__type_support.hpp
[0.412s] -- Installing: /home/gaga/sad_ws/install/vision_msgs/include/vision_msgs/vision_msgs/msg/detail/crop_pose__builder.hpp
[0.412s] -- Installing: /home/gaga/sad_ws/install/vision_msgs/include/vision_msgs/vision_msgs/msg/detail/detected_crop_array__struct.hpp
[0.412s] -- Installing: /home/gaga/sad_ws/install/vision_msgs/include/vision_msgs/vision_msgs/msg/detail/detected_crop__struct.hpp
[0.413s] -- Installing: /home/gaga/sad_ws/install/vision_msgs/include/vision_msgs/vision_msgs/msg/detail/detected_crop__type_support.hpp
[0.413s] -- Installing: /home/gaga/sad_ws/install/vision_msgs/include/vision_msgs/vision_msgs/msg/detail/crop_pose__traits.hpp
[0.413s] -- Installing: /home/gaga/sad_ws/install/vision_msgs/include/vision_msgs/vision_msgs/msg/detail/harvest_ordering__traits.hpp
[0.413s] -- Installing: /home/gaga/sad_ws/install/vision_msgs/include/vision_msgs/vision_msgs/msg/detail/crop_pose__type_support.hpp
[0.413s] -- Installing: /home/gaga/sad_ws/install/vision_msgs/include/vision_msgs/vision_msgs/msg/detail/detected_crop_array__traits.hpp
[0.413s] -- Installing: /home/gaga/sad_ws/install/vision_msgs/include/vision_msgs/vision_msgs/msg/crop_pose.hpp
[0.413s] -- Up-to-date: /home/gaga/sad_ws/install/vision_msgs/include/vision_msgs/vision_msgs
[0.413s] -- Up-to-date: /home/gaga/sad_ws/install/vision_msgs/include/vision_msgs/vision_msgs/msg
[0.413s] -- Installing: /home/gaga/sad_ws/install/vision_msgs/include/vision_msgs/vision_msgs/msg/rosidl_typesupport_fastrtps_cpp__visibility_control.h
[0.413s] -- Up-to-date: /home/gaga/sad_ws/install/vision_msgs/include/vision_msgs/vision_msgs/msg/detail
[0.413s] -- Installing: /home/gaga/sad_ws/install/vision_msgs/include/vision_msgs/vision_msgs/msg/detail/harvest_ordering__rosidl_typesupport_fastrtps_cpp.hpp
[0.413s] -- Installing: /home/gaga/sad_ws/install/vision_msgs/include/vision_msgs/vision_msgs/msg/detail/dds_fastrtps
[0.413s] -- Installing: /home/gaga/sad_ws/install/vision_msgs/include/vision_msgs/vision_msgs/msg/detail/crop_pose__rosidl_typesupport_fastrtps_cpp.hpp
[0.413s] -- Installing: /home/gaga/sad_ws/install/vision_msgs/include/vision_msgs/vision_msgs/msg/detail/detected_crop__rosidl_typesupport_fastrtps_cpp.hpp
[0.413s] -- Installing: /home/gaga/sad_ws/install/vision_msgs/include/vision_msgs/vision_msgs/msg/detail/detected_crop_array__rosidl_typesupport_fastrtps_cpp.hpp
[0.413s] -- Installing: /home/gaga/sad_ws/install/vision_msgs/lib/libvision_msgs__rosidl_typesupport_fastrtps_cpp.so
[0.413s] -- Set runtime path of "/home/gaga/sad_ws/install/vision_msgs/lib/libvision_msgs__rosidl_typesupport_fastrtps_cpp.so" to ""
[0.413s] -- Up-to-date: /home/gaga/sad_ws/install/vision_msgs/include/vision_msgs/vision_msgs
[0.413s] -- Up-to-date: /home/gaga/sad_ws/install/vision_msgs/include/vision_msgs/vision_msgs/msg
[0.413s] -- Installing: /home/gaga/sad_ws/install/vision_msgs/include/vision_msgs/vision_msgs/msg/rosidl_typesupport_introspection_c__visibility_control.h
[0.414s] -- Up-to-date: /home/gaga/sad_ws/install/vision_msgs/include/vision_msgs/vision_msgs/msg/detail
[0.414s] -- Installing: /home/gaga/sad_ws/install/vision_msgs/include/vision_msgs/vision_msgs/msg/detail/harvest_ordering__type_support.c
[0.414s] -- Installing: /home/gaga/sad_ws/install/vision_msgs/include/vision_msgs/vision_msgs/msg/detail/crop_pose__type_support.c
[0.414s] -- Installing: /home/gaga/sad_ws/install/vision_msgs/include/vision_msgs/vision_msgs/msg/detail/detected_crop__type_support.c
[0.414s] -- Installing: /home/gaga/sad_ws/install/vision_msgs/include/vision_msgs/vision_msgs/msg/detail/detected_crop_array__rosidl_typesupport_introspection_c.h
[0.414s] -- Installing: /home/gaga/sad_ws/install/vision_msgs/include/vision_msgs/vision_msgs/msg/detail/detected_crop__rosidl_typesupport_introspection_c.h
[0.414s] -- Installing: /home/gaga/sad_ws/install/vision_msgs/include/vision_msgs/vision_msgs/msg/detail/detected_crop_array__type_support.c
[0.414s] -- Installing: /home/gaga/sad_ws/install/vision_msgs/include/vision_msgs/vision_msgs/msg/detail/crop_pose__rosidl_typesupport_introspection_c.h
[0.414s] -- Installing: /home/gaga/sad_ws/install/vision_msgs/include/vision_msgs/vision_msgs/msg/detail/harvest_ordering__rosidl_typesupport_introspection_c.h
[0.414s] -- Installing: /home/gaga/sad_ws/install/vision_msgs/lib/libvision_msgs__rosidl_typesupport_introspection_c.so
[0.414s] -- Set runtime path of "/home/gaga/sad_ws/install/vision_msgs/lib/libvision_msgs__rosidl_typesupport_introspection_c.so" to ""
[0.414s] -- Installing: /home/gaga/sad_ws/install/vision_msgs/lib/libvision_msgs__rosidl_typesupport_c.so
[0.414s] -- Set runtime path of "/home/gaga/sad_ws/install/vision_msgs/lib/libvision_msgs__rosidl_typesupport_c.so" to ""
[0.414s] -- Up-to-date: /home/gaga/sad_ws/install/vision_msgs/include/vision_msgs/vision_msgs
[0.415s] -- Up-to-date: /home/gaga/sad_ws/install/vision_msgs/include/vision_msgs/vision_msgs/msg
[0.415s] -- Up-to-date: /home/gaga/sad_ws/install/vision_msgs/include/vision_msgs/vision_msgs/msg/detail
[0.415s] -- Installing: /home/gaga/sad_ws/install/vision_msgs/include/vision_msgs/vision_msgs/msg/detail/detected_crop_array__type_support.cpp
[0.415s] -- Installing: /home/gaga/sad_ws/install/vision_msgs/include/vision_msgs/vision_msgs/msg/detail/detected_crop_array__rosidl_typesupport_introspection_cpp.hpp
[0.415s] -- Installing: /home/gaga/sad_ws/install/vision_msgs/include/vision_msgs/vision_msgs/msg/detail/harvest_ordering__rosidl_typesupport_introspection_cpp.hpp
[0.415s] -- Installing: /home/gaga/sad_ws/install/vision_msgs/include/vision_msgs/vision_msgs/msg/detail/detected_crop__type_support.cpp
[0.415s] -- Installing: /home/gaga/sad_ws/install/vision_msgs/include/vision_msgs/vision_msgs/msg/detail/detected_crop__rosidl_typesupport_introspection_cpp.hpp
[0.415s] -- Installing: /home/gaga/sad_ws/install/vision_msgs/include/vision_msgs/vision_msgs/msg/detail/crop_pose__type_support.cpp
[0.415s] -- Installing: /home/gaga/sad_ws/install/vision_msgs/include/vision_msgs/vision_msgs/msg/detail/harvest_ordering__type_support.cpp
[0.415s] -- Installing: /home/gaga/sad_ws/install/vision_msgs/include/vision_msgs/vision_msgs/msg/detail/crop_pose__rosidl_typesupport_introspection_cpp.hpp
[0.415s] -- Installing: /home/gaga/sad_ws/install/vision_msgs/lib/libvision_msgs__rosidl_typesupport_introspection_cpp.so
[0.415s] -- Set runtime path of "/home/gaga/sad_ws/install/vision_msgs/lib/libvision_msgs__rosidl_typesupport_introspection_cpp.so" to ""
[0.415s] -- Installing: /home/gaga/sad_ws/install/vision_msgs/lib/libvision_msgs__rosidl_typesupport_cpp.so
[0.415s] -- Set runtime path of "/home/gaga/sad_ws/install/vision_msgs/lib/libvision_msgs__rosidl_typesupport_cpp.so" to ""
[0.415s] -- Installing: /home/gaga/sad_ws/install/vision_msgs/share/vision_msgs/environment/pythonpath.sh
[0.415s] -- Installing: /home/gaga/sad_ws/install/vision_msgs/share/vision_msgs/environment/pythonpath.dsv
[0.415s] -- Installing: /home/gaga/sad_ws/install/vision_msgs/local/lib/python3.10/dist-packages/vision_msgs-0.1.0-py3.10.egg-info
[0.416s] -- Installing: /home/gaga/sad_ws/install/vision_msgs/local/lib/python3.10/dist-packages/vision_msgs-0.1.0-py3.10.egg-info/SOURCES.txt
[0.416s] -- Installing: /home/gaga/sad_ws/install/vision_msgs/local/lib/python3.10/dist-packages/vision_msgs-0.1.0-py3.10.egg-info/PKG-INFO
[0.416s] -- Installing: /home/gaga/sad_ws/install/vision_msgs/local/lib/python3.10/dist-packages/vision_msgs-0.1.0-py3.10.egg-info/top_level.txt
[0.416s] -- Installing: /home/gaga/sad_ws/install/vision_msgs/local/lib/python3.10/dist-packages/vision_msgs-0.1.0-py3.10.egg-info/dependency_links.txt
[0.416s] -- Installing: /home/gaga/sad_ws/install/vision_msgs/local/lib/python3.10/dist-packages/vision_msgs
[0.416s] -- Installing: /home/gaga/sad_ws/install/vision_msgs/local/lib/python3.10/dist-packages/vision_msgs/_vision_msgs_s.ep.rosidl_typesupport_c.c
[0.416s] -- Installing: /home/gaga/sad_ws/install/vision_msgs/local/lib/python3.10/dist-packages/vision_msgs/__init__.py
[0.416s] -- Installing: /home/gaga/sad_ws/install/vision_msgs/local/lib/python3.10/dist-packages/vision_msgs/msg
[0.416s] -- Installing: /home/gaga/sad_ws/install/vision_msgs/local/lib/python3.10/dist-packages/vision_msgs/msg/_harvest_ordering_s.c
[0.416s] -- Installing: /home/gaga/sad_ws/install/vision_msgs/local/lib/python3.10/dist-packages/vision_msgs/msg/__init__.py
[0.416s] -- Installing: /home/gaga/sad_ws/install/vision_msgs/local/lib/python3.10/dist-packages/vision_msgs/msg/_detected_crop_s.c
[0.416s] -- Installing: /home/gaga/sad_ws/install/vision_msgs/local/lib/python3.10/dist-packages/vision_msgs/msg/_crop_pose.py
[0.416s] -- Installing: /home/gaga/sad_ws/install/vision_msgs/local/lib/python3.10/dist-packages/vision_msgs/msg/_detected_crop_array_s.c
[0.416s] -- Installing: /home/gaga/sad_ws/install/vision_msgs/local/lib/python3.10/dist-packages/vision_msgs/msg/_detected_crop_array.py
[0.416s] -- Installing: /home/gaga/sad_ws/install/vision_msgs/local/lib/python3.10/dist-packages/vision_msgs/msg/_crop_pose_s.c
[0.417s] -- Installing: /home/gaga/sad_ws/install/vision_msgs/local/lib/python3.10/dist-packages/vision_msgs/msg/_harvest_ordering.py
[0.417s] -- Installing: /home/gaga/sad_ws/install/vision_msgs/local/lib/python3.10/dist-packages/vision_msgs/msg/_detected_crop.py
[0.417s] -- Installing: /home/gaga/sad_ws/install/vision_msgs/local/lib/python3.10/dist-packages/vision_msgs/vision_msgs_s__rosidl_typesupport_introspection_c.cpython-310-x86_64-linux-gnu.so
[0.417s] -- Installing: /home/gaga/sad_ws/install/vision_msgs/local/lib/python3.10/dist-packages/vision_msgs/_vision_msgs_s.ep.rosidl_typesupport_introspection_c.c
[0.417s] -- Installing: /home/gaga/sad_ws/install/vision_msgs/local/lib/python3.10/dist-packages/vision_msgs/vision_msgs_s__rosidl_typesupport_c.cpython-310-x86_64-linux-gnu.so
[0.417s] -- Installing: /home/gaga/sad_ws/install/vision_msgs/local/lib/python3.10/dist-packages/vision_msgs/_vision_msgs_s.ep.rosidl_typesupport_fastrtps_c.c
[0.417s] -- Installing: /home/gaga/sad_ws/install/vision_msgs/local/lib/python3.10/dist-packages/vision_msgs/libvision_msgs__rosidl_generator_py.so
[0.417s] -- Installing: /home/gaga/sad_ws/install/vision_msgs/local/lib/python3.10/dist-packages/vision_msgs/vision_msgs_s__rosidl_typesupport_fastrtps_c.cpython-310-x86_64-linux-gnu.so
[0.457s] Listing '/home/gaga/sad_ws/install/vision_msgs/local/lib/python3.10/dist-packages/vision_msgs'...
[0.457s] Compiling '/home/gaga/sad_ws/install/vision_msgs/local/lib/python3.10/dist-packages/vision_msgs/__init__.py'...
[0.457s] Listing '/home/gaga/sad_ws/install/vision_msgs/local/lib/python3.10/dist-packages/vision_msgs/msg'...
[0.457s] Compiling '/home/gaga/sad_ws/install/vision_msgs/local/lib/python3.10/dist-packages/vision_msgs/msg/__init__.py'...
[0.457s] Compiling '/home/gaga/sad_ws/install/vision_msgs/local/lib/python3.10/dist-packages/vision_msgs/msg/_crop_pose.py'...
[0.457s] Compiling '/home/gaga/sad_ws/install/vision_msgs/local/lib/python3.10/dist-packages/vision_msgs/msg/_detected_crop.py'...
[0.457s] Compiling '/home/gaga/sad_ws/install/vision_msgs/local/lib/python3.10/dist-packages/vision_msgs/msg/_detected_crop_array.py'...
[0.457s] Compiling '/home/gaga/sad_ws/install/vision_msgs/local/lib/python3.10/dist-packages/vision_msgs/msg/_harvest_ordering.py'...
[0.461s] -- Installing: /home/gaga/sad_ws/install/vision_msgs/local/lib/python3.10/dist-packages/vision_msgs/vision_msgs_s__rosidl_typesupport_fastrtps_c.cpython-310-x86_64-linux-gnu.so
[0.461s] -- Set runtime path of "/home/gaga/sad_ws/install/vision_msgs/local/lib/python3.10/dist-packages/vision_msgs/vision_msgs_s__rosidl_typesupport_fastrtps_c.cpython-310-x86_64-linux-gnu.so" to ""
[0.462s] -- Installing: /home/gaga/sad_ws/install/vision_msgs/local/lib/python3.10/dist-packages/vision_msgs/vision_msgs_s__rosidl_typesupport_introspection_c.cpython-310-x86_64-linux-gnu.so
[0.462s] -- Set runtime path of "/home/gaga/sad_ws/install/vision_msgs/local/lib/python3.10/dist-packages/vision_msgs/vision_msgs_s__rosidl_typesupport_introspection_c.cpython-310-x86_64-linux-gnu.so" to ""
[0.462s] -- Installing: /home/gaga/sad_ws/install/vision_msgs/local/lib/python3.10/dist-packages/vision_msgs/vision_msgs_s__rosidl_typesupport_c.cpython-310-x86_64-linux-gnu.so
[0.462s] -- Set runtime path of "/home/gaga/sad_ws/install/vision_msgs/local/lib/python3.10/dist-packages/vision_msgs/vision_msgs_s__rosidl_typesupport_c.cpython-310-x86_64-linux-gnu.so" to ""
[0.462s] -- Installing: /home/gaga/sad_ws/install/vision_msgs/lib/libvision_msgs__rosidl_generator_py.so
[0.462s] -- Set runtime path of "/home/gaga/sad_ws/install/vision_msgs/lib/libvision_msgs__rosidl_generator_py.so" to ""
[0.463s] -- Installing: /home/gaga/sad_ws/install/vision_msgs/share/vision_msgs/msg/CropPose.idl
[0.463s] -- Installing: /home/gaga/sad_ws/install/vision_msgs/share/vision_msgs/msg/DetectedCrop.idl
[0.463s] -- Installing: /home/gaga/sad_ws/install/vision_msgs/share/vision_msgs/msg/DetectedCropArray.idl
[0.463s] -- Installing: /home/gaga/sad_ws/install/vision_msgs/share/vision_msgs/msg/HarvestOrdering.idl
[0.463s] -- Installing: /home/gaga/sad_ws/install/vision_msgs/share/vision_msgs/msg/CropPose.msg
[0.463s] -- Installing: /home/gaga/sad_ws/install/vision_msgs/share/vision_msgs/msg/DetectedCrop.msg
[0.463s] -- Installing: /home/gaga/sad_ws/install/vision_msgs/share/vision_msgs/msg/DetectedCropArray.msg
[0.463s] -- Installing: /home/gaga/sad_ws/install/vision_msgs/share/vision_msgs/msg/HarvestOrdering.msg
[0.463s] -- Installing: /home/gaga/sad_ws/install/vision_msgs/share/ament_index/resource_index/package_run_dependencies/vision_msgs
[0.463s] -- Installing: /home/gaga/sad_ws/install/vision_msgs/share/ament_index/resource_index/parent_prefix_path/vision_msgs
[0.463s] -- Installing: /home/gaga/sad_ws/install/vision_msgs/share/vision_msgs/environment/ament_prefix_path.sh
[0.464s] -- Installing: /home/gaga/sad_ws/install/vision_msgs/share/vision_msgs/environment/ament_prefix_path.dsv
[0.464s] -- Installing: /home/gaga/sad_ws/install/vision_msgs/share/vision_msgs/environment/path.sh
[0.464s] -- Installing: /home/gaga/sad_ws/install/vision_msgs/share/vision_msgs/environment/path.dsv
[0.464s] -- Installing: /home/gaga/sad_ws/install/vision_msgs/share/vision_msgs/local_setup.bash
[0.464s] -- Installing: /home/gaga/sad_ws/install/vision_msgs/share/vision_msgs/local_setup.sh
[0.464s] -- Installing: /home/gaga/sad_ws/install/vision_msgs/share/vision_msgs/local_setup.zsh
[0.464s] -- Installing: /home/gaga/sad_ws/install/vision_msgs/share/vision_msgs/local_setup.dsv
[0.464s] -- Installing: /home/gaga/sad_ws/install/vision_msgs/share/vision_msgs/package.dsv
[0.464s] -- Installing: /home/gaga/sad_ws/install/vision_msgs/share/ament_index/resource_index/packages/vision_msgs
[0.464s] -- Installing: /home/gaga/sad_ws/install/vision_msgs/share/vision_msgs/cmake/export_vision_msgs__rosidl_generator_cExport.cmake
[0.464s] -- Installing: /home/gaga/sad_ws/install/vision_msgs/share/vision_msgs/cmake/export_vision_msgs__rosidl_generator_cExport-noconfig.cmake
[0.464s] -- Installing: /home/gaga/sad_ws/install/vision_msgs/share/vision_msgs/cmake/export_vision_msgs__rosidl_typesupport_fastrtps_cExport.cmake
[0.464s] -- Installing: /home/gaga/sad_ws/install/vision_msgs/share/vision_msgs/cmake/export_vision_msgs__rosidl_typesupport_fastrtps_cExport-noconfig.cmake
[0.465s] -- Installing: /home/gaga/sad_ws/install/vision_msgs/share/vision_msgs/cmake/export_vision_msgs__rosidl_generator_cppExport.cmake
[0.465s] -- Installing: /home/gaga/sad_ws/install/vision_msgs/share/vision_msgs/cmake/export_vision_msgs__rosidl_typesupport_fastrtps_cppExport.cmake
[0.465s] -- Installing: /home/gaga/sad_ws/install/vision_msgs/share/vision_msgs/cmake/export_vision_msgs__rosidl_typesupport_fastrtps_cppExport-noconfig.cmake
[0.465s] -- Installing: /home/gaga/sad_ws/install/vision_msgs/share/vision_msgs/cmake/vision_msgs__rosidl_typesupport_introspection_cExport.cmake
[0.465s] -- Installing: /home/gaga/sad_ws/install/vision_msgs/share/vision_msgs/cmake/vision_msgs__rosidl_typesupport_introspection_cExport-noconfig.cmake
[0.465s] -- Installing: /home/gaga/sad_ws/install/vision_msgs/share/vision_msgs/cmake/vision_msgs__rosidl_typesupport_cExport.cmake
[0.465s] -- Installing: /home/gaga/sad_ws/install/vision_msgs/share/vision_msgs/cmake/vision_msgs__rosidl_typesupport_cExport-noconfig.cmake
[0.465s] -- Installing: /home/gaga/sad_ws/install/vision_msgs/share/vision_msgs/cmake/vision_msgs__rosidl_typesupport_introspection_cppExport.cmake
[0.465s] -- Installing: /home/gaga/sad_ws/install/vision_msgs/share/vision_msgs/cmake/vision_msgs__rosidl_typesupport_introspection_cppExport-noconfig.cmake
[0.465s] -- Installing: /home/gaga/sad_ws/install/vision_msgs/share/vision_msgs/cmake/vision_msgs__rosidl_typesupport_cppExport.cmake
[0.465s] -- Installing: /home/gaga/sad_ws/install/vision_msgs/share/vision_msgs/cmake/vision_msgs__rosidl_typesupport_cppExport-noconfig.cmake
[0.466s] -- Installing: /home/gaga/sad_ws/install/vision_msgs/share/vision_msgs/cmake/export_vision_msgs__rosidl_generator_pyExport.cmake
[0.466s] -- Installing: /home/gaga/sad_ws/install/vision_msgs/share/vision_msgs/cmake/export_vision_msgs__rosidl_generator_pyExport-noconfig.cmake
[0.466s] -- Installing: /home/gaga/sad_ws/install/vision_msgs/share/vision_msgs/cmake/rosidl_cmake-extras.cmake
[0.466s] -- Installing: /home/gaga/sad_ws/install/vision_msgs/share/vision_msgs/cmake/ament_cmake_export_dependencies-extras.cmake
[0.466s] -- Installing: /home/gaga/sad_ws/install/vision_msgs/share/vision_msgs/cmake/ament_cmake_export_include_directories-extras.cmake
[0.466s] -- Installing: /home/gaga/sad_ws/install/vision_msgs/share/vision_msgs/cmake/ament_cmake_export_libraries-extras.cmake
[0.466s] -- Installing: /home/gaga/sad_ws/install/vision_msgs/share/vision_msgs/cmake/ament_cmake_export_targets-extras.cmake
[0.467s] -- Installing: /home/gaga/sad_ws/install/vision_msgs/share/vision_msgs/cmake/rosidl_cmake_export_typesupport_targets-extras.cmake
[0.467s] -- Installing: /home/gaga/sad_ws/install/vision_msgs/share/vision_msgs/cmake/rosidl_cmake_export_typesupport_libraries-extras.cmake
[0.467s] -- Installing: /home/gaga/sad_ws/install/vision_msgs/share/vision_msgs/cmake/vision_msgsConfig.cmake
[0.467s] -- Installing: /home/gaga/sad_ws/install/vision_msgs/share/vision_msgs/cmake/vision_msgsConfig-version.cmake
[0.467s] -- Installing: /home/gaga/sad_ws/install/vision_msgs/share/vision_msgs/package.xml
[0.468s] Invoked command in '/home/gaga/sad_ws/build/vision_msgs' returned '0': CMAKE_PREFIX_PATH=${CMAKE_PREFIX_PATH}:/home/gaga/sad_ws/install/q_visualizer:/opt/ros/humble /usr/bin/cmake --install /home/gaga/sad_ws/build/vision_msgs
