[35m[1mConsolidate compiler generated dependencies of target real_inverse_node[0m
[ 60%] Built target forward_node
[ 60%] Built target obstacle_node
[ 60%] Built target rrt_node
[ 60%] Built target motor_node
[ 60%] Built target path_node
[ 60%] Built target map_node
[ 70%] Built target Inverse_node
[ 80%] Built target spline_node
[ 90%] Built target path_test_node
[ 95%] [32mBuilding CXX object CMakeFiles/real_inverse_node.dir/src/real_inverse_node.cpp.o[0m
[01m[K/home/gaga/sad_ws/src/sad_pkg/src/real_inverse_node.cpp:[m[K In member function ‘[01m[KEigen::VectorXd ManipulatorNode::computeFeedbackVelocity(const Vector3d&, const Vector3d&, const Vector3d&)[m[K’:
[01m[K/home/gaga/sad_ws/src/sad_pkg/src/real_inverse_node.cpp:593:1:[m[K [01;31m[Kerror: [m[K‘[01m[Ks[m[K’ was not declared in this scope
  593 | [01;31m[Ks[m[K
      | [01;31m[K^[m[K
[01m[K/home/gaga/sad_ws/src/sad_pkg/src/real_inverse_node.cpp:596:9:[m[K [01;31m[Kerror: [m[K‘[01m[Ku_d_with_error[m[K’ was not declared in this scope
  596 |         [01;31m[Ku_d_with_error[m[K.head<3>() = desired_linear_velocity + Kp_pos * position_error;
      |         [01;31m[K^~~~~~~~~~~~~~[m[K
[01m[K/home/gaga/sad_ws/src/sad_pkg/src/real_inverse_node.cpp:596:32:[m[K [01;31m[Kerror: [m[Kexpected primary-expression before ‘[01m[K)[m[K’ token
  596 |         u_d_with_error.head<3>([01;31m[K)[m[K = desired_linear_velocity + Kp_pos * position_error;
      |                                [01;31m[K^[m[K
[01m[K/home/gaga/sad_ws/src/sad_pkg/src/real_inverse_node.cpp:597:32:[m[K [01;31m[Kerror: [m[Kexpected primary-expression before ‘[01m[K)[m[K’ token
  597 |         u_d_with_error.tail<3>([01;31m[K)[m[K = Kp_ori * orientation_error;
      |                                [01;31m[K^[m[K
gmake[2]: *** [CMakeFiles/real_inverse_node.dir/build.make:76: CMakeFiles/real_inverse_node.dir/src/real_inverse_node.cpp.o] Error 1
gmake[1]: *** [CMakeFiles/Makefile2:363: CMakeFiles/real_inverse_node.dir/all] Error 2
gmake: *** [Makefile:146: all] Error 2
