[35m[1mConsolidate compiler generated dependencies of target calibration_node[0m
[ 54%] Built target obstacle_node
[ 54%] Built target path_node
[ 54%] Built target spline_node
[ 54%] Built target map_node
[ 54%] Built target path_test_node
[ 63%] Built target forward_node
[ 63%] Built target motor_node
[ 72%] Built target rrt_node
[ 90%] Built target real_inverse_node
[ 90%] Built target Inverse_node
[ 95%] [32mBuilding CXX object CMakeFiles/calibration_node.dir/src/calibration_node.cpp.o[0m
[01m[K/home/gaga/sad_ws/src/sad_pkg/src/calibration_node.cpp:[m[K In member function ‘[01m[Kvoid RSNode::obstacleCallback(vision_msgs::msg::HarvestOrdering_<std::allocator<void> >::SharedPtr)[m[K’:
[01m[K/home/gaga/sad_ws/src/sad_pkg/src/calibration_node.cpp:152:36:[m[K [01;31m[Kerror: [m[K‘[01m[Kconst struct vision_msgs::msg::DetectedCrop_<std::allocator<void> >[m[K’ has no member named ‘[01m[Kposition[m[K’
  152 |             Vector4d obs_world(obj.[01;31m[Kposition[m[K.x, obj.position.y, obj.position.z, 1.0);
      |                                    [01;31m[K^~~~~~~~[m[K
[01m[K/home/gaga/sad_ws/src/sad_pkg/src/calibration_node.cpp:152:52:[m[K [01;31m[Kerror: [m[K‘[01m[Kconst struct vision_msgs::msg::DetectedCrop_<std::allocator<void> >[m[K’ has no member named ‘[01m[Kposition[m[K’
  152 |             Vector4d obs_world(obj.position.x, obj.[01;31m[Kposition[m[K.y, obj.position.z, 1.0);
      |                                                    [01;31m[K^~~~~~~~[m[K
[01m[K/home/gaga/sad_ws/src/sad_pkg/src/calibration_node.cpp:152:68:[m[K [01;31m[Kerror: [m[K‘[01m[Kconst struct vision_msgs::msg::DetectedCrop_<std::allocator<void> >[m[K’ has no member named ‘[01m[Kposition[m[K’
  152 |             Vector4d obs_world(obj.position.x, obj.position.y, obj.[01;31m[Kposition[m[K.z, 1.0);
      |                                                                    [01;31m[K^~~~~~~~[m[K
gmake[2]: *** [CMakeFiles/calibration_node.dir/build.make:76: CMakeFiles/calibration_node.dir/src/calibration_node.cpp.o] Error 1
gmake[1]: *** [CMakeFiles/Makefile2:417: CMakeFiles/calibration_node.dir/all] Error 2
gmake: *** [Makefile:146: all] Error 2
