[0.056s] Invoking command in '/home/gaga/sad_ws/build/my_vision_msgs': CMAKE_PREFIX_PATH=/home/gaga/sad_ws/install:/home/gaga/sad_ws/install/sad_pkg:/home/gaga/sad_ws/install/q_visualizer:/home/gaga/turtlebot3_ws/install/turtlebot3_teleop:/home/gaga/turtlebot3_ws/install/turtlebot3_example:/opt/ros/humble:/home/gaga/sad_ws/install/serial:/home/gaga/sad_ws/install/my_vision_msgs:/home/gaga/sad_ws/install/mani_urdf:/home/gaga/turtlebot3_ws/install/turtlebot3:/home/gaga/turtlebot3_ws/install/turtlebot3_simulations:/home/gaga/turtlebot3_ws/install/turtlebot3_bringup:/home/gaga/turtlebot3_ws/install/turtlebot3_node:/home/gaga/turtlebot3_ws/install/turtlebot3_navigation2:/home/gaga/turtlebot3_ws/install/turtlebot3_fake_node:/home/gaga/turtlebot3_ws/install/robot_master:/home/gaga/turtlebot3_ws/install/turtlebot3_msgs:/home/gaga/turtlebot3_ws/install/turtlebot3_gazebo:/home/gaga/turtlebot3_ws/install/turtlebot3_description:/home/gaga/turtlebot3_ws/install/turtlebot3_cartographer:/home/gaga/turtlebot3_ws/install/robot_vision:/home/gaga/turtlebot3_ws/install/robot_navigation:/home/gaga/turtlebot3_ws/install/robot_msgs:/home/gaga/turtlebot3_ws/install/dynamixel_sdk_examples:/home/gaga/turtlebot3_ws/install/dynamixel_sdk_custom_interfaces:/home/gaga/turtlebot3_ws/install/dynamixel_sdk:/home/gaga/ssibal_ws/install/robot_msgs:/home/gaga/sad_ws/src/install/vision_msgs:/home/gaga/sad_ws/src/install/sad_pkg:/home/gaga/sad_ws/src/install/serial:/home/gaga/sad_ws/src/install/my_vision_msgs:/home/gaga/sad_ws/src/install/mani_urdf:/home/gaga/robotprograming_ws/install/rp_pkg:/home/gaga/sad_ws/src/sad_pkg/install/sad_pkg /usr/bin/cmake --build /home/gaga/sad_ws/build/my_vision_msgs -- -j20 -l20
[0.181s] [ 10%] Built target my_vision_msgs__cpp
[0.182s] [ 12%] Built target my_vision_msgs__rosidl_generator_c
[0.210s] [ 12%] Built target ament_cmake_python_copy_my_vision_msgs
[0.245s] [ 58%] Built target my_vision_msgs__rosidl_typesupport_fastrtps_cpp
[0.246s] [ 58%] Built target my_vision_msgs__rosidl_typesupport_introspection_cpp
[0.246s] [ 58%] Built target my_vision_msgs__rosidl_typesupport_introspection_c
[0.246s] [ 61%] Built target my_vision_msgs__rosidl_typesupport_c
[0.246s] [ 78%] Built target my_vision_msgs__rosidl_typesupport_cpp
[0.246s] [ 78%] Built target my_vision_msgs__rosidl_typesupport_fastrtps_c
[0.300s] [ 78%] Built target my_vision_msgs
[0.364s] [ 80%] Built target my_vision_msgs__py
[0.436s] [ 89%] Built target my_vision_msgs__rosidl_generator_py
[0.513s] [100%] Built target my_vision_msgs__rosidl_typesupport_c__pyext
[0.513s] [100%] Built target my_vision_msgs__rosidl_typesupport_fastrtps_c__pyext
[0.513s] [100%] Built target my_vision_msgs__rosidl_typesupport_introspection_c__pyext
[0.657s] running egg_info
[0.659s] writing my_vision_msgs.egg-info/PKG-INFO
[0.660s] writing dependency_links to my_vision_msgs.egg-info/dependency_links.txt
[0.660s] writing top-level names to my_vision_msgs.egg-info/top_level.txt
[0.669s] reading manifest file 'my_vision_msgs.egg-info/SOURCES.txt'
[0.670s] writing manifest file 'my_vision_msgs.egg-info/SOURCES.txt'
[0.867s] [100%] Built target ament_cmake_python_build_my_vision_msgs_egg
[0.903s] Invoked command in '/home/gaga/sad_ws/build/my_vision_msgs' returned '0': CMAKE_PREFIX_PATH=/home/gaga/sad_ws/install:/home/gaga/sad_ws/install/sad_pkg:/home/gaga/sad_ws/install/q_visualizer:/home/gaga/turtlebot3_ws/install/turtlebot3_teleop:/home/gaga/turtlebot3_ws/install/turtlebot3_example:/opt/ros/humble:/home/gaga/sad_ws/install/serial:/home/gaga/sad_ws/install/my_vision_msgs:/home/gaga/sad_ws/install/mani_urdf:/home/gaga/turtlebot3_ws/install/turtlebot3:/home/gaga/turtlebot3_ws/install/turtlebot3_simulations:/home/gaga/turtlebot3_ws/install/turtlebot3_bringup:/home/gaga/turtlebot3_ws/install/turtlebot3_node:/home/gaga/turtlebot3_ws/install/turtlebot3_navigation2:/home/gaga/turtlebot3_ws/install/turtlebot3_fake_node:/home/gaga/turtlebot3_ws/install/robot_master:/home/gaga/turtlebot3_ws/install/turtlebot3_msgs:/home/gaga/turtlebot3_ws/install/turtlebot3_gazebo:/home/gaga/turtlebot3_ws/install/turtlebot3_description:/home/gaga/turtlebot3_ws/install/turtlebot3_cartographer:/home/gaga/turtlebot3_ws/install/robot_vision:/home/gaga/turtlebot3_ws/install/robot_navigation:/home/gaga/turtlebot3_ws/install/robot_msgs:/home/gaga/turtlebot3_ws/install/dynamixel_sdk_examples:/home/gaga/turtlebot3_ws/install/dynamixel_sdk_custom_interfaces:/home/gaga/turtlebot3_ws/install/dynamixel_sdk:/home/gaga/ssibal_ws/install/robot_msgs:/home/gaga/sad_ws/src/install/vision_msgs:/home/gaga/sad_ws/src/install/sad_pkg:/home/gaga/sad_ws/src/install/serial:/home/gaga/sad_ws/src/install/my_vision_msgs:/home/gaga/sad_ws/src/install/mani_urdf:/home/gaga/robotprograming_ws/install/rp_pkg:/home/gaga/sad_ws/src/sad_pkg/install/sad_pkg /usr/bin/cmake --build /home/gaga/sad_ws/build/my_vision_msgs -- -j20 -l20
[0.908s] Invoking command in '/home/gaga/sad_ws/build/my_vision_msgs': CMAKE_PREFIX_PATH=/home/gaga/sad_ws/install:/home/gaga/sad_ws/install/sad_pkg:/home/gaga/sad_ws/install/q_visualizer:/home/gaga/turtlebot3_ws/install/turtlebot3_teleop:/home/gaga/turtlebot3_ws/install/turtlebot3_example:/opt/ros/humble:/home/gaga/sad_ws/install/serial:/home/gaga/sad_ws/install/my_vision_msgs:/home/gaga/sad_ws/install/mani_urdf:/home/gaga/turtlebot3_ws/install/turtlebot3:/home/gaga/turtlebot3_ws/install/turtlebot3_simulations:/home/gaga/turtlebot3_ws/install/turtlebot3_bringup:/home/gaga/turtlebot3_ws/install/turtlebot3_node:/home/gaga/turtlebot3_ws/install/turtlebot3_navigation2:/home/gaga/turtlebot3_ws/install/turtlebot3_fake_node:/home/gaga/turtlebot3_ws/install/robot_master:/home/gaga/turtlebot3_ws/install/turtlebot3_msgs:/home/gaga/turtlebot3_ws/install/turtlebot3_gazebo:/home/gaga/turtlebot3_ws/install/turtlebot3_description:/home/gaga/turtlebot3_ws/install/turtlebot3_cartographer:/home/gaga/turtlebot3_ws/install/robot_vision:/home/gaga/turtlebot3_ws/install/robot_navigation:/home/gaga/turtlebot3_ws/install/robot_msgs:/home/gaga/turtlebot3_ws/install/dynamixel_sdk_examples:/home/gaga/turtlebot3_ws/install/dynamixel_sdk_custom_interfaces:/home/gaga/turtlebot3_ws/install/dynamixel_sdk:/home/gaga/ssibal_ws/install/robot_msgs:/home/gaga/sad_ws/src/install/vision_msgs:/home/gaga/sad_ws/src/install/sad_pkg:/home/gaga/sad_ws/src/install/serial:/home/gaga/sad_ws/src/install/my_vision_msgs:/home/gaga/sad_ws/src/install/mani_urdf:/home/gaga/robotprograming_ws/install/rp_pkg:/home/gaga/sad_ws/src/sad_pkg/install/sad_pkg /usr/bin/cmake --install /home/gaga/sad_ws/build/my_vision_msgs
[0.928s] -- Install configuration: ""
[0.928s] -- Up-to-date: /home/gaga/sad_ws/install/my_vision_msgs/share/ament_index/resource_index/rosidl_interfaces/my_vision_msgs
[0.929s] -- Up-to-date: /home/gaga/sad_ws/install/my_vision_msgs/include/my_vision_msgs/my_vision_msgs
[0.929s] -- Up-to-date: /home/gaga/sad_ws/install/my_vision_msgs/include/my_vision_msgs/my_vision_msgs/msg
[0.929s] -- Up-to-date: /home/gaga/sad_ws/install/my_vision_msgs/include/my_vision_msgs/my_vision_msgs/msg/detected_crop.h
[0.929s] -- Up-to-date: /home/gaga/sad_ws/install/my_vision_msgs/include/my_vision_msgs/my_vision_msgs/msg/rosidl_generator_c__visibility_control.h
[0.929s] -- Up-to-date: /home/gaga/sad_ws/install/my_vision_msgs/include/my_vision_msgs/my_vision_msgs/msg/crop_pose.h
[0.929s] -- Up-to-date: /home/gaga/sad_ws/install/my_vision_msgs/include/my_vision_msgs/my_vision_msgs/msg/harvest_ordering.h
[0.930s] -- Up-to-date: /home/gaga/sad_ws/install/my_vision_msgs/include/my_vision_msgs/my_vision_msgs/msg/detail
[0.930s] -- Up-to-date: /home/gaga/sad_ws/install/my_vision_msgs/include/my_vision_msgs/my_vision_msgs/msg/detail/detected_crop__functions.c
[0.930s] -- Up-to-date: /home/gaga/sad_ws/install/my_vision_msgs/include/my_vision_msgs/my_vision_msgs/msg/detail/detected_crop_array__struct.h
[0.930s] -- Up-to-date: /home/gaga/sad_ws/install/my_vision_msgs/include/my_vision_msgs/my_vision_msgs/msg/detail/detected_crop_array__functions.c
[0.930s] -- Up-to-date: /home/gaga/sad_ws/install/my_vision_msgs/include/my_vision_msgs/my_vision_msgs/msg/detail/crop_pose__struct.h
[0.930s] -- Up-to-date: /home/gaga/sad_ws/install/my_vision_msgs/include/my_vision_msgs/my_vision_msgs/msg/detail/harvest_ordering__functions.c
[0.931s] -- Up-to-date: /home/gaga/sad_ws/install/my_vision_msgs/include/my_vision_msgs/my_vision_msgs/msg/detail/detected_crop__struct.h
[0.931s] -- Up-to-date: /home/gaga/sad_ws/install/my_vision_msgs/include/my_vision_msgs/my_vision_msgs/msg/detail/harvest_ordering__struct.h
[0.931s] -- Up-to-date: /home/gaga/sad_ws/install/my_vision_msgs/include/my_vision_msgs/my_vision_msgs/msg/detail/harvest_ordering__functions.h
[0.931s] -- Up-to-date: /home/gaga/sad_ws/install/my_vision_msgs/include/my_vision_msgs/my_vision_msgs/msg/detail/harvest_ordering__type_support.h
[0.931s] -- Up-to-date: /home/gaga/sad_ws/install/my_vision_msgs/include/my_vision_msgs/my_vision_msgs/msg/detail/detected_crop__functions.h
[0.932s] -- Up-to-date: /home/gaga/sad_ws/install/my_vision_msgs/include/my_vision_msgs/my_vision_msgs/msg/detail/detected_crop__type_support.h
[0.932s] -- Up-to-date: /home/gaga/sad_ws/install/my_vision_msgs/include/my_vision_msgs/my_vision_msgs/msg/detail/crop_pose__functions.c
[0.932s] -- Up-to-date: /home/gaga/sad_ws/install/my_vision_msgs/include/my_vision_msgs/my_vision_msgs/msg/detail/crop_pose__type_support.h
[0.932s] -- Up-to-date: /home/gaga/sad_ws/install/my_vision_msgs/include/my_vision_msgs/my_vision_msgs/msg/detail/detected_crop_array__functions.h
[0.932s] -- Up-to-date: /home/gaga/sad_ws/install/my_vision_msgs/include/my_vision_msgs/my_vision_msgs/msg/detail/crop_pose__functions.h
[0.932s] -- Up-to-date: /home/gaga/sad_ws/install/my_vision_msgs/include/my_vision_msgs/my_vision_msgs/msg/detail/detected_crop_array__type_support.h
[0.932s] -- Up-to-date: /home/gaga/sad_ws/install/my_vision_msgs/include/my_vision_msgs/my_vision_msgs/msg/detected_crop_array.h
[0.932s] -- Up-to-date: /home/gaga/sad_ws/install/my_vision_msgs/share/my_vision_msgs/environment/library_path.sh
[0.932s] -- Up-to-date: /home/gaga/sad_ws/install/my_vision_msgs/share/my_vision_msgs/environment/library_path.dsv
[0.932s] -- Up-to-date: /home/gaga/sad_ws/install/my_vision_msgs/lib/libmy_vision_msgs__rosidl_generator_c.so
[0.932s] -- Up-to-date: /home/gaga/sad_ws/install/my_vision_msgs/include/my_vision_msgs/my_vision_msgs
[0.933s] -- Up-to-date: /home/gaga/sad_ws/install/my_vision_msgs/include/my_vision_msgs/my_vision_msgs/msg
[0.933s] -- Up-to-date: /home/gaga/sad_ws/install/my_vision_msgs/include/my_vision_msgs/my_vision_msgs/msg/rosidl_typesupport_fastrtps_c__visibility_control.h
[0.933s] -- Up-to-date: /home/gaga/sad_ws/install/my_vision_msgs/include/my_vision_msgs/my_vision_msgs/msg/detail
[0.933s] -- Up-to-date: /home/gaga/sad_ws/install/my_vision_msgs/include/my_vision_msgs/my_vision_msgs/msg/detail/crop_pose__rosidl_typesupport_fastrtps_c.h
[0.933s] -- Up-to-date: /home/gaga/sad_ws/install/my_vision_msgs/include/my_vision_msgs/my_vision_msgs/msg/detail/detected_crop_array__rosidl_typesupport_fastrtps_c.h
[0.933s] -- Up-to-date: /home/gaga/sad_ws/install/my_vision_msgs/include/my_vision_msgs/my_vision_msgs/msg/detail/harvest_ordering__rosidl_typesupport_fastrtps_c.h
[0.933s] -- Up-to-date: /home/gaga/sad_ws/install/my_vision_msgs/include/my_vision_msgs/my_vision_msgs/msg/detail/detected_crop__rosidl_typesupport_fastrtps_c.h
[0.933s] -- Up-to-date: /home/gaga/sad_ws/install/my_vision_msgs/lib/libmy_vision_msgs__rosidl_typesupport_fastrtps_c.so
[0.933s] -- Up-to-date: /home/gaga/sad_ws/install/my_vision_msgs/include/my_vision_msgs/my_vision_msgs
[0.933s] -- Up-to-date: /home/gaga/sad_ws/install/my_vision_msgs/include/my_vision_msgs/my_vision_msgs/msg
[0.933s] -- Up-to-date: /home/gaga/sad_ws/install/my_vision_msgs/include/my_vision_msgs/my_vision_msgs/msg/rosidl_generator_cpp__visibility_control.hpp
[0.933s] -- Up-to-date: /home/gaga/sad_ws/install/my_vision_msgs/include/my_vision_msgs/my_vision_msgs/msg/detected_crop.hpp
[0.933s] -- Up-to-date: /home/gaga/sad_ws/install/my_vision_msgs/include/my_vision_msgs/my_vision_msgs/msg/harvest_ordering.hpp
[0.934s] -- Up-to-date: /home/gaga/sad_ws/install/my_vision_msgs/include/my_vision_msgs/my_vision_msgs/msg/detected_crop_array.hpp
[0.934s] -- Up-to-date: /home/gaga/sad_ws/install/my_vision_msgs/include/my_vision_msgs/my_vision_msgs/msg/detail
[0.934s] -- Up-to-date: /home/gaga/sad_ws/install/my_vision_msgs/include/my_vision_msgs/my_vision_msgs/msg/detail/detected_crop__builder.hpp
[0.934s] -- Up-to-date: /home/gaga/sad_ws/install/my_vision_msgs/include/my_vision_msgs/my_vision_msgs/msg/detail/detected_crop__traits.hpp
[0.934s] -- Up-to-date: /home/gaga/sad_ws/install/my_vision_msgs/include/my_vision_msgs/my_vision_msgs/msg/detail/detected_crop_array__builder.hpp
[0.934s] -- Up-to-date: /home/gaga/sad_ws/install/my_vision_msgs/include/my_vision_msgs/my_vision_msgs/msg/detail/crop_pose__struct.hpp
[0.934s] -- Up-to-date: /home/gaga/sad_ws/install/my_vision_msgs/include/my_vision_msgs/my_vision_msgs/msg/detail/harvest_ordering__struct.hpp
[0.934s] -- Up-to-date: /home/gaga/sad_ws/install/my_vision_msgs/include/my_vision_msgs/my_vision_msgs/msg/detail/harvest_ordering__type_support.hpp
[0.934s] -- Up-to-date: /home/gaga/sad_ws/install/my_vision_msgs/include/my_vision_msgs/my_vision_msgs/msg/detail/harvest_ordering__builder.hpp
[0.934s] -- Up-to-date: /home/gaga/sad_ws/install/my_vision_msgs/include/my_vision_msgs/my_vision_msgs/msg/detail/detected_crop_array__type_support.hpp
[0.934s] -- Up-to-date: /home/gaga/sad_ws/install/my_vision_msgs/include/my_vision_msgs/my_vision_msgs/msg/detail/crop_pose__builder.hpp
[0.934s] -- Up-to-date: /home/gaga/sad_ws/install/my_vision_msgs/include/my_vision_msgs/my_vision_msgs/msg/detail/detected_crop_array__struct.hpp
[0.934s] -- Up-to-date: /home/gaga/sad_ws/install/my_vision_msgs/include/my_vision_msgs/my_vision_msgs/msg/detail/detected_crop__struct.hpp
[0.934s] -- Up-to-date: /home/gaga/sad_ws/install/my_vision_msgs/include/my_vision_msgs/my_vision_msgs/msg/detail/detected_crop__type_support.hpp
[0.935s] -- Up-to-date: /home/gaga/sad_ws/install/my_vision_msgs/include/my_vision_msgs/my_vision_msgs/msg/detail/crop_pose__traits.hpp
[0.935s] -- Up-to-date: /home/gaga/sad_ws/install/my_vision_msgs/include/my_vision_msgs/my_vision_msgs/msg/detail/harvest_ordering__traits.hpp
[0.935s] -- Up-to-date: /home/gaga/sad_ws/install/my_vision_msgs/include/my_vision_msgs/my_vision_msgs/msg/detail/crop_pose__type_support.hpp
[0.935s] -- Up-to-date: /home/gaga/sad_ws/install/my_vision_msgs/include/my_vision_msgs/my_vision_msgs/msg/detail/detected_crop_array__traits.hpp
[0.935s] -- Up-to-date: /home/gaga/sad_ws/install/my_vision_msgs/include/my_vision_msgs/my_vision_msgs/msg/crop_pose.hpp
[0.935s] -- Up-to-date: /home/gaga/sad_ws/install/my_vision_msgs/include/my_vision_msgs/my_vision_msgs
[0.935s] -- Up-to-date: /home/gaga/sad_ws/install/my_vision_msgs/include/my_vision_msgs/my_vision_msgs/msg
[0.935s] -- Up-to-date: /home/gaga/sad_ws/install/my_vision_msgs/include/my_vision_msgs/my_vision_msgs/msg/rosidl_typesupport_fastrtps_cpp__visibility_control.h
[0.935s] -- Up-to-date: /home/gaga/sad_ws/install/my_vision_msgs/include/my_vision_msgs/my_vision_msgs/msg/detail
[0.935s] -- Up-to-date: /home/gaga/sad_ws/install/my_vision_msgs/include/my_vision_msgs/my_vision_msgs/msg/detail/harvest_ordering__rosidl_typesupport_fastrtps_cpp.hpp
[0.935s] -- Up-to-date: /home/gaga/sad_ws/install/my_vision_msgs/include/my_vision_msgs/my_vision_msgs/msg/detail/dds_fastrtps
[0.935s] -- Up-to-date: /home/gaga/sad_ws/install/my_vision_msgs/include/my_vision_msgs/my_vision_msgs/msg/detail/crop_pose__rosidl_typesupport_fastrtps_cpp.hpp
[0.935s] -- Up-to-date: /home/gaga/sad_ws/install/my_vision_msgs/include/my_vision_msgs/my_vision_msgs/msg/detail/detected_crop__rosidl_typesupport_fastrtps_cpp.hpp
[0.936s] -- Up-to-date: /home/gaga/sad_ws/install/my_vision_msgs/include/my_vision_msgs/my_vision_msgs/msg/detail/detected_crop_array__rosidl_typesupport_fastrtps_cpp.hpp
[0.936s] -- Up-to-date: /home/gaga/sad_ws/install/my_vision_msgs/lib/libmy_vision_msgs__rosidl_typesupport_fastrtps_cpp.so
[0.936s] -- Up-to-date: /home/gaga/sad_ws/install/my_vision_msgs/include/my_vision_msgs/my_vision_msgs
[0.936s] -- Up-to-date: /home/gaga/sad_ws/install/my_vision_msgs/include/my_vision_msgs/my_vision_msgs/msg
[0.936s] -- Up-to-date: /home/gaga/sad_ws/install/my_vision_msgs/include/my_vision_msgs/my_vision_msgs/msg/rosidl_typesupport_introspection_c__visibility_control.h
[0.936s] -- Up-to-date: /home/gaga/sad_ws/install/my_vision_msgs/include/my_vision_msgs/my_vision_msgs/msg/detail
[0.936s] -- Up-to-date: /home/gaga/sad_ws/install/my_vision_msgs/include/my_vision_msgs/my_vision_msgs/msg/detail/harvest_ordering__type_support.c
[0.936s] -- Up-to-date: /home/gaga/sad_ws/install/my_vision_msgs/include/my_vision_msgs/my_vision_msgs/msg/detail/crop_pose__type_support.c
[0.936s] -- Up-to-date: /home/gaga/sad_ws/install/my_vision_msgs/include/my_vision_msgs/my_vision_msgs/msg/detail/detected_crop__type_support.c
[0.936s] -- Up-to-date: /home/gaga/sad_ws/install/my_vision_msgs/include/my_vision_msgs/my_vision_msgs/msg/detail/detected_crop_array__rosidl_typesupport_introspection_c.h
[0.936s] -- Up-to-date: /home/gaga/sad_ws/install/my_vision_msgs/include/my_vision_msgs/my_vision_msgs/msg/detail/detected_crop__rosidl_typesupport_introspection_c.h
[0.936s] -- Up-to-date: /home/gaga/sad_ws/install/my_vision_msgs/include/my_vision_msgs/my_vision_msgs/msg/detail/detected_crop_array__type_support.c
[0.937s] -- Up-to-date: /home/gaga/sad_ws/install/my_vision_msgs/include/my_vision_msgs/my_vision_msgs/msg/detail/crop_pose__rosidl_typesupport_introspection_c.h
[0.937s] -- Up-to-date: /home/gaga/sad_ws/install/my_vision_msgs/include/my_vision_msgs/my_vision_msgs/msg/detail/harvest_ordering__rosidl_typesupport_introspection_c.h
[0.937s] -- Up-to-date: /home/gaga/sad_ws/install/my_vision_msgs/lib/libmy_vision_msgs__rosidl_typesupport_introspection_c.so
[0.937s] -- Up-to-date: /home/gaga/sad_ws/install/my_vision_msgs/lib/libmy_vision_msgs__rosidl_typesupport_c.so
[0.937s] -- Up-to-date: /home/gaga/sad_ws/install/my_vision_msgs/include/my_vision_msgs/my_vision_msgs
[0.937s] -- Up-to-date: /home/gaga/sad_ws/install/my_vision_msgs/include/my_vision_msgs/my_vision_msgs/msg
[0.937s] -- Up-to-date: /home/gaga/sad_ws/install/my_vision_msgs/include/my_vision_msgs/my_vision_msgs/msg/detail
[0.937s] -- Up-to-date: /home/gaga/sad_ws/install/my_vision_msgs/include/my_vision_msgs/my_vision_msgs/msg/detail/detected_crop_array__type_support.cpp
[0.937s] -- Up-to-date: /home/gaga/sad_ws/install/my_vision_msgs/include/my_vision_msgs/my_vision_msgs/msg/detail/detected_crop_array__rosidl_typesupport_introspection_cpp.hpp
[0.937s] -- Up-to-date: /home/gaga/sad_ws/install/my_vision_msgs/include/my_vision_msgs/my_vision_msgs/msg/detail/harvest_ordering__rosidl_typesupport_introspection_cpp.hpp
[0.937s] -- Up-to-date: /home/gaga/sad_ws/install/my_vision_msgs/include/my_vision_msgs/my_vision_msgs/msg/detail/detected_crop__type_support.cpp
[0.937s] -- Up-to-date: /home/gaga/sad_ws/install/my_vision_msgs/include/my_vision_msgs/my_vision_msgs/msg/detail/detected_crop__rosidl_typesupport_introspection_cpp.hpp
[0.937s] -- Up-to-date: /home/gaga/sad_ws/install/my_vision_msgs/include/my_vision_msgs/my_vision_msgs/msg/detail/crop_pose__type_support.cpp
[0.937s] -- Up-to-date: /home/gaga/sad_ws/install/my_vision_msgs/include/my_vision_msgs/my_vision_msgs/msg/detail/harvest_ordering__type_support.cpp
[0.938s] -- Up-to-date: /home/gaga/sad_ws/install/my_vision_msgs/include/my_vision_msgs/my_vision_msgs/msg/detail/crop_pose__rosidl_typesupport_introspection_cpp.hpp
[0.938s] -- Up-to-date: /home/gaga/sad_ws/install/my_vision_msgs/lib/libmy_vision_msgs__rosidl_typesupport_introspection_cpp.so
[0.938s] -- Up-to-date: /home/gaga/sad_ws/install/my_vision_msgs/lib/libmy_vision_msgs__rosidl_typesupport_cpp.so
[0.938s] -- Up-to-date: /home/gaga/sad_ws/install/my_vision_msgs/share/my_vision_msgs/environment/pythonpath.sh
[0.938s] -- Up-to-date: /home/gaga/sad_ws/install/my_vision_msgs/share/my_vision_msgs/environment/pythonpath.dsv
[0.938s] -- Up-to-date: /home/gaga/sad_ws/install/my_vision_msgs/local/lib/python3.10/dist-packages/my_vision_msgs-0.1.0-py3.10.egg-info
[0.938s] -- Installing: /home/gaga/sad_ws/install/my_vision_msgs/local/lib/python3.10/dist-packages/my_vision_msgs-0.1.0-py3.10.egg-info/SOURCES.txt
[0.938s] -- Installing: /home/gaga/sad_ws/install/my_vision_msgs/local/lib/python3.10/dist-packages/my_vision_msgs-0.1.0-py3.10.egg-info/PKG-INFO
[0.938s] -- Installing: /home/gaga/sad_ws/install/my_vision_msgs/local/lib/python3.10/dist-packages/my_vision_msgs-0.1.0-py3.10.egg-info/top_level.txt
[0.938s] -- Installing: /home/gaga/sad_ws/install/my_vision_msgs/local/lib/python3.10/dist-packages/my_vision_msgs-0.1.0-py3.10.egg-info/dependency_links.txt
[0.938s] -- Up-to-date: /home/gaga/sad_ws/install/my_vision_msgs/local/lib/python3.10/dist-packages/my_vision_msgs
[0.938s] -- Up-to-date: /home/gaga/sad_ws/install/my_vision_msgs/local/lib/python3.10/dist-packages/my_vision_msgs/_my_vision_msgs_s.ep.rosidl_typesupport_introspection_c.c
[0.939s] -- Up-to-date: /home/gaga/sad_ws/install/my_vision_msgs/local/lib/python3.10/dist-packages/my_vision_msgs/libmy_vision_msgs__rosidl_generator_py.so
[0.939s] -- Up-to-date: /home/gaga/sad_ws/install/my_vision_msgs/local/lib/python3.10/dist-packages/my_vision_msgs/__init__.py
[0.939s] -- Up-to-date: /home/gaga/sad_ws/install/my_vision_msgs/local/lib/python3.10/dist-packages/my_vision_msgs/msg
[0.939s] -- Up-to-date: /home/gaga/sad_ws/install/my_vision_msgs/local/lib/python3.10/dist-packages/my_vision_msgs/msg/_harvest_ordering_s.c
[0.939s] -- Up-to-date: /home/gaga/sad_ws/install/my_vision_msgs/local/lib/python3.10/dist-packages/my_vision_msgs/msg/__init__.py
[0.939s] -- Up-to-date: /home/gaga/sad_ws/install/my_vision_msgs/local/lib/python3.10/dist-packages/my_vision_msgs/msg/_detected_crop_s.c
[0.939s] -- Up-to-date: /home/gaga/sad_ws/install/my_vision_msgs/local/lib/python3.10/dist-packages/my_vision_msgs/msg/_crop_pose.py
[0.939s] -- Up-to-date: /home/gaga/sad_ws/install/my_vision_msgs/local/lib/python3.10/dist-packages/my_vision_msgs/msg/_detected_crop_array_s.c
[0.939s] -- Up-to-date: /home/gaga/sad_ws/install/my_vision_msgs/local/lib/python3.10/dist-packages/my_vision_msgs/msg/_detected_crop_array.py
[0.939s] -- Up-to-date: /home/gaga/sad_ws/install/my_vision_msgs/local/lib/python3.10/dist-packages/my_vision_msgs/msg/_crop_pose_s.c
[0.939s] -- Up-to-date: /home/gaga/sad_ws/install/my_vision_msgs/local/lib/python3.10/dist-packages/my_vision_msgs/msg/_harvest_ordering.py
[0.939s] -- Up-to-date: /home/gaga/sad_ws/install/my_vision_msgs/local/lib/python3.10/dist-packages/my_vision_msgs/msg/_detected_crop.py
[0.939s] -- Up-to-date: /home/gaga/sad_ws/install/my_vision_msgs/local/lib/python3.10/dist-packages/my_vision_msgs/my_vision_msgs_s__rosidl_typesupport_introspection_c.cpython-310-x86_64-linux-gnu.so
[0.939s] -- Up-to-date: /home/gaga/sad_ws/install/my_vision_msgs/local/lib/python3.10/dist-packages/my_vision_msgs/_my_vision_msgs_s.ep.rosidl_typesupport_fastrtps_c.c
[0.940s] -- Up-to-date: /home/gaga/sad_ws/install/my_vision_msgs/local/lib/python3.10/dist-packages/my_vision_msgs/my_vision_msgs_s__rosidl_typesupport_c.cpython-310-x86_64-linux-gnu.so
[0.940s] -- Up-to-date: /home/gaga/sad_ws/install/my_vision_msgs/local/lib/python3.10/dist-packages/my_vision_msgs/my_vision_msgs_s__rosidl_typesupport_fastrtps_c.cpython-310-x86_64-linux-gnu.so
[0.940s] -- Up-to-date: /home/gaga/sad_ws/install/my_vision_msgs/local/lib/python3.10/dist-packages/my_vision_msgs/_my_vision_msgs_s.ep.rosidl_typesupport_c.c
[0.988s] Listing '/home/gaga/sad_ws/install/my_vision_msgs/local/lib/python3.10/dist-packages/my_vision_msgs'...
[0.989s] Listing '/home/gaga/sad_ws/install/my_vision_msgs/local/lib/python3.10/dist-packages/my_vision_msgs/msg'...
[1.005s] -- Up-to-date: /home/gaga/sad_ws/install/my_vision_msgs/local/lib/python3.10/dist-packages/my_vision_msgs/my_vision_msgs_s__rosidl_typesupport_fastrtps_c.cpython-310-x86_64-linux-gnu.so
[1.005s] -- Up-to-date: /home/gaga/sad_ws/install/my_vision_msgs/local/lib/python3.10/dist-packages/my_vision_msgs/my_vision_msgs_s__rosidl_typesupport_introspection_c.cpython-310-x86_64-linux-gnu.so
[1.005s] -- Up-to-date: /home/gaga/sad_ws/install/my_vision_msgs/local/lib/python3.10/dist-packages/my_vision_msgs/my_vision_msgs_s__rosidl_typesupport_c.cpython-310-x86_64-linux-gnu.so
[1.006s] -- Up-to-date: /home/gaga/sad_ws/install/my_vision_msgs/lib/libmy_vision_msgs__rosidl_generator_py.so
[1.006s] -- Up-to-date: /home/gaga/sad_ws/install/my_vision_msgs/share/my_vision_msgs/msg/CropPose.idl
[1.006s] -- Up-to-date: /home/gaga/sad_ws/install/my_vision_msgs/share/my_vision_msgs/msg/DetectedCrop.idl
[1.006s] -- Up-to-date: /home/gaga/sad_ws/install/my_vision_msgs/share/my_vision_msgs/msg/DetectedCropArray.idl
[1.006s] -- Up-to-date: /home/gaga/sad_ws/install/my_vision_msgs/share/my_vision_msgs/msg/HarvestOrdering.idl
[1.006s] -- Up-to-date: /home/gaga/sad_ws/install/my_vision_msgs/share/my_vision_msgs/msg/CropPose.msg
[1.006s] -- Up-to-date: /home/gaga/sad_ws/install/my_vision_msgs/share/my_vision_msgs/msg/DetectedCrop.msg
[1.006s] -- Up-to-date: /home/gaga/sad_ws/install/my_vision_msgs/share/my_vision_msgs/msg/DetectedCropArray.msg
[1.006s] -- Up-to-date: /home/gaga/sad_ws/install/my_vision_msgs/share/my_vision_msgs/msg/HarvestOrdering.msg
[1.006s] -- Up-to-date: /home/gaga/sad_ws/install/my_vision_msgs/share/ament_index/resource_index/package_run_dependencies/my_vision_msgs
[1.006s] -- Up-to-date: /home/gaga/sad_ws/install/my_vision_msgs/share/ament_index/resource_index/parent_prefix_path/my_vision_msgs
[1.006s] -- Up-to-date: /home/gaga/sad_ws/install/my_vision_msgs/share/my_vision_msgs/environment/ament_prefix_path.sh
[1.006s] -- Up-to-date: /home/gaga/sad_ws/install/my_vision_msgs/share/my_vision_msgs/environment/ament_prefix_path.dsv
[1.006s] -- Up-to-date: /home/gaga/sad_ws/install/my_vision_msgs/share/my_vision_msgs/environment/path.sh
[1.006s] -- Up-to-date: /home/gaga/sad_ws/install/my_vision_msgs/share/my_vision_msgs/environment/path.dsv
[1.006s] -- Up-to-date: /home/gaga/sad_ws/install/my_vision_msgs/share/my_vision_msgs/local_setup.bash
[1.006s] -- Up-to-date: /home/gaga/sad_ws/install/my_vision_msgs/share/my_vision_msgs/local_setup.sh
[1.006s] -- Up-to-date: /home/gaga/sad_ws/install/my_vision_msgs/share/my_vision_msgs/local_setup.zsh
[1.006s] -- Up-to-date: /home/gaga/sad_ws/install/my_vision_msgs/share/my_vision_msgs/local_setup.dsv
[1.006s] -- Installing: /home/gaga/sad_ws/install/my_vision_msgs/share/my_vision_msgs/package.dsv
[1.008s] -- Up-to-date: /home/gaga/sad_ws/install/my_vision_msgs/share/ament_index/resource_index/packages/my_vision_msgs
[1.008s] -- Up-to-date: /home/gaga/sad_ws/install/my_vision_msgs/share/my_vision_msgs/cmake/export_my_vision_msgs__rosidl_generator_cExport.cmake
[1.008s] -- Up-to-date: /home/gaga/sad_ws/install/my_vision_msgs/share/my_vision_msgs/cmake/export_my_vision_msgs__rosidl_generator_cExport-noconfig.cmake
[1.008s] -- Up-to-date: /home/gaga/sad_ws/install/my_vision_msgs/share/my_vision_msgs/cmake/export_my_vision_msgs__rosidl_typesupport_fastrtps_cExport.cmake
[1.008s] -- Up-to-date: /home/gaga/sad_ws/install/my_vision_msgs/share/my_vision_msgs/cmake/export_my_vision_msgs__rosidl_typesupport_fastrtps_cExport-noconfig.cmake
[1.008s] -- Up-to-date: /home/gaga/sad_ws/install/my_vision_msgs/share/my_vision_msgs/cmake/export_my_vision_msgs__rosidl_generator_cppExport.cmake
[1.008s] -- Up-to-date: /home/gaga/sad_ws/install/my_vision_msgs/share/my_vision_msgs/cmake/export_my_vision_msgs__rosidl_typesupport_fastrtps_cppExport.cmake
[1.008s] -- Up-to-date: /home/gaga/sad_ws/install/my_vision_msgs/share/my_vision_msgs/cmake/export_my_vision_msgs__rosidl_typesupport_fastrtps_cppExport-noconfig.cmake
[1.008s] -- Up-to-date: /home/gaga/sad_ws/install/my_vision_msgs/share/my_vision_msgs/cmake/my_vision_msgs__rosidl_typesupport_introspection_cExport.cmake
[1.009s] -- Up-to-date: /home/gaga/sad_ws/install/my_vision_msgs/share/my_vision_msgs/cmake/my_vision_msgs__rosidl_typesupport_introspection_cExport-noconfig.cmake
[1.009s] -- Up-to-date: /home/gaga/sad_ws/install/my_vision_msgs/share/my_vision_msgs/cmake/my_vision_msgs__rosidl_typesupport_cExport.cmake
[1.009s] -- Up-to-date: /home/gaga/sad_ws/install/my_vision_msgs/share/my_vision_msgs/cmake/my_vision_msgs__rosidl_typesupport_cExport-noconfig.cmake
[1.009s] -- Up-to-date: /home/gaga/sad_ws/install/my_vision_msgs/share/my_vision_msgs/cmake/my_vision_msgs__rosidl_typesupport_introspection_cppExport.cmake
[1.009s] -- Up-to-date: /home/gaga/sad_ws/install/my_vision_msgs/share/my_vision_msgs/cmake/my_vision_msgs__rosidl_typesupport_introspection_cppExport-noconfig.cmake
[1.009s] -- Up-to-date: /home/gaga/sad_ws/install/my_vision_msgs/share/my_vision_msgs/cmake/my_vision_msgs__rosidl_typesupport_cppExport.cmake
[1.009s] -- Up-to-date: /home/gaga/sad_ws/install/my_vision_msgs/share/my_vision_msgs/cmake/my_vision_msgs__rosidl_typesupport_cppExport-noconfig.cmake
[1.009s] -- Up-to-date: /home/gaga/sad_ws/install/my_vision_msgs/share/my_vision_msgs/cmake/export_my_vision_msgs__rosidl_generator_pyExport.cmake
[1.009s] -- Up-to-date: /home/gaga/sad_ws/install/my_vision_msgs/share/my_vision_msgs/cmake/export_my_vision_msgs__rosidl_generator_pyExport-noconfig.cmake
[1.009s] -- Up-to-date: /home/gaga/sad_ws/install/my_vision_msgs/share/my_vision_msgs/cmake/rosidl_cmake-extras.cmake
[1.009s] -- Up-to-date: /home/gaga/sad_ws/install/my_vision_msgs/share/my_vision_msgs/cmake/ament_cmake_export_dependencies-extras.cmake
[1.010s] -- Up-to-date: /home/gaga/sad_ws/install/my_vision_msgs/share/my_vision_msgs/cmake/ament_cmake_export_include_directories-extras.cmake
[1.010s] -- Up-to-date: /home/gaga/sad_ws/install/my_vision_msgs/share/my_vision_msgs/cmake/ament_cmake_export_libraries-extras.cmake
[1.010s] -- Up-to-date: /home/gaga/sad_ws/install/my_vision_msgs/share/my_vision_msgs/cmake/ament_cmake_export_targets-extras.cmake
[1.010s] -- Up-to-date: /home/gaga/sad_ws/install/my_vision_msgs/share/my_vision_msgs/cmake/rosidl_cmake_export_typesupport_targets-extras.cmake
[1.010s] -- Up-to-date: /home/gaga/sad_ws/install/my_vision_msgs/share/my_vision_msgs/cmake/rosidl_cmake_export_typesupport_libraries-extras.cmake
[1.010s] -- Up-to-date: /home/gaga/sad_ws/install/my_vision_msgs/share/my_vision_msgs/cmake/my_vision_msgsConfig.cmake
[1.010s] -- Up-to-date: /home/gaga/sad_ws/install/my_vision_msgs/share/my_vision_msgs/cmake/my_vision_msgsConfig-version.cmake
[1.010s] -- Up-to-date: /home/gaga/sad_ws/install/my_vision_msgs/share/my_vision_msgs/package.xml
[1.018s] Invoked command in '/home/gaga/sad_ws/build/my_vision_msgs' returned '0': CMAKE_PREFIX_PATH=/home/gaga/sad_ws/install:/home/gaga/sad_ws/install/sad_pkg:/home/gaga/sad_ws/install/q_visualizer:/home/gaga/turtlebot3_ws/install/turtlebot3_teleop:/home/gaga/turtlebot3_ws/install/turtlebot3_example:/opt/ros/humble:/home/gaga/sad_ws/install/serial:/home/gaga/sad_ws/install/my_vision_msgs:/home/gaga/sad_ws/install/mani_urdf:/home/gaga/turtlebot3_ws/install/turtlebot3:/home/gaga/turtlebot3_ws/install/turtlebot3_simulations:/home/gaga/turtlebot3_ws/install/turtlebot3_bringup:/home/gaga/turtlebot3_ws/install/turtlebot3_node:/home/gaga/turtlebot3_ws/install/turtlebot3_navigation2:/home/gaga/turtlebot3_ws/install/turtlebot3_fake_node:/home/gaga/turtlebot3_ws/install/robot_master:/home/gaga/turtlebot3_ws/install/turtlebot3_msgs:/home/gaga/turtlebot3_ws/install/turtlebot3_gazebo:/home/gaga/turtlebot3_ws/install/turtlebot3_description:/home/gaga/turtlebot3_ws/install/turtlebot3_cartographer:/home/gaga/turtlebot3_ws/install/robot_vision:/home/gaga/turtlebot3_ws/install/robot_navigation:/home/gaga/turtlebot3_ws/install/robot_msgs:/home/gaga/turtlebot3_ws/install/dynamixel_sdk_examples:/home/gaga/turtlebot3_ws/install/dynamixel_sdk_custom_interfaces:/home/gaga/turtlebot3_ws/install/dynamixel_sdk:/home/gaga/ssibal_ws/install/robot_msgs:/home/gaga/sad_ws/src/install/vision_msgs:/home/gaga/sad_ws/src/install/sad_pkg:/home/gaga/sad_ws/src/install/serial:/home/gaga/sad_ws/src/install/my_vision_msgs:/home/gaga/sad_ws/src/install/mani_urdf:/home/gaga/robotprograming_ws/install/rp_pkg:/home/gaga/sad_ws/src/sad_pkg/install/sad_pkg /usr/bin/cmake --install /home/gaga/sad_ws/build/my_vision_msgs
