[0.021s] Invoking command in '/home/gaga/sad_ws/build/serial': /usr/bin/cmake --build /home/gaga/sad_ws/build/serial -- -j20 -l20
[0.082s] [ 35%] Built target gtest_main
[0.082s] [ 35%] Built target gtest
[0.082s] [ 57%] Built target serial
[0.112s] [ 71%] Built target serial_example
[0.112s] [ 92%] Built target serial-test
[0.113s] [100%] Built target serial-test-timer
[0.353s] Invoked command in '/home/gaga/sad_ws/build/serial' returned '0': /usr/bin/cmake --build /home/gaga/sad_ws/build/serial -- -j20 -l20
[0.356s] Invoking command in '/home/gaga/sad_ws/build/serial': /usr/bin/cmake --install /home/gaga/sad_ws/build/serial
[0.365s] -- Install configuration: ""
[0.366s] -- Up-to-date: /home/gaga/sad_ws/install/serial/lib/libserial.so
[0.368s] -- Up-to-date: /home/gaga/sad_ws/install/serial/include
[0.368s] -- Up-to-date: /home/gaga/sad_ws/install/serial/include/serial
[0.368s] -- Up-to-date: /home/gaga/sad_ws/install/serial/include/serial/serial.h
[0.368s] -- Up-to-date: /home/gaga/sad_ws/install/serial/include/serial/impl
[0.368s] -- Up-to-date: /home/gaga/sad_ws/install/serial/include/serial/impl/win.h
[0.368s] -- Up-to-date: /home/gaga/sad_ws/install/serial/include/serial/impl/unix.h
[0.369s] -- Up-to-date: /home/gaga/sad_ws/install/serial/include/serial/v8stdint.h
[0.369s] -- Up-to-date: /home/gaga/sad_ws/install/serial/lib/serial/serial_example
[0.369s] -- Up-to-date: /home/gaga/sad_ws/install/serial/share/serial/environment/library_path.sh
[0.369s] -- Up-to-date: /home/gaga/sad_ws/install/serial/share/serial/environment/library_path.dsv
[0.369s] -- Up-to-date: /home/gaga/sad_ws/install/serial/share/ament_index/resource_index/package_run_dependencies/serial
[0.370s] -- Up-to-date: /home/gaga/sad_ws/install/serial/share/ament_index/resource_index/parent_prefix_path/serial
[0.370s] -- Up-to-date: /home/gaga/sad_ws/install/serial/share/serial/environment/ament_prefix_path.sh
[0.371s] -- Up-to-date: /home/gaga/sad_ws/install/serial/share/serial/environment/ament_prefix_path.dsv
[0.371s] -- Up-to-date: /home/gaga/sad_ws/install/serial/share/serial/environment/path.sh
[0.373s] -- Up-to-date: /home/gaga/sad_ws/install/serial/share/serial/environment/path.dsv
[0.373s] -- Up-to-date: /home/gaga/sad_ws/install/serial/share/serial/local_setup.bash
[0.373s] -- Up-to-date: /home/gaga/sad_ws/install/serial/share/serial/local_setup.sh
[0.373s] -- Up-to-date: /home/gaga/sad_ws/install/serial/share/serial/local_setup.zsh
[0.373s] -- Up-to-date: /home/gaga/sad_ws/install/serial/share/serial/local_setup.dsv
[0.373s] -- Installing: /home/gaga/sad_ws/install/serial/share/serial/package.dsv
[0.373s] -- Up-to-date: /home/gaga/sad_ws/install/serial/share/ament_index/resource_index/packages/serial
[0.374s] -- Up-to-date: /home/gaga/sad_ws/install/serial/share/serial/cmake/ament_cmake_export_include_directories-extras.cmake
[0.374s] -- Up-to-date: /home/gaga/sad_ws/install/serial/share/serial/cmake/ament_cmake_export_libraries-extras.cmake
[0.374s] -- Up-to-date: /home/gaga/sad_ws/install/serial/share/serial/cmake/serialConfig.cmake
[0.374s] -- Up-to-date: /home/gaga/sad_ws/install/serial/share/serial/cmake/serialConfig-version.cmake
[0.374s] -- Up-to-date: /home/gaga/sad_ws/install/serial/share/serial/package.xml
[0.396s] Invoked command in '/home/gaga/sad_ws/build/serial' returned '0': /usr/bin/cmake --install /home/gaga/sad_ws/build/serial
