[0.014s] Invoking command in '/home/gaga/sad_ws/build/harvest_master': CMAKE_PREFIX_PATH=/home/gaga/sad_ws/install/vision_msgs:/home/gaga/sad_ws/install:/home/gaga/sad_ws/install/sad_pkg:/home/gaga/sad_ws/install/harvest_master:/home/gaga/sad_ws/install/q_visualizer:/opt/ros/humble:/home/gaga/sad_ws/install/serial:/home/gaga/sad_ws/install/mani_urdf:/home/gaga/sad_ws/install/harvest_go /usr/bin/cmake --build /home/gaga/sad_ws/build/harvest_master -- -j20 -l20
[0.056s] -- Found ament_cmake: 1.3.11 (/opt/ros/humble/share/ament_cmake/cmake)
[0.263s] -- Found rclcpp: 16.0.12 (/opt/ros/humble/share/rclcpp/cmake)
[0.292s] -- Found rosidl_generator_c: 3.1.6 (/opt/ros/humble/share/rosidl_generator_c/cmake)
[0.295s] -- Found rosidl_adapter: 3.1.6 (/opt/ros/humble/share/rosidl_adapter/cmake)
[0.302s] -- Found rosidl_generator_cpp: 3.1.6 (/opt/ros/humble/share/rosidl_generator_cpp/cmake)
[0.316s] -- Using all available rosidl_typesupport_c: rosidl_typesupport_fastrtps_c;rosidl_typesupport_introspection_c
[0.334s] -- Using all available rosidl_typesupport_cpp: rosidl_typesupport_fastrtps_cpp;rosidl_typesupport_introspection_cpp
[0.378s] -- Found rmw_implementation_cmake: 6.1.2 (/opt/ros/humble/share/rmw_implementation_cmake/cmake)
[0.380s] -- Found rmw_fastrtps_cpp: 6.2.7 (/opt/ros/humble/share/rmw_fastrtps_cpp/cmake)
[0.519s] -- Using RMW implementation 'rmw_fastrtps_cpp' as default
[0.565s] -- Found std_srvs: 4.8.0 (/opt/ros/humble/share/std_srvs/cmake)
[0.574s] -- Found geometry_msgs: 4.8.0 (/opt/ros/humble/share/geometry_msgs/cmake)
[0.590s] -- Found vision_msgs: 0.1.0 (/home/gaga/sad_ws/install/vision_msgs/share/vision_msgs/cmake)
[0.617s] -- Found ament_lint_auto: 0.12.12 (/opt/ros/humble/share/ament_lint_auto/cmake)
[0.711s] -- Configuring done
[0.732s] -- Generating done
[0.737s] -- Build files have been written to: /home/gaga/sad_ws/build/harvest_master
[0.795s] [35m[1mConsolidate compiler generated dependencies of target master_node[0m
[0.824s] [ 50%] [32mBuilding CXX object CMakeFiles/master_node.dir/src/master_node.cpp.o[0m
[14.474s] [100%] [32m[1mLinking CXX executable master_node[0m
[15.028s] [100%] Built target master_node
[15.039s] Invoked command in '/home/gaga/sad_ws/build/harvest_master' returned '0': CMAKE_PREFIX_PATH=/home/gaga/sad_ws/install/vision_msgs:/home/gaga/sad_ws/install:/home/gaga/sad_ws/install/sad_pkg:/home/gaga/sad_ws/install/harvest_master:/home/gaga/sad_ws/install/q_visualizer:/opt/ros/humble:/home/gaga/sad_ws/install/serial:/home/gaga/sad_ws/install/mani_urdf:/home/gaga/sad_ws/install/harvest_go /usr/bin/cmake --build /home/gaga/sad_ws/build/harvest_master -- -j20 -l20
[15.039s] Invoking command in '/home/gaga/sad_ws/build/harvest_master': CMAKE_PREFIX_PATH=/home/gaga/sad_ws/install/vision_msgs:/home/gaga/sad_ws/install:/home/gaga/sad_ws/install/sad_pkg:/home/gaga/sad_ws/install/harvest_master:/home/gaga/sad_ws/install/q_visualizer:/opt/ros/humble:/home/gaga/sad_ws/install/serial:/home/gaga/sad_ws/install/mani_urdf:/home/gaga/sad_ws/install/harvest_go /usr/bin/cmake --install /home/gaga/sad_ws/build/harvest_master
[15.045s] -- Install configuration: ""
[15.045s] -- Installing: /home/gaga/sad_ws/install/harvest_master/lib/harvest_master/master_node
[15.049s] -- Set runtime path of "/home/gaga/sad_ws/install/harvest_master/lib/harvest_master/master_node" to ""
[15.049s] -- Up-to-date: /home/gaga/sad_ws/install/harvest_master/include/
[15.049s] -- Up-to-date: /home/gaga/sad_ws/install/harvest_master/include//harvest_master
[15.049s] -- Installing: /home/gaga/sad_ws/install/harvest_master/include//harvest_master/master_node.hpp
[15.050s] -- Up-to-date: /home/gaga/sad_ws/install/harvest_master/share/ament_index/resource_index/package_run_dependencies/harvest_master
[15.050s] -- Up-to-date: /home/gaga/sad_ws/install/harvest_master/share/ament_index/resource_index/parent_prefix_path/harvest_master
[15.050s] -- Up-to-date: /home/gaga/sad_ws/install/harvest_master/share/harvest_master/environment/ament_prefix_path.sh
[15.050s] -- Installing: /home/gaga/sad_ws/install/harvest_master/share/harvest_master/environment/ament_prefix_path.dsv
[15.050s] -- Up-to-date: /home/gaga/sad_ws/install/harvest_master/share/harvest_master/environment/path.sh
[15.050s] -- Installing: /home/gaga/sad_ws/install/harvest_master/share/harvest_master/environment/path.dsv
[15.050s] -- Up-to-date: /home/gaga/sad_ws/install/harvest_master/share/harvest_master/local_setup.bash
[15.050s] -- Up-to-date: /home/gaga/sad_ws/install/harvest_master/share/harvest_master/local_setup.sh
[15.050s] -- Up-to-date: /home/gaga/sad_ws/install/harvest_master/share/harvest_master/local_setup.zsh
[15.050s] -- Installing: /home/gaga/sad_ws/install/harvest_master/share/harvest_master/local_setup.dsv
[15.050s] -- Installing: /home/gaga/sad_ws/install/harvest_master/share/harvest_master/package.dsv
[15.050s] -- Up-to-date: /home/gaga/sad_ws/install/harvest_master/share/ament_index/resource_index/packages/harvest_master
[15.050s] -- Up-to-date: /home/gaga/sad_ws/install/harvest_master/share/harvest_master/cmake/harvest_masterConfig.cmake
[15.050s] -- Up-to-date: /home/gaga/sad_ws/install/harvest_master/share/harvest_master/cmake/harvest_masterConfig-version.cmake
[15.050s] -- Installing: /home/gaga/sad_ws/install/harvest_master/share/harvest_master/package.xml
[15.051s] Invoked command in '/home/gaga/sad_ws/build/harvest_master' returned '0': CMAKE_PREFIX_PATH=/home/gaga/sad_ws/install/vision_msgs:/home/gaga/sad_ws/install:/home/gaga/sad_ws/install/sad_pkg:/home/gaga/sad_ws/install/harvest_master:/home/gaga/sad_ws/install/q_visualizer:/opt/ros/humble:/home/gaga/sad_ws/install/serial:/home/gaga/sad_ws/install/mani_urdf:/home/gaga/sad_ws/install/harvest_go /usr/bin/cmake --install /home/gaga/sad_ws/build/harvest_master
