[0.022s] Invoking command in '/home/gaga/sad_ws/build/harvest_go': CMAKE_PREFIX_PATH=/home/gaga/sad_ws/install:/home/gaga/sad_ws/install/sad_pkg:/home/gaga/sad_ws/install/harvest_master:/home/gaga/sad_ws/install/vision_msgs:/home/gaga/sad_ws/install/q_visualizer:/opt/ros/humble:/home/gaga/sad_ws/install/serial:/home/gaga/sad_ws/install/mani_urdf:/home/gaga/sad_ws/install/harvest_go /usr/bin/cmake --build /home/gaga/sad_ws/build/harvest_go -- -j20 -l20
[0.048s] -- Found ament_cmake: 1.3.11 (/opt/ros/humble/share/ament_cmake/cmake)
[0.227s] -- Found rclcpp: 16.0.12 (/opt/ros/humble/share/rclcpp/cmake)
[0.253s] -- Found rosidl_generator_c: 3.1.6 (/opt/ros/humble/share/rosidl_generator_c/cmake)
[0.255s] -- Found rosidl_adapter: 3.1.6 (/opt/ros/humble/share/rosidl_adapter/cmake)
[0.261s] -- Found rosidl_generator_cpp: 3.1.6 (/opt/ros/humble/share/rosidl_generator_cpp/cmake)
[0.268s] -- Using all available rosidl_typesupport_c: rosidl_typesupport_fastrtps_c;rosidl_typesupport_introspection_c
[0.277s] -- Using all available rosidl_typesupport_cpp: rosidl_typesupport_fastrtps_cpp;rosidl_typesupport_introspection_cpp
[0.300s] -- Found rmw_implementation_cmake: 6.1.2 (/opt/ros/humble/share/rmw_implementation_cmake/cmake)
[0.301s] -- Found rmw_fastrtps_cpp: 6.2.7 (/opt/ros/humble/share/rmw_fastrtps_cpp/cmake)
[0.422s] -- Using RMW implementation 'rmw_fastrtps_cpp' as default
[0.584s] -- Configuring done
[0.622s] -- Generating done
[0.631s] -- Build files have been written to: /home/gaga/sad_ws/build/harvest_go
[0.699s] [ 33%] [34m[1mGenerating ui_mainwindow.h[0m
[0.700s] [ 33%] [34m[1mGenerating include/harvest_go/moc_main_window.cpp[0m
[0.720s] [35m[1mConsolidate compiler generated dependencies of target harvest_go[0m
[0.741s] [ 83%] [32mBuilding CXX object CMakeFiles/harvest_go.dir/src/main.cpp.o[0m
[0.742s] [ 83%] [32mBuilding CXX object CMakeFiles/harvest_go.dir/include/harvest_go/moc_main_window.cpp.o[0m
[0.742s] [ 83%] [32mBuilding CXX object CMakeFiles/harvest_go.dir/src/main_window.cpp.o[0m
[2.448s] [100%] [32m[1mLinking CXX executable harvest_go[0m
[4.312s] [100%] Built target harvest_go
[4.327s] Invoked command in '/home/gaga/sad_ws/build/harvest_go' returned '0': CMAKE_PREFIX_PATH=/home/gaga/sad_ws/install:/home/gaga/sad_ws/install/sad_pkg:/home/gaga/sad_ws/install/harvest_master:/home/gaga/sad_ws/install/vision_msgs:/home/gaga/sad_ws/install/q_visualizer:/opt/ros/humble:/home/gaga/sad_ws/install/serial:/home/gaga/sad_ws/install/mani_urdf:/home/gaga/sad_ws/install/harvest_go /usr/bin/cmake --build /home/gaga/sad_ws/build/harvest_go -- -j20 -l20
[4.329s] Invoking command in '/home/gaga/sad_ws/build/harvest_go': CMAKE_PREFIX_PATH=/home/gaga/sad_ws/install:/home/gaga/sad_ws/install/sad_pkg:/home/gaga/sad_ws/install/harvest_master:/home/gaga/sad_ws/install/vision_msgs:/home/gaga/sad_ws/install/q_visualizer:/opt/ros/humble:/home/gaga/sad_ws/install/serial:/home/gaga/sad_ws/install/mani_urdf:/home/gaga/sad_ws/install/harvest_go /usr/bin/cmake --install /home/gaga/sad_ws/build/harvest_go
[4.337s] -- Install configuration: ""
[4.337s] -- Installing: /home/gaga/sad_ws/install/harvest_go/lib/harvest_go/harvest_go
[4.337s] -- Set runtime path of "/home/gaga/sad_ws/install/harvest_go/lib/harvest_go/harvest_go" to ""
[4.338s] -- Up-to-date: /home/gaga/sad_ws/install/harvest_go/share/ament_index/resource_index/package_run_dependencies/harvest_go
[4.338s] -- Up-to-date: /home/gaga/sad_ws/install/harvest_go/share/ament_index/resource_index/parent_prefix_path/harvest_go
[4.338s] -- Up-to-date: /home/gaga/sad_ws/install/harvest_go/share/harvest_go/environment/ament_prefix_path.sh
[4.338s] -- Installing: /home/gaga/sad_ws/install/harvest_go/share/harvest_go/environment/ament_prefix_path.dsv
[4.338s] -- Up-to-date: /home/gaga/sad_ws/install/harvest_go/share/harvest_go/environment/path.sh
[4.338s] -- Installing: /home/gaga/sad_ws/install/harvest_go/share/harvest_go/environment/path.dsv
[4.338s] -- Up-to-date: /home/gaga/sad_ws/install/harvest_go/share/harvest_go/local_setup.bash
[4.338s] -- Up-to-date: /home/gaga/sad_ws/install/harvest_go/share/harvest_go/local_setup.sh
[4.338s] -- Up-to-date: /home/gaga/sad_ws/install/harvest_go/share/harvest_go/local_setup.zsh
[4.338s] -- Installing: /home/gaga/sad_ws/install/harvest_go/share/harvest_go/local_setup.dsv
[4.338s] -- Installing: /home/gaga/sad_ws/install/harvest_go/share/harvest_go/package.dsv
[4.338s] -- Up-to-date: /home/gaga/sad_ws/install/harvest_go/share/ament_index/resource_index/packages/harvest_go
[4.338s] -- Up-to-date: /home/gaga/sad_ws/install/harvest_go/share/harvest_go/cmake/harvest_goConfig.cmake
[4.338s] -- Up-to-date: /home/gaga/sad_ws/install/harvest_go/share/harvest_go/cmake/harvest_goConfig-version.cmake
[4.339s] -- Installing: /home/gaga/sad_ws/install/harvest_go/share/harvest_go/package.xml
[4.341s] Invoked command in '/home/gaga/sad_ws/build/harvest_go' returned '0': CMAKE_PREFIX_PATH=/home/gaga/sad_ws/install:/home/gaga/sad_ws/install/sad_pkg:/home/gaga/sad_ws/install/harvest_master:/home/gaga/sad_ws/install/vision_msgs:/home/gaga/sad_ws/install/q_visualizer:/opt/ros/humble:/home/gaga/sad_ws/install/serial:/home/gaga/sad_ws/install/mani_urdf:/home/gaga/sad_ws/install/harvest_go /usr/bin/cmake --install /home/gaga/sad_ws/build/harvest_go
