[0.018s] Invoking command in '/home/gaga/sad_ws/build/harvest_master': CMAKE_PREFIX_PATH=/home/gaga/sad_ws/install/vision_msgs:/home/gaga/sad_ws/install:/home/gaga/sad_ws/install/sad_pkg:/home/gaga/sad_ws/install/harvest_master:/home/gaga/sad_ws/install/q_visualizer:/opt/ros/humble:/home/gaga/sad_ws/install/serial:/home/gaga/sad_ws/install/mani_urdf:/home/gaga/sad_ws/install/harvest_go:/home/gaga/ssibal_ws/install/robot_msgs:/home/gaga/robotprograming_ws/install/rp_pkg /usr/bin/cmake --build /home/gaga/sad_ws/build/harvest_master -- -j20 -l20
[0.117s] [35m[1mConsolidate compiler generated dependencies of target master_node[0m
[0.148s] [ 50%] [32mBuilding CXX object CMakeFiles/master_node.dir/src/master_node.cpp.o[0m
[19.773s] [100%] [32m[1mLinking CXX executable master_node[0m
[20.928s] [100%] Built target master_node
[20.954s] Invoked command in '/home/gaga/sad_ws/build/harvest_master' returned '0': CMAKE_PREFIX_PATH=/home/gaga/sad_ws/install/vision_msgs:/home/gaga/sad_ws/install:/home/gaga/sad_ws/install/sad_pkg:/home/gaga/sad_ws/install/harvest_master:/home/gaga/sad_ws/install/q_visualizer:/opt/ros/humble:/home/gaga/sad_ws/install/serial:/home/gaga/sad_ws/install/mani_urdf:/home/gaga/sad_ws/install/harvest_go:/home/gaga/ssibal_ws/install/robot_msgs:/home/gaga/robotprograming_ws/install/rp_pkg /usr/bin/cmake --build /home/gaga/sad_ws/build/harvest_master -- -j20 -l20
[20.957s] Invoking command in '/home/gaga/sad_ws/build/harvest_master': CMAKE_PREFIX_PATH=/home/gaga/sad_ws/install/vision_msgs:/home/gaga/sad_ws/install:/home/gaga/sad_ws/install/sad_pkg:/home/gaga/sad_ws/install/harvest_master:/home/gaga/sad_ws/install/q_visualizer:/opt/ros/humble:/home/gaga/sad_ws/install/serial:/home/gaga/sad_ws/install/mani_urdf:/home/gaga/sad_ws/install/harvest_go:/home/gaga/ssibal_ws/install/robot_msgs:/home/gaga/robotprograming_ws/install/rp_pkg /usr/bin/cmake --install /home/gaga/sad_ws/build/harvest_master
[20.968s] -- Install configuration: ""
[20.968s] -- Installing: /home/gaga/sad_ws/install/harvest_master/lib/harvest_master/master_node
[20.983s] -- Set runtime path of "/home/gaga/sad_ws/install/harvest_master/lib/harvest_master/master_node" to ""
[20.983s] -- Up-to-date: /home/gaga/sad_ws/install/harvest_master/include/
[20.983s] -- Up-to-date: /home/gaga/sad_ws/install/harvest_master/include//harvest_master
[20.983s] -- Installing: /home/gaga/sad_ws/install/harvest_master/include//harvest_master/master_node.hpp
[20.983s] -- Up-to-date: /home/gaga/sad_ws/install/harvest_master/share/ament_index/resource_index/package_run_dependencies/harvest_master
[20.983s] -- Up-to-date: /home/gaga/sad_ws/install/harvest_master/share/ament_index/resource_index/parent_prefix_path/harvest_master
[20.983s] -- Up-to-date: /home/gaga/sad_ws/install/harvest_master/share/harvest_master/environment/ament_prefix_path.sh
[20.983s] -- Up-to-date: /home/gaga/sad_ws/install/harvest_master/share/harvest_master/environment/ament_prefix_path.dsv
[20.984s] -- Up-to-date: /home/gaga/sad_ws/install/harvest_master/share/harvest_master/environment/path.sh
[20.984s] -- Up-to-date: /home/gaga/sad_ws/install/harvest_master/share/harvest_master/environment/path.dsv
[20.984s] -- Up-to-date: /home/gaga/sad_ws/install/harvest_master/share/harvest_master/local_setup.bash
[20.984s] -- Up-to-date: /home/gaga/sad_ws/install/harvest_master/share/harvest_master/local_setup.sh
[20.984s] -- Up-to-date: /home/gaga/sad_ws/install/harvest_master/share/harvest_master/local_setup.zsh
[20.984s] -- Up-to-date: /home/gaga/sad_ws/install/harvest_master/share/harvest_master/local_setup.dsv
[20.984s] -- Installing: /home/gaga/sad_ws/install/harvest_master/share/harvest_master/package.dsv
[20.984s] -- Up-to-date: /home/gaga/sad_ws/install/harvest_master/share/ament_index/resource_index/packages/harvest_master
[20.984s] -- Up-to-date: /home/gaga/sad_ws/install/harvest_master/share/harvest_master/cmake/harvest_masterConfig.cmake
[20.984s] -- Up-to-date: /home/gaga/sad_ws/install/harvest_master/share/harvest_master/cmake/harvest_masterConfig-version.cmake
[20.984s] -- Up-to-date: /home/gaga/sad_ws/install/harvest_master/share/harvest_master/package.xml
[20.989s] Invoked command in '/home/gaga/sad_ws/build/harvest_master' returned '0': CMAKE_PREFIX_PATH=/home/gaga/sad_ws/install/vision_msgs:/home/gaga/sad_ws/install:/home/gaga/sad_ws/install/sad_pkg:/home/gaga/sad_ws/install/harvest_master:/home/gaga/sad_ws/install/q_visualizer:/opt/ros/humble:/home/gaga/sad_ws/install/serial:/home/gaga/sad_ws/install/mani_urdf:/home/gaga/sad_ws/install/harvest_go:/home/gaga/ssibal_ws/install/robot_msgs:/home/gaga/robotprograming_ws/install/rp_pkg /usr/bin/cmake --install /home/gaga/sad_ws/build/harvest_master
