[0.028s] Invoking command in '/home/gaga/sad_ws/build/sad_pkg': CMAKE_PREFIX_PATH=/home/gaga/sad_ws/install/q_visualizer:/opt/ros/humble:/home/gaga/sad_ws/install/serial:/home/gaga/sad_ws/install/my_vision_msgs:/home/gaga/sad_ws/install:/home/gaga/sad_ws/install/sad_pkg:/home/gaga/sad_ws/install/mani_urdf:/home/gaga/ssibal_ws/install/robot_msgs:/home/gaga/sad_ws/src/install/vision_msgs:/home/gaga/sad_ws/src/install/sad_pkg:/home/gaga/sad_ws/src/install/serial:/home/gaga/sad_ws/src/install/my_vision_msgs:/home/gaga/sad_ws/src/install/mani_urdf:/home/gaga/robotprograming_ws/install/rp_pkg:/home/gaga/sad_ws/src/sad_pkg/install/sad_pkg /usr/bin/cmake --build /home/gaga/sad_ws/build/sad_pkg -- -j20 -l20
[0.154s] [ 35%] Built target map_node
[0.155s] [ 65%] Built target obstacle_node
[0.155s] [ 75%] Built target path_test_node
[0.155s] [ 75%] [32mBuilding CXX object CMakeFiles/path_node.dir/src/path_node.cpp.o[0m
[0.155s] [ 75%] Built target Inverse_node
[0.155s] [ 75%] [32mBuilding CXX object CMakeFiles/motor_node.dir/src/motor_node.cpp.o[0m
[0.155s] [ 75%] Built target real_inverse_node
[0.155s] [ 90%] Built target forward_node
[0.155s] [ 90%] Built target rrt_node
[0.156s] [ 90%] Built target spline_node
[6.290s] [01m[K/home/gaga/sad_ws/src/sad_pkg/src/path_node.cpp:[m[K In member function ‘[01m[Kvoid RSNode::triggerCallback(std_msgs::msg::Float64MultiArray_<std::allocator<void> >::SharedPtr)[m[K’:
[6.290s] [01m[K/home/gaga/sad_ws/src/sad_pkg/src/path_node.cpp:89:1:[m[K [01;31m[Kerror: [m[K‘[01m[Kㄴ[m[K’ was not declared in this scope
[6.290s]    89 | [01;31m[Kㄴ[m[K
[6.290s]       | [01;31m[K^~[m[K
[6.305s] [01m[K/home/gaga/sad_ws/src/sad_pkg/src/path_node.cpp:129:13:[m[K [01;31m[Kerror: [m[K‘[01m[Kstart_[m[K’ was not declared in this scope
[6.305s]   129 |             [01;31m[Kstart_[m[K = prev_goal_point_;                         // 마지막 goal이 현재 위치
[6.305s]       |             [01;31m[K^~~~~~[m[K
[6.317s] [01m[K/home/gaga/sad_ws/src/sad_pkg/src/path_node.cpp:130:13:[m[K [01;31m[Kerror: [m[K‘[01m[Kgoal_[m[K’ was not declared in this scope
[6.317s]   130 |             [01;31m[Kgoal_[m[K  = makePoint(0.14, 0.0, 1.005);                // 홈 위치 직접 지정
[6.317s]       |             [01;31m[K^~~~~[m[K
[6.456s] [01m[K/home/gaga/sad_ws/src/sad_pkg/src/path_node.cpp:[m[K In member function ‘[01m[Kvoid RSNode::planRRTstar()[m[K’:
[6.456s] [01m[K/home/gaga/sad_ws/src/sad_pkg/src/path_node.cpp:317:28:[m[K [01;31m[Kerror: [m[K‘[01m[Kstart_[m[K’ was not declared in this scope
[6.456s]   317 |         nodes_.push_back({ [01;31m[Kstart_[m[K, -1, 0.0 });
[6.456s]       |                            [01;31m[K^~~~~~[m[K
[6.456s] [01m[K/home/gaga/sad_ws/src/sad_pkg/src/path_node.cpp:317:25:[m[K [01;31m[Kerror: [m[Kno matching function for call to ‘[01m[Kstd::vector<TreeNode>::push_back(<brace-enclosed initializer list>)[m[K’
[6.456s]   317 |         [01;31m[Knodes_.push_back({ start_, -1, 0.0 })[m[K;
[6.456s]       |         [01;31m[K~~~~~~~~~~~~~~~~^~~~~~~~~~~~~~~~~~~~~[m[K
[6.456s] In file included from [01m[K/usr/include/c++/11/vector:67[m[K,
[6.456s]                  from [01m[K/usr/include/c++/11/functional:62[m[K,
[6.456s]                  from [01m[K/usr/include/c++/11/pstl/glue_algorithm_defs.h:13[m[K,
[6.456s]                  from [01m[K/usr/include/c++/11/algorithm:74[m[K,
[6.456s]                  from [01m[K/opt/ros/humble/include/rclcpp/rclcpp/executor.hpp:18[m[K,
[6.456s]                  from [01m[K/opt/ros/humble/include/rclcpp/rclcpp/executors/multi_threaded_executor.hpp:25[m[K,
[6.457s]                  from [01m[K/opt/ros/humble/include/rclcpp/rclcpp/executors.hpp:21[m[K,
[6.457s]                  from [01m[K/opt/ros/humble/include/rclcpp/rclcpp/rclcpp.hpp:155[m[K,
[6.457s]                  from [01m[K/home/gaga/sad_ws/src/sad_pkg/src/path_node.cpp:3[m[K:
[6.457s] [01m[K/usr/include/c++/11/bits/stl_vector.h:1187:7:[m[K [01;36m[Knote: [m[Kcandidate: ‘[01m[Kvoid std::vector<_Tp, _Alloc>::push_back(const value_type&) [with _Tp = TreeNode; _Alloc = std::allocator<TreeNode>; std::vector<_Tp, _Alloc>::value_type = TreeNode][m[K’
[6.457s]  1187 |       [01;36m[Kpush_back[m[K(const value_type& __x)
[6.457s]       |       [01;36m[K^~~~~~~~~[m[K
[6.457s] [01m[K/usr/include/c++/11/bits/stl_vector.h:1187:35:[m[K [01;36m[Knote: [m[K  no known conversion for argument 1 from ‘[01m[K<brace-enclosed initializer list>[m[K’ to ‘[01m[Kconst value_type&[m[K’ {aka ‘[01m[Kconst TreeNode&[m[K’}
[6.457s]  1187 |       push_back([01;36m[Kconst value_type& __x[m[K)
[6.457s]       |                 [01;36m[K~~~~~~~~~~~~~~~~~~^~~[m[K
[6.457s] [01m[K/usr/include/c++/11/bits/stl_vector.h:1203:7:[m[K [01;36m[Knote: [m[Kcandidate: ‘[01m[Kvoid std::vector<_Tp, _Alloc>::push_back(std::vector<_Tp, _Alloc>::value_type&&) [with _Tp = TreeNode; _Alloc = std::allocator<TreeNode>; std::vector<_Tp, _Alloc>::value_type = TreeNode][m[K’
[6.457s]  1203 |       [01;36m[Kpush_back[m[K(value_type&& __x)
[6.457s]       |       [01;36m[K^~~~~~~~~[m[K
[6.457s] [01m[K/usr/include/c++/11/bits/stl_vector.h:1203:30:[m[K [01;36m[Knote: [m[K  no known conversion for argument 1 from ‘[01m[K<brace-enclosed initializer list>[m[K’ to ‘[01m[Kstd::vector<TreeNode>::value_type&&[m[K’ {aka ‘[01m[KTreeNode&&[m[K’}
[6.457s]  1203 |       push_back([01;36m[Kvalue_type&& __x[m[K)
[6.457s]       |                 [01;36m[K~~~~~~~~~~~~~^~~[m[K
[6.471s] [01m[K/home/gaga/sad_ws/src/sad_pkg/src/path_node.cpp:322:42:[m[K [01;31m[Kerror: [m[K‘[01m[Kgoal_[m[K’ was not declared in this scope
[6.471s]   322 |                 (ub(gen_) < goal_bias) ? [01;31m[Kgoal_[m[K : makePoint(ux(gen_), uy(gen_), uz(gen_));
[6.471s]       |                                          [01;31m[K^~~~~[m[K
[6.489s] [01m[K/home/gaga/sad_ws/src/sad_pkg/src/path_node.cpp:351:31:[m[K [01;31m[Kerror: [m[K‘[01m[Kgoal_[m[K’ was not declared in this scope
[6.489s]   351 |         int gid = nearestNode([01;31m[Kgoal_[m[K);
[6.489s]       |                               [01;31m[K^~~~~[m[K
[15.010s] gmake[2]: *** [CMakeFiles/path_node.dir/build.make:76: CMakeFiles/path_node.dir/src/path_node.cpp.o] Error 1
[15.010s] gmake[1]: *** [CMakeFiles/Makefile2:285: CMakeFiles/path_node.dir/all] Error 2
[15.010s] gmake[1]: *** Waiting for unfinished jobs....
[16.554s] [ 95%] [32m[1mLinking CXX executable motor_node[0m
[17.574s] [ 95%] Built target motor_node
[17.578s] gmake: *** [Makefile:146: all] Error 2
[17.584s] Invoked command in '/home/gaga/sad_ws/build/sad_pkg' returned '2': CMAKE_PREFIX_PATH=/home/gaga/sad_ws/install/q_visualizer:/opt/ros/humble:/home/gaga/sad_ws/install/serial:/home/gaga/sad_ws/install/my_vision_msgs:/home/gaga/sad_ws/install:/home/gaga/sad_ws/install/sad_pkg:/home/gaga/sad_ws/install/mani_urdf:/home/gaga/ssibal_ws/install/robot_msgs:/home/gaga/sad_ws/src/install/vision_msgs:/home/gaga/sad_ws/src/install/sad_pkg:/home/gaga/sad_ws/src/install/serial:/home/gaga/sad_ws/src/install/my_vision_msgs:/home/gaga/sad_ws/src/install/mani_urdf:/home/gaga/robotprograming_ws/install/rp_pkg:/home/gaga/sad_ws/src/sad_pkg/install/sad_pkg /usr/bin/cmake --build /home/gaga/sad_ws/build/sad_pkg -- -j20 -l20
