[0.021s] Invoking command in '/home/gaga/sad_ws/build/vision_msgs': CMAKE_PREFIX_PATH=${CMAKE_PREFIX_PATH}:/home/gaga/sad_ws/install/q_visualizer:/opt/ros/humble /usr/bin/cmake /home/gaga/sad_ws/src/vision_msgs -DCMAKE_INSTALL_PREFIX=/home/gaga/sad_ws/install/vision_msgs
[0.098s] -- The C compiler identification is GNU 11.4.0
[0.161s] -- The CXX compiler identification is GNU 11.4.0
[0.167s] -- Detecting C compiler ABI info
[0.232s] -- Detecting C compiler ABI info - done
[0.238s] -- Check for working C compiler: /usr/bin/cc - skipped
[0.238s] -- Detecting C compile features
[0.238s] -- Detecting C compile features - done
[0.241s] -- Detecting CXX compiler ABI info
[0.346s] -- Detecting CXX compiler ABI info - done
[0.351s] -- Check for working CXX compiler: /usr/bin/c++ - skipped
[0.351s] -- Detecting CXX compile features
[0.351s] -- Detecting CXX compile features - done
[0.353s] -- Found ament_cmake: 1.3.11 (/opt/ros/humble/share/ament_cmake/cmake)
[0.492s] -- Found Python3: /usr/bin/python3 (found version "3.10.12") found components: Interpreter 
[0.596s] -- Found std_msgs: 4.8.0 (/opt/ros/humble/share/std_msgs/cmake)
[0.623s] -- Found rosidl_generator_c: 3.1.6 (/opt/ros/humble/share/rosidl_generator_c/cmake)
[0.627s] -- Found rosidl_adapter: 3.1.6 (/opt/ros/humble/share/rosidl_adapter/cmake)
[0.634s] -- Found rosidl_generator_cpp: 3.1.6 (/opt/ros/humble/share/rosidl_generator_cpp/cmake)
[0.644s] -- Using all available rosidl_typesupport_c: rosidl_typesupport_fastrtps_c;rosidl_typesupport_introspection_c
[0.656s] -- Using all available rosidl_typesupport_cpp: rosidl_typesupport_fastrtps_cpp;rosidl_typesupport_introspection_cpp
[0.675s] -- Found rclcpp: 16.0.12 (/opt/ros/humble/share/rclcpp/cmake)
[0.702s] -- Found rmw_implementation_cmake: 6.1.2 (/opt/ros/humble/share/rmw_implementation_cmake/cmake)
[0.704s] -- Found rmw_fastrtps_cpp: 6.2.7 (/opt/ros/humble/share/rmw_fastrtps_cpp/cmake)
[0.788s] -- Found OpenSSL: /usr/lib/x86_64-linux-gnu/libcrypto.so (found version "3.0.2")  
[0.825s] -- Found FastRTPS: /opt/ros/humble/include  
[0.874s] -- Using RMW implementation 'rmw_fastrtps_cpp' as default
[0.880s] -- Looking for pthread.h
[0.982s] -- Looking for pthread.h - found
[0.982s] -- Performing Test CMAKE_HAVE_LIBC_PTHREAD
[1.104s] -- Performing Test CMAKE_HAVE_LIBC_PTHREAD - Success
[1.105s] -- Found Threads: TRUE  
[1.162s] -- Found geometry_msgs: 4.8.0 (/opt/ros/humble/share/geometry_msgs/cmake)
[1.173s] -- Found rosidl_default_generators: 1.2.0 (/opt/ros/humble/share/rosidl_default_generators/cmake)
[1.558s] -- Found ament_cmake_ros: 0.10.0 (/opt/ros/humble/share/ament_cmake_ros/cmake)
[2.173s] -- Using all available rosidl_typesupport_c: rosidl_typesupport_fastrtps_c;rosidl_typesupport_introspection_c
[2.397s] -- Using all available rosidl_typesupport_cpp: rosidl_typesupport_fastrtps_cpp;rosidl_typesupport_introspection_cpp
[2.429s] -- Found PythonInterp: /usr/bin/python3 (found suitable version "3.10.12", minimum required is "3.6") 
[2.431s] -- Found python_cmake_module: 0.10.0 (/opt/ros/humble/share/python_cmake_module/cmake)
[2.472s] -- Found PythonLibs: /usr/lib/x86_64-linux-gnu/libpython3.10.so (found suitable version "3.10.12", minimum required is "3.5") 
[2.473s] -- Using PYTHON_EXECUTABLE: /usr/bin/python3
[2.473s] -- Using PYTHON_INCLUDE_DIRS: /usr/include/python3.10
[2.473s] -- Using PYTHON_LIBRARIES: /usr/lib/x86_64-linux-gnu/libpython3.10.so
[2.496s] -- Found PythonExtra: .so  
[2.599s] -- Configuring done
[2.644s] -- Generating done
[2.662s] -- Build files have been written to: /home/gaga/sad_ws/build/vision_msgs
[2.717s] Invoked command in '/home/gaga/sad_ws/build/vision_msgs' returned '0': CMAKE_PREFIX_PATH=${CMAKE_PREFIX_PATH}:/home/gaga/sad_ws/install/q_visualizer:/opt/ros/humble /usr/bin/cmake /home/gaga/sad_ws/src/vision_msgs -DCMAKE_INSTALL_PREFIX=/home/gaga/sad_ws/install/vision_msgs
[2.719s] Invoking command in '/home/gaga/sad_ws/build/vision_msgs': CMAKE_PREFIX_PATH=${CMAKE_PREFIX_PATH}:/home/gaga/sad_ws/install/q_visualizer:/opt/ros/humble /usr/bin/cmake --build /home/gaga/sad_ws/build/vision_msgs -- -j20 -l20
[2.774s] [  1%] [34m[1mGenerating C code for ROS interfaces[0m
[2.788s] [  3%] [34m[1mGenerating C++ code for ROS interfaces[0m
[2.806s] [  3%] Built target ament_cmake_python_copy_vision_msgs
[3.089s] running egg_info
[3.089s] creating vision_msgs.egg-info
[3.090s] writing vision_msgs.egg-info/PKG-INFO
[3.090s] writing dependency_links to vision_msgs.egg-info/dependency_links.txt
[3.090s] writing top-level names to vision_msgs.egg-info/top_level.txt
[3.090s] writing manifest file 'vision_msgs.egg-info/SOURCES.txt'
[3.094s] reading manifest file 'vision_msgs.egg-info/SOURCES.txt'
[3.094s] writing manifest file 'vision_msgs.egg-info/SOURCES.txt'
[3.136s] [  3%] Built target ament_cmake_python_build_vision_msgs_egg
[3.245s] [  3%] Built target vision_msgs__cpp
[3.272s] [  9%] [34m[1mGenerating C++ introspection for ROS interfaces[0m
[3.273s] [  9%] [34m[1mGenerating C++ type support for eProsima Fast-RTPS[0m
[3.273s] [  9%] [34m[1mGenerating C++ type support dispatch for ROS interfaces[0m
[3.295s] [ 16%] [32mBuilding C object CMakeFiles/vision_msgs__rosidl_generator_c.dir/rosidl_generator_c/vision_msgs/msg/detail/detected_crop_array__functions.c.o[0m
[3.295s] [ 16%] [32mBuilding C object CMakeFiles/vision_msgs__rosidl_generator_c.dir/rosidl_generator_c/vision_msgs/msg/detail/detected_crop__functions.c.o[0m
[3.295s] [ 16%] [32mBuilding C object CMakeFiles/vision_msgs__rosidl_generator_c.dir/rosidl_generator_c/vision_msgs/msg/detail/harvest_ordering__functions.c.o[0m
[3.295s] [ 16%] [32mBuilding C object CMakeFiles/vision_msgs__rosidl_generator_c.dir/rosidl_generator_c/vision_msgs/msg/detail/crop_pose__functions.c.o[0m
[3.369s] [ 18%] [32m[1mLinking C shared library libvision_msgs__rosidl_generator_c.so[0m
[3.420s] [ 18%] Built target vision_msgs__rosidl_generator_c
[3.435s] [ 21%] [34m[1mGenerating C type support for eProsima Fast-RTPS[0m
[3.435s] [ 21%] [34m[1mGenerating C type support dispatch for ROS interfaces[0m
[3.435s] [ 23%] [34m[1mGenerating C introspection for ROS interfaces[0m
[3.758s] [ 30%] [32mBuilding CXX object CMakeFiles/vision_msgs__rosidl_typesupport_cpp.dir/rosidl_typesupport_cpp/vision_msgs/msg/detected_crop__type_support.cpp.o[0m
[3.758s] [ 30%] [32mBuilding CXX object CMakeFiles/vision_msgs__rosidl_typesupport_cpp.dir/rosidl_typesupport_cpp/vision_msgs/msg/crop_pose__type_support.cpp.o[0m
[3.759s] [ 30%] [32mBuilding CXX object CMakeFiles/vision_msgs__rosidl_typesupport_cpp.dir/rosidl_typesupport_cpp/vision_msgs/msg/harvest_ordering__type_support.cpp.o[0m
[3.759s] [ 30%] [32mBuilding CXX object CMakeFiles/vision_msgs__rosidl_typesupport_cpp.dir/rosidl_typesupport_cpp/vision_msgs/msg/detected_crop_array__type_support.cpp.o[0m
[3.797s] [ 36%] [32mBuilding CXX object CMakeFiles/vision_msgs__rosidl_typesupport_introspection_cpp.dir/rosidl_typesupport_introspection_cpp/vision_msgs/msg/detail/detected_crop__type_support.cpp.o[0m
[3.798s] [ 36%] [32mBuilding CXX object CMakeFiles/vision_msgs__rosidl_typesupport_introspection_cpp.dir/rosidl_typesupport_introspection_cpp/vision_msgs/msg/detail/detected_crop_array__type_support.cpp.o[0m
[3.798s] [ 38%] [32mBuilding CXX object CMakeFiles/vision_msgs__rosidl_typesupport_introspection_cpp.dir/rosidl_typesupport_introspection_cpp/vision_msgs/msg/detail/crop_pose__type_support.cpp.o[0m
[3.798s] [ 38%] [32mBuilding CXX object CMakeFiles/vision_msgs__rosidl_typesupport_introspection_cpp.dir/rosidl_typesupport_introspection_cpp/vision_msgs/msg/detail/harvest_ordering__type_support.cpp.o[0m
[4.021s] [ 40%] [32mBuilding CXX object CMakeFiles/vision_msgs__rosidl_typesupport_fastrtps_cpp.dir/rosidl_typesupport_fastrtps_cpp/vision_msgs/msg/detail/dds_fastrtps/detected_crop_array__type_support.cpp.o[0m
[4.027s] [ 41%] [32mBuilding CXX object CMakeFiles/vision_msgs__rosidl_typesupport_fastrtps_cpp.dir/rosidl_typesupport_fastrtps_cpp/vision_msgs/msg/detail/dds_fastrtps/detected_crop__type_support.cpp.o[0m
[4.031s] [ 43%] [32mBuilding CXX object CMakeFiles/vision_msgs__rosidl_typesupport_c.dir/rosidl_typesupport_c/vision_msgs/msg/detected_crop__type_support.cpp.o[0m
[4.032s] [ 45%] [32mBuilding CXX object CMakeFiles/vision_msgs__rosidl_typesupport_c.dir/rosidl_typesupport_c/vision_msgs/msg/harvest_ordering__type_support.cpp.o[0m
[4.033s] [ 47%] [32mBuilding CXX object CMakeFiles/vision_msgs__rosidl_typesupport_fastrtps_cpp.dir/rosidl_typesupport_fastrtps_cpp/vision_msgs/msg/detail/dds_fastrtps/crop_pose__type_support.cpp.o[0m
[4.033s] [ 49%] [32mBuilding CXX object CMakeFiles/vision_msgs__rosidl_typesupport_fastrtps_cpp.dir/rosidl_typesupport_fastrtps_cpp/vision_msgs/msg/detail/dds_fastrtps/harvest_ordering__type_support.cpp.o[0m
[4.045s] [ 50%] [32mBuilding CXX object CMakeFiles/vision_msgs__rosidl_typesupport_c.dir/rosidl_typesupport_c/vision_msgs/msg/detected_crop_array__type_support.cpp.o[0m
[4.061s] [ 52%] [32mBuilding CXX object CMakeFiles/vision_msgs__rosidl_typesupport_c.dir/rosidl_typesupport_c/vision_msgs/msg/crop_pose__type_support.cpp.o[0m
[4.190s] [ 54%] [32m[1mLinking CXX shared library libvision_msgs__rosidl_typesupport_c.so[0m
[4.255s] [ 56%] [32mBuilding CXX object CMakeFiles/vision_msgs__rosidl_typesupport_fastrtps_c.dir/rosidl_typesupport_fastrtps_c/vision_msgs/msg/detail/harvest_ordering__type_support_c.cpp.o[0m
[4.256s] [ 58%] [32mBuilding CXX object CMakeFiles/vision_msgs__rosidl_typesupport_fastrtps_c.dir/rosidl_typesupport_fastrtps_c/vision_msgs/msg/detail/detected_crop__type_support_c.cpp.o[0m
[4.260s] [ 60%] [32mBuilding CXX object CMakeFiles/vision_msgs__rosidl_typesupport_fastrtps_c.dir/rosidl_typesupport_fastrtps_c/vision_msgs/msg/detail/crop_pose__type_support_c.cpp.o[0m
[4.269s] [ 61%] [32mBuilding CXX object CMakeFiles/vision_msgs__rosidl_typesupport_fastrtps_c.dir/rosidl_typesupport_fastrtps_c/vision_msgs/msg/detail/detected_crop_array__type_support_c.cpp.o[0m
[4.380s] [ 61%] Built target vision_msgs__rosidl_typesupport_c
[4.413s] [ 63%] [32m[1mLinking CXX shared library libvision_msgs__rosidl_typesupport_cpp.so[0m
[4.548s] [ 67%] [32mBuilding C object CMakeFiles/vision_msgs__rosidl_typesupport_introspection_c.dir/rosidl_typesupport_introspection_c/vision_msgs/msg/detail/detected_crop__type_support.c.o[0m
[4.550s] [ 67%] [32mBuilding C object CMakeFiles/vision_msgs__rosidl_typesupport_introspection_c.dir/rosidl_typesupport_introspection_c/vision_msgs/msg/detail/detected_crop_array__type_support.c.o[0m
[4.558s] [ 69%] [32mBuilding C object CMakeFiles/vision_msgs__rosidl_typesupport_introspection_c.dir/rosidl_typesupport_introspection_c/vision_msgs/msg/detail/crop_pose__type_support.c.o[0m
[4.571s] [ 70%] [32mBuilding C object CMakeFiles/vision_msgs__rosidl_typesupport_introspection_c.dir/rosidl_typesupport_introspection_c/vision_msgs/msg/detail/harvest_ordering__type_support.c.o[0m
[4.587s] [ 70%] Built target vision_msgs__rosidl_typesupport_cpp
[4.727s] [ 72%] [32m[1mLinking C shared library libvision_msgs__rosidl_typesupport_introspection_c.so[0m
[4.839s] [ 72%] Built target vision_msgs__rosidl_typesupport_introspection_c
[4.935s] [ 74%] [32m[1mLinking CXX shared library libvision_msgs__rosidl_typesupport_introspection_cpp.so[0m
[5.012s] [ 76%] [32m[1mLinking CXX shared library libvision_msgs__rosidl_typesupport_fastrtps_c.so[0m
[5.135s] [ 78%] [32m[1mLinking CXX shared library libvision_msgs__rosidl_typesupport_fastrtps_cpp.so[0m
[5.141s] [ 78%] Built target vision_msgs__rosidl_typesupport_introspection_cpp
[5.219s] [ 78%] Built target vision_msgs__rosidl_typesupport_fastrtps_c
[5.280s] [ 78%] Built target vision_msgs__rosidl_typesupport_fastrtps_cpp
[5.320s] [ 78%] Built target vision_msgs
[5.351s] [ 80%] [34m[1mGenerating Python code for ROS interfaces[0m
[5.916s] [ 80%] Built target vision_msgs__py
[5.936s] [ 83%] [32mBuilding C object CMakeFiles/vision_msgs__rosidl_generator_py.dir/rosidl_generator_py/vision_msgs/msg/_detected_crop_s.c.o[0m
[5.936s] [ 83%] [32mBuilding C object CMakeFiles/vision_msgs__rosidl_generator_py.dir/rosidl_generator_py/vision_msgs/msg/_crop_pose_s.c.o[0m
[5.936s] [ 85%] [32mBuilding C object CMakeFiles/vision_msgs__rosidl_generator_py.dir/rosidl_generator_py/vision_msgs/msg/_detected_crop_array_s.c.o[0m
[5.936s] [ 87%] [32mBuilding C object CMakeFiles/vision_msgs__rosidl_generator_py.dir/rosidl_generator_py/vision_msgs/msg/_harvest_ordering_s.c.o[0m
[6.068s] [ 89%] [32m[1mLinking C shared library rosidl_generator_py/vision_msgs/libvision_msgs__rosidl_generator_py.so[0m
[6.122s] [ 89%] Built target vision_msgs__rosidl_generator_py
[6.143s] [ 92%] [32mBuilding C object CMakeFiles/vision_msgs__rosidl_typesupport_introspection_c__pyext.dir/rosidl_generator_py/vision_msgs/_vision_msgs_s.ep.rosidl_typesupport_introspection_c.c.o[0m
[6.143s] [ 92%] [32mBuilding C object CMakeFiles/vision_msgs__rosidl_typesupport_fastrtps_c__pyext.dir/rosidl_generator_py/vision_msgs/_vision_msgs_s.ep.rosidl_typesupport_fastrtps_c.c.o[0m
[6.143s] [ 94%] [32mBuilding C object CMakeFiles/vision_msgs__rosidl_typesupport_c__pyext.dir/rosidl_generator_py/vision_msgs/_vision_msgs_s.ep.rosidl_typesupport_c.c.o[0m
[6.240s] [ 96%] [32m[1mLinking C shared library rosidl_generator_py/vision_msgs/vision_msgs_s__rosidl_typesupport_c.cpython-310-x86_64-linux-gnu.so[0m
[6.241s] [100%] [32m[1mLinking C shared library rosidl_generator_py/vision_msgs/vision_msgs_s__rosidl_typesupport_fastrtps_c.cpython-310-x86_64-linux-gnu.so[0m
[6.241s] [100%] [32m[1mLinking C shared library rosidl_generator_py/vision_msgs/vision_msgs_s__rosidl_typesupport_introspection_c.cpython-310-x86_64-linux-gnu.so[0m
[6.292s] [100%] Built target vision_msgs__rosidl_typesupport_fastrtps_c__pyext
[6.293s] [100%] Built target vision_msgs__rosidl_typesupport_c__pyext
[6.299s] [100%] Built target vision_msgs__rosidl_typesupport_introspection_c__pyext
