[35m[1mConsolidate compiler generated dependencies of target calibration_node[0m
[35m[1mConsolidate compiler generated dependencies of target path_node[0m
[ 50%] Built target rrt_node
[ 50%] Built target map_node
[ 50%] Built target forward_node
[ 50%] Built target obstacle_node
[ 50%] Built target spline_node
[ 54%] Built target path_test_node
[ 63%] Built target motor_node
[ 72%] Built target Inverse_node
[ 81%] Built target path_node
[ 95%] [32mBuilding CXX object CMakeFiles/calibration_node.dir/src/calibration_node.cpp.o[0m
[ 95%] Built target real_inverse_node
[01m[K/home/gaga/sad_ws/src/sad_pkg/src/calibration_node.cpp:[m[K In member function ‘[01m[Kvoid RSNode::obstacleCallback(vision_msgs::msg::HarvestOrdering_<std::allocator<void> >::SharedPtr)[m[K’:
[01m[K/home/gaga/sad_ws/src/sad_pkg/src/calibration_node.cpp:140:18:[m[K [01;31m[Kerror: [m[K‘[01m[Kusing element_type = struct vision_msgs::msg::HarvestOrdering_<std::allocator<void> >[m[K’ {aka ‘[01m[Kstruct vision_msgs::msg::HarvestOrdering_<std::allocator<void> >[m[K’} has no member named ‘[01m[Kposes[m[K’
  140 |         if (msg->[01;31m[Kposes[m[K.size() < 8) {
      |                  [01;31m[K^~~~~[m[K
[01m[K/home/gaga/sad_ws/src/sad_pkg/src/calibration_node.cpp:149:35:[m[K [01;31m[Kerror: [m[K‘[01m[Kusing element_type = struct vision_msgs::msg::HarvestOrdering_<std::allocator<void> >[m[K’ {aka ‘[01m[Kstruct vision_msgs::msg::HarvestOrdering_<std::allocator<void> >[m[K’} has no member named ‘[01m[Kposes[m[K’
  149 |             const auto& pt = msg->[01;31m[Kposes[m[K[i];
      |                                   [01;31m[K^~~~~[m[K
gmake[2]: *** [CMakeFiles/calibration_node.dir/build.make:76: CMakeFiles/calibration_node.dir/src/calibration_node.cpp.o] Error 1
gmake[1]: *** [CMakeFiles/Makefile2:417: CMakeFiles/calibration_node.dir/all] Error 2
gmake: *** [Makefile:146: all] Error 2
