[0.438s] Invoking command in '/home/gaga/sad_ws/q_visualizer': PYTHONPATH=/home/gaga/sad_ws/build/q_visualizer/prefix_override:/usr/lib/python3/dist-packages/colcon_core/task/python/colcon_distutils_commands:/home/gaga/sad_ws/install/q_visualizer/lib/python3.10/site-packages:${PYTHONPATH} /usr/bin/python3 -W ignore:setup.py install is deprecated -W ignore:easy_install command is deprecated setup.py egg_info --egg-base ../build/q_visualizer build --build-base /home/gaga/sad_ws/build/q_visualizer/build install --record /home/gaga/sad_ws/build/q_visualizer/install.log --single-version-externally-managed install_data
[0.573s] running egg_info
[0.573s] writing ../build/q_visualizer/q_visualizer.egg-info/PKG-INFO
[0.573s] writing dependency_links to ../build/q_visualizer/q_visualizer.egg-info/dependency_links.txt
[0.573s] writing entry points to ../build/q_visualizer/q_visualizer.egg-info/entry_points.txt
[0.574s] writing requirements to ../build/q_visualizer/q_visualizer.egg-info/requires.txt
[0.574s] writing top-level names to ../build/q_visualizer/q_visualizer.egg-info/top_level.txt
[0.574s] reading manifest file '../build/q_visualizer/q_visualizer.egg-info/SOURCES.txt'
[0.575s] writing manifest file '../build/q_visualizer/q_visualizer.egg-info/SOURCES.txt'
[0.575s] running build
[0.575s] running build_py
[0.575s] copying q_visualizer/q_visualizer_node.py -> /home/gaga/sad_ws/build/q_visualizer/build/lib/q_visualizer
[0.575s] running install
[0.575s] running install_lib
[0.576s] copying /home/gaga/sad_ws/build/q_visualizer/build/lib/q_visualizer/q_visualizer_node.py -> /home/gaga/sad_ws/install/q_visualizer/lib/python3.10/site-packages/q_visualizer
[0.576s] byte-compiling /home/gaga/sad_ws/install/q_visualizer/lib/python3.10/site-packages/q_visualizer/q_visualizer_node.py to q_visualizer_node.cpython-310.pyc
[0.576s] running install_data
[0.576s] running install_egg_info
[0.577s] removing '/home/gaga/sad_ws/install/q_visualizer/lib/python3.10/site-packages/q_visualizer-0.1.0-py3.10.egg-info' (and everything under it)
[0.577s] Copying ../build/q_visualizer/q_visualizer.egg-info to /home/gaga/sad_ws/install/q_visualizer/lib/python3.10/site-packages/q_visualizer-0.1.0-py3.10.egg-info
[0.578s] running install_scripts
[0.589s] Installing q_visualizer_node script to /home/gaga/sad_ws/install/q_visualizer/lib/q_visualizer
[0.590s] writing list of installed files to '/home/gaga/sad_ws/build/q_visualizer/install.log'
[0.603s] Invoked command in '/home/gaga/sad_ws/q_visualizer' returned '0': PYTHONPATH=/home/gaga/sad_ws/build/q_visualizer/prefix_override:/usr/lib/python3/dist-packages/colcon_core/task/python/colcon_distutils_commands:/home/gaga/sad_ws/install/q_visualizer/lib/python3.10/site-packages:${PYTHONPATH} /usr/bin/python3 -W ignore:setup.py install is deprecated -W ignore:easy_install command is deprecated setup.py egg_info --egg-base ../build/q_visualizer build --build-base /home/gaga/sad_ws/build/q_visualizer/build install --record /home/gaga/sad_ws/build/q_visualizer/install.log --single-version-externally-managed install_data
