[0.023s] Invoking command in '/home/gaga/sad_ws/build/sad_pkg': CMAKE_PREFIX_PATH=/home/gaga/sad_ws/install/vision_msgs:/home/gaga/sad_ws/install/q_visualizer:/opt/ros/humble:/home/gaga/sad_ws/install/serial:/home/gaga/sad_ws/install:/home/gaga/sad_ws/install/sad_pkg:/home/gaga/sad_ws/install/harvest_master:/home/gaga/sad_ws/install/mani_urdf:/home/gaga/sad_ws/install/harvest_go:/home/gaga/ssibal_ws/install/robot_msgs:/home/gaga/robotprograming_ws/install/rp_pkg /usr/bin/cmake --build /home/gaga/sad_ws/build/sad_pkg -- -j20 -l20
[0.137s] [ 22%] [32mBuilding CXX object CMakeFiles/path_node.dir/src/path_node.cpp.o[0m
[0.138s] [ 72%] Built target spline_node
[0.138s] [ 72%] Built target path_test_node
[0.138s] [ 72%] Built target obstacle_node
[0.139s] [ 72%] Built target calibration_node
[0.139s] [ 81%] Built target forward_node
[0.139s] [ 81%] Built target rrt_node
[0.139s] [ 86%] Built target Inverse_node
[0.139s] [ 72%] Built target motor_node
[0.139s] [ 72%] Built target map_node
[0.146s] [ 95%] Built target real_inverse_node
[0.395s] [01m[K/home/gaga/sad_ws/src/sad_pkg/src/path_node.cpp:4:10:[m[K [01;31m[Kfatal error: [m[Kmy_vision_msgs/msg/harvest_ordering.hpp: No such file or directory
[0.395s]     4 | #include [01;31m[K"my_vision_msgs/msg/harvest_ordering.hpp"[m[K  // 커스텀 메시지 타입
[0.395s]       |          [01;31m[K^~~~~~~~~~~~~~~~~~~~~~~~~~~~~~~~~~~~~~~~~[m[K
[0.395s] compilation terminated.
[0.401s] gmake[2]: *** [CMakeFiles/path_node.dir/build.make:76: CMakeFiles/path_node.dir/src/path_node.cpp.o] Error 1
[0.402s] gmake[1]: *** [CMakeFiles/Makefile2:287: CMakeFiles/path_node.dir/all] Error 2
[0.402s] gmake: *** [Makefile:146: all] Error 2
[0.409s] Invoked command in '/home/gaga/sad_ws/build/sad_pkg' returned '2': CMAKE_PREFIX_PATH=/home/gaga/sad_ws/install/vision_msgs:/home/gaga/sad_ws/install/q_visualizer:/opt/ros/humble:/home/gaga/sad_ws/install/serial:/home/gaga/sad_ws/install:/home/gaga/sad_ws/install/sad_pkg:/home/gaga/sad_ws/install/harvest_master:/home/gaga/sad_ws/install/mani_urdf:/home/gaga/sad_ws/install/harvest_go:/home/gaga/ssibal_ws/install/robot_msgs:/home/gaga/robotprograming_ws/install/rp_pkg /usr/bin/cmake --build /home/gaga/sad_ws/build/sad_pkg -- -j20 -l20
