[0.016s] Invoking command in '/home/gaga/sad_ws/build/my_vision_msgs': CMAKE_PREFIX_PATH=/home/gaga/sad_ws/install:/home/gaga/sad_ws/install/sad_pkg:/home/gaga/sad_ws/install/serial:/home/gaga/sad_ws/install/my_vision_msgs:/home/gaga/sad_ws/install/mani_urdf:/home/gaga/turtlebot3_ws/install/turtlebot3:/home/gaga/turtlebot3_ws/install/turtlebot3_simulations:/home/gaga/turtlebot3_ws/install/turtlebot3_bringup:/home/gaga/turtlebot3_ws/install/turtlebot3_node:/home/gaga/turtlebot3_ws/install/turtlebot3_navigation2:/home/gaga/turtlebot3_ws/install/turtlebot3_fake_node:/home/gaga/turtlebot3_ws/install/robot_master:/home/gaga/turtlebot3_ws/install/turtlebot3_msgs:/home/gaga/turtlebot3_ws/install/turtlebot3_gazebo:/home/gaga/turtlebot3_ws/install/turtlebot3_description:/home/gaga/turtlebot3_ws/install/turtlebot3_cartographer:/home/gaga/turtlebot3_ws/install/robot_vision:/home/gaga/turtlebot3_ws/install/robot_navigation:/home/gaga/turtlebot3_ws/install/robot_msgs:/home/gaga/turtlebot3_ws/install/dynamixel_sdk_examples:/home/gaga/turtlebot3_ws/install/dynamixel_sdk_custom_interfaces:/home/gaga/turtlebot3_ws/install/dynamixel_sdk:/home/gaga/ssibal_ws/install/robot_msgs:/home/gaga/sad_ws/src/install/vision_msgs:/home/gaga/sad_ws/src/install/sad_pkg:/home/gaga/turtlebot3_ws/install/turtlebot3_teleop:/home/gaga/turtlebot3_ws/install/turtlebot3_example:/opt/ros/humble:/home/gaga/sad_ws/src/install/serial:/home/gaga/sad_ws/src/install/my_vision_msgs:/home/gaga/sad_ws/src/install/mani_urdf:/home/gaga/robotprograming_ws/install/rp_pkg:/home/gaga/sad_ws/src/sad_pkg/install/sad_pkg /usr/bin/cmake /home/gaga/sad_ws/src/my_vision_msgs -DCMAKE_INSTALL_PREFIX=/home/gaga/sad_ws/install/my_vision_msgs
[0.065s] -- The C compiler identification is GNU 11.4.0
[0.105s] -- The CXX compiler identification is GNU 11.4.0
[0.112s] -- Detecting C compiler ABI info
[0.170s] -- Detecting C compiler ABI info - done
[0.176s] -- Check for working C compiler: /usr/bin/cc - skipped
[0.176s] -- Detecting C compile features
[0.177s] -- Detecting C compile features - done
[0.179s] -- Detecting CXX compiler ABI info
[0.241s] -- Detecting CXX compiler ABI info - done
[0.245s] -- Check for working CXX compiler: /usr/bin/c++ - skipped
[0.245s] -- Detecting CXX compile features
[0.245s] -- Detecting CXX compile features - done
[0.248s] -- Found ament_cmake: 1.3.11 (/opt/ros/humble/share/ament_cmake/cmake)
[0.354s] -- Found Python3: /usr/bin/python3 (found version "3.10.12") found components: Interpreter 
[0.434s] -- Found rclcpp: 16.0.12 (/opt/ros/humble/share/rclcpp/cmake)
[0.473s] -- Found rosidl_generator_c: 3.1.6 (/opt/ros/humble/share/rosidl_generator_c/cmake)
[0.478s] -- Found rosidl_adapter: 3.1.6 (/opt/ros/humble/share/rosidl_adapter/cmake)
[0.486s] -- Found rosidl_generator_cpp: 3.1.6 (/opt/ros/humble/share/rosidl_generator_cpp/cmake)
[0.497s] -- Using all available rosidl_typesupport_c: rosidl_typesupport_fastrtps_c;rosidl_typesupport_introspection_c
[0.511s] -- Using all available rosidl_typesupport_cpp: rosidl_typesupport_fastrtps_cpp;rosidl_typesupport_introspection_cpp
[0.552s] -- Found rmw_implementation_cmake: 6.1.2 (/opt/ros/humble/share/rmw_implementation_cmake/cmake)
[0.556s] -- Found rmw_fastrtps_cpp: 6.2.7 (/opt/ros/humble/share/rmw_fastrtps_cpp/cmake)
[0.639s] -- Found OpenSSL: /usr/lib/x86_64-linux-gnu/libcrypto.so (found version "3.0.2")  
[0.672s] -- Found FastRTPS: /opt/ros/humble/include  
[0.731s] -- Using RMW implementation 'rmw_fastrtps_cpp' as default
[0.750s] -- Looking for pthread.h
[0.825s] -- Looking for pthread.h - found
[0.825s] -- Performing Test CMAKE_HAVE_LIBC_PTHREAD
[0.905s] -- Performing Test CMAKE_HAVE_LIBC_PTHREAD - Success
[0.906s] -- Found Threads: TRUE  
[0.979s] -- Found geometry_msgs: 4.8.0 (/opt/ros/humble/share/geometry_msgs/cmake)
[0.991s] -- Found rosidl_default_generators: 1.2.0 (/opt/ros/humble/share/rosidl_default_generators/cmake)
[1.244s] -- Found ament_cmake_ros: 0.10.0 (/opt/ros/humble/share/ament_cmake_ros/cmake)
[1.551s] -- Using all available rosidl_typesupport_c: rosidl_typesupport_fastrtps_c;rosidl_typesupport_introspection_c
[1.670s] -- Using all available rosidl_typesupport_cpp: rosidl_typesupport_fastrtps_cpp;rosidl_typesupport_introspection_cpp
[1.690s] -- Found PythonInterp: /usr/bin/python3 (found suitable version "3.10.12", minimum required is "3.6") 
[1.692s] -- Found python_cmake_module: 0.10.0 (/opt/ros/humble/share/python_cmake_module/cmake)
[1.714s] -- Found PythonLibs: /usr/lib/x86_64-linux-gnu/libpython3.10.so (found suitable version "3.10.12", minimum required is "3.5") 
[1.714s] -- Using PYTHON_EXECUTABLE: /usr/bin/python3
[1.714s] -- Using PYTHON_INCLUDE_DIRS: /usr/include/python3.10
[1.714s] -- Using PYTHON_LIBRARIES: /usr/lib/x86_64-linux-gnu/libpython3.10.so
[1.730s] -- Found PythonExtra: .so  
[1.782s] -- Configuring done
[1.802s] -- Generating done
[1.809s] -- Build files have been written to: /home/gaga/sad_ws/build/my_vision_msgs
[1.818s] Invoked command in '/home/gaga/sad_ws/build/my_vision_msgs' returned '0': CMAKE_PREFIX_PATH=/home/gaga/sad_ws/install:/home/gaga/sad_ws/install/sad_pkg:/home/gaga/sad_ws/install/serial:/home/gaga/sad_ws/install/my_vision_msgs:/home/gaga/sad_ws/install/mani_urdf:/home/gaga/turtlebot3_ws/install/turtlebot3:/home/gaga/turtlebot3_ws/install/turtlebot3_simulations:/home/gaga/turtlebot3_ws/install/turtlebot3_bringup:/home/gaga/turtlebot3_ws/install/turtlebot3_node:/home/gaga/turtlebot3_ws/install/turtlebot3_navigation2:/home/gaga/turtlebot3_ws/install/turtlebot3_fake_node:/home/gaga/turtlebot3_ws/install/robot_master:/home/gaga/turtlebot3_ws/install/turtlebot3_msgs:/home/gaga/turtlebot3_ws/install/turtlebot3_gazebo:/home/gaga/turtlebot3_ws/install/turtlebot3_description:/home/gaga/turtlebot3_ws/install/turtlebot3_cartographer:/home/gaga/turtlebot3_ws/install/robot_vision:/home/gaga/turtlebot3_ws/install/robot_navigation:/home/gaga/turtlebot3_ws/install/robot_msgs:/home/gaga/turtlebot3_ws/install/dynamixel_sdk_examples:/home/gaga/turtlebot3_ws/install/dynamixel_sdk_custom_interfaces:/home/gaga/turtlebot3_ws/install/dynamixel_sdk:/home/gaga/ssibal_ws/install/robot_msgs:/home/gaga/sad_ws/src/install/vision_msgs:/home/gaga/sad_ws/src/install/sad_pkg:/home/gaga/turtlebot3_ws/install/turtlebot3_teleop:/home/gaga/turtlebot3_ws/install/turtlebot3_example:/opt/ros/humble:/home/gaga/sad_ws/src/install/serial:/home/gaga/sad_ws/src/install/my_vision_msgs:/home/gaga/sad_ws/src/install/mani_urdf:/home/gaga/robotprograming_ws/install/rp_pkg:/home/gaga/sad_ws/src/sad_pkg/install/sad_pkg /usr/bin/cmake /home/gaga/sad_ws/src/my_vision_msgs -DCMAKE_INSTALL_PREFIX=/home/gaga/sad_ws/install/my_vision_msgs
[1.819s] Invoking command in '/home/gaga/sad_ws/build/my_vision_msgs': CMAKE_PREFIX_PATH=/home/gaga/sad_ws/install:/home/gaga/sad_ws/install/sad_pkg:/home/gaga/sad_ws/install/serial:/home/gaga/sad_ws/install/my_vision_msgs:/home/gaga/sad_ws/install/mani_urdf:/home/gaga/turtlebot3_ws/install/turtlebot3:/home/gaga/turtlebot3_ws/install/turtlebot3_simulations:/home/gaga/turtlebot3_ws/install/turtlebot3_bringup:/home/gaga/turtlebot3_ws/install/turtlebot3_node:/home/gaga/turtlebot3_ws/install/turtlebot3_navigation2:/home/gaga/turtlebot3_ws/install/turtlebot3_fake_node:/home/gaga/turtlebot3_ws/install/robot_master:/home/gaga/turtlebot3_ws/install/turtlebot3_msgs:/home/gaga/turtlebot3_ws/install/turtlebot3_gazebo:/home/gaga/turtlebot3_ws/install/turtlebot3_description:/home/gaga/turtlebot3_ws/install/turtlebot3_cartographer:/home/gaga/turtlebot3_ws/install/robot_vision:/home/gaga/turtlebot3_ws/install/robot_navigation:/home/gaga/turtlebot3_ws/install/robot_msgs:/home/gaga/turtlebot3_ws/install/dynamixel_sdk_examples:/home/gaga/turtlebot3_ws/install/dynamixel_sdk_custom_interfaces:/home/gaga/turtlebot3_ws/install/dynamixel_sdk:/home/gaga/ssibal_ws/install/robot_msgs:/home/gaga/sad_ws/src/install/vision_msgs:/home/gaga/sad_ws/src/install/sad_pkg:/home/gaga/turtlebot3_ws/install/turtlebot3_teleop:/home/gaga/turtlebot3_ws/install/turtlebot3_example:/opt/ros/humble:/home/gaga/sad_ws/src/install/serial:/home/gaga/sad_ws/src/install/my_vision_msgs:/home/gaga/sad_ws/src/install/mani_urdf:/home/gaga/robotprograming_ws/install/rp_pkg:/home/gaga/sad_ws/src/sad_pkg/install/sad_pkg /usr/bin/cmake --build /home/gaga/sad_ws/build/my_vision_msgs -- -j20 -l20
[1.856s] [  1%] [34m[1mGenerating C code for ROS interfaces[0m
[1.866s] [  3%] [34m[1mGenerating C++ code for ROS interfaces[0m
[1.872s] [  3%] Built target ament_cmake_python_copy_my_vision_msgs
[2.046s] running egg_info
[2.046s] creating my_vision_msgs.egg-info
[2.047s] writing my_vision_msgs.egg-info/PKG-INFO
[2.047s] writing dependency_links to my_vision_msgs.egg-info/dependency_links.txt
[2.047s] writing top-level names to my_vision_msgs.egg-info/top_level.txt
[2.047s] writing manifest file 'my_vision_msgs.egg-info/SOURCES.txt'
[2.048s] reading manifest file 'my_vision_msgs.egg-info/SOURCES.txt'
[2.049s] writing manifest file 'my_vision_msgs.egg-info/SOURCES.txt'
[2.072s] [  3%] Built target ament_cmake_python_build_my_vision_msgs_egg
[2.213s] [  3%] Built target my_vision_msgs__cpp
[2.215s] [  5%] [32mBuilding C object CMakeFiles/my_vision_msgs__rosidl_generator_c.dir/rosidl_generator_c/my_vision_msgs/msg/detail/detected_crop__functions.c.o[0m
[2.215s] [  7%] [32mBuilding C object CMakeFiles/my_vision_msgs__rosidl_generator_c.dir/rosidl_generator_c/my_vision_msgs/msg/detail/crop_pose__functions.c.o[0m
[2.218s] [  9%] [32mBuilding C object CMakeFiles/my_vision_msgs__rosidl_generator_c.dir/rosidl_generator_c/my_vision_msgs/msg/detail/harvest_ordering__functions.c.o[0m
[2.218s] [ 10%] [32mBuilding C object CMakeFiles/my_vision_msgs__rosidl_generator_c.dir/rosidl_generator_c/my_vision_msgs/msg/detail/detected_crop_array__functions.c.o[0m
[2.223s] [ 12%] [34m[1mGenerating C++ type support for eProsima Fast-RTPS[0m
[2.224s] [ 14%] [34m[1mGenerating C++ introspection for ROS interfaces[0m
[2.224s] [ 16%] [34m[1mGenerating C++ type support dispatch for ROS interfaces[0m
[2.273s] [ 18%] [32m[1mLinking C shared library libmy_vision_msgs__rosidl_generator_c.so[0m
[2.309s] [ 18%] Built target my_vision_msgs__rosidl_generator_c
[2.319s] [ 20%] [34m[1mGenerating C type support dispatch for ROS interfaces[0m
[2.320s] [ 21%] [34m[1mGenerating C type support for eProsima Fast-RTPS[0m
[2.320s] [ 23%] [34m[1mGenerating C introspection for ROS interfaces[0m
[2.527s] [ 29%] [32mBuilding CXX object CMakeFiles/my_vision_msgs__rosidl_typesupport_cpp.dir/rosidl_typesupport_cpp/my_vision_msgs/msg/harvest_ordering__type_support.cpp.o[0m
[2.527s] [ 29%] [32mBuilding CXX object CMakeFiles/my_vision_msgs__rosidl_typesupport_cpp.dir/rosidl_typesupport_cpp/my_vision_msgs/msg/crop_pose__type_support.cpp.o[0m
[2.528s] [ 29%] [32mBuilding CXX object CMakeFiles/my_vision_msgs__rosidl_typesupport_cpp.dir/rosidl_typesupport_cpp/my_vision_msgs/msg/detected_crop__type_support.cpp.o[0m
[2.528s] [ 30%] [32mBuilding CXX object CMakeFiles/my_vision_msgs__rosidl_typesupport_cpp.dir/rosidl_typesupport_cpp/my_vision_msgs/msg/detected_crop_array__type_support.cpp.o[0m
[2.552s] [ 32%] [32mBuilding CXX object CMakeFiles/my_vision_msgs__rosidl_typesupport_introspection_cpp.dir/rosidl_typesupport_introspection_cpp/my_vision_msgs/msg/detail/detected_crop__type_support.cpp.o[0m
[2.552s] [ 36%] [32mBuilding CXX object CMakeFiles/my_vision_msgs__rosidl_typesupport_introspection_cpp.dir/rosidl_typesupport_introspection_cpp/my_vision_msgs/msg/detail/harvest_ordering__type_support.cpp.o[0m
[2.553s] [ 36%] [32mBuilding CXX object CMakeFiles/my_vision_msgs__rosidl_typesupport_introspection_cpp.dir/rosidl_typesupport_introspection_cpp/my_vision_msgs/msg/detail/crop_pose__type_support.cpp.o[0m
[2.557s] [ 38%] [32mBuilding CXX object CMakeFiles/my_vision_msgs__rosidl_typesupport_introspection_cpp.dir/rosidl_typesupport_introspection_cpp/my_vision_msgs/msg/detail/detected_crop_array__type_support.cpp.o[0m
[2.586s] [ 40%] [32mBuilding CXX object CMakeFiles/my_vision_msgs__rosidl_typesupport_fastrtps_cpp.dir/rosidl_typesupport_fastrtps_cpp/my_vision_msgs/msg/detail/dds_fastrtps/crop_pose__type_support.cpp.o[0m
[2.587s] [ 45%] [32mBuilding CXX object CMakeFiles/my_vision_msgs__rosidl_typesupport_fastrtps_cpp.dir/rosidl_typesupport_fastrtps_cpp/my_vision_msgs/msg/detail/dds_fastrtps/detected_crop__type_support.cpp.o[0m
[2.587s] [ 45%] [32mBuilding CXX object CMakeFiles/my_vision_msgs__rosidl_typesupport_fastrtps_cpp.dir/rosidl_typesupport_fastrtps_cpp/my_vision_msgs/msg/detail/dds_fastrtps/detected_crop_array__type_support.cpp.o[0m
[2.587s] [ 45%] [32mBuilding CXX object CMakeFiles/my_vision_msgs__rosidl_typesupport_fastrtps_cpp.dir/rosidl_typesupport_fastrtps_cpp/my_vision_msgs/msg/detail/dds_fastrtps/harvest_ordering__type_support.cpp.o[0m
[2.672s] [ 52%] [32mBuilding CXX object CMakeFiles/my_vision_msgs__rosidl_typesupport_c.dir/rosidl_typesupport_c/my_vision_msgs/msg/detected_crop_array__type_support.cpp.o[0m
[2.673s] [ 52%] [32mBuilding CXX object CMakeFiles/my_vision_msgs__rosidl_typesupport_c.dir/rosidl_typesupport_c/my_vision_msgs/msg/crop_pose__type_support.cpp.o[0m
[2.673s] [ 52%] [32mBuilding CXX object CMakeFiles/my_vision_msgs__rosidl_typesupport_c.dir/rosidl_typesupport_c/my_vision_msgs/msg/detected_crop__type_support.cpp.o[0m
[2.673s] [ 52%] [32mBuilding CXX object CMakeFiles/my_vision_msgs__rosidl_typesupport_c.dir/rosidl_typesupport_c/my_vision_msgs/msg/harvest_ordering__type_support.cpp.o[0m
[2.736s] [ 54%] [32m[1mLinking CXX shared library libmy_vision_msgs__rosidl_typesupport_c.so[0m
[2.821s] [ 54%] Built target my_vision_msgs__rosidl_typesupport_c
[2.898s] [ 60%] [32m[1mLinking CXX shared library libmy_vision_msgs__rosidl_typesupport_cpp.so[0m
[2.899s] [ 60%] [32mBuilding CXX object CMakeFiles/my_vision_msgs__rosidl_typesupport_fastrtps_c.dir/rosidl_typesupport_fastrtps_c/my_vision_msgs/msg/detail/harvest_ordering__type_support_c.cpp.o[0m
[2.899s] [ 60%] [32mBuilding CXX object CMakeFiles/my_vision_msgs__rosidl_typesupport_fastrtps_c.dir/rosidl_typesupport_fastrtps_c/my_vision_msgs/msg/detail/crop_pose__type_support_c.cpp.o[0m
[2.900s] [ 61%] [32mBuilding CXX object CMakeFiles/my_vision_msgs__rosidl_typesupport_fastrtps_c.dir/rosidl_typesupport_fastrtps_c/my_vision_msgs/msg/detail/detected_crop__type_support_c.cpp.o[0m
[2.901s] [ 63%] [32mBuilding CXX object CMakeFiles/my_vision_msgs__rosidl_typesupport_fastrtps_c.dir/rosidl_typesupport_fastrtps_c/my_vision_msgs/msg/detail/detected_crop_array__type_support_c.cpp.o[0m
[2.952s] [ 67%] [32mBuilding C object CMakeFiles/my_vision_msgs__rosidl_typesupport_introspection_c.dir/rosidl_typesupport_introspection_c/my_vision_msgs/msg/detail/detected_crop__type_support.c.o[0m
[2.956s] [ 67%] [32mBuilding C object CMakeFiles/my_vision_msgs__rosidl_typesupport_introspection_c.dir/rosidl_typesupport_introspection_c/my_vision_msgs/msg/detail/crop_pose__type_support.c.o[0m
[2.956s] [ 69%] [32mBuilding C object CMakeFiles/my_vision_msgs__rosidl_typesupport_introspection_c.dir/rosidl_typesupport_introspection_c/my_vision_msgs/msg/detail/harvest_ordering__type_support.c.o[0m
[2.956s] [ 70%] [32mBuilding C object CMakeFiles/my_vision_msgs__rosidl_typesupport_introspection_c.dir/rosidl_typesupport_introspection_c/my_vision_msgs/msg/detail/detected_crop_array__type_support.c.o[0m
[2.983s] [ 70%] Built target my_vision_msgs__rosidl_typesupport_cpp
[3.021s] [ 72%] [32m[1mLinking C shared library libmy_vision_msgs__rosidl_typesupport_introspection_c.so[0m
[3.088s] [ 72%] Built target my_vision_msgs__rosidl_typesupport_introspection_c
[3.156s] [ 74%] [32m[1mLinking CXX shared library libmy_vision_msgs__rosidl_typesupport_fastrtps_cpp.so[0m
[3.159s] [ 76%] [32m[1mLinking CXX shared library libmy_vision_msgs__rosidl_typesupport_introspection_cpp.so[0m
[3.256s] [ 76%] Built target my_vision_msgs__rosidl_typesupport_introspection_cpp
[3.259s] [ 76%] Built target my_vision_msgs__rosidl_typesupport_fastrtps_cpp
[3.305s] [ 78%] [32m[1mLinking CXX shared library libmy_vision_msgs__rosidl_typesupport_fastrtps_c.so[0m
[3.363s] [ 78%] Built target my_vision_msgs__rosidl_typesupport_fastrtps_c
[3.381s] [ 78%] Built target my_vision_msgs
[3.399s] [ 80%] [34m[1mGenerating Python code for ROS interfaces[0m
[3.872s] [ 80%] Built target my_vision_msgs__py
[3.889s] [ 85%] [32mBuilding C object CMakeFiles/my_vision_msgs__rosidl_generator_py.dir/rosidl_generator_py/my_vision_msgs/msg/_crop_pose_s.c.o[0m
[3.889s] [ 85%] [32mBuilding C object CMakeFiles/my_vision_msgs__rosidl_generator_py.dir/rosidl_generator_py/my_vision_msgs/msg/_detected_crop_s.c.o[0m
[3.889s] [ 85%] [32mBuilding C object CMakeFiles/my_vision_msgs__rosidl_generator_py.dir/rosidl_generator_py/my_vision_msgs/msg/_detected_crop_array_s.c.o[0m
[3.891s] [ 87%] [32mBuilding C object CMakeFiles/my_vision_msgs__rosidl_generator_py.dir/rosidl_generator_py/my_vision_msgs/msg/_harvest_ordering_s.c.o[0m
[3.968s] [ 89%] [32m[1mLinking C shared library rosidl_generator_py/my_vision_msgs/libmy_vision_msgs__rosidl_generator_py.so[0m
[4.006s] [ 89%] Built target my_vision_msgs__rosidl_generator_py
[4.025s] [ 94%] [32mBuilding C object CMakeFiles/my_vision_msgs__rosidl_typesupport_c__pyext.dir/rosidl_generator_py/my_vision_msgs/_my_vision_msgs_s.ep.rosidl_typesupport_c.c.o[0m
[4.025s] [ 94%] [32mBuilding C object CMakeFiles/my_vision_msgs__rosidl_typesupport_introspection_c__pyext.dir/rosidl_generator_py/my_vision_msgs/_my_vision_msgs_s.ep.rosidl_typesupport_introspection_c.c.o[0m
[4.025s] [ 94%] [32mBuilding C object CMakeFiles/my_vision_msgs__rosidl_typesupport_fastrtps_c__pyext.dir/rosidl_generator_py/my_vision_msgs/_my_vision_msgs_s.ep.rosidl_typesupport_fastrtps_c.c.o[0m
[4.095s] [ 98%] [32m[1mLinking C shared library rosidl_generator_py/my_vision_msgs/my_vision_msgs_s__rosidl_typesupport_c.cpython-310-x86_64-linux-gnu.so[0m
[4.096s] [ 98%] [32m[1mLinking C shared library rosidl_generator_py/my_vision_msgs/my_vision_msgs_s__rosidl_typesupport_fastrtps_c.cpython-310-x86_64-linux-gnu.so[0m
[4.096s] [100%] [32m[1mLinking C shared library rosidl_generator_py/my_vision_msgs/my_vision_msgs_s__rosidl_typesupport_introspection_c.cpython-310-x86_64-linux-gnu.so[0m
[4.124s] [100%] Built target my_vision_msgs__rosidl_typesupport_introspection_c__pyext
[4.125s] [100%] Built target my_vision_msgs__rosidl_typesupport_fastrtps_c__pyext
[4.125s] [100%] Built target my_vision_msgs__rosidl_typesupport_c__pyext
[4.133s] Invoked command in '/home/gaga/sad_ws/build/my_vision_msgs' returned '0': CMAKE_PREFIX_PATH=/home/gaga/sad_ws/install:/home/gaga/sad_ws/install/sad_pkg:/home/gaga/sad_ws/install/serial:/home/gaga/sad_ws/install/my_vision_msgs:/home/gaga/sad_ws/install/mani_urdf:/home/gaga/turtlebot3_ws/install/turtlebot3:/home/gaga/turtlebot3_ws/install/turtlebot3_simulations:/home/gaga/turtlebot3_ws/install/turtlebot3_bringup:/home/gaga/turtlebot3_ws/install/turtlebot3_node:/home/gaga/turtlebot3_ws/install/turtlebot3_navigation2:/home/gaga/turtlebot3_ws/install/turtlebot3_fake_node:/home/gaga/turtlebot3_ws/install/robot_master:/home/gaga/turtlebot3_ws/install/turtlebot3_msgs:/home/gaga/turtlebot3_ws/install/turtlebot3_gazebo:/home/gaga/turtlebot3_ws/install/turtlebot3_description:/home/gaga/turtlebot3_ws/install/turtlebot3_cartographer:/home/gaga/turtlebot3_ws/install/robot_vision:/home/gaga/turtlebot3_ws/install/robot_navigation:/home/gaga/turtlebot3_ws/install/robot_msgs:/home/gaga/turtlebot3_ws/install/dynamixel_sdk_examples:/home/gaga/turtlebot3_ws/install/dynamixel_sdk_custom_interfaces:/home/gaga/turtlebot3_ws/install/dynamixel_sdk:/home/gaga/ssibal_ws/install/robot_msgs:/home/gaga/sad_ws/src/install/vision_msgs:/home/gaga/sad_ws/src/install/sad_pkg:/home/gaga/turtlebot3_ws/install/turtlebot3_teleop:/home/gaga/turtlebot3_ws/install/turtlebot3_example:/opt/ros/humble:/home/gaga/sad_ws/src/install/serial:/home/gaga/sad_ws/src/install/my_vision_msgs:/home/gaga/sad_ws/src/install/mani_urdf:/home/gaga/robotprograming_ws/install/rp_pkg:/home/gaga/sad_ws/src/sad_pkg/install/sad_pkg /usr/bin/cmake --build /home/gaga/sad_ws/build/my_vision_msgs -- -j20 -l20
[4.135s] Invoking command in '/home/gaga/sad_ws/build/my_vision_msgs': CMAKE_PREFIX_PATH=/home/gaga/sad_ws/install:/home/gaga/sad_ws/install/sad_pkg:/home/gaga/sad_ws/install/serial:/home/gaga/sad_ws/install/my_vision_msgs:/home/gaga/sad_ws/install/mani_urdf:/home/gaga/turtlebot3_ws/install/turtlebot3:/home/gaga/turtlebot3_ws/install/turtlebot3_simulations:/home/gaga/turtlebot3_ws/install/turtlebot3_bringup:/home/gaga/turtlebot3_ws/install/turtlebot3_node:/home/gaga/turtlebot3_ws/install/turtlebot3_navigation2:/home/gaga/turtlebot3_ws/install/turtlebot3_fake_node:/home/gaga/turtlebot3_ws/install/robot_master:/home/gaga/turtlebot3_ws/install/turtlebot3_msgs:/home/gaga/turtlebot3_ws/install/turtlebot3_gazebo:/home/gaga/turtlebot3_ws/install/turtlebot3_description:/home/gaga/turtlebot3_ws/install/turtlebot3_cartographer:/home/gaga/turtlebot3_ws/install/robot_vision:/home/gaga/turtlebot3_ws/install/robot_navigation:/home/gaga/turtlebot3_ws/install/robot_msgs:/home/gaga/turtlebot3_ws/install/dynamixel_sdk_examples:/home/gaga/turtlebot3_ws/install/dynamixel_sdk_custom_interfaces:/home/gaga/turtlebot3_ws/install/dynamixel_sdk:/home/gaga/ssibal_ws/install/robot_msgs:/home/gaga/sad_ws/src/install/vision_msgs:/home/gaga/sad_ws/src/install/sad_pkg:/home/gaga/turtlebot3_ws/install/turtlebot3_teleop:/home/gaga/turtlebot3_ws/install/turtlebot3_example:/opt/ros/humble:/home/gaga/sad_ws/src/install/serial:/home/gaga/sad_ws/src/install/my_vision_msgs:/home/gaga/sad_ws/src/install/mani_urdf:/home/gaga/robotprograming_ws/install/rp_pkg:/home/gaga/sad_ws/src/sad_pkg/install/sad_pkg /usr/bin/cmake --install /home/gaga/sad_ws/build/my_vision_msgs
[4.140s] -- Install configuration: ""
[4.140s] -- Installing: /home/gaga/sad_ws/install/my_vision_msgs/share/ament_index/resource_index/rosidl_interfaces/my_vision_msgs
[4.140s] -- Installing: /home/gaga/sad_ws/install/my_vision_msgs/include/my_vision_msgs/my_vision_msgs
[4.140s] -- Installing: /home/gaga/sad_ws/install/my_vision_msgs/include/my_vision_msgs/my_vision_msgs/msg
[4.140s] -- Installing: /home/gaga/sad_ws/install/my_vision_msgs/include/my_vision_msgs/my_vision_msgs/msg/detected_crop.h
[4.140s] -- Installing: /home/gaga/sad_ws/install/my_vision_msgs/include/my_vision_msgs/my_vision_msgs/msg/rosidl_generator_c__visibility_control.h
[4.140s] -- Installing: /home/gaga/sad_ws/install/my_vision_msgs/include/my_vision_msgs/my_vision_msgs/msg/crop_pose.h
[4.140s] -- Installing: /home/gaga/sad_ws/install/my_vision_msgs/include/my_vision_msgs/my_vision_msgs/msg/harvest_ordering.h
[4.140s] -- Installing: /home/gaga/sad_ws/install/my_vision_msgs/include/my_vision_msgs/my_vision_msgs/msg/detail
[4.140s] -- Installing: /home/gaga/sad_ws/install/my_vision_msgs/include/my_vision_msgs/my_vision_msgs/msg/detail/detected_crop__functions.c
[4.140s] -- Installing: /home/gaga/sad_ws/install/my_vision_msgs/include/my_vision_msgs/my_vision_msgs/msg/detail/detected_crop_array__struct.h
[4.141s] -- Installing: /home/gaga/sad_ws/install/my_vision_msgs/include/my_vision_msgs/my_vision_msgs/msg/detail/detected_crop_array__functions.c
[4.141s] -- Installing: /home/gaga/sad_ws/install/my_vision_msgs/include/my_vision_msgs/my_vision_msgs/msg/detail/crop_pose__struct.h
[4.141s] -- Installing: /home/gaga/sad_ws/install/my_vision_msgs/include/my_vision_msgs/my_vision_msgs/msg/detail/harvest_ordering__functions.c
[4.141s] -- Installing: /home/gaga/sad_ws/install/my_vision_msgs/include/my_vision_msgs/my_vision_msgs/msg/detail/detected_crop__struct.h
[4.141s] -- Installing: /home/gaga/sad_ws/install/my_vision_msgs/include/my_vision_msgs/my_vision_msgs/msg/detail/harvest_ordering__struct.h
[4.141s] -- Installing: /home/gaga/sad_ws/install/my_vision_msgs/include/my_vision_msgs/my_vision_msgs/msg/detail/harvest_ordering__functions.h
[4.141s] -- Installing: /home/gaga/sad_ws/install/my_vision_msgs/include/my_vision_msgs/my_vision_msgs/msg/detail/harvest_ordering__type_support.h
[4.141s] -- Installing: /home/gaga/sad_ws/install/my_vision_msgs/include/my_vision_msgs/my_vision_msgs/msg/detail/detected_crop__functions.h
[4.141s] -- Installing: /home/gaga/sad_ws/install/my_vision_msgs/include/my_vision_msgs/my_vision_msgs/msg/detail/detected_crop__type_support.h
[4.141s] -- Installing: /home/gaga/sad_ws/install/my_vision_msgs/include/my_vision_msgs/my_vision_msgs/msg/detail/crop_pose__functions.c
[4.142s] -- Installing: /home/gaga/sad_ws/install/my_vision_msgs/include/my_vision_msgs/my_vision_msgs/msg/detail/crop_pose__type_support.h
[4.142s] -- Installing: /home/gaga/sad_ws/install/my_vision_msgs/include/my_vision_msgs/my_vision_msgs/msg/detail/detected_crop_array__functions.h
[4.142s] -- Installing: /home/gaga/sad_ws/install/my_vision_msgs/include/my_vision_msgs/my_vision_msgs/msg/detail/crop_pose__functions.h
[4.142s] -- Installing: /home/gaga/sad_ws/install/my_vision_msgs/include/my_vision_msgs/my_vision_msgs/msg/detail/detected_crop_array__type_support.h
[4.142s] -- Installing: /home/gaga/sad_ws/install/my_vision_msgs/include/my_vision_msgs/my_vision_msgs/msg/detected_crop_array.h
[4.142s] -- Installing: /home/gaga/sad_ws/install/my_vision_msgs/share/my_vision_msgs/environment/library_path.sh
[4.142s] -- Installing: /home/gaga/sad_ws/install/my_vision_msgs/share/my_vision_msgs/environment/library_path.dsv
[4.142s] -- Installing: /home/gaga/sad_ws/install/my_vision_msgs/lib/libmy_vision_msgs__rosidl_generator_c.so
[4.142s] -- Set runtime path of "/home/gaga/sad_ws/install/my_vision_msgs/lib/libmy_vision_msgs__rosidl_generator_c.so" to ""
[4.142s] -- Up-to-date: /home/gaga/sad_ws/install/my_vision_msgs/include/my_vision_msgs/my_vision_msgs
[4.142s] -- Up-to-date: /home/gaga/sad_ws/install/my_vision_msgs/include/my_vision_msgs/my_vision_msgs/msg
[4.142s] -- Installing: /home/gaga/sad_ws/install/my_vision_msgs/include/my_vision_msgs/my_vision_msgs/msg/rosidl_typesupport_fastrtps_c__visibility_control.h
[4.142s] -- Up-to-date: /home/gaga/sad_ws/install/my_vision_msgs/include/my_vision_msgs/my_vision_msgs/msg/detail
[4.142s] -- Installing: /home/gaga/sad_ws/install/my_vision_msgs/include/my_vision_msgs/my_vision_msgs/msg/detail/crop_pose__rosidl_typesupport_fastrtps_c.h
[4.142s] -- Installing: /home/gaga/sad_ws/install/my_vision_msgs/include/my_vision_msgs/my_vision_msgs/msg/detail/detected_crop_array__rosidl_typesupport_fastrtps_c.h
[4.142s] -- Installing: /home/gaga/sad_ws/install/my_vision_msgs/include/my_vision_msgs/my_vision_msgs/msg/detail/harvest_ordering__rosidl_typesupport_fastrtps_c.h
[4.142s] -- Installing: /home/gaga/sad_ws/install/my_vision_msgs/include/my_vision_msgs/my_vision_msgs/msg/detail/detected_crop__rosidl_typesupport_fastrtps_c.h
[4.142s] -- Installing: /home/gaga/sad_ws/install/my_vision_msgs/lib/libmy_vision_msgs__rosidl_typesupport_fastrtps_c.so
[4.142s] -- Set runtime path of "/home/gaga/sad_ws/install/my_vision_msgs/lib/libmy_vision_msgs__rosidl_typesupport_fastrtps_c.so" to ""
[4.142s] -- Up-to-date: /home/gaga/sad_ws/install/my_vision_msgs/include/my_vision_msgs/my_vision_msgs
[4.142s] -- Up-to-date: /home/gaga/sad_ws/install/my_vision_msgs/include/my_vision_msgs/my_vision_msgs/msg
[4.142s] -- Installing: /home/gaga/sad_ws/install/my_vision_msgs/include/my_vision_msgs/my_vision_msgs/msg/rosidl_generator_cpp__visibility_control.hpp
[4.142s] -- Installing: /home/gaga/sad_ws/install/my_vision_msgs/include/my_vision_msgs/my_vision_msgs/msg/detected_crop.hpp
[4.142s] -- Installing: /home/gaga/sad_ws/install/my_vision_msgs/include/my_vision_msgs/my_vision_msgs/msg/harvest_ordering.hpp
[4.142s] -- Installing: /home/gaga/sad_ws/install/my_vision_msgs/include/my_vision_msgs/my_vision_msgs/msg/detected_crop_array.hpp
[4.142s] -- Up-to-date: /home/gaga/sad_ws/install/my_vision_msgs/include/my_vision_msgs/my_vision_msgs/msg/detail
[4.143s] -- Installing: /home/gaga/sad_ws/install/my_vision_msgs/include/my_vision_msgs/my_vision_msgs/msg/detail/detected_crop__builder.hpp
[4.143s] -- Installing: /home/gaga/sad_ws/install/my_vision_msgs/include/my_vision_msgs/my_vision_msgs/msg/detail/detected_crop__traits.hpp
[4.143s] -- Installing: /home/gaga/sad_ws/install/my_vision_msgs/include/my_vision_msgs/my_vision_msgs/msg/detail/detected_crop_array__builder.hpp
[4.143s] -- Installing: /home/gaga/sad_ws/install/my_vision_msgs/include/my_vision_msgs/my_vision_msgs/msg/detail/crop_pose__struct.hpp
[4.143s] -- Installing: /home/gaga/sad_ws/install/my_vision_msgs/include/my_vision_msgs/my_vision_msgs/msg/detail/harvest_ordering__struct.hpp
[4.143s] -- Installing: /home/gaga/sad_ws/install/my_vision_msgs/include/my_vision_msgs/my_vision_msgs/msg/detail/harvest_ordering__type_support.hpp
[4.143s] -- Installing: /home/gaga/sad_ws/install/my_vision_msgs/include/my_vision_msgs/my_vision_msgs/msg/detail/harvest_ordering__builder.hpp
[4.143s] -- Installing: /home/gaga/sad_ws/install/my_vision_msgs/include/my_vision_msgs/my_vision_msgs/msg/detail/detected_crop_array__type_support.hpp
[4.143s] -- Installing: /home/gaga/sad_ws/install/my_vision_msgs/include/my_vision_msgs/my_vision_msgs/msg/detail/crop_pose__builder.hpp
[4.143s] -- Installing: /home/gaga/sad_ws/install/my_vision_msgs/include/my_vision_msgs/my_vision_msgs/msg/detail/detected_crop_array__struct.hpp
[4.143s] -- Installing: /home/gaga/sad_ws/install/my_vision_msgs/include/my_vision_msgs/my_vision_msgs/msg/detail/detected_crop__struct.hpp
[4.143s] -- Installing: /home/gaga/sad_ws/install/my_vision_msgs/include/my_vision_msgs/my_vision_msgs/msg/detail/detected_crop__type_support.hpp
[4.143s] -- Installing: /home/gaga/sad_ws/install/my_vision_msgs/include/my_vision_msgs/my_vision_msgs/msg/detail/crop_pose__traits.hpp
[4.143s] -- Installing: /home/gaga/sad_ws/install/my_vision_msgs/include/my_vision_msgs/my_vision_msgs/msg/detail/harvest_ordering__traits.hpp
[4.143s] -- Installing: /home/gaga/sad_ws/install/my_vision_msgs/include/my_vision_msgs/my_vision_msgs/msg/detail/crop_pose__type_support.hpp
[4.143s] -- Installing: /home/gaga/sad_ws/install/my_vision_msgs/include/my_vision_msgs/my_vision_msgs/msg/detail/detected_crop_array__traits.hpp
[4.143s] -- Installing: /home/gaga/sad_ws/install/my_vision_msgs/include/my_vision_msgs/my_vision_msgs/msg/crop_pose.hpp
[4.143s] -- Up-to-date: /home/gaga/sad_ws/install/my_vision_msgs/include/my_vision_msgs/my_vision_msgs
[4.143s] -- Up-to-date: /home/gaga/sad_ws/install/my_vision_msgs/include/my_vision_msgs/my_vision_msgs/msg
[4.143s] -- Installing: /home/gaga/sad_ws/install/my_vision_msgs/include/my_vision_msgs/my_vision_msgs/msg/rosidl_typesupport_fastrtps_cpp__visibility_control.h
[4.143s] -- Up-to-date: /home/gaga/sad_ws/install/my_vision_msgs/include/my_vision_msgs/my_vision_msgs/msg/detail
[4.143s] -- Installing: /home/gaga/sad_ws/install/my_vision_msgs/include/my_vision_msgs/my_vision_msgs/msg/detail/harvest_ordering__rosidl_typesupport_fastrtps_cpp.hpp
[4.143s] -- Installing: /home/gaga/sad_ws/install/my_vision_msgs/include/my_vision_msgs/my_vision_msgs/msg/detail/dds_fastrtps
[4.143s] -- Installing: /home/gaga/sad_ws/install/my_vision_msgs/include/my_vision_msgs/my_vision_msgs/msg/detail/crop_pose__rosidl_typesupport_fastrtps_cpp.hpp
[4.143s] -- Installing: /home/gaga/sad_ws/install/my_vision_msgs/include/my_vision_msgs/my_vision_msgs/msg/detail/detected_crop__rosidl_typesupport_fastrtps_cpp.hpp
[4.143s] -- Installing: /home/gaga/sad_ws/install/my_vision_msgs/include/my_vision_msgs/my_vision_msgs/msg/detail/detected_crop_array__rosidl_typesupport_fastrtps_cpp.hpp
[4.143s] -- Installing: /home/gaga/sad_ws/install/my_vision_msgs/lib/libmy_vision_msgs__rosidl_typesupport_fastrtps_cpp.so
[4.143s] -- Set runtime path of "/home/gaga/sad_ws/install/my_vision_msgs/lib/libmy_vision_msgs__rosidl_typesupport_fastrtps_cpp.so" to ""
[4.144s] -- Up-to-date: /home/gaga/sad_ws/install/my_vision_msgs/include/my_vision_msgs/my_vision_msgs
[4.144s] -- Up-to-date: /home/gaga/sad_ws/install/my_vision_msgs/include/my_vision_msgs/my_vision_msgs/msg
[4.144s] -- Installing: /home/gaga/sad_ws/install/my_vision_msgs/include/my_vision_msgs/my_vision_msgs/msg/rosidl_typesupport_introspection_c__visibility_control.h
[4.144s] -- Up-to-date: /home/gaga/sad_ws/install/my_vision_msgs/include/my_vision_msgs/my_vision_msgs/msg/detail
[4.144s] -- Installing: /home/gaga/sad_ws/install/my_vision_msgs/include/my_vision_msgs/my_vision_msgs/msg/detail/harvest_ordering__type_support.c
[4.144s] -- Installing: /home/gaga/sad_ws/install/my_vision_msgs/include/my_vision_msgs/my_vision_msgs/msg/detail/crop_pose__type_support.c
[4.144s] -- Installing: /home/gaga/sad_ws/install/my_vision_msgs/include/my_vision_msgs/my_vision_msgs/msg/detail/detected_crop__type_support.c
[4.144s] -- Installing: /home/gaga/sad_ws/install/my_vision_msgs/include/my_vision_msgs/my_vision_msgs/msg/detail/detected_crop_array__rosidl_typesupport_introspection_c.h
[4.144s] -- Installing: /home/gaga/sad_ws/install/my_vision_msgs/include/my_vision_msgs/my_vision_msgs/msg/detail/detected_crop__rosidl_typesupport_introspection_c.h
[4.144s] -- Installing: /home/gaga/sad_ws/install/my_vision_msgs/include/my_vision_msgs/my_vision_msgs/msg/detail/detected_crop_array__type_support.c
[4.144s] -- Installing: /home/gaga/sad_ws/install/my_vision_msgs/include/my_vision_msgs/my_vision_msgs/msg/detail/crop_pose__rosidl_typesupport_introspection_c.h
[4.144s] -- Installing: /home/gaga/sad_ws/install/my_vision_msgs/include/my_vision_msgs/my_vision_msgs/msg/detail/harvest_ordering__rosidl_typesupport_introspection_c.h
[4.144s] -- Installing: /home/gaga/sad_ws/install/my_vision_msgs/lib/libmy_vision_msgs__rosidl_typesupport_introspection_c.so
[4.144s] -- Set runtime path of "/home/gaga/sad_ws/install/my_vision_msgs/lib/libmy_vision_msgs__rosidl_typesupport_introspection_c.so" to ""
[4.144s] -- Installing: /home/gaga/sad_ws/install/my_vision_msgs/lib/libmy_vision_msgs__rosidl_typesupport_c.so
[4.144s] -- Set runtime path of "/home/gaga/sad_ws/install/my_vision_msgs/lib/libmy_vision_msgs__rosidl_typesupport_c.so" to ""
[4.144s] -- Up-to-date: /home/gaga/sad_ws/install/my_vision_msgs/include/my_vision_msgs/my_vision_msgs
[4.144s] -- Up-to-date: /home/gaga/sad_ws/install/my_vision_msgs/include/my_vision_msgs/my_vision_msgs/msg
[4.144s] -- Up-to-date: /home/gaga/sad_ws/install/my_vision_msgs/include/my_vision_msgs/my_vision_msgs/msg/detail
[4.144s] -- Installing: /home/gaga/sad_ws/install/my_vision_msgs/include/my_vision_msgs/my_vision_msgs/msg/detail/detected_crop_array__type_support.cpp
[4.144s] -- Installing: /home/gaga/sad_ws/install/my_vision_msgs/include/my_vision_msgs/my_vision_msgs/msg/detail/detected_crop_array__rosidl_typesupport_introspection_cpp.hpp
[4.144s] -- Installing: /home/gaga/sad_ws/install/my_vision_msgs/include/my_vision_msgs/my_vision_msgs/msg/detail/harvest_ordering__rosidl_typesupport_introspection_cpp.hpp
[4.144s] -- Installing: /home/gaga/sad_ws/install/my_vision_msgs/include/my_vision_msgs/my_vision_msgs/msg/detail/detected_crop__type_support.cpp
[4.144s] -- Installing: /home/gaga/sad_ws/install/my_vision_msgs/include/my_vision_msgs/my_vision_msgs/msg/detail/detected_crop__rosidl_typesupport_introspection_cpp.hpp
[4.144s] -- Installing: /home/gaga/sad_ws/install/my_vision_msgs/include/my_vision_msgs/my_vision_msgs/msg/detail/crop_pose__type_support.cpp
[4.144s] -- Installing: /home/gaga/sad_ws/install/my_vision_msgs/include/my_vision_msgs/my_vision_msgs/msg/detail/harvest_ordering__type_support.cpp
[4.144s] -- Installing: /home/gaga/sad_ws/install/my_vision_msgs/include/my_vision_msgs/my_vision_msgs/msg/detail/crop_pose__rosidl_typesupport_introspection_cpp.hpp
[4.144s] -- Installing: /home/gaga/sad_ws/install/my_vision_msgs/lib/libmy_vision_msgs__rosidl_typesupport_introspection_cpp.so
[4.144s] -- Set runtime path of "/home/gaga/sad_ws/install/my_vision_msgs/lib/libmy_vision_msgs__rosidl_typesupport_introspection_cpp.so" to ""
[4.144s] -- Installing: /home/gaga/sad_ws/install/my_vision_msgs/lib/libmy_vision_msgs__rosidl_typesupport_cpp.so
[4.144s] -- Set runtime path of "/home/gaga/sad_ws/install/my_vision_msgs/lib/libmy_vision_msgs__rosidl_typesupport_cpp.so" to ""
[4.145s] -- Installing: /home/gaga/sad_ws/install/my_vision_msgs/share/my_vision_msgs/environment/pythonpath.sh
[4.145s] -- Installing: /home/gaga/sad_ws/install/my_vision_msgs/share/my_vision_msgs/environment/pythonpath.dsv
[4.145s] -- Installing: /home/gaga/sad_ws/install/my_vision_msgs/local/lib/python3.10/dist-packages/my_vision_msgs-0.1.0-py3.10.egg-info
[4.145s] -- Installing: /home/gaga/sad_ws/install/my_vision_msgs/local/lib/python3.10/dist-packages/my_vision_msgs-0.1.0-py3.10.egg-info/SOURCES.txt
[4.145s] -- Installing: /home/gaga/sad_ws/install/my_vision_msgs/local/lib/python3.10/dist-packages/my_vision_msgs-0.1.0-py3.10.egg-info/PKG-INFO
[4.145s] -- Installing: /home/gaga/sad_ws/install/my_vision_msgs/local/lib/python3.10/dist-packages/my_vision_msgs-0.1.0-py3.10.egg-info/top_level.txt
[4.145s] -- Installing: /home/gaga/sad_ws/install/my_vision_msgs/local/lib/python3.10/dist-packages/my_vision_msgs-0.1.0-py3.10.egg-info/dependency_links.txt
[4.145s] -- Installing: /home/gaga/sad_ws/install/my_vision_msgs/local/lib/python3.10/dist-packages/my_vision_msgs
[4.145s] -- Installing: /home/gaga/sad_ws/install/my_vision_msgs/local/lib/python3.10/dist-packages/my_vision_msgs/_my_vision_msgs_s.ep.rosidl_typesupport_introspection_c.c
[4.145s] -- Installing: /home/gaga/sad_ws/install/my_vision_msgs/local/lib/python3.10/dist-packages/my_vision_msgs/libmy_vision_msgs__rosidl_generator_py.so
[4.145s] -- Installing: /home/gaga/sad_ws/install/my_vision_msgs/local/lib/python3.10/dist-packages/my_vision_msgs/__init__.py
[4.145s] -- Installing: /home/gaga/sad_ws/install/my_vision_msgs/local/lib/python3.10/dist-packages/my_vision_msgs/msg
[4.145s] -- Installing: /home/gaga/sad_ws/install/my_vision_msgs/local/lib/python3.10/dist-packages/my_vision_msgs/msg/_harvest_ordering_s.c
[4.145s] -- Installing: /home/gaga/sad_ws/install/my_vision_msgs/local/lib/python3.10/dist-packages/my_vision_msgs/msg/__init__.py
[4.145s] -- Installing: /home/gaga/sad_ws/install/my_vision_msgs/local/lib/python3.10/dist-packages/my_vision_msgs/msg/_detected_crop_s.c
[4.145s] -- Installing: /home/gaga/sad_ws/install/my_vision_msgs/local/lib/python3.10/dist-packages/my_vision_msgs/msg/_crop_pose.py
[4.145s] -- Installing: /home/gaga/sad_ws/install/my_vision_msgs/local/lib/python3.10/dist-packages/my_vision_msgs/msg/_detected_crop_array_s.c
[4.145s] -- Installing: /home/gaga/sad_ws/install/my_vision_msgs/local/lib/python3.10/dist-packages/my_vision_msgs/msg/_detected_crop_array.py
[4.145s] -- Installing: /home/gaga/sad_ws/install/my_vision_msgs/local/lib/python3.10/dist-packages/my_vision_msgs/msg/_crop_pose_s.c
[4.145s] -- Installing: /home/gaga/sad_ws/install/my_vision_msgs/local/lib/python3.10/dist-packages/my_vision_msgs/msg/_harvest_ordering.py
[4.145s] -- Installing: /home/gaga/sad_ws/install/my_vision_msgs/local/lib/python3.10/dist-packages/my_vision_msgs/msg/_detected_crop.py
[4.145s] -- Installing: /home/gaga/sad_ws/install/my_vision_msgs/local/lib/python3.10/dist-packages/my_vision_msgs/my_vision_msgs_s__rosidl_typesupport_introspection_c.cpython-310-x86_64-linux-gnu.so
[4.145s] -- Installing: /home/gaga/sad_ws/install/my_vision_msgs/local/lib/python3.10/dist-packages/my_vision_msgs/_my_vision_msgs_s.ep.rosidl_typesupport_fastrtps_c.c
[4.145s] -- Installing: /home/gaga/sad_ws/install/my_vision_msgs/local/lib/python3.10/dist-packages/my_vision_msgs/my_vision_msgs_s__rosidl_typesupport_c.cpython-310-x86_64-linux-gnu.so
[4.145s] -- Installing: /home/gaga/sad_ws/install/my_vision_msgs/local/lib/python3.10/dist-packages/my_vision_msgs/my_vision_msgs_s__rosidl_typesupport_fastrtps_c.cpython-310-x86_64-linux-gnu.so
[4.145s] -- Installing: /home/gaga/sad_ws/install/my_vision_msgs/local/lib/python3.10/dist-packages/my_vision_msgs/_my_vision_msgs_s.ep.rosidl_typesupport_c.c
[4.174s] Listing '/home/gaga/sad_ws/install/my_vision_msgs/local/lib/python3.10/dist-packages/my_vision_msgs'...
[4.175s] Compiling '/home/gaga/sad_ws/install/my_vision_msgs/local/lib/python3.10/dist-packages/my_vision_msgs/__init__.py'...
[4.175s] Listing '/home/gaga/sad_ws/install/my_vision_msgs/local/lib/python3.10/dist-packages/my_vision_msgs/msg'...
[4.175s] Compiling '/home/gaga/sad_ws/install/my_vision_msgs/local/lib/python3.10/dist-packages/my_vision_msgs/msg/__init__.py'...
[4.175s] Compiling '/home/gaga/sad_ws/install/my_vision_msgs/local/lib/python3.10/dist-packages/my_vision_msgs/msg/_crop_pose.py'...
[4.175s] Compiling '/home/gaga/sad_ws/install/my_vision_msgs/local/lib/python3.10/dist-packages/my_vision_msgs/msg/_detected_crop.py'...
[4.175s] Compiling '/home/gaga/sad_ws/install/my_vision_msgs/local/lib/python3.10/dist-packages/my_vision_msgs/msg/_detected_crop_array.py'...
[4.175s] Compiling '/home/gaga/sad_ws/install/my_vision_msgs/local/lib/python3.10/dist-packages/my_vision_msgs/msg/_harvest_ordering.py'...
[4.177s] -- Installing: /home/gaga/sad_ws/install/my_vision_msgs/local/lib/python3.10/dist-packages/my_vision_msgs/my_vision_msgs_s__rosidl_typesupport_fastrtps_c.cpython-310-x86_64-linux-gnu.so
[4.178s] -- Set runtime path of "/home/gaga/sad_ws/install/my_vision_msgs/local/lib/python3.10/dist-packages/my_vision_msgs/my_vision_msgs_s__rosidl_typesupport_fastrtps_c.cpython-310-x86_64-linux-gnu.so" to ""
[4.178s] -- Installing: /home/gaga/sad_ws/install/my_vision_msgs/local/lib/python3.10/dist-packages/my_vision_msgs/my_vision_msgs_s__rosidl_typesupport_introspection_c.cpython-310-x86_64-linux-gnu.so
[4.178s] -- Set runtime path of "/home/gaga/sad_ws/install/my_vision_msgs/local/lib/python3.10/dist-packages/my_vision_msgs/my_vision_msgs_s__rosidl_typesupport_introspection_c.cpython-310-x86_64-linux-gnu.so" to ""
[4.178s] -- Installing: /home/gaga/sad_ws/install/my_vision_msgs/local/lib/python3.10/dist-packages/my_vision_msgs/my_vision_msgs_s__rosidl_typesupport_c.cpython-310-x86_64-linux-gnu.so
[4.178s] -- Set runtime path of "/home/gaga/sad_ws/install/my_vision_msgs/local/lib/python3.10/dist-packages/my_vision_msgs/my_vision_msgs_s__rosidl_typesupport_c.cpython-310-x86_64-linux-gnu.so" to ""
[4.178s] -- Installing: /home/gaga/sad_ws/install/my_vision_msgs/lib/libmy_vision_msgs__rosidl_generator_py.so
[4.178s] -- Set runtime path of "/home/gaga/sad_ws/install/my_vision_msgs/lib/libmy_vision_msgs__rosidl_generator_py.so" to ""
[4.178s] -- Installing: /home/gaga/sad_ws/install/my_vision_msgs/share/my_vision_msgs/msg/CropPose.idl
[4.178s] -- Installing: /home/gaga/sad_ws/install/my_vision_msgs/share/my_vision_msgs/msg/DetectedCrop.idl
[4.178s] -- Installing: /home/gaga/sad_ws/install/my_vision_msgs/share/my_vision_msgs/msg/DetectedCropArray.idl
[4.178s] -- Installing: /home/gaga/sad_ws/install/my_vision_msgs/share/my_vision_msgs/msg/HarvestOrdering.idl
[4.178s] -- Installing: /home/gaga/sad_ws/install/my_vision_msgs/share/my_vision_msgs/msg/CropPose.msg
[4.178s] -- Installing: /home/gaga/sad_ws/install/my_vision_msgs/share/my_vision_msgs/msg/DetectedCrop.msg
[4.179s] -- Installing: /home/gaga/sad_ws/install/my_vision_msgs/share/my_vision_msgs/msg/DetectedCropArray.msg
[4.179s] -- Installing: /home/gaga/sad_ws/install/my_vision_msgs/share/my_vision_msgs/msg/HarvestOrdering.msg
[4.179s] -- Installing: /home/gaga/sad_ws/install/my_vision_msgs/share/ament_index/resource_index/package_run_dependencies/my_vision_msgs
[4.179s] -- Installing: /home/gaga/sad_ws/install/my_vision_msgs/share/ament_index/resource_index/parent_prefix_path/my_vision_msgs
[4.179s] -- Installing: /home/gaga/sad_ws/install/my_vision_msgs/share/my_vision_msgs/environment/ament_prefix_path.sh
[4.179s] -- Installing: /home/gaga/sad_ws/install/my_vision_msgs/share/my_vision_msgs/environment/ament_prefix_path.dsv
[4.179s] -- Installing: /home/gaga/sad_ws/install/my_vision_msgs/share/my_vision_msgs/environment/path.sh
[4.179s] -- Installing: /home/gaga/sad_ws/install/my_vision_msgs/share/my_vision_msgs/environment/path.dsv
[4.179s] -- Installing: /home/gaga/sad_ws/install/my_vision_msgs/share/my_vision_msgs/local_setup.bash
[4.179s] -- Installing: /home/gaga/sad_ws/install/my_vision_msgs/share/my_vision_msgs/local_setup.sh
[4.179s] -- Installing: /home/gaga/sad_ws/install/my_vision_msgs/share/my_vision_msgs/local_setup.zsh
[4.179s] -- Installing: /home/gaga/sad_ws/install/my_vision_msgs/share/my_vision_msgs/local_setup.dsv
[4.179s] -- Installing: /home/gaga/sad_ws/install/my_vision_msgs/share/my_vision_msgs/package.dsv
[4.179s] -- Installing: /home/gaga/sad_ws/install/my_vision_msgs/share/ament_index/resource_index/packages/my_vision_msgs
[4.179s] -- Installing: /home/gaga/sad_ws/install/my_vision_msgs/share/my_vision_msgs/cmake/export_my_vision_msgs__rosidl_generator_cExport.cmake
[4.180s] -- Installing: /home/gaga/sad_ws/install/my_vision_msgs/share/my_vision_msgs/cmake/export_my_vision_msgs__rosidl_generator_cExport-noconfig.cmake
[4.180s] -- Installing: /home/gaga/sad_ws/install/my_vision_msgs/share/my_vision_msgs/cmake/export_my_vision_msgs__rosidl_typesupport_fastrtps_cExport.cmake
[4.180s] -- Installing: /home/gaga/sad_ws/install/my_vision_msgs/share/my_vision_msgs/cmake/export_my_vision_msgs__rosidl_typesupport_fastrtps_cExport-noconfig.cmake
[4.180s] -- Installing: /home/gaga/sad_ws/install/my_vision_msgs/share/my_vision_msgs/cmake/export_my_vision_msgs__rosidl_generator_cppExport.cmake
[4.180s] -- Installing: /home/gaga/sad_ws/install/my_vision_msgs/share/my_vision_msgs/cmake/export_my_vision_msgs__rosidl_typesupport_fastrtps_cppExport.cmake
[4.180s] -- Installing: /home/gaga/sad_ws/install/my_vision_msgs/share/my_vision_msgs/cmake/export_my_vision_msgs__rosidl_typesupport_fastrtps_cppExport-noconfig.cmake
[4.180s] -- Installing: /home/gaga/sad_ws/install/my_vision_msgs/share/my_vision_msgs/cmake/my_vision_msgs__rosidl_typesupport_introspection_cExport.cmake
[4.180s] -- Installing: /home/gaga/sad_ws/install/my_vision_msgs/share/my_vision_msgs/cmake/my_vision_msgs__rosidl_typesupport_introspection_cExport-noconfig.cmake
[4.180s] -- Installing: /home/gaga/sad_ws/install/my_vision_msgs/share/my_vision_msgs/cmake/my_vision_msgs__rosidl_typesupport_cExport.cmake
[4.180s] -- Installing: /home/gaga/sad_ws/install/my_vision_msgs/share/my_vision_msgs/cmake/my_vision_msgs__rosidl_typesupport_cExport-noconfig.cmake
[4.180s] -- Installing: /home/gaga/sad_ws/install/my_vision_msgs/share/my_vision_msgs/cmake/my_vision_msgs__rosidl_typesupport_introspection_cppExport.cmake
[4.180s] -- Installing: /home/gaga/sad_ws/install/my_vision_msgs/share/my_vision_msgs/cmake/my_vision_msgs__rosidl_typesupport_introspection_cppExport-noconfig.cmake
[4.180s] -- Installing: /home/gaga/sad_ws/install/my_vision_msgs/share/my_vision_msgs/cmake/my_vision_msgs__rosidl_typesupport_cppExport.cmake
[4.180s] -- Installing: /home/gaga/sad_ws/install/my_vision_msgs/share/my_vision_msgs/cmake/my_vision_msgs__rosidl_typesupport_cppExport-noconfig.cmake
[4.180s] -- Installing: /home/gaga/sad_ws/install/my_vision_msgs/share/my_vision_msgs/cmake/export_my_vision_msgs__rosidl_generator_pyExport.cmake
[4.180s] -- Installing: /home/gaga/sad_ws/install/my_vision_msgs/share/my_vision_msgs/cmake/export_my_vision_msgs__rosidl_generator_pyExport-noconfig.cmake
[4.180s] -- Installing: /home/gaga/sad_ws/install/my_vision_msgs/share/my_vision_msgs/cmake/rosidl_cmake-extras.cmake
[4.180s] -- Installing: /home/gaga/sad_ws/install/my_vision_msgs/share/my_vision_msgs/cmake/ament_cmake_export_dependencies-extras.cmake
[4.181s] -- Installing: /home/gaga/sad_ws/install/my_vision_msgs/share/my_vision_msgs/cmake/ament_cmake_export_include_directories-extras.cmake
[4.181s] -- Installing: /home/gaga/sad_ws/install/my_vision_msgs/share/my_vision_msgs/cmake/ament_cmake_export_libraries-extras.cmake
[4.181s] -- Installing: /home/gaga/sad_ws/install/my_vision_msgs/share/my_vision_msgs/cmake/ament_cmake_export_targets-extras.cmake
[4.181s] -- Installing: /home/gaga/sad_ws/install/my_vision_msgs/share/my_vision_msgs/cmake/rosidl_cmake_export_typesupport_targets-extras.cmake
[4.181s] -- Installing: /home/gaga/sad_ws/install/my_vision_msgs/share/my_vision_msgs/cmake/rosidl_cmake_export_typesupport_libraries-extras.cmake
[4.181s] -- Installing: /home/gaga/sad_ws/install/my_vision_msgs/share/my_vision_msgs/cmake/my_vision_msgsConfig.cmake
[4.181s] -- Installing: /home/gaga/sad_ws/install/my_vision_msgs/share/my_vision_msgs/cmake/my_vision_msgsConfig-version.cmake
[4.181s] -- Installing: /home/gaga/sad_ws/install/my_vision_msgs/share/my_vision_msgs/package.xml
[4.182s] Invoked command in '/home/gaga/sad_ws/build/my_vision_msgs' returned '0': CMAKE_PREFIX_PATH=/home/gaga/sad_ws/install:/home/gaga/sad_ws/install/sad_pkg:/home/gaga/sad_ws/install/serial:/home/gaga/sad_ws/install/my_vision_msgs:/home/gaga/sad_ws/install/mani_urdf:/home/gaga/turtlebot3_ws/install/turtlebot3:/home/gaga/turtlebot3_ws/install/turtlebot3_simulations:/home/gaga/turtlebot3_ws/install/turtlebot3_bringup:/home/gaga/turtlebot3_ws/install/turtlebot3_node:/home/gaga/turtlebot3_ws/install/turtlebot3_navigation2:/home/gaga/turtlebot3_ws/install/turtlebot3_fake_node:/home/gaga/turtlebot3_ws/install/robot_master:/home/gaga/turtlebot3_ws/install/turtlebot3_msgs:/home/gaga/turtlebot3_ws/install/turtlebot3_gazebo:/home/gaga/turtlebot3_ws/install/turtlebot3_description:/home/gaga/turtlebot3_ws/install/turtlebot3_cartographer:/home/gaga/turtlebot3_ws/install/robot_vision:/home/gaga/turtlebot3_ws/install/robot_navigation:/home/gaga/turtlebot3_ws/install/robot_msgs:/home/gaga/turtlebot3_ws/install/dynamixel_sdk_examples:/home/gaga/turtlebot3_ws/install/dynamixel_sdk_custom_interfaces:/home/gaga/turtlebot3_ws/install/dynamixel_sdk:/home/gaga/ssibal_ws/install/robot_msgs:/home/gaga/sad_ws/src/install/vision_msgs:/home/gaga/sad_ws/src/install/sad_pkg:/home/gaga/turtlebot3_ws/install/turtlebot3_teleop:/home/gaga/turtlebot3_ws/install/turtlebot3_example:/opt/ros/humble:/home/gaga/sad_ws/src/install/serial:/home/gaga/sad_ws/src/install/my_vision_msgs:/home/gaga/sad_ws/src/install/mani_urdf:/home/gaga/robotprograming_ws/install/rp_pkg:/home/gaga/sad_ws/src/sad_pkg/install/sad_pkg /usr/bin/cmake --install /home/gaga/sad_ws/build/my_vision_msgs
