[0.026s] Invoking command in '/home/gaga/sad_ws/build/sad_pkg': CMAKE_PREFIX_PATH=/home/gaga/sad_ws/install/vision_msgs:/home/gaga/sad_ws/install/q_visualizer:/opt/ros/humble:/home/gaga/sad_ws/install/serial:/home/gaga/sad_ws/install:/home/gaga/sad_ws/install/sad_pkg:/home/gaga/sad_ws/install/harvest_master:/home/gaga/sad_ws/install/mani_urdf:/home/gaga/sad_ws/install/harvest_go:/home/gaga/ssibal_ws/install/robot_msgs:/home/gaga/robotprograming_ws/install/rp_pkg /usr/bin/cmake --build /home/gaga/sad_ws/build/sad_pkg -- -j20 -l20
[0.104s] [35m[1mConsolidate compiler generated dependencies of target calibration_node[0m
[0.134s] [ 36%] Built target Inverse_node
[0.135s] [ 81%] Built target motor_node
[0.135s] [ 81%] Built target path_node
[0.136s] [ 90%] Built target path_test_node
[0.136s] [ 90%] Built target spline_node
[0.136s] [ 90%] Built target map_node
[0.136s] [ 90%] Built target obstacle_node
[0.136s] [ 90%] Built target real_inverse_node
[0.136s] [ 90%] Built target forward_node
[0.136s] [ 90%] Built target rrt_node
[0.147s] [ 95%] [32mBuilding CXX object CMakeFiles/calibration_node.dir/src/calibration_node.cpp.o[0m
[4.487s] [01m[K/home/gaga/sad_ws/src/sad_pkg/src/calibration_node.cpp:[m[K In member function ‘[01m[Kvoid RSNode::jointCallback(sensor_msgs::msg::JointState_<std::allocator<void> >::SharedPtr)[m[K’:
[4.488s] [01m[K/home/gaga/sad_ws/src/sad_pkg/src/calibration_node.cpp:120:33:[m[K [01;31m[Kerror: [m[K‘[01m[KT_60[m[K’ was not declared in this scope; did you mean ‘[01m[KT_60_[m[K’?
[4.488s]   120 |         Vector4d goal_in_base = [01;31m[KT_60[m[K * goal_in_world;
[4.488s]       |                                 [01;31m[K^~~~[m[K
[4.488s]       |                                 [32m[KT_60_[m[K
[4.522s] [01m[K/home/gaga/sad_ws/src/sad_pkg/src/calibration_node.cpp:[m[K In member function ‘[01m[Kvoid RSNode::obstacleCallback(vision_msgs::msg::HarvestOrdering_<std::allocator<void> >::SharedPtr)[m[K’:
[4.522s] [01m[K/home/gaga/sad_ws/src/sad_pkg/src/calibration_node.cpp:215:33:[m[K [01;31m[Kerror: [m[K‘[01m[KT_60[m[K’ was not declared in this scope; did you mean ‘[01m[KT_60_[m[K’?
[4.522s]   215 |             Vector4d obs_base = [01;31m[KT_60[m[K * obs_world;
[4.522s]       |                                 [01;31m[K^~~~[m[K
[4.523s]       |                                 [32m[KT_60_[m[K
[12.254s] gmake[2]: *** [CMakeFiles/calibration_node.dir/build.make:76: CMakeFiles/calibration_node.dir/src/calibration_node.cpp.o] Error 1
[12.254s] gmake[1]: *** [CMakeFiles/Makefile2:417: CMakeFiles/calibration_node.dir/all] Error 2
[12.254s] gmake: *** [Makefile:146: all] Error 2
[12.261s] Invoked command in '/home/gaga/sad_ws/build/sad_pkg' returned '2': CMAKE_PREFIX_PATH=/home/gaga/sad_ws/install/vision_msgs:/home/gaga/sad_ws/install/q_visualizer:/opt/ros/humble:/home/gaga/sad_ws/install/serial:/home/gaga/sad_ws/install:/home/gaga/sad_ws/install/sad_pkg:/home/gaga/sad_ws/install/harvest_master:/home/gaga/sad_ws/install/mani_urdf:/home/gaga/sad_ws/install/harvest_go:/home/gaga/ssibal_ws/install/robot_msgs:/home/gaga/robotprograming_ws/install/rp_pkg /usr/bin/cmake --build /home/gaga/sad_ws/build/sad_pkg -- -j20 -l20
