[35m[1mConsolidate compiler generated dependencies of target master_node[0m
[100%] Built target master_node
-- Install configuration: ""
-- Installing: /home/gaga/sad_ws/install/harvest_master/lib/harvest_master/master_node
-- Set runtime path of "/home/gaga/sad_ws/install/harvest_master/lib/harvest_master/master_node" to ""
-- Installing: /home/gaga/sad_ws/install/harvest_master/include/
-- Installing: /home/gaga/sad_ws/install/harvest_master/include//harvest_master
-- Installing: /home/gaga/sad_ws/install/harvest_master/include//harvest_master/master_node.hpp
-- Installing: /home/gaga/sad_ws/install/harvest_master/share/ament_index/resource_index/package_run_dependencies/harvest_master
-- Installing: /home/gaga/sad_ws/install/harvest_master/share/ament_index/resource_index/parent_prefix_path/harvest_master
-- Installing: /home/gaga/sad_ws/install/harvest_master/share/harvest_master/environment/ament_prefix_path.sh
-- Installing: /home/gaga/sad_ws/install/harvest_master/share/harvest_master/environment/ament_prefix_path.dsv
-- Installing: /home/gaga/sad_ws/install/harvest_master/share/harvest_master/environment/path.sh
-- Installing: /home/gaga/sad_ws/install/harvest_master/share/harvest_master/environment/path.dsv
-- Installing: /home/gaga/sad_ws/install/harvest_master/share/harvest_master/local_setup.bash
-- Installing: /home/gaga/sad_ws/install/harvest_master/share/harvest_master/local_setup.sh
-- Installing: /home/gaga/sad_ws/install/harvest_master/share/harvest_master/local_setup.zsh
-- Installing: /home/gaga/sad_ws/install/harvest_master/share/harvest_master/local_setup.dsv
-- Installing: /home/gaga/sad_ws/install/harvest_master/share/harvest_master/package.dsv
-- Installing: /home/gaga/sad_ws/install/harvest_master/share/ament_index/resource_index/packages/harvest_master
-- Installing: /home/gaga/sad_ws/install/harvest_master/share/harvest_master/cmake/harvest_masterConfig.cmake
-- Installing: /home/gaga/sad_ws/install/harvest_master/share/harvest_master/cmake/harvest_masterConfig-version.cmake
-- Installing: /home/gaga/sad_ws/install/harvest_master/share/harvest_master/package.xml
