[0.021s] Invoking command in '/home/gaga/sad_ws/build/mani_urdf': CMAKE_PREFIX_PATH=${CMAKE_PREFIX_PATH}:/home/gaga/sad_ws/install/q_visualizer:/opt/ros/humble /usr/bin/cmake /home/gaga/sad_ws/src/mani_urdf -DCMAKE_INSTALL_PREFIX=/home/gaga/sad_ws/install/mani_urdf
[0.087s] -- The C compiler identification is GNU 11.4.0
[0.153s] -- The CXX compiler identification is GNU 11.4.0
[0.161s] -- Detecting C compiler ABI info
[0.240s] -- Detecting C compiler ABI info - done
[0.245s] -- Check for working C compiler: /usr/bin/cc - skipped
[0.245s] -- Detecting C compile features
[0.245s] -- Detecting C compile features - done
[0.248s] -- Detecting CXX compiler ABI info
[0.347s] -- Detecting CXX compiler ABI info - done
[0.355s] -- Check for working CXX compiler: /usr/bin/c++ - skipped
[0.355s] -- Detecting CXX compile features
[0.356s] -- Detecting CXX compile features - done
[0.359s] -- Found ament_cmake: 1.3.11 (/opt/ros/humble/share/ament_cmake/cmake)
[0.560s] -- Found Python3: /usr/bin/python3 (found version "3.10.12") found components: Interpreter 
[0.669s] -- Found ament_lint_auto: 0.12.12 (/opt/ros/humble/share/ament_lint_auto/cmake)
[0.759s] -- Added test 'copyright' to check source files copyright and LICENSE
[0.761s] -- Added test 'flake8' to check Python code syntax and style conventions
[0.762s] -- Added test 'lint_cmake' to check CMake code style
[0.762s] -- Added test 'pep257' to check Python code against some of the docstring style conventions in PEP 257
[0.763s] -- Added test 'xmllint' to check XML markup files
[0.764s] -- Configuring done
[0.767s] -- Generating done
[0.768s] -- Build files have been written to: /home/gaga/sad_ws/build/mani_urdf
[0.774s] Invoked command in '/home/gaga/sad_ws/build/mani_urdf' returned '0': CMAKE_PREFIX_PATH=${CMAKE_PREFIX_PATH}:/home/gaga/sad_ws/install/q_visualizer:/opt/ros/humble /usr/bin/cmake /home/gaga/sad_ws/src/mani_urdf -DCMAKE_INSTALL_PREFIX=/home/gaga/sad_ws/install/mani_urdf
[0.776s] Invoking command in '/home/gaga/sad_ws/build/mani_urdf': CMAKE_PREFIX_PATH=${CMAKE_PREFIX_PATH}:/home/gaga/sad_ws/install/q_visualizer:/opt/ros/humble /usr/bin/cmake --build /home/gaga/sad_ws/build/mani_urdf -- -j20 -l20
[0.836s] Invoked command in '/home/gaga/sad_ws/build/mani_urdf' returned '0': CMAKE_PREFIX_PATH=${CMAKE_PREFIX_PATH}:/home/gaga/sad_ws/install/q_visualizer:/opt/ros/humble /usr/bin/cmake --build /home/gaga/sad_ws/build/mani_urdf -- -j20 -l20
[0.852s] Invoking command in '/home/gaga/sad_ws/build/mani_urdf': CMAKE_PREFIX_PATH=${CMAKE_PREFIX_PATH}:/home/gaga/sad_ws/install/q_visualizer:/opt/ros/humble /usr/bin/cmake --install /home/gaga/sad_ws/build/mani_urdf
[0.865s] -- Install configuration: ""
[0.866s] -- Installing: /home/gaga/sad_ws/install/mani_urdf/share/mani_urdf/description
[0.866s] -- Installing: /home/gaga/sad_ws/install/mani_urdf/share/mani_urdf/description/example_robot.urdf.xacro
[0.866s] -- Installing: /home/gaga/sad_ws/install/mani_urdf/share/mani_urdf/description/mesh
[0.866s] -- Installing: /home/gaga/sad_ws/install/mani_urdf/share/mani_urdf/description/mesh/before.zip
[0.866s] -- Installing: /home/gaga/sad_ws/install/mani_urdf/share/mani_urdf/description/mesh/link3.stl
[0.867s] -- Installing: /home/gaga/sad_ws/install/mani_urdf/share/mani_urdf/description/mesh/link1.stl
[0.869s] -- Installing: /home/gaga/sad_ws/install/mani_urdf/share/mani_urdf/description/mesh/link5.stl
[0.870s] -- Installing: /home/gaga/sad_ws/install/mani_urdf/share/mani_urdf/description/mesh/link6.stl
[0.871s] -- Installing: /home/gaga/sad_ws/install/mani_urdf/share/mani_urdf/description/mesh/link7.stl
[0.876s] -- Installing: /home/gaga/sad_ws/install/mani_urdf/share/mani_urdf/description/mesh/link2.stl
[0.877s] -- Installing: /home/gaga/sad_ws/install/mani_urdf/share/mani_urdf/description/mesh/link4.stl
[0.880s] -- Installing: /home/gaga/sad_ws/install/mani_urdf/share/mani_urdf/description/mesh/endeffector.stl
[0.880s] -- Installing: /home/gaga/sad_ws/install/mani_urdf/share/mani_urdf/description/mesh/link5_1.stl
[0.880s] -- Installing: /home/gaga/sad_ws/install/mani_urdf/share/mani_urdf/description/example_gazebo.xacro
[0.880s] -- Installing: /home/gaga/sad_ws/install/mani_urdf/share/mani_urdf/description/example_include.xacro
[0.880s] -- Installing: /home/gaga/sad_ws/install/mani_urdf/share/mani_urdf/launch
[0.880s] -- Installing: /home/gaga/sad_ws/install/mani_urdf/share/mani_urdf/launch/rsp.launch.py
[0.880s] -- Installing: /home/gaga/sad_ws/install/mani_urdf/share/mani_urdf/launch/rsp_sim.launch.py
[0.881s] -- Installing: /home/gaga/sad_ws/install/mani_urdf/share/mani_urdf/worlds
[0.881s] -- Installing: /home/gaga/sad_ws/install/mani_urdf/share/mani_urdf/worlds/test_world.world
[0.881s] -- Installing: /home/gaga/sad_ws/install/mani_urdf/share/mani_urdf/config
[0.881s] -- Installing: /home/gaga/sad_ws/install/mani_urdf/share/mani_urdf/config/gazebo_controll.yaml
[0.881s] -- Installing: /home/gaga/sad_ws/install/mani_urdf/share/ament_index/resource_index/package_run_dependencies/mani_urdf
[0.881s] -- Installing: /home/gaga/sad_ws/install/mani_urdf/share/ament_index/resource_index/parent_prefix_path/mani_urdf
[0.881s] -- Installing: /home/gaga/sad_ws/install/mani_urdf/share/mani_urdf/environment/ament_prefix_path.sh
[0.881s] -- Installing: /home/gaga/sad_ws/install/mani_urdf/share/mani_urdf/environment/ament_prefix_path.dsv
[0.881s] -- Installing: /home/gaga/sad_ws/install/mani_urdf/share/mani_urdf/environment/path.sh
[0.881s] -- Installing: /home/gaga/sad_ws/install/mani_urdf/share/mani_urdf/environment/path.dsv
[0.881s] -- Installing: /home/gaga/sad_ws/install/mani_urdf/share/mani_urdf/local_setup.bash
[0.881s] -- Installing: /home/gaga/sad_ws/install/mani_urdf/share/mani_urdf/local_setup.sh
[0.881s] -- Installing: /home/gaga/sad_ws/install/mani_urdf/share/mani_urdf/local_setup.zsh
[0.881s] -- Installing: /home/gaga/sad_ws/install/mani_urdf/share/mani_urdf/local_setup.dsv
[0.882s] -- Installing: /home/gaga/sad_ws/install/mani_urdf/share/mani_urdf/package.dsv
[0.882s] -- Installing: /home/gaga/sad_ws/install/mani_urdf/share/ament_index/resource_index/packages/mani_urdf
[0.882s] -- Installing: /home/gaga/sad_ws/install/mani_urdf/share/mani_urdf/cmake/mani_urdfConfig.cmake
[0.882s] -- Installing: /home/gaga/sad_ws/install/mani_urdf/share/mani_urdf/cmake/mani_urdfConfig-version.cmake
[0.882s] -- Installing: /home/gaga/sad_ws/install/mani_urdf/share/mani_urdf/package.xml
[0.886s] Invoked command in '/home/gaga/sad_ws/build/mani_urdf' returned '0': CMAKE_PREFIX_PATH=${CMAKE_PREFIX_PATH}:/home/gaga/sad_ws/install/q_visualizer:/opt/ros/humble /usr/bin/cmake --install /home/gaga/sad_ws/build/mani_urdf
