[35m[1mConsolidate compiler generated dependencies of target motor_node[0m
[ 30%] Built target rrt_node
[ 30%] Built target spline_node
[ 30%] Built target forward_node
[ 40%] Built target map_node
[ 50%] Built target path_test_node
[ 60%] Built target path_node
[ 70%] Built target obstacle_node
[ 80%] Built target real_inverse_node
[ 90%] Built target Inverse_node
[ 95%] [32mBuilding CXX object CMakeFiles/motor_node.dir/src/motor_node.cpp.o[0m
[01m[K/home/gaga/sad_ws/src/sad_pkg/src/motor_node.cpp:[m[K In member function ‘[01m[Kvoid MotorControlNode::readFromSTM32()[m[K’:
[01m[K/home/gaga/sad_ws/src/sad_pkg/src/motor_node.cpp:269:42:[m[K [01;31m[Kerror: [m[Kredeclaration of ‘[01m[Kstd_msgs::msg::Float64MultiArray msg[m[K’
  269 |         std_msgs::msg::Float64MultiArray [01;31m[Kmsg[m[K;
      |                                          [01;31m[K^~~[m[K
[01m[K/home/gaga/sad_ws/src/sad_pkg/src/motor_node.cpp:217:42:[m[K [01;36m[Knote: [m[K‘[01m[Kstd_msgs::msg::Float64MultiArray msg[m[K’ previously declared here
  217 |         std_msgs::msg::Float64MultiArray [01;36m[Kmsg[m[K;
      |                                          [01;36m[K^~~[m[K
gmake[2]: *** [CMakeFiles/motor_node.dir/build.make:76: CMakeFiles/motor_node.dir/src/motor_node.cpp.o] Error 1
gmake[1]: *** [CMakeFiles/Makefile2:389: CMakeFiles/motor_node.dir/all] Error 2
gmake: *** [Makefile:146: all] Error 2
