[0.639s] Invoking command in '/home/gaga/sad_ws/src/q_visualizer': PYTHONPATH=/home/gaga/sad_ws/build/q_visualizer/prefix_override:/usr/lib/python3/dist-packages/colcon_core/task/python/colcon_distutils_commands:/home/gaga/sad_ws/install/q_visualizer/lib/python3.10/site-packages:${PYTHONPATH} /usr/bin/python3 -W ignore:setup.py install is deprecated -W ignore:easy_install command is deprecated setup.py egg_info --egg-base ../../build/q_visualizer build --build-base /home/gaga/sad_ws/build/q_visualizer/build install --record /home/gaga/sad_ws/build/q_visualizer/install.log --single-version-externally-managed install_data
[0.832s] running egg_info
[0.832s] creating ../../build/q_visualizer/q_visualizer.egg-info
[0.833s] writing ../../build/q_visualizer/q_visualizer.egg-info/PKG-INFO
[0.833s] writing dependency_links to ../../build/q_visualizer/q_visualizer.egg-info/dependency_links.txt
[0.833s] writing entry points to ../../build/q_visualizer/q_visualizer.egg-info/entry_points.txt
[0.833s] writing requirements to ../../build/q_visualizer/q_visualizer.egg-info/requires.txt
[0.833s] writing top-level names to ../../build/q_visualizer/q_visualizer.egg-info/top_level.txt
[0.833s] writing manifest file '../../build/q_visualizer/q_visualizer.egg-info/SOURCES.txt'
[0.834s] reading manifest file '../../build/q_visualizer/q_visualizer.egg-info/SOURCES.txt'
[0.835s] writing manifest file '../../build/q_visualizer/q_visualizer.egg-info/SOURCES.txt'
[0.835s] running build
[0.835s] running build_py
[0.835s] creating /home/gaga/sad_ws/build/q_visualizer/build
[0.835s] creating /home/gaga/sad_ws/build/q_visualizer/build/lib
[0.835s] creating /home/gaga/sad_ws/build/q_visualizer/build/lib/q_visualizer
[0.835s] copying q_visualizer/__init__.py -> /home/gaga/sad_ws/build/q_visualizer/build/lib/q_visualizer
[0.835s] copying q_visualizer/q_visualizer_node.py -> /home/gaga/sad_ws/build/q_visualizer/build/lib/q_visualizer
[0.836s] running install
[0.836s] running install_lib
[0.836s] creating /home/gaga/sad_ws/install/q_visualizer/lib/python3.10/site-packages/q_visualizer
[0.836s] copying /home/gaga/sad_ws/build/q_visualizer/build/lib/q_visualizer/__init__.py -> /home/gaga/sad_ws/install/q_visualizer/lib/python3.10/site-packages/q_visualizer
[0.836s] copying /home/gaga/sad_ws/build/q_visualizer/build/lib/q_visualizer/q_visualizer_node.py -> /home/gaga/sad_ws/install/q_visualizer/lib/python3.10/site-packages/q_visualizer
[0.837s] byte-compiling /home/gaga/sad_ws/install/q_visualizer/lib/python3.10/site-packages/q_visualizer/__init__.py to __init__.cpython-310.pyc
[0.838s] byte-compiling /home/gaga/sad_ws/install/q_visualizer/lib/python3.10/site-packages/q_visualizer/q_visualizer_node.py to q_visualizer_node.cpython-310.pyc
[0.838s] running install_data
[0.838s] creating /home/gaga/sad_ws/install/q_visualizer/share/ament_index
[0.838s] creating /home/gaga/sad_ws/install/q_visualizer/share/ament_index/resource_index
[0.838s] creating /home/gaga/sad_ws/install/q_visualizer/share/ament_index/resource_index/packages
[0.838s] copying resource/q_visualizer -> /home/gaga/sad_ws/install/q_visualizer/share/ament_index/resource_index/packages
[0.838s] copying package.xml -> /home/gaga/sad_ws/install/q_visualizer/share/q_visualizer
[0.839s] running install_egg_info
[0.841s] Copying ../../build/q_visualizer/q_visualizer.egg-info to /home/gaga/sad_ws/install/q_visualizer/lib/python3.10/site-packages/q_visualizer-0.1.0-py3.10.egg-info
[0.841s] running install_scripts
[0.860s] Installing q_visualizer_node script to /home/gaga/sad_ws/install/q_visualizer/lib/q_visualizer
[0.860s] writing list of installed files to '/home/gaga/sad_ws/build/q_visualizer/install.log'
[0.929s] Invoked command in '/home/gaga/sad_ws/src/q_visualizer' returned '0': PYTHONPATH=/home/gaga/sad_ws/build/q_visualizer/prefix_override:/usr/lib/python3/dist-packages/colcon_core/task/python/colcon_distutils_commands:/home/gaga/sad_ws/install/q_visualizer/lib/python3.10/site-packages:${PYTHONPATH} /usr/bin/python3 -W ignore:setup.py install is deprecated -W ignore:easy_install command is deprecated setup.py egg_info --egg-base ../../build/q_visualizer build --build-base /home/gaga/sad_ws/build/q_visualizer/build install --record /home/gaga/sad_ws/build/q_visualizer/install.log --single-version-externally-managed install_data
