[0.013s] Invoking command in '/home/gaga/sad_ws/build/sad_pkg': CMAKE_PREFIX_PATH=/home/gaga/sad_ws/install/vision_msgs:/home/gaga/sad_ws/install/q_visualizer:/opt/ros/humble:/home/gaga/sad_ws/install/serial:/home/gaga/sad_ws/install:/home/gaga/sad_ws/install/sad_pkg:/home/gaga/sad_ws/install/harvest_master:/home/gaga/sad_ws/install/mani_urdf:/home/gaga/sad_ws/install/harvest_go /usr/bin/cmake /home/gaga/sad_ws/src/sad_pkg -DCMAKE_INSTALL_PREFIX=/home/gaga/sad_ws/install/sad_pkg
[0.092s] -- The C compiler identification is GNU 11.4.0
[0.168s] -- The CXX compiler identification is GNU 11.4.0
[0.180s] -- Detecting C compiler ABI info
[0.296s] -- Detecting C compiler ABI info - done
[0.302s] -- Check for working C compiler: /usr/bin/cc - skipped
[0.302s] -- Detecting C compile features
[0.302s] -- Detecting C compile features - done
[0.305s] -- Detecting CXX compiler ABI info
[0.462s] -- Detecting CXX compiler ABI info - done
[0.469s] -- Check for working CXX compiler: /usr/bin/c++ - skipped
[0.469s] -- Detecting CXX compile features
[0.470s] -- Detecting CXX compile features - done
[0.473s] -- Found ament_cmake: 1.3.11 (/opt/ros/humble/share/ament_cmake/cmake)
[0.723s] -- Found Python3: /usr/bin/python3 (found version "3.10.12") found components: Interpreter 
[0.864s] -- Found rclcpp: 16.0.12 (/opt/ros/humble/share/rclcpp/cmake)
[0.912s] -- Found rosidl_generator_c: 3.1.6 (/opt/ros/humble/share/rosidl_generator_c/cmake)
[0.916s] -- Found rosidl_adapter: 3.1.6 (/opt/ros/humble/share/rosidl_adapter/cmake)
[0.924s] -- Found rosidl_generator_cpp: 3.1.6 (/opt/ros/humble/share/rosidl_generator_cpp/cmake)
[0.936s] -- Using all available rosidl_typesupport_c: rosidl_typesupport_fastrtps_c;rosidl_typesupport_introspection_c
[0.950s] -- Using all available rosidl_typesupport_cpp: rosidl_typesupport_fastrtps_cpp;rosidl_typesupport_introspection_cpp
[0.996s] -- Found rmw_implementation_cmake: 6.1.2 (/opt/ros/humble/share/rmw_implementation_cmake/cmake)
[0.997s] -- Found rmw_fastrtps_cpp: 6.2.7 (/opt/ros/humble/share/rmw_fastrtps_cpp/cmake)
[1.128s] -- Found OpenSSL: /usr/lib/x86_64-linux-gnu/libcrypto.so (found version "3.0.2")  
[1.173s] -- Found FastRTPS: /opt/ros/humble/include  
[1.241s] -- Using RMW implementation 'rmw_fastrtps_cpp' as default
[1.250s] -- Looking for pthread.h
[1.391s] -- Looking for pthread.h - found
[1.392s] -- Performing Test CMAKE_HAVE_LIBC_PTHREAD
[1.537s] -- Performing Test CMAKE_HAVE_LIBC_PTHREAD - Success
[1.539s] -- Found Threads: TRUE  
[1.605s] -- Found visualization_msgs: 4.8.0 (/opt/ros/humble/share/visualization_msgs/cmake)
[1.655s] -- Found trajectory_msgs: 4.8.0 (/opt/ros/humble/share/trajectory_msgs/cmake)
[1.675s] -- Found xacro: 2.0.13 (/opt/ros/humble/share/xacro/cmake)
[1.677s] -- Found ros2_control: 2.50.0 (/opt/ros/humble/share/ros2_control/cmake)
[1.679s] -- Found gazebo_ros2_control: 0.4.10 (/opt/ros/humble/share/gazebo_ros2_control/cmake)
[1.917s] -- Found PkgConfig: /usr/bin/pkg-config (found version "0.29.2") 
[1.921s] -- Checking for module 'bullet>=2.82'
[1.982s] --   Found bullet, version 3.05
[2.324s] -- Found fcl: /usr/include (found suitable version "0.7.0", minimum required is "0.5.0") 
[2.458s] -- Found assimp: /usr/include (found version "5.2.0") 
[2.500s] -- Found DART: /usr/include (Required is at least version "6.6") found components: dart 
[2.547s] -- Found Boost: /usr/lib/x86_64-linux-gnu/cmake/Boost-1.74.0/BoostConfig.cmake (found suitable version "1.74.0", minimum required is "1.40.0") found components: thread system filesystem program_options regex iostreams date_time 
[2.576s] -- Found Protobuf: /usr/lib/x86_64-linux-gnu/libprotobuf.so (found version "3.12.4") 
[2.584s] -- Looking for ignition-math6 -- found version 6.15.1
[2.593s] -- Searching for dependencies of ignition-math6
[2.596s] -- Looking for OGRE...
[2.596s] -- OGRE_PREFIX_WATCH changed.
[2.608s] -- Checking for module 'OGRE'
[2.636s] --   Found OGRE, version 1.9.0
[2.705s] -- Found Ogre Ghadamon (1.9.0)
[2.724s] -- Found OGRE: optimized;/usr/lib/x86_64-linux-gnu/libOgreMain.so;debug;/usr/lib/x86_64-linux-gnu/libOgreMain.so
[2.737s] -- Looking for OGRE_Paging...
[2.755s] -- Found OGRE_Paging: optimized;/usr/lib/x86_64-linux-gnu/libOgrePaging.so;debug;/usr/lib/x86_64-linux-gnu/libOgrePaging.so
[2.756s] -- Looking for OGRE_Terrain...
[2.763s] -- Found OGRE_Terrain: optimized;/usr/lib/x86_64-linux-gnu/libOgreTerrain.so;debug;/usr/lib/x86_64-linux-gnu/libOgreTerrain.so
[2.763s] -- Looking for OGRE_Property...
[2.771s] -- Found OGRE_Property: optimized;/usr/lib/x86_64-linux-gnu/libOgreProperty.so;debug;/usr/lib/x86_64-linux-gnu/libOgreProperty.so
[2.771s] -- Looking for OGRE_RTShaderSystem...
[2.778s] -- Found OGRE_RTShaderSystem: optimized;/usr/lib/x86_64-linux-gnu/libOgreRTShaderSystem.so;debug;/usr/lib/x86_64-linux-gnu/libOgreRTShaderSystem.so
[2.778s] -- Looking for OGRE_Volume...
[2.786s] -- Found OGRE_Volume: optimized;/usr/lib/x86_64-linux-gnu/libOgreVolume.so;debug;/usr/lib/x86_64-linux-gnu/libOgreVolume.so
[2.786s] -- Looking for OGRE_Overlay...
[2.792s] -- Found OGRE_Overlay: optimized;/usr/lib/x86_64-linux-gnu/libOgreOverlay.so;debug;/usr/lib/x86_64-linux-gnu/libOgreOverlay.so
[2.935s] -- Looking for ignition-math6 -- found version 6.15.1
[2.941s] -- Looking for ignition-transport8 -- found version 8.2.1
[2.941s] -- Searching for dependencies of ignition-transport8
[2.971s] -- Found Protobuf: /usr/lib/x86_64-linux-gnu/libprotobuf.so (found suitable version "3.12.4", minimum required is "3") 
[2.982s] -- Config-file not installed for ZeroMQ -- checking for pkg-config
[2.992s] -- Checking for module 'libzmq >= 4'
[3.023s] --   Found libzmq , version 4.3.4
[3.098s] -- Found ZeroMQ: TRUE (Required is at least version "4") 
[3.112s] -- Checking for module 'uuid'
[3.144s] --   Found uuid, version 2.37.2
[3.206s] -- Found UUID: TRUE  
[3.212s] -- Looking for ignition-msgs5 -- found version 5.8.1
[3.212s] -- Searching for dependencies of ignition-msgs5
[3.243s] -- Looking for ignition-math6 -- found version 6.15.1
[3.256s] -- Checking for module 'tinyxml2'
[3.289s] --   Found tinyxml2, version 9.0.0
[3.365s] -- Looking for ignition-msgs5 -- found version 5.8.1
[3.369s] -- Looking for ignition-common3 -- found version 3.14.0
[3.370s] -- Searching for dependencies of ignition-common3
[3.371s] -- Looking for dlfcn.h - found
[3.375s] -- Looking for libdl - found
[3.376s] -- Found DL: TRUE  
[3.405s] -- Found tinyobjloader: /usr/lib/x86_64-linux-gnu/cmake/tinyobjloader/tinyobjloader-config.cmake (found version "2.0.0") 
[3.406s] -- Searching for <ignition-common3> component [graphics]
[3.409s] -- Looking for ignition-common3-graphics -- found version 3.14.0
[3.410s] -- Searching for dependencies of ignition-common3-graphics
[3.410s] -- Looking for ignition-math6 -- found version 6.15.1
[3.415s] -- Looking for ignition-fuel_tools4 -- found version 4.4.0
[3.415s] -- Searching for dependencies of ignition-fuel_tools4
[3.589s] -- Found CURL: /usr/lib/x86_64-linux-gnu/libcurl.so (found version "7.81.0")  
[3.607s] -- Checking for module 'jsoncpp'
[3.637s] --   Found jsoncpp, version 1.9.5
[3.696s] -- Found JSONCPP: TRUE  
[3.708s] -- Checking for module 'libzip'
[3.734s] --   Found libzip, version 1.7.3
[3.795s] -- Found ZIP: TRUE  
[3.795s] -- Looking for ignition-common3 -- found version 3.14.0
[3.796s] -- Looking for ignition-math6 -- found version 6.15.1
[3.796s] -- Looking for ignition-msgs5 -- found version 5.8.1
[3.802s] -- Gazebo version: 11.10
[3.802s] -- Checking for module 'tbb'
[3.831s] --   Found tbb, version 2021.5.0
[3.909s] -- Found vision_msgs: 0.1.0 (/home/gaga/sad_ws/install/vision_msgs/share/vision_msgs/cmake)
[3.930s] -- Found tf2: 0.25.12 (/opt/ros/humble/share/tf2/cmake)
[3.937s] -- Found tf2_geometry_msgs: 0.25.12 (/opt/ros/humble/share/tf2_geometry_msgs/cmake)
[3.952s] -- Found eigen3_cmake_module: 0.1.1 (/opt/ros/humble/share/eigen3_cmake_module/cmake)
[3.953s] -- Found Eigen3: TRUE (found version "3.4.0") 
[3.953s] -- Ensuring Eigen3 include directory is part of orocos-kdl CMake target
[4.017s] -- Found serial: 1.2.1 (/home/gaga/sad_ws/install/serial/share/serial/cmake)
[4.020s] -- Found dynamixel_sdk: 3.8.3 (/opt/ros/humble/share/dynamixel_sdk/cmake)
[4.023s] -- Found std_srvs: 4.8.0 (/opt/ros/humble/share/std_srvs/cmake)
[4.062s] -- Found ament_lint_auto: 0.12.12 (/opt/ros/humble/share/ament_lint_auto/cmake)
[4.174s] -- Added test 'cppcheck' to perform static code analysis on C / C++ code
[4.179s] -- Configured cppcheck include dirs: 
[4.179s] -- Configured cppcheck exclude dirs and/or files: 
[4.179s] -- Added test 'flake8' to check Python code syntax and style conventions
[4.181s] -- Added test 'lint_cmake' to check CMake code style
[4.181s] -- Added test 'pep257' to check Python code against some of the docstring style conventions in PEP 257
[4.182s] -- Added test 'uncrustify' to check C / C++ code style
[4.183s] -- Configured uncrustify additional arguments: 
[4.183s] -- Added test 'xmllint' to check XML markup files
[4.184s] -- Configuring done
[4.280s] -- Generating done
[4.323s] -- Build files have been written to: /home/gaga/sad_ws/build/sad_pkg
[4.380s] Invoked command in '/home/gaga/sad_ws/build/sad_pkg' returned '0': CMAKE_PREFIX_PATH=/home/gaga/sad_ws/install/vision_msgs:/home/gaga/sad_ws/install/q_visualizer:/opt/ros/humble:/home/gaga/sad_ws/install/serial:/home/gaga/sad_ws/install:/home/gaga/sad_ws/install/sad_pkg:/home/gaga/sad_ws/install/harvest_master:/home/gaga/sad_ws/install/mani_urdf:/home/gaga/sad_ws/install/harvest_go /usr/bin/cmake /home/gaga/sad_ws/src/sad_pkg -DCMAKE_INSTALL_PREFIX=/home/gaga/sad_ws/install/sad_pkg
[4.385s] Invoking command in '/home/gaga/sad_ws/build/sad_pkg': CMAKE_PREFIX_PATH=/home/gaga/sad_ws/install/vision_msgs:/home/gaga/sad_ws/install/q_visualizer:/opt/ros/humble:/home/gaga/sad_ws/install/serial:/home/gaga/sad_ws/install:/home/gaga/sad_ws/install/sad_pkg:/home/gaga/sad_ws/install/harvest_master:/home/gaga/sad_ws/install/mani_urdf:/home/gaga/sad_ws/install/harvest_go /usr/bin/cmake --build /home/gaga/sad_ws/build/sad_pkg -- -j20 -l20
[4.519s] [ 20%] [32mBuilding CXX object CMakeFiles/rrt_node.dir/src/rrt_node.cpp.o[0m
[4.520s] [ 20%] [32mBuilding CXX object CMakeFiles/path_node.dir/src/path_node.cpp.o[0m
[4.520s] [ 20%] [32mBuilding CXX object CMakeFiles/calibration_node.dir/src/calibration_node.cpp.o[0m
[4.520s] [ 37%] [32mBuilding CXX object CMakeFiles/real_path_node.dir/src/path_node.cpp.o[0m
[4.520s] [ 37%] [32mBuilding CXX object CMakeFiles/path_test_node.dir/src/path_test_node.cpp.o[0m
[4.520s] [ 20%] [32mBuilding CXX object CMakeFiles/obstacle_node.dir/src/obstacle_node.cpp.o[0m
[4.520s] [ 37%] [32mBuilding CXX object CMakeFiles/forward_node.dir/src/forward_node.cpp.o[0m
[4.522s] [ 37%] [32mBuilding CXX object CMakeFiles/spline_node.dir/src/spline_node.cpp.o[0m
[4.522s] [ 37%] [32mBuilding CXX object CMakeFiles/real_inverse_node.dir/src/real_inverse_node.cpp.o[0m
[4.522s] [ 45%] [32mBuilding CXX object CMakeFiles/map_node.dir/src/map_node.cpp.o[0m
[4.525s] [ 50%] [32mBuilding CXX object CMakeFiles/Inverse_node.dir/src/Inverse_node.cpp.o[0m
[4.525s] [ 50%] [32mBuilding CXX object CMakeFiles/motor_node.dir/src/motor_node.cpp.o[0m
[8.299s] [ 54%] [32m[1mLinking CXX executable forward_node[0m
[9.003s] [ 54%] Built target forward_node
[19.119s] [ 58%] [32m[1mLinking CXX executable obstacle_node[0m
[19.282s] [01m[K/home/gaga/sad_ws/src/sad_pkg/src/Inverse_node.cpp:[m[K In member function ‘[01m[Kvoid ManipulatorNode::timerCallback()[m[K’:
[19.283s] [01m[K/home/gaga/sad_ws/src/sad_pkg/src/Inverse_node.cpp:402:16:[m[K [01;35m[Kwarning: [m[Kunused variable ‘[01m[Kpos_err_norm[m[K’ [[01;35m[K]8;;https://gcc.gnu.org/onlinedocs/gcc/Warning-Options.html#index-Wunused-variable-Wunused-variable]8;;[m[K]
[19.283s]   402 |         double [01;35m[Kpos_err_norm[m[K = position_error.norm();  // 위치 오차 크기 (m)
[19.283s]       |                [01;35m[K^~~~~~~~~~~~[m[K
[19.283s] [01m[K/home/gaga/sad_ws/src/sad_pkg/src/Inverse_node.cpp:415:16:[m[K [01;35m[Kwarning: [m[Kunused variable ‘[01m[Kori_err_deg[m[K’ [[01;35m[K]8;;https://gcc.gnu.org/onlinedocs/gcc/Warning-Options.html#index-Wunused-variable-Wunused-variable]8;;[m[K]
[19.284s]   415 |         double [01;35m[Kori_err_deg[m[K = angle_rad * (180.0 / M_PI);  // 방위 오차 (°)
[19.284s]       |                [01;35m[K^~~~~~~~~~~[m[K
[19.374s] [ 62%] [32m[1mLinking CXX executable path_test_node[0m
[19.847s] [ 62%] Built target obstacle_node
[20.178s] [ 62%] Built target path_test_node
[24.856s] [ 66%] [32m[1mLinking CXX executable spline_node[0m
[25.582s] [ 66%] Built target spline_node
[31.132s] [ 70%] [32m[1mLinking CXX executable motor_node[0m
[32.547s] [ 70%] Built target motor_node
[33.342s] [ 75%] [32m[1mLinking CXX executable rrt_node[0m
[33.633s] [ 79%] [32m[1mLinking CXX executable map_node[0m
[35.185s] [ 79%] Built target rrt_node
[35.395s] [ 79%] Built target map_node
[49.237s] [ 83%] [32m[1mLinking CXX executable calibration_node[0m
[49.723s] [ 87%] [32m[1mLinking CXX executable real_path_node[0m
[51.918s] [ 91%] [32m[1mLinking CXX executable path_node[0m
[53.205s] [ 91%] Built target calibration_node
[53.634s] [ 91%] Built target real_path_node
[55.026s] [ 91%] Built target path_node
[56.637s] [ 95%] [32m[1mLinking CXX executable real_inverse_node[0m
[58.878s] [ 95%] Built target real_inverse_node
[67.267s] [100%] [32m[1mLinking CXX executable Inverse_node[0m
[70.203s] [100%] Built target Inverse_node
[70.230s] Invoked command in '/home/gaga/sad_ws/build/sad_pkg' returned '0': CMAKE_PREFIX_PATH=/home/gaga/sad_ws/install/vision_msgs:/home/gaga/sad_ws/install/q_visualizer:/opt/ros/humble:/home/gaga/sad_ws/install/serial:/home/gaga/sad_ws/install:/home/gaga/sad_ws/install/sad_pkg:/home/gaga/sad_ws/install/harvest_master:/home/gaga/sad_ws/install/mani_urdf:/home/gaga/sad_ws/install/harvest_go /usr/bin/cmake --build /home/gaga/sad_ws/build/sad_pkg -- -j20 -l20
[70.238s] Invoking command in '/home/gaga/sad_ws/build/sad_pkg': CMAKE_PREFIX_PATH=/home/gaga/sad_ws/install/vision_msgs:/home/gaga/sad_ws/install/q_visualizer:/opt/ros/humble:/home/gaga/sad_ws/install/serial:/home/gaga/sad_ws/install:/home/gaga/sad_ws/install/sad_pkg:/home/gaga/sad_ws/install/harvest_master:/home/gaga/sad_ws/install/mani_urdf:/home/gaga/sad_ws/install/harvest_go /usr/bin/cmake --install /home/gaga/sad_ws/build/sad_pkg
[70.252s] -- Install configuration: ""
[70.252s] -- Installing: /home/gaga/sad_ws/install/sad_pkg/share/sad_pkg/launch
[70.252s] -- Installing: /home/gaga/sad_ws/install/sad_pkg/share/sad_pkg/launch/rviz.launch.py
[70.252s] -- Installing: /home/gaga/sad_ws/install/sad_pkg/share/sad_pkg/launch/real.launch.py
[70.252s] -- Installing: /home/gaga/sad_ws/install/sad_pkg/share/sad_pkg/launch/sad.launch.py
[70.252s] -- Installing: /home/gaga/sad_ws/install/sad_pkg/share/sad_pkg/launch/all.launch.py
[70.252s] -- Installing: /home/gaga/sad_ws/install/sad_pkg/share/sad_pkg/urdf
[70.253s] -- Installing: /home/gaga/sad_ws/install/sad_pkg/share/sad_pkg/urdf/description
[70.253s] -- Installing: /home/gaga/sad_ws/install/sad_pkg/share/sad_pkg/urdf/description/test.xacro
[70.253s] -- Installing: /home/gaga/sad_ws/install/sad_pkg/share/sad_pkg/urdf/description/sad.xacro
[70.253s] -- Installing: /home/gaga/sad_ws/install/sad_pkg/share/sad_pkg/urdf/description/all.xacro
[70.253s] -- Installing: /home/gaga/sad_ws/install/sad_pkg/share/sad_pkg/meshes
[70.253s] -- Installing: /home/gaga/sad_ws/install/sad_pkg/share/sad_pkg/meshes/next.stl
[70.281s] -- Installing: /home/gaga/sad_ws/install/sad_pkg/share/sad_pkg/meshes/link3.stl
[70.281s] -- Installing: /home/gaga/sad_ws/install/sad_pkg/share/sad_pkg/meshes/link1.stl
[70.286s] -- Installing: /home/gaga/sad_ws/install/sad_pkg/share/sad_pkg/meshes/link5.stl
[70.287s] -- Installing: /home/gaga/sad_ws/install/sad_pkg/share/sad_pkg/meshes/link6.stl
[70.288s] -- Installing: /home/gaga/sad_ws/install/sad_pkg/share/sad_pkg/meshes/link7.stl
[70.299s] -- Installing: /home/gaga/sad_ws/install/sad_pkg/share/sad_pkg/meshes/link2.stl
[70.301s] -- Installing: /home/gaga/sad_ws/install/sad_pkg/share/sad_pkg/meshes/mani.stl
[70.325s] -- Installing: /home/gaga/sad_ws/install/sad_pkg/share/sad_pkg/meshes/link4.stl
[70.331s] -- Installing: /home/gaga/sad_ws/install/sad_pkg/share/sad_pkg/meshes/endeffector.stl
[70.332s] -- Installing: /home/gaga/sad_ws/install/sad_pkg/share/sad_pkg/config
[70.332s] -- Installing: /home/gaga/sad_ws/install/sad_pkg/share/sad_pkg/config/install
[70.332s] -- Installing: /home/gaga/sad_ws/install/sad_pkg/share/sad_pkg/config/install/setup.zsh
[70.332s] -- Installing: /home/gaga/sad_ws/install/sad_pkg/share/sad_pkg/config/install/local_setup.bash
[70.332s] -- Installing: /home/gaga/sad_ws/install/sad_pkg/share/sad_pkg/config/install/setup.ps1
[70.332s] -- Installing: /home/gaga/sad_ws/install/sad_pkg/share/sad_pkg/config/install/setup.sh
[70.332s] -- Installing: /home/gaga/sad_ws/install/sad_pkg/share/sad_pkg/config/install/COLCON_IGNORE
[70.333s] -- Installing: /home/gaga/sad_ws/install/sad_pkg/share/sad_pkg/config/install/_local_setup_util_sh.py
[70.333s] -- Installing: /home/gaga/sad_ws/install/sad_pkg/share/sad_pkg/config/install/_local_setup_util_ps1.py
[70.333s] -- Installing: /home/gaga/sad_ws/install/sad_pkg/share/sad_pkg/config/install/setup.bash
[70.333s] -- Installing: /home/gaga/sad_ws/install/sad_pkg/share/sad_pkg/config/install/local_setup.sh
[70.333s] -- Installing: /home/gaga/sad_ws/install/sad_pkg/share/sad_pkg/config/install/.colcon_install_layout
[70.333s] -- Installing: /home/gaga/sad_ws/install/sad_pkg/share/sad_pkg/config/install/local_setup.ps1
[70.333s] -- Installing: /home/gaga/sad_ws/install/sad_pkg/share/sad_pkg/config/install/local_setup.zsh
[70.333s] -- Installing: /home/gaga/sad_ws/install/sad_pkg/share/sad_pkg/config/build
[70.333s] -- Installing: /home/gaga/sad_ws/install/sad_pkg/share/sad_pkg/config/build/COLCON_IGNORE
[70.333s] -- Installing: /home/gaga/sad_ws/install/sad_pkg/share/sad_pkg/config/build/.built_by
[70.333s] -- Installing: /home/gaga/sad_ws/install/sad_pkg/share/sad_pkg/config/sad_controllers.yaml
[70.333s] -- Installing: /home/gaga/sad_ws/install/sad_pkg/share/sad_pkg/config/log
[70.333s] -- Installing: /home/gaga/sad_ws/install/sad_pkg/share/sad_pkg/config/log/latest_build
[70.333s] -- Installing: /home/gaga/sad_ws/install/sad_pkg/share/sad_pkg/config/log/latest
[70.333s] -- Installing: /home/gaga/sad_ws/install/sad_pkg/share/sad_pkg/config/log/build_2025-04-02_10-07-56
[70.333s] -- Installing: /home/gaga/sad_ws/install/sad_pkg/share/sad_pkg/config/log/build_2025-04-02_10-07-56/logger_all.log
[70.333s] -- Installing: /home/gaga/sad_ws/install/sad_pkg/share/sad_pkg/config/log/build_2025-04-02_10-07-56/events.log
[70.333s] -- Installing: /home/gaga/sad_ws/install/sad_pkg/share/sad_pkg/config/log/COLCON_IGNORE
[70.333s] -- Installing: /home/gaga/sad_ws/install/sad_pkg/lib/sad_pkg/forward_node
[70.334s] -- Set runtime path of "/home/gaga/sad_ws/install/sad_pkg/lib/sad_pkg/forward_node" to ""
[70.334s] -- Installing: /home/gaga/sad_ws/install/sad_pkg/lib/sad_pkg/rrt_node
[70.341s] -- Set runtime path of "/home/gaga/sad_ws/install/sad_pkg/lib/sad_pkg/rrt_node" to ""
[70.341s] -- Installing: /home/gaga/sad_ws/install/sad_pkg/lib/sad_pkg/obstacle_node
[70.343s] -- Set runtime path of "/home/gaga/sad_ws/install/sad_pkg/lib/sad_pkg/obstacle_node" to ""
[70.343s] -- Installing: /home/gaga/sad_ws/install/sad_pkg/lib/sad_pkg/spline_node
[70.345s] -- Set runtime path of "/home/gaga/sad_ws/install/sad_pkg/lib/sad_pkg/spline_node" to ""
[70.345s] -- Installing: /home/gaga/sad_ws/install/sad_pkg/lib/sad_pkg/map_node
[70.349s] -- Set runtime path of "/home/gaga/sad_ws/install/sad_pkg/lib/sad_pkg/map_node" to ""
[70.349s] -- Installing: /home/gaga/sad_ws/install/sad_pkg/lib/sad_pkg/path_node
[70.364s] -- Set runtime path of "/home/gaga/sad_ws/install/sad_pkg/lib/sad_pkg/path_node" to ""
[70.365s] -- Installing: /home/gaga/sad_ws/install/sad_pkg/lib/sad_pkg/path_test_node
[70.367s] -- Set runtime path of "/home/gaga/sad_ws/install/sad_pkg/lib/sad_pkg/path_test_node" to ""
[70.367s] -- Installing: /home/gaga/sad_ws/install/sad_pkg/lib/sad_pkg/Inverse_node
[70.383s] -- Set runtime path of "/home/gaga/sad_ws/install/sad_pkg/lib/sad_pkg/Inverse_node" to ""
[70.383s] -- Installing: /home/gaga/sad_ws/install/sad_pkg/lib/sad_pkg/real_inverse_node
[70.397s] -- Set runtime path of "/home/gaga/sad_ws/install/sad_pkg/lib/sad_pkg/real_inverse_node" to ""
[70.397s] -- Installing: /home/gaga/sad_ws/install/sad_pkg/lib/sad_pkg/motor_node
[70.406s] -- Set runtime path of "/home/gaga/sad_ws/install/sad_pkg/lib/sad_pkg/motor_node" to ""
[70.406s] -- Installing: /home/gaga/sad_ws/install/sad_pkg/lib/sad_pkg/calibration_node
[70.420s] -- Set runtime path of "/home/gaga/sad_ws/install/sad_pkg/lib/sad_pkg/calibration_node" to ""
[70.421s] -- Installing: /home/gaga/sad_ws/install/sad_pkg/lib/sad_pkg/real_path_node
[70.436s] -- Set runtime path of "/home/gaga/sad_ws/install/sad_pkg/lib/sad_pkg/real_path_node" to ""
[70.437s] -- Installing: /home/gaga/sad_ws/install/sad_pkg/share/ament_index/resource_index/package_run_dependencies/sad_pkg
[70.437s] -- Installing: /home/gaga/sad_ws/install/sad_pkg/share/ament_index/resource_index/parent_prefix_path/sad_pkg
[70.437s] -- Installing: /home/gaga/sad_ws/install/sad_pkg/share/sad_pkg/environment/ament_prefix_path.sh
[70.437s] -- Installing: /home/gaga/sad_ws/install/sad_pkg/share/sad_pkg/environment/ament_prefix_path.dsv
[70.437s] -- Installing: /home/gaga/sad_ws/install/sad_pkg/share/sad_pkg/environment/path.sh
[70.437s] -- Installing: /home/gaga/sad_ws/install/sad_pkg/share/sad_pkg/environment/path.dsv
[70.437s] -- Installing: /home/gaga/sad_ws/install/sad_pkg/share/sad_pkg/local_setup.bash
[70.437s] -- Installing: /home/gaga/sad_ws/install/sad_pkg/share/sad_pkg/local_setup.sh
[70.437s] -- Installing: /home/gaga/sad_ws/install/sad_pkg/share/sad_pkg/local_setup.zsh
[70.437s] -- Installing: /home/gaga/sad_ws/install/sad_pkg/share/sad_pkg/local_setup.dsv
[70.438s] -- Installing: /home/gaga/sad_ws/install/sad_pkg/share/sad_pkg/package.dsv
[70.438s] -- Installing: /home/gaga/sad_ws/install/sad_pkg/share/ament_index/resource_index/packages/sad_pkg
[70.438s] -- Installing: /home/gaga/sad_ws/install/sad_pkg/share/sad_pkg/cmake/sad_pkgConfig.cmake
[70.438s] -- Installing: /home/gaga/sad_ws/install/sad_pkg/share/sad_pkg/cmake/sad_pkgConfig-version.cmake
[70.438s] -- Installing: /home/gaga/sad_ws/install/sad_pkg/share/sad_pkg/package.xml
[70.446s] Invoked command in '/home/gaga/sad_ws/build/sad_pkg' returned '0': CMAKE_PREFIX_PATH=/home/gaga/sad_ws/install/vision_msgs:/home/gaga/sad_ws/install/q_visualizer:/opt/ros/humble:/home/gaga/sad_ws/install/serial:/home/gaga/sad_ws/install:/home/gaga/sad_ws/install/sad_pkg:/home/gaga/sad_ws/install/harvest_master:/home/gaga/sad_ws/install/mani_urdf:/home/gaga/sad_ws/install/harvest_go /usr/bin/cmake --install /home/gaga/sad_ws/build/sad_pkg
