[0.020s] Invoking command in '/home/gaga/sad_ws/build/sad_pkg': CMAKE_PREFIX_PATH=/home/gaga/sad_ws/install/vision_msgs:/home/gaga/sad_ws/install/q_visualizer:/opt/ros/humble:/home/gaga/sad_ws/install/serial:/home/gaga/sad_ws/install:/home/gaga/sad_ws/install/sad_pkg:/home/gaga/sad_ws/install/harvest_master:/home/gaga/sad_ws/install/mani_urdf:/home/gaga/sad_ws/install/harvest_go /usr/bin/cmake --build /home/gaga/sad_ws/build/sad_pkg -- -j20 -l20
[0.104s] [35m[1mConsolidate compiler generated dependencies of target real_inverse_node[0m
[0.133s] [ 79%] Built target motor_node
[0.133s] [ 79%] Built target rrt_node
[0.134s] [ 79%] Built target path_test_node
[0.135s] [ 79%] Built target map_node
[0.135s] [ 79%] Built target path_node
[0.135s] [ 79%] Built target obstacle_node
[0.135s] [ 79%] Built target calibration_node
[0.135s] [ 79%] Built target Inverse_node
[0.135s] [ 79%] Built target real_path_node
[0.135s] [ 83%] Built target spline_node
[0.135s] [ 91%] Built target forward_node
[0.148s] [ 95%] [32mBuilding CXX object CMakeFiles/real_inverse_node.dir/src/real_inverse_node.cpp.o[0m
[5.484s] [01m[K/home/gaga/sad_ws/src/sad_pkg/src/real_inverse_node.cpp:[m[K In member function ‘[01m[Kdouble ManipulatorNode::computeOrientationError(const Quaternion&, const Quaternion&)[m[K’:
[5.484s] [01m[K/home/gaga/sad_ws/src/sad_pkg/src/real_inverse_node.cpp:396:41:[m[K [01;31m[Kerror: [m[Ktoo few arguments to function ‘[01m[Kvoid quaternionToAngleAxis(const Quaternion&, Eigen::Vector3d&, double&)[m[K’
[5.484s]   396 |             return [01;31m[KquaternionToAngleAxis(q_target_inv * q_current)[m[K; // 회전 에러 계산
[5.484s]       |                    [01;31m[K~~~~~~~~~~~~~~~~~~~~~^~~~~~~~~~~~~~~~~~~~~~~~~~[m[K
[5.484s] [01m[K/home/gaga/sad_ws/src/sad_pkg/src/real_inverse_node.cpp:106:6:[m[K [01;36m[Knote: [m[Kdeclared here
[5.484s]   106 | void [01;36m[KquaternionToAngleAxis[m[K(const Quaternion& q_raw, Vector3d& axis, double& angle) {
[5.484s]       |      [01;36m[K^~~~~~~~~~~~~~~~~~~~~[m[K
[5.484s] [01m[K/home/gaga/sad_ws/src/sad_pkg/src/real_inverse_node.cpp:399:41:[m[K [01;31m[Kerror: [m[Ktoo few arguments to function ‘[01m[Kvoid quaternionToAngleAxis(const Quaternion&, Eigen::Vector3d&, double&)[m[K’
[5.484s]   399 |             return [01;31m[KquaternionToAngleAxis(q_error)[m[K;
[5.484s]       |                    [01;31m[K~~~~~~~~~~~~~~~~~~~~~^~~~~~~~~[m[K
[5.484s] [01m[K/home/gaga/sad_ws/src/sad_pkg/src/real_inverse_node.cpp:106:6:[m[K [01;36m[Knote: [m[Kdeclared here
[5.484s]   106 | void [01;36m[KquaternionToAngleAxis[m[K(const Quaternion& q_raw, Vector3d& axis, double& angle) {
[5.484s]       |      [01;36m[K^~~~~~~~~~~~~~~~~~~~~[m[K
[5.484s] [01m[K/home/gaga/sad_ws/src/sad_pkg/src/real_inverse_node.cpp:[m[K In member function ‘[01m[KControlOutput ManipulatorNode::computeControlOutput(const Vector3d&)[m[K’:
[5.484s] [01m[K/home/gaga/sad_ws/src/sad_pkg/src/real_inverse_node.cpp:406:44:[m[K [01;31m[Kerror: [m[Kno matching function for call to ‘[01m[KManipulatorNode::computeControl(Eigen::VectorXd&, const Vector3d&, double&)[m[K’
[5.484s]   406 |         ControlOutput ctrl = [01;31m[KcomputeControl(estimated_q_, position_error, dt)[m[K;
[5.484s]       |                              [01;31m[K~~~~~~~~~~~~~~^~~~~~~~~~~~~~~~~~~~~~~~~~~~~~~~~~[m[K
[5.484s] [01m[K/home/gaga/sad_ws/src/sad_pkg/src/real_inverse_node.cpp:458:19:[m[K [01;36m[Knote: [m[Kcandidate: ‘[01m[KControlOutput ManipulatorNode::computeControl(const VectorXd&, const Vector3d&, const Vector3d&, double)[m[K’
[5.484s]   458 |     ControlOutput [01;36m[KcomputeControl[m[K(const VectorXd& current_q, const Vector3d& position_error, const Vector3d& orientation_axis_angle, double dt)
[5.484s]       |                   [01;36m[K^~~~~~~~~~~~~~[m[K
[5.484s] [01m[K/home/gaga/sad_ws/src/sad_pkg/src/real_inverse_node.cpp:458:19:[m[K [01;36m[Knote: [m[K  candidate expects 4 arguments, 3 provided
[11.832s] gmake[2]: *** [CMakeFiles/real_inverse_node.dir/build.make:76: CMakeFiles/real_inverse_node.dir/src/real_inverse_node.cpp.o] Error 1
[11.833s] gmake[1]: *** [CMakeFiles/Makefile2:393: CMakeFiles/real_inverse_node.dir/all] Error 2
[11.833s] gmake: *** [Makefile:146: all] Error 2
[11.835s] Invoked command in '/home/gaga/sad_ws/build/sad_pkg' returned '2': CMAKE_PREFIX_PATH=/home/gaga/sad_ws/install/vision_msgs:/home/gaga/sad_ws/install/q_visualizer:/opt/ros/humble:/home/gaga/sad_ws/install/serial:/home/gaga/sad_ws/install:/home/gaga/sad_ws/install/sad_pkg:/home/gaga/sad_ws/install/harvest_master:/home/gaga/sad_ws/install/mani_urdf:/home/gaga/sad_ws/install/harvest_go /usr/bin/cmake --build /home/gaga/sad_ws/build/sad_pkg -- -j20 -l20
