[0.020s] Invoking command in '/home/gaga/sad_ws/build/harvest_master': CMAKE_PREFIX_PATH=/home/gaga/sad_ws/install/vision_msgs:/home/gaga/sad_ws/install:/home/gaga/sad_ws/install/sad_pkg:/home/gaga/sad_ws/install/harvest_master:/home/gaga/sad_ws/install/serial:/home/gaga/sad_ws/install/mani_urdf:/home/gaga/sad_ws/install/harvest_go:/home/gaga/sad_ws/install/q_visualizer:/opt/ros/humble /usr/bin/cmake /home/gaga/sad_ws/src/harvest_master -DCMAKE_INSTALL_PREFIX=/home/gaga/sad_ws/install/harvest_master
[0.128s] -- The C compiler identification is GNU 11.4.0
[0.228s] -- The CXX compiler identification is GNU 11.4.0
[0.239s] -- Detecting C compiler ABI info
[0.382s] -- Detecting C compiler ABI info - done
[0.392s] -- Check for working C compiler: /usr/bin/cc - skipped
[0.392s] -- Detecting C compile features
[0.392s] -- Detecting C compile features - done
[0.396s] -- Detecting CXX compiler ABI info
[0.553s] -- Detecting CXX compiler ABI info - done
[0.562s] -- Check for working CXX compiler: /usr/bin/c++ - skipped
[0.562s] -- Detecting CXX compile features
[0.562s] -- Detecting CXX compile features - done
[0.568s] -- Found ament_cmake: 1.3.11 (/opt/ros/humble/share/ament_cmake/cmake)
[0.881s] -- Found Python3: /usr/bin/python3 (found version "3.10.12") found components: Interpreter 
[1.044s] -- Found rclcpp: 16.0.12 (/opt/ros/humble/share/rclcpp/cmake)
[1.099s] -- Found rosidl_generator_c: 3.1.6 (/opt/ros/humble/share/rosidl_generator_c/cmake)
[1.105s] -- Found rosidl_adapter: 3.1.6 (/opt/ros/humble/share/rosidl_adapter/cmake)
[1.116s] -- Found rosidl_generator_cpp: 3.1.6 (/opt/ros/humble/share/rosidl_generator_cpp/cmake)
[1.129s] -- Using all available rosidl_typesupport_c: rosidl_typesupport_fastrtps_c;rosidl_typesupport_introspection_c
[1.145s] -- Using all available rosidl_typesupport_cpp: rosidl_typesupport_fastrtps_cpp;rosidl_typesupport_introspection_cpp
[1.188s] -- Found rmw_implementation_cmake: 6.1.2 (/opt/ros/humble/share/rmw_implementation_cmake/cmake)
[1.190s] -- Found rmw_fastrtps_cpp: 6.2.7 (/opt/ros/humble/share/rmw_fastrtps_cpp/cmake)
[1.326s] -- Found OpenSSL: /usr/lib/x86_64-linux-gnu/libcrypto.so (found version "3.0.2")  
[1.375s] -- Found FastRTPS: /opt/ros/humble/include  
[1.428s] -- Using RMW implementation 'rmw_fastrtps_cpp' as default
[1.438s] -- Looking for pthread.h
[1.575s] -- Looking for pthread.h - found
[1.575s] -- Performing Test CMAKE_HAVE_LIBC_PTHREAD
[1.703s] -- Performing Test CMAKE_HAVE_LIBC_PTHREAD - Success
[1.705s] -- Found Threads: TRUE  
[1.764s] -- Found std_srvs: 4.8.0 (/opt/ros/humble/share/std_srvs/cmake)
[1.787s] -- Found geometry_msgs: 4.8.0 (/opt/ros/humble/share/geometry_msgs/cmake)
[1.808s] -- Found vision_msgs: 0.1.0 (/home/gaga/sad_ws/install/vision_msgs/share/vision_msgs/cmake)
[1.832s] -- Found ament_lint_auto: 0.12.12 (/opt/ros/humble/share/ament_lint_auto/cmake)
[1.936s] -- Configuring done
[1.954s] -- Generating done
[1.959s] -- Build files have been written to: /home/gaga/sad_ws/build/harvest_master
[1.990s] Invoked command in '/home/gaga/sad_ws/build/harvest_master' returned '0': CMAKE_PREFIX_PATH=/home/gaga/sad_ws/install/vision_msgs:/home/gaga/sad_ws/install:/home/gaga/sad_ws/install/sad_pkg:/home/gaga/sad_ws/install/harvest_master:/home/gaga/sad_ws/install/serial:/home/gaga/sad_ws/install/mani_urdf:/home/gaga/sad_ws/install/harvest_go:/home/gaga/sad_ws/install/q_visualizer:/opt/ros/humble /usr/bin/cmake /home/gaga/sad_ws/src/harvest_master -DCMAKE_INSTALL_PREFIX=/home/gaga/sad_ws/install/harvest_master
[1.993s] Invoking command in '/home/gaga/sad_ws/build/harvest_master': CMAKE_PREFIX_PATH=/home/gaga/sad_ws/install/vision_msgs:/home/gaga/sad_ws/install:/home/gaga/sad_ws/install/sad_pkg:/home/gaga/sad_ws/install/harvest_master:/home/gaga/sad_ws/install/serial:/home/gaga/sad_ws/install/mani_urdf:/home/gaga/sad_ws/install/harvest_go:/home/gaga/sad_ws/install/q_visualizer:/opt/ros/humble /usr/bin/cmake --build /home/gaga/sad_ws/build/harvest_master -- -j20 -l20
[2.105s] [ 50%] [32mBuilding CXX object CMakeFiles/master_node.dir/src/master_node.cpp.o[0m
[47.159s] [100%] [32m[1mLinking CXX executable master_node[0m
[50.443s] [100%] Built target master_node
[50.485s] Invoked command in '/home/gaga/sad_ws/build/harvest_master' returned '0': CMAKE_PREFIX_PATH=/home/gaga/sad_ws/install/vision_msgs:/home/gaga/sad_ws/install:/home/gaga/sad_ws/install/sad_pkg:/home/gaga/sad_ws/install/harvest_master:/home/gaga/sad_ws/install/serial:/home/gaga/sad_ws/install/mani_urdf:/home/gaga/sad_ws/install/harvest_go:/home/gaga/sad_ws/install/q_visualizer:/opt/ros/humble /usr/bin/cmake --build /home/gaga/sad_ws/build/harvest_master -- -j20 -l20
[50.491s] Invoking command in '/home/gaga/sad_ws/build/harvest_master': CMAKE_PREFIX_PATH=/home/gaga/sad_ws/install/vision_msgs:/home/gaga/sad_ws/install:/home/gaga/sad_ws/install/sad_pkg:/home/gaga/sad_ws/install/harvest_master:/home/gaga/sad_ws/install/serial:/home/gaga/sad_ws/install/mani_urdf:/home/gaga/sad_ws/install/harvest_go:/home/gaga/sad_ws/install/q_visualizer:/opt/ros/humble /usr/bin/cmake --install /home/gaga/sad_ws/build/harvest_master
[50.513s] -- Install configuration: ""
[50.514s] -- Installing: /home/gaga/sad_ws/install/harvest_master/lib/harvest_master/master_node
[50.531s] -- Set runtime path of "/home/gaga/sad_ws/install/harvest_master/lib/harvest_master/master_node" to ""
[50.531s] -- Installing: /home/gaga/sad_ws/install/harvest_master/include/
[50.531s] -- Installing: /home/gaga/sad_ws/install/harvest_master/include//harvest_master
[50.531s] -- Installing: /home/gaga/sad_ws/install/harvest_master/include//harvest_master/master_node.hpp
[50.531s] -- Installing: /home/gaga/sad_ws/install/harvest_master/share/ament_index/resource_index/package_run_dependencies/harvest_master
[50.531s] -- Installing: /home/gaga/sad_ws/install/harvest_master/share/ament_index/resource_index/parent_prefix_path/harvest_master
[50.531s] -- Installing: /home/gaga/sad_ws/install/harvest_master/share/harvest_master/environment/ament_prefix_path.sh
[50.531s] -- Installing: /home/gaga/sad_ws/install/harvest_master/share/harvest_master/environment/ament_prefix_path.dsv
[50.532s] -- Installing: /home/gaga/sad_ws/install/harvest_master/share/harvest_master/environment/path.sh
[50.532s] -- Installing: /home/gaga/sad_ws/install/harvest_master/share/harvest_master/environment/path.dsv
[50.532s] -- Installing: /home/gaga/sad_ws/install/harvest_master/share/harvest_master/local_setup.bash
[50.532s] -- Installing: /home/gaga/sad_ws/install/harvest_master/share/harvest_master/local_setup.sh
[50.532s] -- Installing: /home/gaga/sad_ws/install/harvest_master/share/harvest_master/local_setup.zsh
[50.532s] -- Installing: /home/gaga/sad_ws/install/harvest_master/share/harvest_master/local_setup.dsv
[50.532s] -- Installing: /home/gaga/sad_ws/install/harvest_master/share/harvest_master/package.dsv
[50.532s] -- Installing: /home/gaga/sad_ws/install/harvest_master/share/ament_index/resource_index/packages/harvest_master
[50.532s] -- Installing: /home/gaga/sad_ws/install/harvest_master/share/harvest_master/cmake/harvest_masterConfig.cmake
[50.532s] -- Installing: /home/gaga/sad_ws/install/harvest_master/share/harvest_master/cmake/harvest_masterConfig-version.cmake
[50.532s] -- Installing: /home/gaga/sad_ws/install/harvest_master/share/harvest_master/package.xml
[50.544s] Invoked command in '/home/gaga/sad_ws/build/harvest_master' returned '0': CMAKE_PREFIX_PATH=/home/gaga/sad_ws/install/vision_msgs:/home/gaga/sad_ws/install:/home/gaga/sad_ws/install/sad_pkg:/home/gaga/sad_ws/install/harvest_master:/home/gaga/sad_ws/install/serial:/home/gaga/sad_ws/install/mani_urdf:/home/gaga/sad_ws/install/harvest_go:/home/gaga/sad_ws/install/q_visualizer:/opt/ros/humble /usr/bin/cmake --install /home/gaga/sad_ws/build/harvest_master
