[0.020s] Invoking command in '/home/gaga/sad_ws/build/vision_msgs': CMAKE_PREFIX_PATH=${CMAKE_PREFIX_PATH}:/home/gaga/sad_ws/install/q_visualizer:/opt/ros/humble /usr/bin/cmake /home/gaga/sad_ws/src/vision_msgs -DCMAKE_INSTALL_PREFIX=/home/gaga/sad_ws/install/vision_msgs
[0.089s] -- The C compiler identification is GNU 11.4.0
[0.159s] -- The CXX compiler identification is GNU 11.4.0
[0.168s] -- Detecting C compiler ABI info
[0.247s] -- Detecting C compiler ABI info - done
[0.251s] -- Check for working C compiler: /usr/bin/cc - skipped
[0.252s] -- Detecting C compile features
[0.252s] -- Detecting C compile features - done
[0.254s] -- Detecting CXX compiler ABI info
[0.353s] -- Detecting CXX compiler ABI info - done
[0.358s] -- Check for working CXX compiler: /usr/bin/c++ - skipped
[0.358s] -- Detecting CXX compile features
[0.359s] -- Detecting CXX compile features - done
[0.361s] -- Found ament_cmake: 1.3.11 (/opt/ros/humble/share/ament_cmake/cmake)
[0.578s] -- Found Python3: /usr/bin/python3 (found version "3.10.12") found components: Interpreter 
[0.680s] -- Found std_msgs: 4.8.0 (/opt/ros/humble/share/std_msgs/cmake)
[0.708s] -- Found rosidl_generator_c: 3.1.6 (/opt/ros/humble/share/rosidl_generator_c/cmake)
[0.712s] -- Found rosidl_adapter: 3.1.6 (/opt/ros/humble/share/rosidl_adapter/cmake)
[0.719s] -- Found rosidl_generator_cpp: 3.1.6 (/opt/ros/humble/share/rosidl_generator_cpp/cmake)
[0.731s] -- Using all available rosidl_typesupport_c: rosidl_typesupport_fastrtps_c;rosidl_typesupport_introspection_c
[0.749s] -- Using all available rosidl_typesupport_cpp: rosidl_typesupport_fastrtps_cpp;rosidl_typesupport_introspection_cpp
[0.765s] -- Found rclcpp: 16.0.12 (/opt/ros/humble/share/rclcpp/cmake)
[0.797s] -- Found rmw_implementation_cmake: 6.1.2 (/opt/ros/humble/share/rmw_implementation_cmake/cmake)
[0.800s] -- Found rmw_fastrtps_cpp: 6.2.7 (/opt/ros/humble/share/rmw_fastrtps_cpp/cmake)
[0.903s] -- Found OpenSSL: /usr/lib/x86_64-linux-gnu/libcrypto.so (found version "3.0.2")  
[0.934s] -- Found FastRTPS: /opt/ros/humble/include  
[0.987s] -- Using RMW implementation 'rmw_fastrtps_cpp' as default
[0.995s] -- Looking for pthread.h
[1.103s] -- Looking for pthread.h - found
[1.103s] -- Performing Test CMAKE_HAVE_LIBC_PTHREAD
[1.211s] -- Performing Test CMAKE_HAVE_LIBC_PTHREAD - Success
[1.212s] -- Found Threads: TRUE  
[1.259s] -- Found geometry_msgs: 4.8.0 (/opt/ros/humble/share/geometry_msgs/cmake)
[1.269s] -- Found rosidl_default_generators: 1.2.0 (/opt/ros/humble/share/rosidl_default_generators/cmake)
[1.746s] -- Found ament_cmake_ros: 0.10.0 (/opt/ros/humble/share/ament_cmake_ros/cmake)
[2.411s] -- Using all available rosidl_typesupport_c: rosidl_typesupport_fastrtps_c;rosidl_typesupport_introspection_c
[2.653s] -- Using all available rosidl_typesupport_cpp: rosidl_typesupport_fastrtps_cpp;rosidl_typesupport_introspection_cpp
[2.689s] -- Found PythonInterp: /usr/bin/python3 (found suitable version "3.10.12", minimum required is "3.6") 
[2.692s] -- Found python_cmake_module: 0.10.0 (/opt/ros/humble/share/python_cmake_module/cmake)
[2.731s] -- Found PythonLibs: /usr/lib/x86_64-linux-gnu/libpython3.10.so (found suitable version "3.10.12", minimum required is "3.5") 
[2.732s] -- Using PYTHON_EXECUTABLE: /usr/bin/python3
[2.732s] -- Using PYTHON_INCLUDE_DIRS: /usr/include/python3.10
[2.732s] -- Using PYTHON_LIBRARIES: /usr/lib/x86_64-linux-gnu/libpython3.10.so
[2.760s] -- Found PythonExtra: .so  
[2.827s] -- Configuring done
[2.868s] -- Generating done
[2.884s] -- Build files have been written to: /home/gaga/sad_ws/build/vision_msgs
[2.924s] Invoked command in '/home/gaga/sad_ws/build/vision_msgs' returned '0': CMAKE_PREFIX_PATH=${CMAKE_PREFIX_PATH}:/home/gaga/sad_ws/install/q_visualizer:/opt/ros/humble /usr/bin/cmake /home/gaga/sad_ws/src/vision_msgs -DCMAKE_INSTALL_PREFIX=/home/gaga/sad_ws/install/vision_msgs
[2.927s] Invoking command in '/home/gaga/sad_ws/build/vision_msgs': CMAKE_PREFIX_PATH=${CMAKE_PREFIX_PATH}:/home/gaga/sad_ws/install/q_visualizer:/opt/ros/humble /usr/bin/cmake --build /home/gaga/sad_ws/build/vision_msgs -- -j20 -l20
[3.004s] [  1%] [34m[1mGenerating C code for ROS interfaces[0m
[3.027s] [  3%] [34m[1mGenerating C++ code for ROS interfaces[0m
[3.045s] [  3%] Built target ament_cmake_python_copy_vision_msgs
[3.336s] running egg_info
[3.337s] creating vision_msgs.egg-info
[3.337s] writing vision_msgs.egg-info/PKG-INFO
[3.338s] writing dependency_links to vision_msgs.egg-info/dependency_links.txt
[3.338s] writing top-level names to vision_msgs.egg-info/top_level.txt
[3.338s] writing manifest file 'vision_msgs.egg-info/SOURCES.txt'
[3.343s] reading manifest file 'vision_msgs.egg-info/SOURCES.txt'
[3.344s] writing manifest file 'vision_msgs.egg-info/SOURCES.txt'
[3.412s] [  3%] Built target ament_cmake_python_build_vision_msgs_egg
[3.507s] [ 10%] [32mBuilding C object CMakeFiles/vision_msgs__rosidl_generator_c.dir/rosidl_generator_c/vision_msgs/msg/detail/detected_crop__functions.c.o[0m
[3.507s] [ 10%] [32mBuilding C object CMakeFiles/vision_msgs__rosidl_generator_c.dir/rosidl_generator_c/vision_msgs/msg/detail/harvest_ordering__functions.c.o[0m
[3.507s] [ 10%] [32mBuilding C object CMakeFiles/vision_msgs__rosidl_generator_c.dir/rosidl_generator_c/vision_msgs/msg/detail/crop_pose__functions.c.o[0m
[3.507s] [ 10%] [32mBuilding C object CMakeFiles/vision_msgs__rosidl_generator_c.dir/rosidl_generator_c/vision_msgs/msg/detail/detected_crop_array__functions.c.o[0m
[3.568s] [ 10%] Built target vision_msgs__cpp
[3.584s] [ 18%] [34m[1mGenerating C++ type support dispatch for ROS interfaces[0m
[3.585s] [ 18%] [34m[1mGenerating C++ type support for eProsima Fast-RTPS[0m
[3.585s] [ 18%] [34m[1mGenerating C++ introspection for ROS interfaces[0m
[3.585s] [ 18%] [32m[1mLinking C shared library libvision_msgs__rosidl_generator_c.so[0m
[3.653s] [ 18%] Built target vision_msgs__rosidl_generator_c
[3.674s] [ 21%] [34m[1mGenerating C type support for eProsima Fast-RTPS[0m
[3.674s] [ 23%] [34m[1mGenerating C type support dispatch for ROS interfaces[0m
[3.674s] [ 23%] [34m[1mGenerating C introspection for ROS interfaces[0m
[4.128s] [ 30%] [32mBuilding CXX object CMakeFiles/vision_msgs__rosidl_typesupport_introspection_cpp.dir/rosidl_typesupport_introspection_cpp/vision_msgs/msg/detail/detected_crop_array__type_support.cpp.o[0m
[4.128s] [ 30%] [32mBuilding CXX object CMakeFiles/vision_msgs__rosidl_typesupport_introspection_cpp.dir/rosidl_typesupport_introspection_cpp/vision_msgs/msg/detail/harvest_ordering__type_support.cpp.o[0m
[4.128s] [ 30%] [32mBuilding CXX object CMakeFiles/vision_msgs__rosidl_typesupport_introspection_cpp.dir/rosidl_typesupport_introspection_cpp/vision_msgs/msg/detail/detected_crop__type_support.cpp.o[0m
[4.129s] [ 30%] [32mBuilding CXX object CMakeFiles/vision_msgs__rosidl_typesupport_introspection_cpp.dir/rosidl_typesupport_introspection_cpp/vision_msgs/msg/detail/crop_pose__type_support.cpp.o[0m
[4.221s] [ 38%] [32mBuilding CXX object CMakeFiles/vision_msgs__rosidl_typesupport_c.dir/rosidl_typesupport_c/vision_msgs/msg/detected_crop__type_support.cpp.o[0m
[4.221s] [ 38%] [32mBuilding CXX object CMakeFiles/vision_msgs__rosidl_typesupport_c.dir/rosidl_typesupport_c/vision_msgs/msg/detected_crop_array__type_support.cpp.o[0m
[4.221s] [ 38%] [32mBuilding CXX object CMakeFiles/vision_msgs__rosidl_typesupport_c.dir/rosidl_typesupport_c/vision_msgs/msg/crop_pose__type_support.cpp.o[0m
[4.222s] [ 38%] [32mBuilding CXX object CMakeFiles/vision_msgs__rosidl_typesupport_c.dir/rosidl_typesupport_c/vision_msgs/msg/harvest_ordering__type_support.cpp.o[0m
[4.299s] [ 47%] [32mBuilding CXX object CMakeFiles/vision_msgs__rosidl_typesupport_cpp.dir/rosidl_typesupport_cpp/vision_msgs/msg/crop_pose__type_support.cpp.o[0m
[4.299s] [ 47%] [32mBuilding CXX object CMakeFiles/vision_msgs__rosidl_typesupport_cpp.dir/rosidl_typesupport_cpp/vision_msgs/msg/detected_crop__type_support.cpp.o[0m
[4.299s] [ 47%] [32mBuilding CXX object CMakeFiles/vision_msgs__rosidl_typesupport_cpp.dir/rosidl_typesupport_cpp/vision_msgs/msg/harvest_ordering__type_support.cpp.o[0m
[4.299s] [ 47%] [32mBuilding CXX object CMakeFiles/vision_msgs__rosidl_typesupport_cpp.dir/rosidl_typesupport_cpp/vision_msgs/msg/detected_crop_array__type_support.cpp.o[0m
[4.300s] [ 47%] [32m[1mLinking CXX shared library libvision_msgs__rosidl_typesupport_c.so[0m
[4.353s] [ 49%] [32mBuilding CXX object CMakeFiles/vision_msgs__rosidl_typesupport_fastrtps_c.dir/rosidl_typesupport_fastrtps_c/vision_msgs/msg/detail/crop_pose__type_support_c.cpp.o[0m
[4.358s] [ 52%] [32mBuilding CXX object CMakeFiles/vision_msgs__rosidl_typesupport_fastrtps_c.dir/rosidl_typesupport_fastrtps_c/vision_msgs/msg/detail/detected_crop_array__type_support_c.cpp.o[0m
[4.358s] [ 52%] [32mBuilding CXX object CMakeFiles/vision_msgs__rosidl_typesupport_fastrtps_c.dir/rosidl_typesupport_fastrtps_c/vision_msgs/msg/detail/detected_crop__type_support_c.cpp.o[0m
[4.368s] [ 54%] [32mBuilding CXX object CMakeFiles/vision_msgs__rosidl_typesupport_fastrtps_c.dir/rosidl_typesupport_fastrtps_c/vision_msgs/msg/detail/harvest_ordering__type_support_c.cpp.o[0m
[4.467s] [ 54%] Built target vision_msgs__rosidl_typesupport_c
[4.502s] [ 56%] [32mBuilding CXX object CMakeFiles/vision_msgs__rosidl_typesupport_fastrtps_cpp.dir/rosidl_typesupport_fastrtps_cpp/vision_msgs/msg/detail/dds_fastrtps/crop_pose__type_support.cpp.o[0m
[4.505s] [ 58%] [32mBuilding CXX object CMakeFiles/vision_msgs__rosidl_typesupport_fastrtps_cpp.dir/rosidl_typesupport_fastrtps_cpp/vision_msgs/msg/detail/dds_fastrtps/detected_crop__type_support.cpp.o[0m
[4.524s] [ 60%] [32mBuilding C object CMakeFiles/vision_msgs__rosidl_typesupport_introspection_c.dir/rosidl_typesupport_introspection_c/vision_msgs/msg/detail/crop_pose__type_support.c.o[0m
[4.528s] [ 61%] [32mBuilding CXX object CMakeFiles/vision_msgs__rosidl_typesupport_fastrtps_cpp.dir/rosidl_typesupport_fastrtps_cpp/vision_msgs/msg/detail/dds_fastrtps/harvest_ordering__type_support.cpp.o[0m
[4.530s] [ 63%] [32mBuilding C object CMakeFiles/vision_msgs__rosidl_typesupport_introspection_c.dir/rosidl_typesupport_introspection_c/vision_msgs/msg/detail/detected_crop__type_support.c.o[0m
[4.530s] [ 65%] [32mBuilding C object CMakeFiles/vision_msgs__rosidl_typesupport_introspection_c.dir/rosidl_typesupport_introspection_c/vision_msgs/msg/detail/detected_crop_array__type_support.c.o[0m
[4.552s] [ 67%] [32mBuilding CXX object CMakeFiles/vision_msgs__rosidl_typesupport_fastrtps_cpp.dir/rosidl_typesupport_fastrtps_cpp/vision_msgs/msg/detail/dds_fastrtps/detected_crop_array__type_support.cpp.o[0m
[4.564s] [ 69%] [32mBuilding C object CMakeFiles/vision_msgs__rosidl_typesupport_introspection_c.dir/rosidl_typesupport_introspection_c/vision_msgs/msg/detail/harvest_ordering__type_support.c.o[0m
[4.717s] [ 70%] [32m[1mLinking C shared library libvision_msgs__rosidl_typesupport_introspection_c.so[0m
[4.909s] [ 70%] Built target vision_msgs__rosidl_typesupport_introspection_c
[5.022s] [ 72%] [32m[1mLinking CXX shared library libvision_msgs__rosidl_typesupport_cpp.so[0m
[5.146s] [ 72%] Built target vision_msgs__rosidl_typesupport_cpp
[5.172s] [ 74%] [32m[1mLinking CXX shared library libvision_msgs__rosidl_typesupport_introspection_cpp.so[0m
[5.221s] [ 76%] [32m[1mLinking CXX shared library libvision_msgs__rosidl_typesupport_fastrtps_c.so[0m
[5.528s] [ 76%] Built target vision_msgs__rosidl_typesupport_introspection_cpp
[5.540s] [ 76%] Built target vision_msgs__rosidl_typesupport_fastrtps_c
[5.661s] [ 78%] [32m[1mLinking CXX shared library libvision_msgs__rosidl_typesupport_fastrtps_cpp.so[0m
[5.820s] [ 78%] Built target vision_msgs__rosidl_typesupport_fastrtps_cpp
[5.871s] [ 78%] Built target vision_msgs
[5.923s] [ 80%] [34m[1mGenerating Python code for ROS interfaces[0m
[6.547s] [ 80%] Built target vision_msgs__py
[6.578s] [ 87%] [32mBuilding C object CMakeFiles/vision_msgs__rosidl_generator_py.dir/rosidl_generator_py/vision_msgs/msg/_crop_pose_s.c.o[0m
[6.578s] [ 87%] [32mBuilding C object CMakeFiles/vision_msgs__rosidl_generator_py.dir/rosidl_generator_py/vision_msgs/msg/_detected_crop_s.c.o[0m
[6.578s] [ 87%] [32mBuilding C object CMakeFiles/vision_msgs__rosidl_generator_py.dir/rosidl_generator_py/vision_msgs/msg/_detected_crop_array_s.c.o[0m
[6.578s] [ 87%] [32mBuilding C object CMakeFiles/vision_msgs__rosidl_generator_py.dir/rosidl_generator_py/vision_msgs/msg/_harvest_ordering_s.c.o[0m
[6.737s] [ 89%] [32m[1mLinking C shared library rosidl_generator_py/vision_msgs/libvision_msgs__rosidl_generator_py.so[0m
[6.803s] [ 89%] Built target vision_msgs__rosidl_generator_py
[6.835s] [ 94%] [32mBuilding C object CMakeFiles/vision_msgs__rosidl_typesupport_c__pyext.dir/rosidl_generator_py/vision_msgs/_vision_msgs_s.ep.rosidl_typesupport_c.c.o[0m
[6.836s] [ 94%] [32mBuilding C object CMakeFiles/vision_msgs__rosidl_typesupport_introspection_c__pyext.dir/rosidl_generator_py/vision_msgs/_vision_msgs_s.ep.rosidl_typesupport_introspection_c.c.o[0m
[6.836s] [ 94%] [32mBuilding C object CMakeFiles/vision_msgs__rosidl_typesupport_fastrtps_c__pyext.dir/rosidl_generator_py/vision_msgs/_vision_msgs_s.ep.rosidl_typesupport_fastrtps_c.c.o[0m
[6.941s] [ 96%] [32m[1mLinking C shared library rosidl_generator_py/vision_msgs/vision_msgs_s__rosidl_typesupport_introspection_c.cpython-310-x86_64-linux-gnu.so[0m
[6.942s] [100%] [32m[1mLinking C shared library rosidl_generator_py/vision_msgs/vision_msgs_s__rosidl_typesupport_fastrtps_c.cpython-310-x86_64-linux-gnu.so[0m
[6.942s] [100%] [32m[1mLinking C shared library rosidl_generator_py/vision_msgs/vision_msgs_s__rosidl_typesupport_c.cpython-310-x86_64-linux-gnu.so[0m
[7.005s] [100%] Built target vision_msgs__rosidl_typesupport_c__pyext
[7.005s] [100%] Built target vision_msgs__rosidl_typesupport_fastrtps_c__pyext
[7.018s] [100%] Built target vision_msgs__rosidl_typesupport_introspection_c__pyext
[7.036s] Invoked command in '/home/gaga/sad_ws/build/vision_msgs' returned '0': CMAKE_PREFIX_PATH=${CMAKE_PREFIX_PATH}:/home/gaga/sad_ws/install/q_visualizer:/opt/ros/humble /usr/bin/cmake --build /home/gaga/sad_ws/build/vision_msgs -- -j20 -l20
[7.038s] Invoking command in '/home/gaga/sad_ws/build/vision_msgs': CMAKE_PREFIX_PATH=${CMAKE_PREFIX_PATH}:/home/gaga/sad_ws/install/q_visualizer:/opt/ros/humble /usr/bin/cmake --install /home/gaga/sad_ws/build/vision_msgs
[7.051s] -- Install configuration: ""
[7.051s] -- Installing: /home/gaga/sad_ws/install/vision_msgs/share/ament_index/resource_index/rosidl_interfaces/vision_msgs
[7.051s] -- Installing: /home/gaga/sad_ws/install/vision_msgs/include/vision_msgs/vision_msgs
[7.051s] -- Installing: /home/gaga/sad_ws/install/vision_msgs/include/vision_msgs/vision_msgs/msg
[7.051s] -- Installing: /home/gaga/sad_ws/install/vision_msgs/include/vision_msgs/vision_msgs/msg/detected_crop.h
[7.052s] -- Installing: /home/gaga/sad_ws/install/vision_msgs/include/vision_msgs/vision_msgs/msg/rosidl_generator_c__visibility_control.h
[7.052s] -- Installing: /home/gaga/sad_ws/install/vision_msgs/include/vision_msgs/vision_msgs/msg/crop_pose.h
[7.052s] -- Installing: /home/gaga/sad_ws/install/vision_msgs/include/vision_msgs/vision_msgs/msg/harvest_ordering.h
[7.052s] -- Installing: /home/gaga/sad_ws/install/vision_msgs/include/vision_msgs/vision_msgs/msg/detail
[7.052s] -- Installing: /home/gaga/sad_ws/install/vision_msgs/include/vision_msgs/vision_msgs/msg/detail/detected_crop__functions.c
[7.052s] -- Installing: /home/gaga/sad_ws/install/vision_msgs/include/vision_msgs/vision_msgs/msg/detail/detected_crop_array__struct.h
[7.052s] -- Installing: /home/gaga/sad_ws/install/vision_msgs/include/vision_msgs/vision_msgs/msg/detail/detected_crop_array__functions.c
[7.052s] -- Installing: /home/gaga/sad_ws/install/vision_msgs/include/vision_msgs/vision_msgs/msg/detail/crop_pose__struct.h
[7.052s] -- Installing: /home/gaga/sad_ws/install/vision_msgs/include/vision_msgs/vision_msgs/msg/detail/harvest_ordering__functions.c
[7.052s] -- Installing: /home/gaga/sad_ws/install/vision_msgs/include/vision_msgs/vision_msgs/msg/detail/detected_crop__struct.h
[7.053s] -- Installing: /home/gaga/sad_ws/install/vision_msgs/include/vision_msgs/vision_msgs/msg/detail/harvest_ordering__struct.h
[7.053s] -- Installing: /home/gaga/sad_ws/install/vision_msgs/include/vision_msgs/vision_msgs/msg/detail/harvest_ordering__functions.h
[7.053s] -- Installing: /home/gaga/sad_ws/install/vision_msgs/include/vision_msgs/vision_msgs/msg/detail/harvest_ordering__type_support.h
[7.053s] -- Installing: /home/gaga/sad_ws/install/vision_msgs/include/vision_msgs/vision_msgs/msg/detail/detected_crop__functions.h
[7.053s] -- Installing: /home/gaga/sad_ws/install/vision_msgs/include/vision_msgs/vision_msgs/msg/detail/detected_crop__type_support.h
[7.053s] -- Installing: /home/gaga/sad_ws/install/vision_msgs/include/vision_msgs/vision_msgs/msg/detail/crop_pose__functions.c
[7.053s] -- Installing: /home/gaga/sad_ws/install/vision_msgs/include/vision_msgs/vision_msgs/msg/detail/crop_pose__type_support.h
[7.053s] -- Installing: /home/gaga/sad_ws/install/vision_msgs/include/vision_msgs/vision_msgs/msg/detail/detected_crop_array__functions.h
[7.054s] -- Installing: /home/gaga/sad_ws/install/vision_msgs/include/vision_msgs/vision_msgs/msg/detail/crop_pose__functions.h
[7.054s] -- Installing: /home/gaga/sad_ws/install/vision_msgs/include/vision_msgs/vision_msgs/msg/detail/detected_crop_array__type_support.h
[7.054s] -- Installing: /home/gaga/sad_ws/install/vision_msgs/include/vision_msgs/vision_msgs/msg/detected_crop_array.h
[7.054s] -- Installing: /home/gaga/sad_ws/install/vision_msgs/share/vision_msgs/environment/library_path.sh
[7.054s] -- Installing: /home/gaga/sad_ws/install/vision_msgs/share/vision_msgs/environment/library_path.dsv
[7.054s] -- Installing: /home/gaga/sad_ws/install/vision_msgs/lib/libvision_msgs__rosidl_generator_c.so
[7.055s] -- Set runtime path of "/home/gaga/sad_ws/install/vision_msgs/lib/libvision_msgs__rosidl_generator_c.so" to ""
[7.055s] -- Up-to-date: /home/gaga/sad_ws/install/vision_msgs/include/vision_msgs/vision_msgs
[7.055s] -- Up-to-date: /home/gaga/sad_ws/install/vision_msgs/include/vision_msgs/vision_msgs/msg
[7.055s] -- Installing: /home/gaga/sad_ws/install/vision_msgs/include/vision_msgs/vision_msgs/msg/rosidl_typesupport_fastrtps_c__visibility_control.h
[7.055s] -- Up-to-date: /home/gaga/sad_ws/install/vision_msgs/include/vision_msgs/vision_msgs/msg/detail
[7.055s] -- Installing: /home/gaga/sad_ws/install/vision_msgs/include/vision_msgs/vision_msgs/msg/detail/crop_pose__rosidl_typesupport_fastrtps_c.h
[7.055s] -- Installing: /home/gaga/sad_ws/install/vision_msgs/include/vision_msgs/vision_msgs/msg/detail/detected_crop_array__rosidl_typesupport_fastrtps_c.h
[7.055s] -- Installing: /home/gaga/sad_ws/install/vision_msgs/include/vision_msgs/vision_msgs/msg/detail/harvest_ordering__rosidl_typesupport_fastrtps_c.h
[7.055s] -- Installing: /home/gaga/sad_ws/install/vision_msgs/include/vision_msgs/vision_msgs/msg/detail/detected_crop__rosidl_typesupport_fastrtps_c.h
[7.056s] -- Installing: /home/gaga/sad_ws/install/vision_msgs/lib/libvision_msgs__rosidl_typesupport_fastrtps_c.so
[7.056s] -- Set runtime path of "/home/gaga/sad_ws/install/vision_msgs/lib/libvision_msgs__rosidl_typesupport_fastrtps_c.so" to ""
[7.056s] -- Up-to-date: /home/gaga/sad_ws/install/vision_msgs/include/vision_msgs/vision_msgs
[7.056s] -- Up-to-date: /home/gaga/sad_ws/install/vision_msgs/include/vision_msgs/vision_msgs/msg
[7.056s] -- Installing: /home/gaga/sad_ws/install/vision_msgs/include/vision_msgs/vision_msgs/msg/rosidl_generator_cpp__visibility_control.hpp
[7.056s] -- Installing: /home/gaga/sad_ws/install/vision_msgs/include/vision_msgs/vision_msgs/msg/detected_crop.hpp
[7.057s] -- Installing: /home/gaga/sad_ws/install/vision_msgs/include/vision_msgs/vision_msgs/msg/harvest_ordering.hpp
[7.057s] -- Installing: /home/gaga/sad_ws/install/vision_msgs/include/vision_msgs/vision_msgs/msg/detected_crop_array.hpp
[7.057s] -- Up-to-date: /home/gaga/sad_ws/install/vision_msgs/include/vision_msgs/vision_msgs/msg/detail
[7.057s] -- Installing: /home/gaga/sad_ws/install/vision_msgs/include/vision_msgs/vision_msgs/msg/detail/detected_crop__builder.hpp
[7.057s] -- Installing: /home/gaga/sad_ws/install/vision_msgs/include/vision_msgs/vision_msgs/msg/detail/detected_crop__traits.hpp
[7.057s] -- Installing: /home/gaga/sad_ws/install/vision_msgs/include/vision_msgs/vision_msgs/msg/detail/detected_crop_array__builder.hpp
[7.057s] -- Installing: /home/gaga/sad_ws/install/vision_msgs/include/vision_msgs/vision_msgs/msg/detail/crop_pose__struct.hpp
[7.057s] -- Installing: /home/gaga/sad_ws/install/vision_msgs/include/vision_msgs/vision_msgs/msg/detail/harvest_ordering__struct.hpp
[7.057s] -- Installing: /home/gaga/sad_ws/install/vision_msgs/include/vision_msgs/vision_msgs/msg/detail/harvest_ordering__type_support.hpp
[7.057s] -- Installing: /home/gaga/sad_ws/install/vision_msgs/include/vision_msgs/vision_msgs/msg/detail/harvest_ordering__builder.hpp
[7.058s] -- Installing: /home/gaga/sad_ws/install/vision_msgs/include/vision_msgs/vision_msgs/msg/detail/detected_crop_array__type_support.hpp
[7.058s] -- Installing: /home/gaga/sad_ws/install/vision_msgs/include/vision_msgs/vision_msgs/msg/detail/crop_pose__builder.hpp
[7.058s] -- Installing: /home/gaga/sad_ws/install/vision_msgs/include/vision_msgs/vision_msgs/msg/detail/detected_crop_array__struct.hpp
[7.058s] -- Installing: /home/gaga/sad_ws/install/vision_msgs/include/vision_msgs/vision_msgs/msg/detail/detected_crop__struct.hpp
[7.058s] -- Installing: /home/gaga/sad_ws/install/vision_msgs/include/vision_msgs/vision_msgs/msg/detail/detected_crop__type_support.hpp
[7.058s] -- Installing: /home/gaga/sad_ws/install/vision_msgs/include/vision_msgs/vision_msgs/msg/detail/crop_pose__traits.hpp
[7.058s] -- Installing: /home/gaga/sad_ws/install/vision_msgs/include/vision_msgs/vision_msgs/msg/detail/harvest_ordering__traits.hpp
[7.058s] -- Installing: /home/gaga/sad_ws/install/vision_msgs/include/vision_msgs/vision_msgs/msg/detail/crop_pose__type_support.hpp
[7.058s] -- Installing: /home/gaga/sad_ws/install/vision_msgs/include/vision_msgs/vision_msgs/msg/detail/detected_crop_array__traits.hpp
[7.059s] -- Installing: /home/gaga/sad_ws/install/vision_msgs/include/vision_msgs/vision_msgs/msg/crop_pose.hpp
[7.059s] -- Up-to-date: /home/gaga/sad_ws/install/vision_msgs/include/vision_msgs/vision_msgs
[7.059s] -- Up-to-date: /home/gaga/sad_ws/install/vision_msgs/include/vision_msgs/vision_msgs/msg
[7.059s] -- Installing: /home/gaga/sad_ws/install/vision_msgs/include/vision_msgs/vision_msgs/msg/rosidl_typesupport_fastrtps_cpp__visibility_control.h
[7.059s] -- Up-to-date: /home/gaga/sad_ws/install/vision_msgs/include/vision_msgs/vision_msgs/msg/detail
[7.059s] -- Installing: /home/gaga/sad_ws/install/vision_msgs/include/vision_msgs/vision_msgs/msg/detail/harvest_ordering__rosidl_typesupport_fastrtps_cpp.hpp
[7.059s] -- Installing: /home/gaga/sad_ws/install/vision_msgs/include/vision_msgs/vision_msgs/msg/detail/dds_fastrtps
[7.059s] -- Installing: /home/gaga/sad_ws/install/vision_msgs/include/vision_msgs/vision_msgs/msg/detail/crop_pose__rosidl_typesupport_fastrtps_cpp.hpp
[7.059s] -- Installing: /home/gaga/sad_ws/install/vision_msgs/include/vision_msgs/vision_msgs/msg/detail/detected_crop__rosidl_typesupport_fastrtps_cpp.hpp
[7.060s] -- Installing: /home/gaga/sad_ws/install/vision_msgs/include/vision_msgs/vision_msgs/msg/detail/detected_crop_array__rosidl_typesupport_fastrtps_cpp.hpp
[7.060s] -- Installing: /home/gaga/sad_ws/install/vision_msgs/lib/libvision_msgs__rosidl_typesupport_fastrtps_cpp.so
[7.060s] -- Set runtime path of "/home/gaga/sad_ws/install/vision_msgs/lib/libvision_msgs__rosidl_typesupport_fastrtps_cpp.so" to ""
[7.060s] -- Up-to-date: /home/gaga/sad_ws/install/vision_msgs/include/vision_msgs/vision_msgs
[7.060s] -- Up-to-date: /home/gaga/sad_ws/install/vision_msgs/include/vision_msgs/vision_msgs/msg
[7.060s] -- Installing: /home/gaga/sad_ws/install/vision_msgs/include/vision_msgs/vision_msgs/msg/rosidl_typesupport_introspection_c__visibility_control.h
[7.060s] -- Up-to-date: /home/gaga/sad_ws/install/vision_msgs/include/vision_msgs/vision_msgs/msg/detail
[7.060s] -- Installing: /home/gaga/sad_ws/install/vision_msgs/include/vision_msgs/vision_msgs/msg/detail/harvest_ordering__type_support.c
[7.060s] -- Installing: /home/gaga/sad_ws/install/vision_msgs/include/vision_msgs/vision_msgs/msg/detail/crop_pose__type_support.c
[7.060s] -- Installing: /home/gaga/sad_ws/install/vision_msgs/include/vision_msgs/vision_msgs/msg/detail/detected_crop__type_support.c
[7.060s] -- Installing: /home/gaga/sad_ws/install/vision_msgs/include/vision_msgs/vision_msgs/msg/detail/detected_crop_array__rosidl_typesupport_introspection_c.h
[7.060s] -- Installing: /home/gaga/sad_ws/install/vision_msgs/include/vision_msgs/vision_msgs/msg/detail/detected_crop__rosidl_typesupport_introspection_c.h
[7.061s] -- Installing: /home/gaga/sad_ws/install/vision_msgs/include/vision_msgs/vision_msgs/msg/detail/detected_crop_array__type_support.c
[7.061s] -- Installing: /home/gaga/sad_ws/install/vision_msgs/include/vision_msgs/vision_msgs/msg/detail/crop_pose__rosidl_typesupport_introspection_c.h
[7.061s] -- Installing: /home/gaga/sad_ws/install/vision_msgs/include/vision_msgs/vision_msgs/msg/detail/harvest_ordering__rosidl_typesupport_introspection_c.h
[7.061s] -- Installing: /home/gaga/sad_ws/install/vision_msgs/lib/libvision_msgs__rosidl_typesupport_introspection_c.so
[7.061s] -- Set runtime path of "/home/gaga/sad_ws/install/vision_msgs/lib/libvision_msgs__rosidl_typesupport_introspection_c.so" to ""
[7.061s] -- Installing: /home/gaga/sad_ws/install/vision_msgs/lib/libvision_msgs__rosidl_typesupport_c.so
[7.061s] -- Set runtime path of "/home/gaga/sad_ws/install/vision_msgs/lib/libvision_msgs__rosidl_typesupport_c.so" to ""
[7.061s] -- Up-to-date: /home/gaga/sad_ws/install/vision_msgs/include/vision_msgs/vision_msgs
[7.061s] -- Up-to-date: /home/gaga/sad_ws/install/vision_msgs/include/vision_msgs/vision_msgs/msg
[7.061s] -- Up-to-date: /home/gaga/sad_ws/install/vision_msgs/include/vision_msgs/vision_msgs/msg/detail
[7.061s] -- Installing: /home/gaga/sad_ws/install/vision_msgs/include/vision_msgs/vision_msgs/msg/detail/detected_crop_array__type_support.cpp
[7.061s] -- Installing: /home/gaga/sad_ws/install/vision_msgs/include/vision_msgs/vision_msgs/msg/detail/detected_crop_array__rosidl_typesupport_introspection_cpp.hpp
[7.062s] -- Installing: /home/gaga/sad_ws/install/vision_msgs/include/vision_msgs/vision_msgs/msg/detail/harvest_ordering__rosidl_typesupport_introspection_cpp.hpp
[7.062s] -- Installing: /home/gaga/sad_ws/install/vision_msgs/include/vision_msgs/vision_msgs/msg/detail/detected_crop__type_support.cpp
[7.062s] -- Installing: /home/gaga/sad_ws/install/vision_msgs/include/vision_msgs/vision_msgs/msg/detail/detected_crop__rosidl_typesupport_introspection_cpp.hpp
[7.062s] -- Installing: /home/gaga/sad_ws/install/vision_msgs/include/vision_msgs/vision_msgs/msg/detail/crop_pose__type_support.cpp
[7.062s] -- Installing: /home/gaga/sad_ws/install/vision_msgs/include/vision_msgs/vision_msgs/msg/detail/harvest_ordering__type_support.cpp
[7.062s] -- Installing: /home/gaga/sad_ws/install/vision_msgs/include/vision_msgs/vision_msgs/msg/detail/crop_pose__rosidl_typesupport_introspection_cpp.hpp
[7.062s] -- Installing: /home/gaga/sad_ws/install/vision_msgs/lib/libvision_msgs__rosidl_typesupport_introspection_cpp.so
[7.062s] -- Set runtime path of "/home/gaga/sad_ws/install/vision_msgs/lib/libvision_msgs__rosidl_typesupport_introspection_cpp.so" to ""
[7.063s] -- Installing: /home/gaga/sad_ws/install/vision_msgs/lib/libvision_msgs__rosidl_typesupport_cpp.so
[7.063s] -- Set runtime path of "/home/gaga/sad_ws/install/vision_msgs/lib/libvision_msgs__rosidl_typesupport_cpp.so" to ""
[7.063s] -- Installing: /home/gaga/sad_ws/install/vision_msgs/share/vision_msgs/environment/pythonpath.sh
[7.063s] -- Installing: /home/gaga/sad_ws/install/vision_msgs/share/vision_msgs/environment/pythonpath.dsv
[7.063s] -- Installing: /home/gaga/sad_ws/install/vision_msgs/local/lib/python3.10/dist-packages/vision_msgs-0.1.0-py3.10.egg-info
[7.063s] -- Installing: /home/gaga/sad_ws/install/vision_msgs/local/lib/python3.10/dist-packages/vision_msgs-0.1.0-py3.10.egg-info/SOURCES.txt
[7.063s] -- Installing: /home/gaga/sad_ws/install/vision_msgs/local/lib/python3.10/dist-packages/vision_msgs-0.1.0-py3.10.egg-info/PKG-INFO
[7.063s] -- Installing: /home/gaga/sad_ws/install/vision_msgs/local/lib/python3.10/dist-packages/vision_msgs-0.1.0-py3.10.egg-info/top_level.txt
[7.063s] -- Installing: /home/gaga/sad_ws/install/vision_msgs/local/lib/python3.10/dist-packages/vision_msgs-0.1.0-py3.10.egg-info/dependency_links.txt
[7.063s] -- Installing: /home/gaga/sad_ws/install/vision_msgs/local/lib/python3.10/dist-packages/vision_msgs
[7.063s] -- Installing: /home/gaga/sad_ws/install/vision_msgs/local/lib/python3.10/dist-packages/vision_msgs/_vision_msgs_s.ep.rosidl_typesupport_c.c
[7.064s] -- Installing: /home/gaga/sad_ws/install/vision_msgs/local/lib/python3.10/dist-packages/vision_msgs/__init__.py
[7.064s] -- Installing: /home/gaga/sad_ws/install/vision_msgs/local/lib/python3.10/dist-packages/vision_msgs/msg
[7.064s] -- Installing: /home/gaga/sad_ws/install/vision_msgs/local/lib/python3.10/dist-packages/vision_msgs/msg/_harvest_ordering_s.c
[7.064s] -- Installing: /home/gaga/sad_ws/install/vision_msgs/local/lib/python3.10/dist-packages/vision_msgs/msg/__init__.py
[7.064s] -- Installing: /home/gaga/sad_ws/install/vision_msgs/local/lib/python3.10/dist-packages/vision_msgs/msg/_detected_crop_s.c
[7.064s] -- Installing: /home/gaga/sad_ws/install/vision_msgs/local/lib/python3.10/dist-packages/vision_msgs/msg/_crop_pose.py
[7.064s] -- Installing: /home/gaga/sad_ws/install/vision_msgs/local/lib/python3.10/dist-packages/vision_msgs/msg/_detected_crop_array_s.c
[7.064s] -- Installing: /home/gaga/sad_ws/install/vision_msgs/local/lib/python3.10/dist-packages/vision_msgs/msg/_detected_crop_array.py
[7.064s] -- Installing: /home/gaga/sad_ws/install/vision_msgs/local/lib/python3.10/dist-packages/vision_msgs/msg/_crop_pose_s.c
[7.064s] -- Installing: /home/gaga/sad_ws/install/vision_msgs/local/lib/python3.10/dist-packages/vision_msgs/msg/_harvest_ordering.py
[7.064s] -- Installing: /home/gaga/sad_ws/install/vision_msgs/local/lib/python3.10/dist-packages/vision_msgs/msg/_detected_crop.py
[7.064s] -- Installing: /home/gaga/sad_ws/install/vision_msgs/local/lib/python3.10/dist-packages/vision_msgs/vision_msgs_s__rosidl_typesupport_introspection_c.cpython-310-x86_64-linux-gnu.so
[7.065s] -- Installing: /home/gaga/sad_ws/install/vision_msgs/local/lib/python3.10/dist-packages/vision_msgs/_vision_msgs_s.ep.rosidl_typesupport_introspection_c.c
[7.065s] -- Installing: /home/gaga/sad_ws/install/vision_msgs/local/lib/python3.10/dist-packages/vision_msgs/vision_msgs_s__rosidl_typesupport_c.cpython-310-x86_64-linux-gnu.so
[7.065s] -- Installing: /home/gaga/sad_ws/install/vision_msgs/local/lib/python3.10/dist-packages/vision_msgs/_vision_msgs_s.ep.rosidl_typesupport_fastrtps_c.c
[7.065s] -- Installing: /home/gaga/sad_ws/install/vision_msgs/local/lib/python3.10/dist-packages/vision_msgs/libvision_msgs__rosidl_generator_py.so
[7.065s] -- Installing: /home/gaga/sad_ws/install/vision_msgs/local/lib/python3.10/dist-packages/vision_msgs/vision_msgs_s__rosidl_typesupport_fastrtps_c.cpython-310-x86_64-linux-gnu.so
[7.105s] Listing '/home/gaga/sad_ws/install/vision_msgs/local/lib/python3.10/dist-packages/vision_msgs'...
[7.106s] Compiling '/home/gaga/sad_ws/install/vision_msgs/local/lib/python3.10/dist-packages/vision_msgs/__init__.py'...
[7.106s] Listing '/home/gaga/sad_ws/install/vision_msgs/local/lib/python3.10/dist-packages/vision_msgs/msg'...
[7.106s] Compiling '/home/gaga/sad_ws/install/vision_msgs/local/lib/python3.10/dist-packages/vision_msgs/msg/__init__.py'...
[7.106s] Compiling '/home/gaga/sad_ws/install/vision_msgs/local/lib/python3.10/dist-packages/vision_msgs/msg/_crop_pose.py'...
[7.106s] Compiling '/home/gaga/sad_ws/install/vision_msgs/local/lib/python3.10/dist-packages/vision_msgs/msg/_detected_crop.py'...
[7.106s] Compiling '/home/gaga/sad_ws/install/vision_msgs/local/lib/python3.10/dist-packages/vision_msgs/msg/_detected_crop_array.py'...
[7.106s] Compiling '/home/gaga/sad_ws/install/vision_msgs/local/lib/python3.10/dist-packages/vision_msgs/msg/_harvest_ordering.py'...
[7.113s] -- Installing: /home/gaga/sad_ws/install/vision_msgs/local/lib/python3.10/dist-packages/vision_msgs/vision_msgs_s__rosidl_typesupport_fastrtps_c.cpython-310-x86_64-linux-gnu.so
[7.113s] -- Set runtime path of "/home/gaga/sad_ws/install/vision_msgs/local/lib/python3.10/dist-packages/vision_msgs/vision_msgs_s__rosidl_typesupport_fastrtps_c.cpython-310-x86_64-linux-gnu.so" to ""
[7.113s] -- Installing: /home/gaga/sad_ws/install/vision_msgs/local/lib/python3.10/dist-packages/vision_msgs/vision_msgs_s__rosidl_typesupport_introspection_c.cpython-310-x86_64-linux-gnu.so
[7.113s] -- Set runtime path of "/home/gaga/sad_ws/install/vision_msgs/local/lib/python3.10/dist-packages/vision_msgs/vision_msgs_s__rosidl_typesupport_introspection_c.cpython-310-x86_64-linux-gnu.so" to ""
[7.113s] -- Installing: /home/gaga/sad_ws/install/vision_msgs/local/lib/python3.10/dist-packages/vision_msgs/vision_msgs_s__rosidl_typesupport_c.cpython-310-x86_64-linux-gnu.so
[7.113s] -- Set runtime path of "/home/gaga/sad_ws/install/vision_msgs/local/lib/python3.10/dist-packages/vision_msgs/vision_msgs_s__rosidl_typesupport_c.cpython-310-x86_64-linux-gnu.so" to ""
[7.113s] -- Installing: /home/gaga/sad_ws/install/vision_msgs/lib/libvision_msgs__rosidl_generator_py.so
[7.114s] -- Set runtime path of "/home/gaga/sad_ws/install/vision_msgs/lib/libvision_msgs__rosidl_generator_py.so" to ""
[7.114s] -- Installing: /home/gaga/sad_ws/install/vision_msgs/share/vision_msgs/msg/CropPose.idl
[7.114s] -- Installing: /home/gaga/sad_ws/install/vision_msgs/share/vision_msgs/msg/DetectedCrop.idl
[7.114s] -- Installing: /home/gaga/sad_ws/install/vision_msgs/share/vision_msgs/msg/DetectedCropArray.idl
[7.114s] -- Installing: /home/gaga/sad_ws/install/vision_msgs/share/vision_msgs/msg/HarvestOrdering.idl
[7.114s] -- Installing: /home/gaga/sad_ws/install/vision_msgs/share/vision_msgs/msg/CropPose.msg
[7.114s] -- Installing: /home/gaga/sad_ws/install/vision_msgs/share/vision_msgs/msg/DetectedCrop.msg
[7.114s] -- Installing: /home/gaga/sad_ws/install/vision_msgs/share/vision_msgs/msg/DetectedCropArray.msg
[7.114s] -- Installing: /home/gaga/sad_ws/install/vision_msgs/share/vision_msgs/msg/HarvestOrdering.msg
[7.114s] -- Installing: /home/gaga/sad_ws/install/vision_msgs/share/ament_index/resource_index/package_run_dependencies/vision_msgs
[7.114s] -- Installing: /home/gaga/sad_ws/install/vision_msgs/share/ament_index/resource_index/parent_prefix_path/vision_msgs
[7.114s] -- Installing: /home/gaga/sad_ws/install/vision_msgs/share/vision_msgs/environment/ament_prefix_path.sh
[7.114s] -- Installing: /home/gaga/sad_ws/install/vision_msgs/share/vision_msgs/environment/ament_prefix_path.dsv
[7.115s] -- Installing: /home/gaga/sad_ws/install/vision_msgs/share/vision_msgs/environment/path.sh
[7.115s] -- Installing: /home/gaga/sad_ws/install/vision_msgs/share/vision_msgs/environment/path.dsv
[7.115s] -- Installing: /home/gaga/sad_ws/install/vision_msgs/share/vision_msgs/local_setup.bash
[7.115s] -- Installing: /home/gaga/sad_ws/install/vision_msgs/share/vision_msgs/local_setup.sh
[7.115s] -- Installing: /home/gaga/sad_ws/install/vision_msgs/share/vision_msgs/local_setup.zsh
[7.115s] -- Installing: /home/gaga/sad_ws/install/vision_msgs/share/vision_msgs/local_setup.dsv
[7.116s] -- Installing: /home/gaga/sad_ws/install/vision_msgs/share/vision_msgs/package.dsv
[7.116s] -- Installing: /home/gaga/sad_ws/install/vision_msgs/share/ament_index/resource_index/packages/vision_msgs
[7.116s] -- Installing: /home/gaga/sad_ws/install/vision_msgs/share/vision_msgs/cmake/export_vision_msgs__rosidl_generator_cExport.cmake
[7.116s] -- Installing: /home/gaga/sad_ws/install/vision_msgs/share/vision_msgs/cmake/export_vision_msgs__rosidl_generator_cExport-noconfig.cmake
[7.116s] -- Installing: /home/gaga/sad_ws/install/vision_msgs/share/vision_msgs/cmake/export_vision_msgs__rosidl_typesupport_fastrtps_cExport.cmake
[7.116s] -- Installing: /home/gaga/sad_ws/install/vision_msgs/share/vision_msgs/cmake/export_vision_msgs__rosidl_typesupport_fastrtps_cExport-noconfig.cmake
[7.116s] -- Installing: /home/gaga/sad_ws/install/vision_msgs/share/vision_msgs/cmake/export_vision_msgs__rosidl_generator_cppExport.cmake
[7.116s] -- Installing: /home/gaga/sad_ws/install/vision_msgs/share/vision_msgs/cmake/export_vision_msgs__rosidl_typesupport_fastrtps_cppExport.cmake
[7.116s] -- Installing: /home/gaga/sad_ws/install/vision_msgs/share/vision_msgs/cmake/export_vision_msgs__rosidl_typesupport_fastrtps_cppExport-noconfig.cmake
[7.116s] -- Installing: /home/gaga/sad_ws/install/vision_msgs/share/vision_msgs/cmake/vision_msgs__rosidl_typesupport_introspection_cExport.cmake
[7.116s] -- Installing: /home/gaga/sad_ws/install/vision_msgs/share/vision_msgs/cmake/vision_msgs__rosidl_typesupport_introspection_cExport-noconfig.cmake
[7.117s] -- Installing: /home/gaga/sad_ws/install/vision_msgs/share/vision_msgs/cmake/vision_msgs__rosidl_typesupport_cExport.cmake
[7.117s] -- Installing: /home/gaga/sad_ws/install/vision_msgs/share/vision_msgs/cmake/vision_msgs__rosidl_typesupport_cExport-noconfig.cmake
[7.117s] -- Installing: /home/gaga/sad_ws/install/vision_msgs/share/vision_msgs/cmake/vision_msgs__rosidl_typesupport_introspection_cppExport.cmake
[7.117s] -- Installing: /home/gaga/sad_ws/install/vision_msgs/share/vision_msgs/cmake/vision_msgs__rosidl_typesupport_introspection_cppExport-noconfig.cmake
[7.117s] -- Installing: /home/gaga/sad_ws/install/vision_msgs/share/vision_msgs/cmake/vision_msgs__rosidl_typesupport_cppExport.cmake
[7.117s] -- Installing: /home/gaga/sad_ws/install/vision_msgs/share/vision_msgs/cmake/vision_msgs__rosidl_typesupport_cppExport-noconfig.cmake
[7.117s] -- Installing: /home/gaga/sad_ws/install/vision_msgs/share/vision_msgs/cmake/export_vision_msgs__rosidl_generator_pyExport.cmake
[7.117s] -- Installing: /home/gaga/sad_ws/install/vision_msgs/share/vision_msgs/cmake/export_vision_msgs__rosidl_generator_pyExport-noconfig.cmake
[7.117s] -- Installing: /home/gaga/sad_ws/install/vision_msgs/share/vision_msgs/cmake/rosidl_cmake-extras.cmake
[7.117s] -- Installing: /home/gaga/sad_ws/install/vision_msgs/share/vision_msgs/cmake/ament_cmake_export_dependencies-extras.cmake
[7.117s] -- Installing: /home/gaga/sad_ws/install/vision_msgs/share/vision_msgs/cmake/ament_cmake_export_include_directories-extras.cmake
[7.117s] -- Installing: /home/gaga/sad_ws/install/vision_msgs/share/vision_msgs/cmake/ament_cmake_export_libraries-extras.cmake
[7.117s] -- Installing: /home/gaga/sad_ws/install/vision_msgs/share/vision_msgs/cmake/ament_cmake_export_targets-extras.cmake
[7.117s] -- Installing: /home/gaga/sad_ws/install/vision_msgs/share/vision_msgs/cmake/rosidl_cmake_export_typesupport_targets-extras.cmake
[7.118s] -- Installing: /home/gaga/sad_ws/install/vision_msgs/share/vision_msgs/cmake/rosidl_cmake_export_typesupport_libraries-extras.cmake
[7.118s] -- Installing: /home/gaga/sad_ws/install/vision_msgs/share/vision_msgs/cmake/vision_msgsConfig.cmake
[7.118s] -- Installing: /home/gaga/sad_ws/install/vision_msgs/share/vision_msgs/cmake/vision_msgsConfig-version.cmake
[7.118s] -- Installing: /home/gaga/sad_ws/install/vision_msgs/share/vision_msgs/package.xml
[7.120s] Invoked command in '/home/gaga/sad_ws/build/vision_msgs' returned '0': CMAKE_PREFIX_PATH=${CMAKE_PREFIX_PATH}:/home/gaga/sad_ws/install/q_visualizer:/opt/ros/humble /usr/bin/cmake --install /home/gaga/sad_ws/build/vision_msgs
