[ 80%] Built target map_node
[ 80%] Built target rrt_node
[ 80%] [32mBuilding CXX object CMakeFiles/path_node.dir/src/path_node.cpp.o[0m
[ 80%] Built target forward_node
[ 80%] Built target Inverse_node
[ 80%] Built target path_test_node
[ 80%] Built target motor_node
[ 85%] Built target spline_node
[ 80%] Built target obstacle_node
[ 95%] Built target real_inverse_node
[01m[K/home/gaga/sad_ws/src/sad_pkg/src/path_node.cpp:159:33:[m[K [01;31m[Kerror: [m[K‘[01m[Kmy_vision_msgs[m[K’ does not name a type
  159 |     void obstacleCallback(const [01;31m[Kmy_vision_msgs[m[K::msg::HarvestOrdering::SharedPtr msg) {
      |                                 [01;31m[K^~~~~~~~~~~~~~[m[K
[01m[K/home/gaga/sad_ws/src/sad_pkg/src/path_node.cpp:159:52:[m[K [01;31m[Kerror: [m[Kexpected unqualified-id before ‘[01m[K::[m[K’ token
  159 |     void obstacleCallback(const my_vision_msgs::msg[01;31m[K::[m[KHarvestOrdering::SharedPtr msg) {
      |                                                    [01;31m[K^~[m[K
[01m[K/home/gaga/sad_ws/src/sad_pkg/src/path_node.cpp:159:52:[m[K [01;31m[Kerror: [m[Kexpected ‘[01m[K)[m[K’ before ‘[01m[K::[m[K’ token
  159 |     void obstacleCallback[34m[K([m[Kconst my_vision_msgs::msg[01;31m[K:[m[K[32m[K:[m[KHarvestOrdering::SharedPtr msg) {
      |                          [34m[K~[m[K                         [01;31m[K^[m[K[32m[K~[m[K
      |                                                    [32m[K)[m[K
[01m[K/home/gaga/sad_ws/src/sad_pkg/src/path_node.cpp:159:49:[m[K [01;31m[Kerror: [m[Kexpected ‘[01m[K;[m[K’ at end of member declaration
  159 |     void obstacleCallback(const my_vision_msgs::[01;31m[Kmsg[m[K::HarvestOrdering::SharedPtr msg) {
      |                                                 [01;31m[K^~~[m[K
      |                                                    [32m[K;[m[K
[01m[K/home/gaga/sad_ws/src/sad_pkg/src/path_node.cpp:159:54:[m[K [01;31m[Kerror: [m[K‘[01m[KHarvestOrdering[m[K’ in namespace ‘[01m[K::[m[K’ does not name a type
  159 |     void obstacleCallback(const my_vision_msgs::msg::[01;31m[KHarvestOrdering[m[K::SharedPtr msg) {
      |                                                      [01;31m[K^~~~~~~~~~~~~~~[m[K
[01m[K/home/gaga/sad_ws/src/sad_pkg/src/path_node.cpp:573:26:[m[K [01;31m[Kerror: [m[K‘[01m[Kmy_vision_msgs[m[K’ was not declared in this scope; did you mean ‘[01m[Kvision_msgs[m[K’?
  573 |     rclcpp::Subscription<[01;31m[Kmy_vision_msgs[m[K::msg::HarvestOrdering>::SharedPtr obstacle_sub_;
      |                          [01;31m[K^~~~~~~~~~~~~~[m[K
      |                          [32m[Kvision_msgs[m[K
[01m[K/home/gaga/sad_ws/src/sad_pkg/src/path_node.cpp:573:62:[m[K [01;31m[Kerror: [m[Ktemplate argument 1 is invalid
  573 |     rclcpp::Subscription<my_vision_msgs::msg::HarvestOrdering[01;31m[K>[m[K::SharedPtr obstacle_sub_;
      |                                                              [01;31m[K^[m[K
[01m[K/home/gaga/sad_ws/src/sad_pkg/src/path_node.cpp:573:62:[m[K [01;31m[Kerror: [m[Ktemplate argument 3 is invalid
[01m[K/home/gaga/sad_ws/src/sad_pkg/src/path_node.cpp:573:62:[m[K [01;31m[Kerror: [m[Ktemplate argument 4 is invalid
[01m[K/home/gaga/sad_ws/src/sad_pkg/src/path_node.cpp:573:62:[m[K [01;31m[Kerror: [m[Ktemplate argument 5 is invalid
[01m[K/home/gaga/sad_ws/src/sad_pkg/src/path_node.cpp:573:65:[m[K [01;31m[Kerror: [m[Kexpected ‘[01m[K;[m[K’ at end of member declaration
  573 |     rclcpp::Subscription<my_vision_msgs::msg::HarvestOrdering>::[01;31m[KSharedPtr[m[K obstacle_sub_;
      |                                                                 [01;31m[K^~~~~~~~~[m[K
      |                                                                          [32m[K;[m[K
[01m[K/home/gaga/sad_ws/src/sad_pkg/src/path_node.cpp:573:75:[m[K [01;31m[Kerror: [m[K‘[01m[Kobstacle_sub_[m[K’ does not name a type
  573 |     rclcpp::Subscription<my_vision_msgs::msg::HarvestOrdering>::SharedPtr [01;31m[Kobstacle_sub_[m[K;
      |                                                                           [01;31m[K^~~~~~~~~~~~~[m[K
[01m[K/home/gaga/sad_ws/src/sad_pkg/src/path_node.cpp:[m[K In constructor ‘[01m[KRSNode::RSNode()[m[K’:
[01m[K/home/gaga/sad_ws/src/sad_pkg/src/path_node.cpp:35:9:[m[K [01;31m[Kerror: [m[K‘[01m[Kobstacle_sub_[m[K’ was not declared in this scope; did you mean ‘[01m[Kobstacles_[m[K’?
   35 |         [01;31m[Kobstacle_sub_[m[K = this->create_subscription<my_vision_msgs::msg::HarvestOrdering>(
      |         [01;31m[K^~~~~~~~~~~~~[m[K
      |         [32m[Kobstacles_[m[K
[01m[K/home/gaga/sad_ws/src/sad_pkg/src/path_node.cpp:35:51:[m[K [01;31m[Kerror: [m[K‘[01m[Kmy_vision_msgs[m[K’ was not declared in this scope; did you mean ‘[01m[Kvision_msgs[m[K’?
   35 |         obstacle_sub_ = this->create_subscription<[01;31m[Kmy_vision_msgs[m[K::msg::HarvestOrdering>(
      |                                                   [01;31m[K^~~~~~~~~~~~~~[m[K
      |                                                   [32m[Kvision_msgs[m[K
[01m[K/home/gaga/sad_ws/src/sad_pkg/src/path_node.cpp:35:31:[m[K [01;31m[Kerror: [m[Kparse error in template argument list
   35 |         obstacle_sub_ = this->[01;31m[Kcreate_subscription<my_vision_msgs::msg::HarvestOrdering>[m[K(
      |                               [01;31m[K^~~~~~~~~~~~~~~~~~~~~~~~~~~~~~~~~~~~~~~~~~~~~~~~~~~~~~~~~[m[K
[01m[K/home/gaga/sad_ws/src/sad_pkg/src/path_node.cpp:35:88:[m[K [01;31m[Kerror: [m[Kno matching function for call to ‘[01m[KRSNode::create_subscription<<expression error> >(const char [15], rclcpp::QoS&, std::_Bind_helper<false, void (RSNode::*)(...), RSNode*, const std::_Placeholder<1>&>::type)[m[K’
   35 |         obstacle_sub_ = [01;31m[Kthis->create_subscription<my_vision_msgs::msg::HarvestOrdering>([m[K
      |                         [01;31m[K~~~~~~~~~~~~~~~~~~~~~~~~~~~~~~~~~~~~~~~~~~~~~~~~~~~~~~~~~~~~~~~^[m[K
   36 | [01;31m[K            "/harvest_order", qos,[m[K
      |             [01;31m[K~~~~~~~~~~~~~~~~~~~~~~[m[K                                                      
   37 | [01;31m[K            std::bind(&RSNode::obstacleCallback, this, std::placeholders::_1)[m[K
      |             [01;31m[K~~~~~~~~~~~~~~~~~~~~~~~~~~~~~~~~~~~~~~~~~~~~~~~~~~~~~~~~~~~~~~~~~[m[K           
   38 | [01;31m[K        )[m[K;
      |         [01;31m[K~[m[K                                                                               
In file included from [01m[K/opt/ros/humble/include/rclcpp/rclcpp/executors/single_threaded_executor.hpp:28[m[K,
                 from [01m[K/opt/ros/humble/include/rclcpp/rclcpp/executors.hpp:22[m[K,
                 from [01m[K/opt/ros/humble/include/rclcpp/rclcpp/rclcpp.hpp:155[m[K,
                 from [01m[K/home/gaga/sad_ws/src/sad_pkg/src/path_node.cpp:3[m[K:
[01m[K/opt/ros/humble/include/rclcpp/rclcpp/node.hpp:219:3:[m[K [01;36m[Knote: [m[Kcandidate: ‘[01m[Ktemplate<class MessageT, class CallbackT, class AllocatorT, class SubscriptionT, class MessageMemoryStrategyT> std::shared_ptr<ROSMessageT> rclcpp::Node::create_subscription(const string&, const rclcpp::QoS&, CallbackT&&, const rclcpp::SubscriptionOptionsWithAllocator<AllocatorT>&, typename MessageMemoryStrategyT::SharedPtr)[m[K’
  219 |   [01;36m[Kcreate_subscription[m[K(
      |   [01;36m[K^~~~~~~~~~~~~~~~~~~[m[K
[01m[K/opt/ros/humble/include/rclcpp/rclcpp/node.hpp:219:3:[m[K [01;36m[Knote: [m[K  template argument deduction/substitution failed:
[01m[K/home/gaga/sad_ws/src/sad_pkg/src/path_node.cpp:35:88:[m[K [01;31m[Kerror: [m[Ktemplate argument 1 is invalid
   35 |         obstacle_sub_ = [01;31m[Kthis->create_subscription<my_vision_msgs::msg::HarvestOrdering>([m[K
      |                         [01;31m[K~~~~~~~~~~~~~~~~~~~~~~~~~~~~~~~~~~~~~~~~~~~~~~~~~~~~~~~~~~~~~~~^[m[K
   36 | [01;31m[K            "/harvest_order", qos,[m[K
      |             [01;31m[K~~~~~~~~~~~~~~~~~~~~~~[m[K                                                      
   37 | [01;31m[K            std::bind(&RSNode::obstacleCallback, this, std::placeholders::_1)[m[K
      |             [01;31m[K~~~~~~~~~~~~~~~~~~~~~~~~~~~~~~~~~~~~~~~~~~~~~~~~~~~~~~~~~~~~~~~~~[m[K           
   38 | [01;31m[K        )[m[K;
      |         [01;31m[K~[m[K                                                                               
gmake[2]: *** [CMakeFiles/path_node.dir/build.make:76: CMakeFiles/path_node.dir/src/path_node.cpp.o] Error 1
gmake[1]: *** [CMakeFiles/Makefile2:285: CMakeFiles/path_node.dir/all] Error 2
gmake: *** [Makefile:146: all] Error 2
