[0.025s] Invoking command in '/home/gaga/sad_ws/build/harvest_go': CMAKE_PREFIX_PATH=${CMAKE_PREFIX_PATH}:/home/gaga/sad_ws/install/q_visualizer:/opt/ros/humble /usr/bin/cmake /home/gaga/sad_ws/src/harvest_go -DCMAKE_INSTALL_PREFIX=/home/gaga/sad_ws/install/harvest_go
[0.127s] -- The C compiler identification is GNU 11.4.0
[0.214s] -- The CXX compiler identification is GNU 11.4.0
[0.227s] -- Detecting C compiler ABI info
[0.359s] -- Detecting C compiler ABI info - done
[0.368s] -- Check for working C compiler: /usr/bin/cc - skipped
[0.368s] -- Detecting C compile features
[0.368s] -- Detecting C compile features - done
[0.374s] -- Detecting CXX compiler ABI info
[0.515s] -- Detecting CXX compiler ABI info - done
[0.524s] -- Check for working CXX compiler: /usr/bin/c++ - skipped
[0.525s] -- Detecting CXX compile features
[0.525s] -- Detecting CXX compile features - done
[0.529s] -- Found ament_cmake: 1.3.11 (/opt/ros/humble/share/ament_cmake/cmake)
[0.782s] -- Found Python3: /usr/bin/python3 (found version "3.10.12") found components: Interpreter 
[0.973s] -- Found rclcpp: 16.0.12 (/opt/ros/humble/share/rclcpp/cmake)
[1.019s] -- Found rosidl_generator_c: 3.1.6 (/opt/ros/humble/share/rosidl_generator_c/cmake)
[1.025s] -- Found rosidl_adapter: 3.1.6 (/opt/ros/humble/share/rosidl_adapter/cmake)
[1.035s] -- Found rosidl_generator_cpp: 3.1.6 (/opt/ros/humble/share/rosidl_generator_cpp/cmake)
[1.053s] -- Using all available rosidl_typesupport_c: rosidl_typesupport_fastrtps_c;rosidl_typesupport_introspection_c
[1.074s] -- Using all available rosidl_typesupport_cpp: rosidl_typesupport_fastrtps_cpp;rosidl_typesupport_introspection_cpp
[1.135s] -- Found rmw_implementation_cmake: 6.1.2 (/opt/ros/humble/share/rmw_implementation_cmake/cmake)
[1.140s] -- Found rmw_fastrtps_cpp: 6.2.7 (/opt/ros/humble/share/rmw_fastrtps_cpp/cmake)
[1.295s] -- Found OpenSSL: /usr/lib/x86_64-linux-gnu/libcrypto.so (found version "3.0.2")  
[1.359s] -- Found FastRTPS: /opt/ros/humble/include  
[1.428s] -- Using RMW implementation 'rmw_fastrtps_cpp' as default
[1.441s] -- Looking for pthread.h
[1.582s] -- Looking for pthread.h - found
[1.583s] -- Performing Test CMAKE_HAVE_LIBC_PTHREAD
[1.745s] -- Performing Test CMAKE_HAVE_LIBC_PTHREAD - Success
[1.752s] -- Found Threads: TRUE  
[1.861s] -- Found Boost: /usr/lib/x86_64-linux-gnu/cmake/Boost-1.74.0/BoostConfig.cmake (found suitable version "1.74.0", minimum required is "1.71.0") found components: thread 
[2.058s] -- Configuring done
[2.095s] -- Generating done
[2.104s] -- Build files have been written to: /home/gaga/sad_ws/build/harvest_go
[2.167s] Invoked command in '/home/gaga/sad_ws/build/harvest_go' returned '0': CMAKE_PREFIX_PATH=${CMAKE_PREFIX_PATH}:/home/gaga/sad_ws/install/q_visualizer:/opt/ros/humble /usr/bin/cmake /home/gaga/sad_ws/src/harvest_go -DCMAKE_INSTALL_PREFIX=/home/gaga/sad_ws/install/harvest_go
[2.172s] Invoking command in '/home/gaga/sad_ws/build/harvest_go': CMAKE_PREFIX_PATH=${CMAKE_PREFIX_PATH}:/home/gaga/sad_ws/install/q_visualizer:/opt/ros/humble /usr/bin/cmake --build /home/gaga/sad_ws/build/harvest_go -- -j20 -l20
[2.284s] [ 33%] [34m[1mGenerating include/harvest_go/moc_main_window.cpp[0m
[2.285s] [ 33%] [34m[1mGenerating ui_mainwindow.h[0m
[2.370s] [ 83%] [32mBuilding CXX object CMakeFiles/harvest_go.dir/src/main_window.cpp.o[0m
[2.370s] [ 83%] [32mBuilding CXX object CMakeFiles/harvest_go.dir/src/main.cpp.o[0m
[2.370s] [ 83%] [32mBuilding CXX object CMakeFiles/harvest_go.dir/include/harvest_go/moc_main_window.cpp.o[0m
[4.578s] [100%] [32m[1mLinking CXX executable harvest_go[0m
[8.586s] [100%] Built target harvest_go
[8.621s] Invoked command in '/home/gaga/sad_ws/build/harvest_go' returned '0': CMAKE_PREFIX_PATH=${CMAKE_PREFIX_PATH}:/home/gaga/sad_ws/install/q_visualizer:/opt/ros/humble /usr/bin/cmake --build /home/gaga/sad_ws/build/harvest_go -- -j20 -l20
[8.624s] Invoking command in '/home/gaga/sad_ws/build/harvest_go': CMAKE_PREFIX_PATH=${CMAKE_PREFIX_PATH}:/home/gaga/sad_ws/install/q_visualizer:/opt/ros/humble /usr/bin/cmake --install /home/gaga/sad_ws/build/harvest_go
[8.639s] -- Install configuration: ""
[8.639s] -- Installing: /home/gaga/sad_ws/install/harvest_go/lib/harvest_go/harvest_go
[8.639s] -- Set runtime path of "/home/gaga/sad_ws/install/harvest_go/lib/harvest_go/harvest_go" to ""
[8.640s] -- Installing: /home/gaga/sad_ws/install/harvest_go/share/ament_index/resource_index/package_run_dependencies/harvest_go
[8.640s] -- Installing: /home/gaga/sad_ws/install/harvest_go/share/ament_index/resource_index/parent_prefix_path/harvest_go
[8.640s] -- Installing: /home/gaga/sad_ws/install/harvest_go/share/harvest_go/environment/ament_prefix_path.sh
[8.640s] -- Installing: /home/gaga/sad_ws/install/harvest_go/share/harvest_go/environment/ament_prefix_path.dsv
[8.640s] -- Installing: /home/gaga/sad_ws/install/harvest_go/share/harvest_go/environment/path.sh
[8.640s] -- Installing: /home/gaga/sad_ws/install/harvest_go/share/harvest_go/environment/path.dsv
[8.640s] -- Installing: /home/gaga/sad_ws/install/harvest_go/share/harvest_go/local_setup.bash
[8.640s] -- Installing: /home/gaga/sad_ws/install/harvest_go/share/harvest_go/local_setup.sh
[8.640s] -- Installing: /home/gaga/sad_ws/install/harvest_go/share/harvest_go/local_setup.zsh
[8.640s] -- Installing: /home/gaga/sad_ws/install/harvest_go/share/harvest_go/local_setup.dsv
[8.640s] -- Installing: /home/gaga/sad_ws/install/harvest_go/share/harvest_go/package.dsv
[8.640s] -- Installing: /home/gaga/sad_ws/install/harvest_go/share/ament_index/resource_index/packages/harvest_go
[8.640s] -- Installing: /home/gaga/sad_ws/install/harvest_go/share/harvest_go/cmake/harvest_goConfig.cmake
[8.640s] -- Installing: /home/gaga/sad_ws/install/harvest_go/share/harvest_go/cmake/harvest_goConfig-version.cmake
[8.640s] -- Installing: /home/gaga/sad_ws/install/harvest_go/share/harvest_go/package.xml
[8.645s] Invoked command in '/home/gaga/sad_ws/build/harvest_go' returned '0': CMAKE_PREFIX_PATH=${CMAKE_PREFIX_PATH}:/home/gaga/sad_ws/install/q_visualizer:/opt/ros/humble /usr/bin/cmake --install /home/gaga/sad_ws/build/harvest_go
