[0.028s] Invoking command in '/home/gaga/sad_ws/build/sad_pkg': CMAKE_PREFIX_PATH=/home/gaga/sad_ws/install/vision_msgs:/home/gaga/sad_ws/install/q_visualizer:/opt/ros/humble:/home/gaga/sad_ws/install/serial:/home/gaga/sad_ws/install:/home/gaga/sad_ws/install/sad_pkg:/home/gaga/sad_ws/install/harvest_master:/home/gaga/sad_ws/install/mani_urdf:/home/gaga/sad_ws/install/harvest_go:/home/gaga/ssibal_ws/install/robot_msgs:/home/gaga/robotprograming_ws/install/rp_pkg /usr/bin/cmake --build /home/gaga/sad_ws/build/sad_pkg -- -j20 -l20
[0.133s] [35m[1mConsolidate compiler generated dependencies of target path_node[0m
[0.161s] [ 60%] Built target map_node
[0.161s] [ 60%] Built target path_test_node
[0.162s] [ 60%] Built target motor_node
[0.162s] [ 90%] Built target real_inverse_node
[0.162s] [ 90%] Built target spline_node
[0.162s] [ 90%] Built target rrt_node
[0.162s] [ 90%] Built target Inverse_node
[0.162s] [ 90%] Built target forward_node
[0.162s] [ 90%] Built target obstacle_node
[0.172s] [ 95%] [32mBuilding CXX object CMakeFiles/path_node.dir/src/path_node.cpp.o[0m
[5.206s] [01m[K/home/gaga/sad_ws/src/sad_pkg/src/path_node.cpp:159:33:[m[K [01;31m[Kerror: [m[K‘[01m[Kmy_vision_msgs[m[K’ does not name a type
[5.206s]   159 |     void obstacleCallback(const [01;31m[Kmy_vision_msgs[m[K::msg::HarvestOrdering::SharedPtr msg) {
[5.206s]       |                                 [01;31m[K^~~~~~~~~~~~~~[m[K
[5.206s] [01m[K/home/gaga/sad_ws/src/sad_pkg/src/path_node.cpp:159:52:[m[K [01;31m[Kerror: [m[Kexpected unqualified-id before ‘[01m[K::[m[K’ token
[5.206s]   159 |     void obstacleCallback(const my_vision_msgs::msg[01;31m[K::[m[KHarvestOrdering::SharedPtr msg) {
[5.206s]       |                                                    [01;31m[K^~[m[K
[5.206s] [01m[K/home/gaga/sad_ws/src/sad_pkg/src/path_node.cpp:159:52:[m[K [01;31m[Kerror: [m[Kexpected ‘[01m[K)[m[K’ before ‘[01m[K::[m[K’ token
[5.206s]   159 |     void obstacleCallback[34m[K([m[Kconst my_vision_msgs::msg[01;31m[K:[m[K[32m[K:[m[KHarvestOrdering::SharedPtr msg) {
[5.206s]       |                          [34m[K~[m[K                         [01;31m[K^[m[K[32m[K~[m[K
[5.206s]       |                                                    [32m[K)[m[K
[5.206s] [01m[K/home/gaga/sad_ws/src/sad_pkg/src/path_node.cpp:159:49:[m[K [01;31m[Kerror: [m[Kexpected ‘[01m[K;[m[K’ at end of member declaration
[5.206s]   159 |     void obstacleCallback(const my_vision_msgs::[01;31m[Kmsg[m[K::HarvestOrdering::SharedPtr msg) {
[5.206s]       |                                                 [01;31m[K^~~[m[K
[5.206s]       |                                                    [32m[K;[m[K
[5.209s] [01m[K/home/gaga/sad_ws/src/sad_pkg/src/path_node.cpp:159:54:[m[K [01;31m[Kerror: [m[K‘[01m[KHarvestOrdering[m[K’ in namespace ‘[01m[K::[m[K’ does not name a type
[5.209s]   159 |     void obstacleCallback(const my_vision_msgs::msg::[01;31m[KHarvestOrdering[m[K::SharedPtr msg) {
[5.209s]       |                                                      [01;31m[K^~~~~~~~~~~~~~~[m[K
[5.219s] [01m[K/home/gaga/sad_ws/src/sad_pkg/src/path_node.cpp:573:26:[m[K [01;31m[Kerror: [m[K‘[01m[Kmy_vision_msgs[m[K’ was not declared in this scope; did you mean ‘[01m[Kvision_msgs[m[K’?
[5.219s]   573 |     rclcpp::Subscription<[01;31m[Kmy_vision_msgs[m[K::msg::HarvestOrdering>::SharedPtr obstacle_sub_;
[5.219s]       |                          [01;31m[K^~~~~~~~~~~~~~[m[K
[5.219s]       |                          [32m[Kvision_msgs[m[K
[5.219s] [01m[K/home/gaga/sad_ws/src/sad_pkg/src/path_node.cpp:573:62:[m[K [01;31m[Kerror: [m[Ktemplate argument 1 is invalid
[5.219s]   573 |     rclcpp::Subscription<my_vision_msgs::msg::HarvestOrdering[01;31m[K>[m[K::SharedPtr obstacle_sub_;
[5.219s]       |                                                              [01;31m[K^[m[K
[5.219s] [01m[K/home/gaga/sad_ws/src/sad_pkg/src/path_node.cpp:573:62:[m[K [01;31m[Kerror: [m[Ktemplate argument 3 is invalid
[5.219s] [01m[K/home/gaga/sad_ws/src/sad_pkg/src/path_node.cpp:573:62:[m[K [01;31m[Kerror: [m[Ktemplate argument 4 is invalid
[5.220s] [01m[K/home/gaga/sad_ws/src/sad_pkg/src/path_node.cpp:573:62:[m[K [01;31m[Kerror: [m[Ktemplate argument 5 is invalid
[5.220s] [01m[K/home/gaga/sad_ws/src/sad_pkg/src/path_node.cpp:573:65:[m[K [01;31m[Kerror: [m[Kexpected ‘[01m[K;[m[K’ at end of member declaration
[5.220s]   573 |     rclcpp::Subscription<my_vision_msgs::msg::HarvestOrdering>::[01;31m[KSharedPtr[m[K obstacle_sub_;
[5.220s]       |                                                                 [01;31m[K^~~~~~~~~[m[K
[5.220s]       |                                                                          [32m[K;[m[K
[5.223s] [01m[K/home/gaga/sad_ws/src/sad_pkg/src/path_node.cpp:573:75:[m[K [01;31m[Kerror: [m[K‘[01m[Kobstacle_sub_[m[K’ does not name a type
[5.224s]   573 |     rclcpp::Subscription<my_vision_msgs::msg::HarvestOrdering>::SharedPtr [01;31m[Kobstacle_sub_[m[K;
[5.224s]       |                                                                           [01;31m[K^~~~~~~~~~~~~[m[K
[5.340s] [01m[K/home/gaga/sad_ws/src/sad_pkg/src/path_node.cpp:[m[K In constructor ‘[01m[KRSNode::RSNode()[m[K’:
[5.340s] [01m[K/home/gaga/sad_ws/src/sad_pkg/src/path_node.cpp:35:9:[m[K [01;31m[Kerror: [m[K‘[01m[Kobstacle_sub_[m[K’ was not declared in this scope; did you mean ‘[01m[Kobstacles_[m[K’?
[5.340s]    35 |         [01;31m[Kobstacle_sub_[m[K = this->create_subscription<vision_msgs::msg::HarvestOrdering>(
[5.340s]       |         [01;31m[K^~~~~~~~~~~~~[m[K
[5.340s]       |         [32m[Kobstacles_[m[K
[6.695s] In file included from [01m[K/opt/ros/humble/include/rclcpp/rclcpp/client.hpp:39[m[K,
[6.696s]                  from [01m[K/opt/ros/humble/include/rclcpp/rclcpp/callback_group.hpp:24[m[K,
[6.696s]                  from [01m[K/opt/ros/humble/include/rclcpp/rclcpp/any_executable.hpp:20[m[K,
[6.696s]                  from [01m[K/opt/ros/humble/include/rclcpp/rclcpp/memory_strategy.hpp:25[m[K,
[6.696s]                  from [01m[K/opt/ros/humble/include/rclcpp/rclcpp/memory_strategies.hpp:18[m[K,
[6.696s]                  from [01m[K/opt/ros/humble/include/rclcpp/rclcpp/executor_options.hpp:20[m[K,
[6.696s]                  from [01m[K/opt/ros/humble/include/rclcpp/rclcpp/executor.hpp:37[m[K,
[6.696s]                  from [01m[K/opt/ros/humble/include/rclcpp/rclcpp/executors/multi_threaded_executor.hpp:25[m[K,
[6.696s]                  from [01m[K/opt/ros/humble/include/rclcpp/rclcpp/executors.hpp:21[m[K,
[6.696s]                  from [01m[K/opt/ros/humble/include/rclcpp/rclcpp/rclcpp.hpp:155[m[K,
[6.696s]                  from [01m[K/home/gaga/sad_ws/src/sad_pkg/src/path_node.cpp:3[m[K:
[6.696s] /opt/ros/humble/include/rclcpp/rclcpp/function_traits.hpp: In instantiation of ‘[01m[Kstruct rclcpp::function_traits::function_traits<std::_Bind<void (RSNode::*(RSNode*, std::_Placeholder<1>))(...)> >[m[K’:
[6.696s] [01m[K/opt/ros/humble/include/rclcpp/rclcpp/any_subscription_callback.hpp:380:10:[m[K   recursively required by substitution of ‘[01m[Ktemplate<class MessageT, class CallbackT> struct rclcpp::detail::SubscriptionCallbackTypeHelper<MessageT, CallbackT, typename std::enable_if<rclcpp::function_traits::same_arguments<CallbackT, std::function<void(std::shared_ptr<_Tp>, const rclcpp::MessageInfo&)> >::value, void>::type> [with MessageT = vision_msgs::msg::HarvestOrdering_<std::allocator<void> >; CallbackT = std::_Bind<void (RSNode::*(RSNode*, std::_Placeholder<1>))(...)>][m[K’
[6.696s] [01m[K/opt/ros/humble/include/rclcpp/rclcpp/any_subscription_callback.hpp:380:10:[m[K   required from ‘[01m[Krclcpp::AnySubscriptionCallback<MessageT, AllocatorT> rclcpp::AnySubscriptionCallback<MessageT, AllocatorT>::set(CallbackT) [with CallbackT = std::_Bind<void (RSNode::*(RSNode*, std::_Placeholder<1>))(...)>; MessageT = vision_msgs::msg::HarvestOrdering_<std::allocator<void> >; AllocatorT = std::allocator<void>][m[K’
[6.696s] [01m[K/opt/ros/humble/include/rclcpp/rclcpp/subscription_factory.hpp:94:32:[m[K   required from ‘[01m[Krclcpp::SubscriptionFactory rclcpp::create_subscription_factory(CallbackT&&, const rclcpp::SubscriptionOptionsWithAllocator<AllocatorT>&, typename MessageMemoryStrategyT::SharedPtr, std::shared_ptr<rclcpp::topic_statistics::SubscriptionTopicStatistics<ROSMessageType> >) [with MessageT = vision_msgs::msg::HarvestOrdering_<std::allocator<void> >; CallbackT = std::_Bind<void (RSNode::*(RSNode*, std::_Placeholder<1>))(...)>; AllocatorT = std::allocator<void>; SubscriptionT = rclcpp::Subscription<vision_msgs::msg::HarvestOrdering_<std::allocator<void> >, std::allocator<void>, vision_msgs::msg::HarvestOrdering_<std::allocator<void> >, vision_msgs::msg::HarvestOrdering_<std::allocator<void> >, rclcpp::message_memory_strategy::MessageMemoryStrategy<vision_msgs::msg::HarvestOrdering_<std::allocator<void> >, std::allocator<void> > >; MessageMemoryStrategyT = rclcpp::message_memory_strategy::MessageMemoryStrategy<vision_msgs::msg::HarvestOrdering_<std::allocator<void> >, std::allocator<void> >; ROSMessageType = vision_msgs::msg::HarvestOrdering_<std::allocator<void> >; typename MessageMemoryStrategyT::SharedPtr = std::shared_ptr<rclcpp::message_memory_strategy::MessageMemoryStrategy<vision_msgs::msg::HarvestOrdering_<std::allocator<void> >, std::allocator<void> > >][m[K’
[6.696s] [01m[K/opt/ros/humble/include/rclcpp/rclcpp/create_subscription.hpp:122:63:[m[K   required from ‘[01m[Kstd::shared_ptr<ROSMessageT> rclcpp::detail::create_subscription(NodeParametersT&, NodeTopicsT&, const string&, const rclcpp::QoS&, CallbackT&&, const rclcpp::SubscriptionOptionsWithAllocator<AllocatorT>&, typename MessageMemoryStrategyT::SharedPtr) [with MessageT = vision_msgs::msg::HarvestOrdering_<std::allocator<void> >; CallbackT = std::_Bind<void (RSNode::*(RSNode*, std::_Placeholder<1>))(...)>; AllocatorT = std::allocator<void>; SubscriptionT = rclcpp::Subscription<vision_msgs::msg::HarvestOrdering_<std::allocator<void> >, std::allocator<void>, vision_msgs::msg::HarvestOrdering_<std::allocator<void> >, vision_msgs::msg::HarvestOrdering_<std::allocator<void> >, rclcpp::message_memory_strategy::MessageMemoryStrategy<vision_msgs::msg::HarvestOrdering_<std::allocator<void> >, std::allocator<void> > >; MessageMemoryStrategyT = rclcpp::message_memory_strategy::MessageMemoryStrategy<vision_msgs::msg::HarvestOrdering_<std::allocator<void> >, std::allocator<void> >; NodeParametersT = rclcpp::Node; NodeTopicsT = rclcpp::Node; ROSMessageType = vision_msgs::msg::HarvestOrdering_<std::allocator<void> >; std::string = std::__cxx11::basic_string<char>; typename MessageMemoryStrategyT::SharedPtr = std::shared_ptr<rclcpp::message_memory_strategy::MessageMemoryStrategy<vision_msgs::msg::HarvestOrdering_<std::allocator<void> >, std::allocator<void> > >][m[K’
[6.696s] [01m[K/opt/ros/humble/include/rclcpp/rclcpp/create_subscription.hpp:191:76:[m[K   required from ‘[01m[Kstd::shared_ptr<ROSMessageT> rclcpp::create_subscription(NodeT&, const string&, const rclcpp::QoS&, CallbackT&&, const rclcpp::SubscriptionOptionsWithAllocator<AllocatorT>&, typename MessageMemoryStrategyT::SharedPtr) [with MessageT = vision_msgs::msg::HarvestOrdering_<std::allocator<void> >; CallbackT = std::_Bind<void (RSNode::*(RSNode*, std::_Placeholder<1>))(...)>; AllocatorT = std::allocator<void>; SubscriptionT = rclcpp::Subscription<vision_msgs::msg::HarvestOrdering_<std::allocator<void> >, std::allocator<void>, vision_msgs::msg::HarvestOrdering_<std::allocator<void> >, vision_msgs::msg::HarvestOrdering_<std::allocator<void> >, rclcpp::message_memory_strategy::MessageMemoryStrategy<vision_msgs::msg::HarvestOrdering_<std::allocator<void> >, std::allocator<void> > >; MessageMemoryStrategyT = rclcpp::message_memory_strategy::MessageMemoryStrategy<vision_msgs::msg::HarvestOrdering_<std::allocator<void> >, std::allocator<void> >; NodeT = rclcpp::Node; std::string = std::__cxx11::basic_string<char>; typename MessageMemoryStrategyT::SharedPtr = std::shared_ptr<rclcpp::message_memory_strategy::MessageMemoryStrategy<vision_msgs::msg::HarvestOrdering_<std::allocator<void> >, std::allocator<void> > >][m[K’
[6.696s] [01m[K/opt/ros/humble/include/rclcpp/rclcpp/node_impl.hpp:99:47:[m[K   required from ‘[01m[Kstd::shared_ptr<ROSMessageT> rclcpp::Node::create_subscription(const string&, const rclcpp::QoS&, CallbackT&&, const rclcpp::SubscriptionOptionsWithAllocator<AllocatorT>&, typename MessageMemoryStrategyT::SharedPtr) [with MessageT = vision_msgs::msg::HarvestOrdering_<std::allocator<void> >; CallbackT = std::_Bind<void (RSNode::*(RSNode*, std::_Placeholder<1>))(...)>; AllocatorT = std::allocator<void>; SubscriptionT = rclcpp::Subscription<vision_msgs::msg::HarvestOrdering_<std::allocator<void> >, std::allocator<void>, vision_msgs::msg::HarvestOrdering_<std::allocator<void> >, vision_msgs::msg::HarvestOrdering_<std::allocator<void> >, rclcpp::message_memory_strategy::MessageMemoryStrategy<vision_msgs::msg::HarvestOrdering_<std::allocator<void> >, std::allocator<void> > >; MessageMemoryStrategyT = rclcpp::message_memory_strategy::MessageMemoryStrategy<vision_msgs::msg::HarvestOrdering_<std::allocator<void> >, std::allocator<void> >; std::string = std::__cxx11::basic_string<char>; typename MessageMemoryStrategyT::SharedPtr = std::shared_ptr<rclcpp::message_memory_strategy::MessageMemoryStrategy<vision_msgs::msg::HarvestOrdering_<std::allocator<void> >, std::allocator<void> > >][m[K’
[6.696s] [01m[K/home/gaga/sad_ws/src/sad_pkg/src/path_node.cpp:35:85:[m[K   required from here
[6.696s] [01m[K/opt/ros/humble/include/rclcpp/rclcpp/function_traits.hpp:51:9:[m[K [01;31m[Kerror: [m[K‘[01m[Kdecltype[m[K’ cannot resolve address of overloaded function
[6.696s]    51 |   using [01;31m[Karguments[m[K = typename tuple_tail<
[6.696s]       |         [01;31m[K^~~~~~~~~[m[K
[6.696s] [01m[K/opt/ros/humble/include/rclcpp/rclcpp/function_traits.hpp:57:9:[m[K [01;31m[Kerror: [m[K‘[01m[Kdecltype[m[K’ cannot resolve address of overloaded function
[6.697s]    57 |   using [01;31m[Kargument_type[m[K = typename std::tuple_element<N, arguments>::type;
[6.697s]       |         [01;31m[K^~~~~~~~~~~~~[m[K
[6.697s] [01m[K/opt/ros/humble/include/rclcpp/rclcpp/function_traits.hpp:59:9:[m[K [01;31m[Kerror: [m[K‘[01m[Kdecltype[m[K’ cannot resolve address of overloaded function
[6.697s]    59 |   using [01;31m[Kreturn_type[m[K = typename function_traits<decltype( &FunctionT::operator())>::return_type;
[6.697s]       |         [01;31m[K^~~~~~~~~~~[m[K
[11.985s] gmake[2]: *** [CMakeFiles/path_node.dir/build.make:76: CMakeFiles/path_node.dir/src/path_node.cpp.o] Error 1
[11.985s] gmake[1]: *** [CMakeFiles/Makefile2:285: CMakeFiles/path_node.dir/all] Error 2
[11.985s] gmake: *** [Makefile:146: all] Error 2
[11.992s] Invoked command in '/home/gaga/sad_ws/build/sad_pkg' returned '2': CMAKE_PREFIX_PATH=/home/gaga/sad_ws/install/vision_msgs:/home/gaga/sad_ws/install/q_visualizer:/opt/ros/humble:/home/gaga/sad_ws/install/serial:/home/gaga/sad_ws/install:/home/gaga/sad_ws/install/sad_pkg:/home/gaga/sad_ws/install/harvest_master:/home/gaga/sad_ws/install/mani_urdf:/home/gaga/sad_ws/install/harvest_go:/home/gaga/ssibal_ws/install/robot_msgs:/home/gaga/robotprograming_ws/install/rp_pkg /usr/bin/cmake --build /home/gaga/sad_ws/build/sad_pkg -- -j20 -l20
