[0.022s] Invoking command in '/home/gaga/sad_ws/build/sad_pkg': CMAKE_PREFIX_PATH=/home/gaga/sad_ws/install/vision_msgs:/home/gaga/sad_ws/install/q_visualizer:/opt/ros/humble:/home/gaga/sad_ws/install/serial:/home/gaga/sad_ws/install:/home/gaga/sad_ws/install/sad_pkg:/home/gaga/sad_ws/install/harvest_master:/home/gaga/sad_ws/install/mani_urdf:/home/gaga/sad_ws/install/harvest_go:/home/gaga/ssibal_ws/install/robot_msgs:/home/gaga/robotprograming_ws/install/rp_pkg /usr/bin/cmake --build /home/gaga/sad_ws/build/sad_pkg -- -j20 -l20
[0.114s] [35m[1mConsolidate compiler generated dependencies of target calibration_node[0m
[0.140s] [ 27%] Built target forward_node
[0.141s] [ 27%] Built target map_node
[0.141s] [ 27%] Built target motor_node
[0.141s] [ 50%] Built target rrt_node
[0.141s] [ 54%] Built target spline_node
[0.142s] [ 54%] Built target Inverse_node
[0.142s] [ 63%] Built target real_inverse_node
[0.142s] [ 72%] Built target path_node
[0.153s] [ 81%] [32mBuilding CXX object CMakeFiles/calibration_node.dir/src/calibration_node.cpp.o[0m
[0.154s] [ 86%] Built target obstacle_node
[0.157s] [ 95%] Built target path_test_node
[5.231s] [01m[K/home/gaga/sad_ws/src/sad_pkg/src/calibration_node.cpp:[m[K In constructor ‘[01m[KRSNode::RSNode()[m[K’:
[5.231s] [01m[K/home/gaga/sad_ws/src/sad_pkg/src/calibration_node.cpp:61:31:[m[K [01;31m[Kerror: [m[K‘[01m[Kqos[m[K’ was not declared in this scope; did you mean ‘[01m[Kcos[m[K’?
[5.231s]    61 |             "/harvest_order", [01;31m[Kqos[m[K,
[5.231s]       |                               [01;31m[K^~~[m[K
[5.231s]       |                               [32m[Kcos[m[K
[11.811s] gmake[2]: *** [CMakeFiles/calibration_node.dir/build.make:76: CMakeFiles/calibration_node.dir/src/calibration_node.cpp.o] Error 1
[11.812s] gmake[1]: *** [CMakeFiles/Makefile2:417: CMakeFiles/calibration_node.dir/all] Error 2
[11.812s] gmake: *** [Makefile:146: all] Error 2
[11.819s] Invoked command in '/home/gaga/sad_ws/build/sad_pkg' returned '2': CMAKE_PREFIX_PATH=/home/gaga/sad_ws/install/vision_msgs:/home/gaga/sad_ws/install/q_visualizer:/opt/ros/humble:/home/gaga/sad_ws/install/serial:/home/gaga/sad_ws/install:/home/gaga/sad_ws/install/sad_pkg:/home/gaga/sad_ws/install/harvest_master:/home/gaga/sad_ws/install/mani_urdf:/home/gaga/sad_ws/install/harvest_go:/home/gaga/ssibal_ws/install/robot_msgs:/home/gaga/robotprograming_ws/install/rp_pkg /usr/bin/cmake --build /home/gaga/sad_ws/build/sad_pkg -- -j20 -l20
