[35m[1mConsolidate compiler generated dependencies of target real_inverse_node[0m
[ 60%] Built target motor_node
[ 60%] Built target spline_node
[ 60%] Built target obstacle_node
[ 60%] Built target path_node
[ 60%] Built target map_node
[ 80%] Built target Inverse_node
[ 80%] Built target rrt_node
[ 85%] Built target forward_node
[ 90%] Built target path_test_node
[ 95%] [32mBuilding CXX object CMakeFiles/real_inverse_node.dir/src/real_inverse_node.cpp.o[0m
[01m[K/home/gaga/sad_ws/src/sad_pkg/src/real_inverse_node.cpp:[m[K In member function ‘[01m[Kvoid ManipulatorNode::timerCallback()[m[K’:
[01m[K/home/gaga/sad_ws/src/sad_pkg/src/real_inverse_node.cpp:330:29:[m[K [01;31m[Kerror: [m[K‘[01m[Kq_val[m[K’ was not declared in this scope
  330 |             q_msg.data[i] = [01;31m[Kq_val[m[K;
      |                             [01;31m[K^~~~~[m[K
[01m[K/home/gaga/sad_ws/src/sad_pkg/src/real_inverse_node.cpp:468:30:[m[K [01;31m[Kerror: [m[K‘[01m[Kqd_val[m[K’ was not declared in this scope
  468 |             dq_msg.data[i] = [01;31m[Kqd_val[m[K;
      |                              [01;31m[K^~~~~~[m[K
[01m[K/home/gaga/sad_ws/src/sad_pkg/src/real_inverse_node.cpp:493:36:[m[K [01;31m[Kerror: [m[K‘[01m[Kq_target_val[m[K’ was not declared in this scope; did you mean ‘[01m[Kq_target[m[K’?
  493 |             target_q_msg.data[i] = [01;31m[Kq_target_val[m[K;
      |                                    [01;31m[K^~~~~~~~~~~~[m[K
      |                                    [32m[Kq_target[m[K
gmake[2]: *** [CMakeFiles/real_inverse_node.dir/build.make:76: CMakeFiles/real_inverse_node.dir/src/real_inverse_node.cpp.o] Error 1
gmake[1]: *** [CMakeFiles/Makefile2:363: CMakeFiles/real_inverse_node.dir/all] Error 2
gmake: *** [Makefile:146: all] Error 2
