In file included from [01m[K/opt/ros/humble/include/rclcpp/rclcpp/logging.hpp:24[m[K,
                 from [01m[K/opt/ros/humble/include/rclcpp/rclcpp/client.hpp:40[m[K,
                 from [01m[K/opt/ros/humble/include/rclcpp/rclcpp/callback_group.hpp:24[m[K,
                 from [01m[K/opt/ros/humble/include/rclcpp/rclcpp/any_executable.hpp:20[m[K,
                 from [01m[K/opt/ros/humble/include/rclcpp/rclcpp/memory_strategy.hpp:25[m[K,
                 from [01m[K/opt/ros/humble/include/rclcpp/rclcpp/memory_strategies.hpp:18[m[K,
                 from [01m[K/opt/ros/humble/include/rclcpp/rclcpp/executor_options.hpp:20[m[K,
                 from [01m[K/opt/ros/humble/include/rclcpp/rclcpp/executor.hpp:37[m[K,
                 from [01m[K/opt/ros/humble/include/rclcpp/rclcpp/executors/multi_threaded_executor.hpp:25[m[K,
                 from [01m[K/opt/ros/humble/include/rclcpp/rclcpp/executors.hpp:21[m[K,
                 from [01m[K/opt/ros/humble/include/rclcpp/rclcpp/rclcpp.hpp:155[m[K,
                 from [01m[K/home/gaga/sad_ws/src/sad_pkg/src/real_inverse_node.cpp:8[m[K:
[01m[K/home/gaga/sad_ws/src/sad_pkg/src/real_inverse_node.cpp:[m[K In member function ‘[01m[Kvoid ManipulatorNode::timerCallback()[m[K’:
[01m[K/home/gaga/sad_ws/src/sad_pkg/src/real_inverse_node.cpp:386:17:[m[K [01;35m[Kwarning: [m[Kformat ‘[01m[K%d[m[K’ expects argument of type ‘[01m[Kint[m[K’, but argument 9 has type ‘[01m[Ksize_t[m[K’ {aka ‘[01m[Klong unsigned int[m[K’} [[01;35m[K]8;;https://gcc.gnu.org/onlinedocs/gcc/Warning-Options.html#index-Wformat=-Wformat=]8;;[m[K]
  386 |                 [01;35m[K"✅ 도달 조건 만족! (z=%.4f, norm=%.4f, angle=%.2f° < %.2f°), index=%d/%zu"[m[K,
      |                 [01;35m[K^~~~~~~~~~~~~~~~~~~~~~~~~~~~~~~~~~~~~~~~~~~~~~~~~~~~~~~~~~~~~~~~~~~~~~~~~~~[m[K
......
  389 |                 [32m[Kcurrent_index_[m[K, targets_.size());
      |                 [32m[K~~~~~~~~~~~~~~[m[K
      |                 [32m[K|[m[K
      |                 [32m[Ksize_t {aka long unsigned int}[m[K
[01m[K/home/gaga/sad_ws/src/sad_pkg/src/real_inverse_node.cpp:386:86:[m[K [01;36m[Knote: [m[Kformat string is defined here
  386 |                 "✅ 도달 조건 만족! (z=%.4f, norm=%.4f, angle=%.2f° < %.2f°), index=[01;36m[K%d[m[K/%zu",
      |                                                                                     [01;36m[K~^[m[K
      |                                                                                      [01;36m[K|[m[K
      |                                                                                      [01;36m[Kint[m[K
      |                                                                                     [32m[K%ld[m[K
