[0.680s] Invoking command in '/home/gaga/sad_ws/src/q_visualizer': PYTHONPATH=/home/gaga/sad_ws/build/q_visualizer/prefix_override:/usr/lib/python3/dist-packages/colcon_core/task/python/colcon_distutils_commands:/home/gaga/sad_ws/install/q_visualizer/lib/python3.10/site-packages:${PYTHONPATH} /usr/bin/python3 -W ignore:setup.py install is deprecated -W ignore:easy_install command is deprecated setup.py egg_info --egg-base ../../build/q_visualizer build --build-base /home/gaga/sad_ws/build/q_visualizer/build install --record /home/gaga/sad_ws/build/q_visualizer/install.log --single-version-externally-managed install_data
[0.933s] running egg_info
[0.934s] writing ../../build/q_visualizer/q_visualizer.egg-info/PKG-INFO
[0.935s] writing dependency_links to ../../build/q_visualizer/q_visualizer.egg-info/dependency_links.txt
[0.935s] writing entry points to ../../build/q_visualizer/q_visualizer.egg-info/entry_points.txt
[0.935s] writing requirements to ../../build/q_visualizer/q_visualizer.egg-info/requires.txt
[0.935s] writing top-level names to ../../build/q_visualizer/q_visualizer.egg-info/top_level.txt
[0.937s] reading manifest file '../../build/q_visualizer/q_visualizer.egg-info/SOURCES.txt'
[0.938s] writing manifest file '../../build/q_visualizer/q_visualizer.egg-info/SOURCES.txt'
[0.938s] running build
[0.938s] running build_py
[0.938s] running install
[0.939s] running install_lib
[0.941s] running install_data
[0.942s] running install_egg_info
[0.945s] removing '/home/gaga/sad_ws/install/q_visualizer/lib/python3.10/site-packages/q_visualizer-0.1.0-py3.10.egg-info' (and everything under it)
[0.945s] Copying ../../build/q_visualizer/q_visualizer.egg-info to /home/gaga/sad_ws/install/q_visualizer/lib/python3.10/site-packages/q_visualizer-0.1.0-py3.10.egg-info
[0.945s] running install_scripts
[0.976s] Installing q_visualizer_node script to /home/gaga/sad_ws/install/q_visualizer/lib/q_visualizer
[0.976s] writing list of installed files to '/home/gaga/sad_ws/build/q_visualizer/install.log'
[1.046s] Invoked command in '/home/gaga/sad_ws/src/q_visualizer' returned '0': PYTHONPATH=/home/gaga/sad_ws/build/q_visualizer/prefix_override:/usr/lib/python3/dist-packages/colcon_core/task/python/colcon_distutils_commands:/home/gaga/sad_ws/install/q_visualizer/lib/python3.10/site-packages:${PYTHONPATH} /usr/bin/python3 -W ignore:setup.py install is deprecated -W ignore:easy_install command is deprecated setup.py egg_info --egg-base ../../build/q_visualizer build --build-base /home/gaga/sad_ws/build/q_visualizer/build install --record /home/gaga/sad_ws/build/q_visualizer/install.log --single-version-externally-managed install_data
