[0.010s] Invoking command in '/home/gaga/sad_ws/build/sad_pkg': CMAKE_PREFIX_PATH=/home/gaga/sad_ws/install/vision_msgs:/home/gaga/sad_ws/install/q_visualizer:/opt/ros/humble:/home/gaga/sad_ws/install/serial:/home/gaga/sad_ws/install:/home/gaga/sad_ws/install/sad_pkg:/home/gaga/sad_ws/install/harvest_master:/home/gaga/sad_ws/install/mani_urdf:/home/gaga/sad_ws/install/harvest_go /usr/bin/cmake --build /home/gaga/sad_ws/build/sad_pkg -- -j20 -l20
[0.067s] [ 29%] Built target obstacle_node
[0.067s] [ 29%] Built target path_node
[0.067s] [ 33%] Built target forward_node
[0.068s] [ 33%] Built target path_test_node
[0.068s] [ 41%] Built target map_node
[0.068s] [ 58%] Built target motor_node
[0.068s] [ 58%] Built target spline_node
[0.068s] [ 66%] Built target rrt_node
[0.073s] [ 79%] [32mBuilding CXX object CMakeFiles/Inverse_node.dir/src/Inverse_node.cpp.o[0m
[0.073s] [ 91%] Built target real_inverse_node
[0.073s] [ 87%] Built target calibration_node
[0.073s] [ 95%] Built target real_path_node
[2.202s] [01m[K/home/gaga/sad_ws/src/sad_pkg/src/Inverse_node.cpp:[m[K In member function ‘[01m[Kvoid ManipulatorNode::timerCallback()[m[K’:
[2.202s] [01m[K/home/gaga/sad_ws/src/sad_pkg/src/Inverse_node.cpp:402:16:[m[K [01;35m[Kwarning: [m[Kunused variable ‘[01m[Kpos_err_norm[m[K’ [[01;35m[K]8;;https://gcc.gnu.org/onlinedocs/gcc/Warning-Options.html#index-Wunused-variable-Wunused-variable]8;;[m[K]
[2.202s]   402 |         double [01;35m[Kpos_err_norm[m[K = position_error.norm();  // 위치 오차 크기 (m)
[2.202s]       |                [01;35m[K^~~~~~~~~~~~[m[K
[2.202s] [01m[K/home/gaga/sad_ws/src/sad_pkg/src/Inverse_node.cpp:415:16:[m[K [01;35m[Kwarning: [m[Kunused variable ‘[01m[Kori_err_deg[m[K’ [[01;35m[K]8;;https://gcc.gnu.org/onlinedocs/gcc/Warning-Options.html#index-Wunused-variable-Wunused-variable]8;;[m[K]
[2.202s]   415 |         double [01;35m[Kori_err_deg[m[K = angle_rad * (180.0 / M_PI);  // 방위 오차 (°)
[2.202s]       |                [01;35m[K^~~~~~~~~~~[m[K
[12.696s] [100%] [32m[1mLinking CXX executable Inverse_node[0m
[13.360s] [100%] Built target Inverse_node
[13.368s] Invoked command in '/home/gaga/sad_ws/build/sad_pkg' returned '0': CMAKE_PREFIX_PATH=/home/gaga/sad_ws/install/vision_msgs:/home/gaga/sad_ws/install/q_visualizer:/opt/ros/humble:/home/gaga/sad_ws/install/serial:/home/gaga/sad_ws/install:/home/gaga/sad_ws/install/sad_pkg:/home/gaga/sad_ws/install/harvest_master:/home/gaga/sad_ws/install/mani_urdf:/home/gaga/sad_ws/install/harvest_go /usr/bin/cmake --build /home/gaga/sad_ws/build/sad_pkg -- -j20 -l20
[13.369s] Invoking command in '/home/gaga/sad_ws/build/sad_pkg': CMAKE_PREFIX_PATH=/home/gaga/sad_ws/install/vision_msgs:/home/gaga/sad_ws/install/q_visualizer:/opt/ros/humble:/home/gaga/sad_ws/install/serial:/home/gaga/sad_ws/install:/home/gaga/sad_ws/install/sad_pkg:/home/gaga/sad_ws/install/harvest_master:/home/gaga/sad_ws/install/mani_urdf:/home/gaga/sad_ws/install/harvest_go /usr/bin/cmake --install /home/gaga/sad_ws/build/sad_pkg
[13.374s] -- Install configuration: ""
[13.374s] -- Up-to-date: /home/gaga/sad_ws/install/sad_pkg/share/sad_pkg/launch
[13.374s] -- Up-to-date: /home/gaga/sad_ws/install/sad_pkg/share/sad_pkg/launch/rviz.launch.py
[13.374s] -- Up-to-date: /home/gaga/sad_ws/install/sad_pkg/share/sad_pkg/launch/real.launch.py
[13.374s] -- Up-to-date: /home/gaga/sad_ws/install/sad_pkg/share/sad_pkg/launch/sad.launch.py
[13.374s] -- Up-to-date: /home/gaga/sad_ws/install/sad_pkg/share/sad_pkg/launch/all.launch.py
[13.374s] -- Up-to-date: /home/gaga/sad_ws/install/sad_pkg/share/sad_pkg/urdf
[13.374s] -- Up-to-date: /home/gaga/sad_ws/install/sad_pkg/share/sad_pkg/urdf/description
[13.374s] -- Installing: /home/gaga/sad_ws/install/sad_pkg/share/sad_pkg/urdf/description/test.xacro
[13.374s] -- Up-to-date: /home/gaga/sad_ws/install/sad_pkg/share/sad_pkg/urdf/description/sad.xacro
[13.374s] -- Up-to-date: /home/gaga/sad_ws/install/sad_pkg/share/sad_pkg/urdf/description/all.xacro
[13.374s] -- Up-to-date: /home/gaga/sad_ws/install/sad_pkg/share/sad_pkg/meshes
[13.374s] -- Up-to-date: /home/gaga/sad_ws/install/sad_pkg/share/sad_pkg/meshes/next.stl
[13.374s] -- Up-to-date: /home/gaga/sad_ws/install/sad_pkg/share/sad_pkg/meshes/link3.stl
[13.374s] -- Up-to-date: /home/gaga/sad_ws/install/sad_pkg/share/sad_pkg/meshes/link1.stl
[13.374s] -- Up-to-date: /home/gaga/sad_ws/install/sad_pkg/share/sad_pkg/meshes/link5.stl
[13.374s] -- Up-to-date: /home/gaga/sad_ws/install/sad_pkg/share/sad_pkg/meshes/link6.stl
[13.374s] -- Up-to-date: /home/gaga/sad_ws/install/sad_pkg/share/sad_pkg/meshes/link7.stl
[13.374s] -- Up-to-date: /home/gaga/sad_ws/install/sad_pkg/share/sad_pkg/meshes/link2.stl
[13.375s] -- Up-to-date: /home/gaga/sad_ws/install/sad_pkg/share/sad_pkg/meshes/mani.stl
[13.375s] -- Up-to-date: /home/gaga/sad_ws/install/sad_pkg/share/sad_pkg/meshes/link4.stl
[13.375s] -- Up-to-date: /home/gaga/sad_ws/install/sad_pkg/share/sad_pkg/meshes/endeffector.stl
[13.375s] -- Up-to-date: /home/gaga/sad_ws/install/sad_pkg/share/sad_pkg/config
[13.375s] -- Up-to-date: /home/gaga/sad_ws/install/sad_pkg/share/sad_pkg/config/install
[13.375s] -- Up-to-date: /home/gaga/sad_ws/install/sad_pkg/share/sad_pkg/config/install/setup.zsh
[13.375s] -- Up-to-date: /home/gaga/sad_ws/install/sad_pkg/share/sad_pkg/config/install/local_setup.bash
[13.375s] -- Up-to-date: /home/gaga/sad_ws/install/sad_pkg/share/sad_pkg/config/install/setup.ps1
[13.375s] -- Up-to-date: /home/gaga/sad_ws/install/sad_pkg/share/sad_pkg/config/install/setup.sh
[13.375s] -- Up-to-date: /home/gaga/sad_ws/install/sad_pkg/share/sad_pkg/config/install/COLCON_IGNORE
[13.375s] -- Up-to-date: /home/gaga/sad_ws/install/sad_pkg/share/sad_pkg/config/install/_local_setup_util_sh.py
[13.375s] -- Up-to-date: /home/gaga/sad_ws/install/sad_pkg/share/sad_pkg/config/install/_local_setup_util_ps1.py
[13.375s] -- Up-to-date: /home/gaga/sad_ws/install/sad_pkg/share/sad_pkg/config/install/setup.bash
[13.375s] -- Up-to-date: /home/gaga/sad_ws/install/sad_pkg/share/sad_pkg/config/install/local_setup.sh
[13.375s] -- Up-to-date: /home/gaga/sad_ws/install/sad_pkg/share/sad_pkg/config/install/.colcon_install_layout
[13.375s] -- Up-to-date: /home/gaga/sad_ws/install/sad_pkg/share/sad_pkg/config/install/local_setup.ps1
[13.375s] -- Up-to-date: /home/gaga/sad_ws/install/sad_pkg/share/sad_pkg/config/install/local_setup.zsh
[13.375s] -- Up-to-date: /home/gaga/sad_ws/install/sad_pkg/share/sad_pkg/config/build
[13.375s] -- Up-to-date: /home/gaga/sad_ws/install/sad_pkg/share/sad_pkg/config/build/COLCON_IGNORE
[13.375s] -- Up-to-date: /home/gaga/sad_ws/install/sad_pkg/share/sad_pkg/config/build/.built_by
[13.375s] -- Up-to-date: /home/gaga/sad_ws/install/sad_pkg/share/sad_pkg/config/sad_controllers.yaml
[13.375s] -- Up-to-date: /home/gaga/sad_ws/install/sad_pkg/share/sad_pkg/config/log
[13.375s] -- Up-to-date: /home/gaga/sad_ws/install/sad_pkg/share/sad_pkg/config/log/latest_build
[13.375s] -- Up-to-date: /home/gaga/sad_ws/install/sad_pkg/share/sad_pkg/config/log/latest
[13.375s] -- Up-to-date: /home/gaga/sad_ws/install/sad_pkg/share/sad_pkg/config/log/build_2025-04-02_10-07-56
[13.375s] -- Up-to-date: /home/gaga/sad_ws/install/sad_pkg/share/sad_pkg/config/log/build_2025-04-02_10-07-56/logger_all.log
[13.375s] -- Up-to-date: /home/gaga/sad_ws/install/sad_pkg/share/sad_pkg/config/log/build_2025-04-02_10-07-56/events.log
[13.375s] -- Up-to-date: /home/gaga/sad_ws/install/sad_pkg/share/sad_pkg/config/log/COLCON_IGNORE
[13.375s] -- Up-to-date: /home/gaga/sad_ws/install/sad_pkg/lib/sad_pkg/forward_node
[13.375s] -- Up-to-date: /home/gaga/sad_ws/install/sad_pkg/lib/sad_pkg/rrt_node
[13.375s] -- Up-to-date: /home/gaga/sad_ws/install/sad_pkg/lib/sad_pkg/obstacle_node
[13.375s] -- Up-to-date: /home/gaga/sad_ws/install/sad_pkg/lib/sad_pkg/spline_node
[13.375s] -- Up-to-date: /home/gaga/sad_ws/install/sad_pkg/lib/sad_pkg/map_node
[13.375s] -- Up-to-date: /home/gaga/sad_ws/install/sad_pkg/lib/sad_pkg/path_node
[13.375s] -- Up-to-date: /home/gaga/sad_ws/install/sad_pkg/lib/sad_pkg/path_test_node
[13.375s] -- Installing: /home/gaga/sad_ws/install/sad_pkg/lib/sad_pkg/Inverse_node
[13.380s] -- Set runtime path of "/home/gaga/sad_ws/install/sad_pkg/lib/sad_pkg/Inverse_node" to ""
[13.381s] -- Up-to-date: /home/gaga/sad_ws/install/sad_pkg/lib/sad_pkg/real_inverse_node
[13.381s] -- Up-to-date: /home/gaga/sad_ws/install/sad_pkg/lib/sad_pkg/motor_node
[13.381s] -- Up-to-date: /home/gaga/sad_ws/install/sad_pkg/lib/sad_pkg/calibration_node
[13.381s] -- Up-to-date: /home/gaga/sad_ws/install/sad_pkg/lib/sad_pkg/real_path_node
[13.381s] -- Up-to-date: /home/gaga/sad_ws/install/sad_pkg/share/ament_index/resource_index/package_run_dependencies/sad_pkg
[13.381s] -- Up-to-date: /home/gaga/sad_ws/install/sad_pkg/share/ament_index/resource_index/parent_prefix_path/sad_pkg
[13.381s] -- Up-to-date: /home/gaga/sad_ws/install/sad_pkg/share/sad_pkg/environment/ament_prefix_path.sh
[13.381s] -- Up-to-date: /home/gaga/sad_ws/install/sad_pkg/share/sad_pkg/environment/ament_prefix_path.dsv
[13.381s] -- Up-to-date: /home/gaga/sad_ws/install/sad_pkg/share/sad_pkg/environment/path.sh
[13.381s] -- Up-to-date: /home/gaga/sad_ws/install/sad_pkg/share/sad_pkg/environment/path.dsv
[13.381s] -- Up-to-date: /home/gaga/sad_ws/install/sad_pkg/share/sad_pkg/local_setup.bash
[13.381s] -- Up-to-date: /home/gaga/sad_ws/install/sad_pkg/share/sad_pkg/local_setup.sh
[13.381s] -- Up-to-date: /home/gaga/sad_ws/install/sad_pkg/share/sad_pkg/local_setup.zsh
[13.381s] -- Up-to-date: /home/gaga/sad_ws/install/sad_pkg/share/sad_pkg/local_setup.dsv
[13.381s] -- Installing: /home/gaga/sad_ws/install/sad_pkg/share/sad_pkg/package.dsv
[13.381s] -- Up-to-date: /home/gaga/sad_ws/install/sad_pkg/share/ament_index/resource_index/packages/sad_pkg
[13.381s] -- Up-to-date: /home/gaga/sad_ws/install/sad_pkg/share/sad_pkg/cmake/sad_pkgConfig.cmake
[13.381s] -- Up-to-date: /home/gaga/sad_ws/install/sad_pkg/share/sad_pkg/cmake/sad_pkgConfig-version.cmake
[13.381s] -- Up-to-date: /home/gaga/sad_ws/install/sad_pkg/share/sad_pkg/package.xml
[13.383s] Invoked command in '/home/gaga/sad_ws/build/sad_pkg' returned '0': CMAKE_PREFIX_PATH=/home/gaga/sad_ws/install/vision_msgs:/home/gaga/sad_ws/install/q_visualizer:/opt/ros/humble:/home/gaga/sad_ws/install/serial:/home/gaga/sad_ws/install:/home/gaga/sad_ws/install/sad_pkg:/home/gaga/sad_ws/install/harvest_master:/home/gaga/sad_ws/install/mani_urdf:/home/gaga/sad_ws/install/harvest_go /usr/bin/cmake --install /home/gaga/sad_ws/build/sad_pkg
