[35m[1mConsolidate compiler generated dependencies of target calibration_node[0m
[ 63%] Built target map_node
[ 63%] Built target path_test_node
[ 63%] Built target obstacle_node
[ 63%] Built target spline_node
[ 63%] Built target rrt_node
[ 63%] Built target Inverse_node
[ 63%] Built target motor_node
[ 72%] Built target forward_node
[ 81%] Built target path_node
[ 90%] Built target real_inverse_node
[ 95%] [32mBuilding CXX object CMakeFiles/calibration_node.dir/src/calibration_node.cpp.o[0m
[01m[K/home/gaga/sad_ws/src/sad_pkg/src/calibration_node.cpp:[m[K In member function ‘[01m[Kvoid RSNode::jointCallback(sensor_msgs::msg::JointState_<std::allocator<void> >::SharedPtr)[m[K’:
[01m[K/home/gaga/sad_ws/src/sad_pkg/src/calibration_node.cpp:95:34:[m[K [01;31m[Kerror: [m[K‘[01m[Kcurrent_joint_map[m[K’ was not declared in this scope
   95 |             initial_joint_map_ = [01;31m[Kcurrent_joint_map[m[K;
      |                                  [01;31m[K^~~~~~~~~~~~~~~~~[m[K
[01m[K/home/gaga/sad_ws/src/sad_pkg/src/calibration_node.cpp:112:9:[m[K [01;31m[Kerror: [m[K‘[01m[Konst[m[K’ was not declared in this scope
  112 |         [01;31m[Konst[m[K auto& selected_joint_map = use_initial_joint ? initial_joint_map_ : current_joint_map;
      |         [01;31m[K^~~~[m[K
[01m[K/home/gaga/sad_ws/src/sad_pkg/src/calibration_node.cpp:114:25:[m[K [01;31m[Kerror: [m[K‘[01m[Kselected_joint_map[m[K’ was not declared in this scope
  114 |         double theta1 = [01;31m[Kselected_joint_map[m[K.at("joint1");
      |                         [01;31m[K^~~~~~~~~~~~~~~~~~[m[K
[01m[K/home/gaga/sad_ws/src/sad_pkg/src/calibration_node.cpp:156:9:[m[K [01;31m[Kerror: [m[Kexpected ‘[01m[K;[m[K’ before ‘[01m[Kgoal_processed_[m[K’
  156 |         [01;31m[Kgoal_processed_[m[K = true;
      |         [01;31m[K^~~~~~~~~~~~~~~[m[K
gmake[2]: *** [CMakeFiles/calibration_node.dir/build.make:76: CMakeFiles/calibration_node.dir/src/calibration_node.cpp.o] Error 1
gmake[1]: *** [CMakeFiles/Makefile2:417: CMakeFiles/calibration_node.dir/all] Error 2
gmake: *** [Makefile:146: all] Error 2
