[35m[1mConsolidate compiler generated dependencies of target real_inverse_node[0m
[ 30%] Built target map_node
[ 30%] Built target forward_node
[ 30%] Built target rrt_node
[ 40%] Built target obstacle_node
[ 50%] Built target path_test_node
[ 55%] [32mBuilding CXX object CMakeFiles/path_node.dir/src/path_node.cpp.o[0m
[ 65%] Built target spline_node
[ 70%] [32mBuilding CXX object CMakeFiles/motor_node.dir/src/motor_node.cpp.o[0m
[ 80%] Built target Inverse_node
[ 85%] [32mBuilding CXX object CMakeFiles/real_inverse_node.dir/src/real_inverse_node.cpp.o[0m
[01m[K/home/gaga/sad_ws/src/sad_pkg/src/path_node.cpp:70:45:[m[K [01;31m[Kerror: [m[K‘[01m[KBool[m[K’ in namespace ‘[01m[Kstd_msgs::msg[m[K’ does not name a type
   70 |     void startCallback(const std_msgs::msg::[01;31m[KBool[m[K::SharedPtr msg) {
      |                                             [01;31m[K^~~~[m[K
[01m[K/home/gaga/sad_ws/src/sad_pkg/src/path_node.cpp:70:61:[m[K [01;31m[Kerror: [m[Kexpected unqualified-id before ‘[01m[Kmsg[m[K’
   70 |     void startCallback(const std_msgs::msg::Bool::SharedPtr [01;31m[Kmsg[m[K) {
      |                                                             [01;31m[K^~~[m[K
[01m[K/home/gaga/sad_ws/src/sad_pkg/src/path_node.cpp:70:60:[m[K [01;31m[Kerror: [m[Kexpected ‘[01m[K)[m[K’ before ‘[01m[Kmsg[m[K’
   70 |     void startCallback[34m[K([m[Kconst std_msgs::msg::Bool::SharedPtr[01;31m[K [m[K[32m[Kmsg[m[K) {
      |                       [34m[K~[m[K                                    [01;31m[K^[m[K[32m[K~~~[m[K
      |                                                            [32m[K)[m[K
[01m[K/home/gaga/sad_ws/src/sad_pkg/src/path_node.cpp:70:51:[m[K [01;31m[Kerror: [m[Kexpected ‘[01m[K;[m[K’ at end of member declaration
   70 |     void startCallback(const std_msgs::msg::Bool::[01;31m[KSharedPtr[m[K msg) {
      |                                                   [01;31m[K^~~~~~~~~[m[K
      |                                                            [32m[K;[m[K
[01m[K/home/gaga/sad_ws/src/sad_pkg/src/path_node.cpp:70:61:[m[K [01;31m[Kerror: [m[K‘[01m[Kmsg[m[K’ does not name a type
   70 |     void startCallback(const std_msgs::msg::Bool::SharedPtr [01;31m[Kmsg[m[K) {
      |                                                             [01;31m[K^~~[m[K
[01m[K/home/gaga/sad_ws/src/sad_pkg/src/path_node.cpp:529:41:[m[K [01;31m[Kerror: [m[K‘[01m[KBool[m[K’ is not a member of ‘[01m[Kstd_msgs::msg[m[K’
  529 |     rclcpp::Subscription<std_msgs::msg::[01;31m[KBool[m[K>::SharedPtr start_sub_;
      |                                         [01;31m[K^~~~[m[K
[01m[K/home/gaga/sad_ws/src/sad_pkg/src/path_node.cpp:529:45:[m[K [01;31m[Kerror: [m[Ktemplate argument 1 is invalid
  529 |     rclcpp::Subscription<std_msgs::msg::Bool[01;31m[K>[m[K::SharedPtr start_sub_;
      |                                             [01;31m[K^[m[K
[01m[K/home/gaga/sad_ws/src/sad_pkg/src/path_node.cpp:529:45:[m[K [01;31m[Kerror: [m[Ktemplate argument 3 is invalid
[01m[K/home/gaga/sad_ws/src/sad_pkg/src/path_node.cpp:529:45:[m[K [01;31m[Kerror: [m[Ktemplate argument 4 is invalid
[01m[K/home/gaga/sad_ws/src/sad_pkg/src/path_node.cpp:529:45:[m[K [01;31m[Kerror: [m[Ktemplate argument 5 is invalid
[01m[K/home/gaga/sad_ws/src/sad_pkg/src/path_node.cpp:529:48:[m[K [01;31m[Kerror: [m[Kexpected ‘[01m[K;[m[K’ at end of member declaration
  529 |     rclcpp::Subscription<std_msgs::msg::Bool>::[01;31m[KSharedPtr[m[K start_sub_;
      |                                                [01;31m[K^~~~~~~~~[m[K
      |                                                         [32m[K;[m[K
[01m[K/home/gaga/sad_ws/src/sad_pkg/src/path_node.cpp:529:58:[m[K [01;31m[Kerror: [m[K‘[01m[Kstart_sub_[m[K’ does not name a type
  529 |     rclcpp::Subscription<std_msgs::msg::Bool>::SharedPtr [01;31m[Kstart_sub_[m[K;
      |                                                          [01;31m[K^~~~~~~~~~[m[K
[01m[K/home/gaga/sad_ws/src/sad_pkg/src/path_node.cpp:[m[K In constructor ‘[01m[KRSNode::RSNode()[m[K’:
[01m[K/home/gaga/sad_ws/src/sad_pkg/src/path_node.cpp:51:9:[m[K [01;31m[Kerror: [m[K‘[01m[Kstart_sub_[m[K’ was not declared in this scope
   51 |         [01;31m[Kstart_sub_[m[K = this->create_subscription<std_msgs::msg::Bool>(
      |         [01;31m[K^~~~~~~~~~[m[K
[01m[K/home/gaga/sad_ws/src/sad_pkg/src/path_node.cpp:51:63:[m[K [01;31m[Kerror: [m[K‘[01m[KBool[m[K’ is not a member of ‘[01m[Kstd_msgs::msg[m[K’
   51 |         start_sub_ = this->create_subscription<std_msgs::msg::[01;31m[KBool[m[K>(
      |                                                               [01;31m[K^~~~[m[K
[01m[K/home/gaga/sad_ws/src/sad_pkg/src/path_node.cpp:51:68:[m[K [01;31m[Kerror: [m[Kno matching function for call to ‘[01m[KRSNode::create_subscription<<expression error> >(const char [15], int, std::_Bind_helper<false, void (RSNode::*)(...), RSNode*, const std::_Placeholder<1>&>::type)[m[K’
   51 |         start_sub_ = [01;31m[Kthis->create_subscription<std_msgs::msg::Bool>([m[K
      |                      [01;31m[K~~~~~~~~~~~~~~~~~~~~~~~~~~~~~~~~~~~~~~~~~~~~~~^[m[K
   52 | [01;31m[K            "/start_command", 10,[m[K
      |             [01;31m[K~~~~~~~~~~~~~~~~~~~~~[m[K                                   
   53 | [01;31m[K            std::bind(&RSNode::startCallback, this, std::placeholders::_1)[m[K
      |             [01;31m[K~~~~~~~~~~~~~~~~~~~~~~~~~~~~~~~~~~~~~~~~~~~~~~~~~~~~~~~~~~~~~~[m[K
   54 | [01;31m[K        )[m[K;
      |         [01;31m[K~[m[K                                                           
In file included from [01m[K/opt/ros/humble/include/rclcpp/rclcpp/node.hpp:1321[m[K,
                 from [01m[K/opt/ros/humble/include/rclcpp/rclcpp/executors/single_threaded_executor.hpp:28[m[K,
                 from [01m[K/opt/ros/humble/include/rclcpp/rclcpp/executors.hpp:22[m[K,
                 from [01m[K/opt/ros/humble/include/rclcpp/rclcpp/rclcpp.hpp:155[m[K,
                 from [01m[K/home/gaga/sad_ws/src/sad_pkg/src/path_node.cpp:3[m[K:
[01m[K/opt/ros/humble/include/rclcpp/rclcpp/node_impl.hpp:92:1:[m[K [01;36m[Knote: [m[Kcandidate: ‘[01m[Ktemplate<class MessageT, class CallbackT, class AllocatorT, class SubscriptionT, class MessageMemoryStrategyT> std::shared_ptr<ROSMessageT> rclcpp::Node::create_subscription(const string&, const rclcpp::QoS&, CallbackT&&, const rclcpp::SubscriptionOptionsWithAllocator<AllocatorT>&, typename MessageMemoryStrategyT::SharedPtr)[m[K’
   92 | [01;36m[KNode[m[K::create_subscription(
      | [01;36m[K^~~~[m[K
[01m[K/opt/ros/humble/include/rclcpp/rclcpp/node_impl.hpp:92:1:[m[K [01;36m[Knote: [m[K  template argument deduction/substitution failed:
[01m[K/home/gaga/sad_ws/src/sad_pkg/src/path_node.cpp:51:68:[m[K [01;31m[Kerror: [m[Ktemplate argument 1 is invalid
   51 |         start_sub_ = [01;31m[Kthis->create_subscription<std_msgs::msg::Bool>([m[K
      |                      [01;31m[K~~~~~~~~~~~~~~~~~~~~~~~~~~~~~~~~~~~~~~~~~~~~~~^[m[K
   52 | [01;31m[K            "/start_command", 10,[m[K
      |             [01;31m[K~~~~~~~~~~~~~~~~~~~~~[m[K                                   
   53 | [01;31m[K            std::bind(&RSNode::startCallback, this, std::placeholders::_1)[m[K
      |             [01;31m[K~~~~~~~~~~~~~~~~~~~~~~~~~~~~~~~~~~~~~~~~~~~~~~~~~~~~~~~~~~~~~~[m[K
   54 | [01;31m[K        )[m[K;
      |         [01;31m[K~[m[K                                                           
[01m[K/home/gaga/sad_ws/src/sad_pkg/src/real_inverse_node.cpp:252:38:[m[K [01;31m[Kerror: [m[K‘[01m[KBool[m[K’ is not a member of ‘[01m[Kstd_msgs::msg[m[K’
  252 |     rclcpp::Publisher<std_msgs::msg::[01;31m[KBool[m[K>::SharedPtr movement_done_pub_;
      |                                      [01;31m[K^~~~[m[K
[01m[K/home/gaga/sad_ws/src/sad_pkg/src/real_inverse_node.cpp:252:42:[m[K [01;31m[Kerror: [m[Ktemplate argument 1 is invalid
  252 |     rclcpp::Publisher<std_msgs::msg::Bool[01;31m[K>[m[K::SharedPtr movement_done_pub_;
      |                                          [01;31m[K^[m[K
[01m[K/home/gaga/sad_ws/src/sad_pkg/src/real_inverse_node.cpp:252:45:[m[K [01;31m[Kerror: [m[Kexpected ‘[01m[K;[m[K’ at end of member declaration
  252 |     rclcpp::Publisher<std_msgs::msg::Bool>::[01;31m[KSharedPtr[m[K movement_done_pub_;
      |                                             [01;31m[K^~~~~~~~~[m[K
      |                                                      [32m[K;[m[K
[01m[K/home/gaga/sad_ws/src/sad_pkg/src/real_inverse_node.cpp:252:55:[m[K [01;31m[Kerror: [m[K‘[01m[Kmovement_done_pub_[m[K’ does not name a type
  252 |     rclcpp::Publisher<std_msgs::msg::Bool>::SharedPtr [01;31m[Kmovement_done_pub_[m[K;
      |                                                       [01;31m[K^~~~~~~~~~~~~~~~~~[m[K
[01m[K/home/gaga/sad_ws/src/sad_pkg/src/real_inverse_node.cpp:[m[K In constructor ‘[01m[KManipulatorNode::ManipulatorNode()[m[K’:
[01m[K/home/gaga/sad_ws/src/sad_pkg/src/real_inverse_node.cpp:225:9:[m[K [01;31m[Kerror: [m[K‘[01m[Kmovement_done_pub_[m[K’ was not declared in this scope
  225 |         [01;31m[Kmovement_done_pub_[m[K = this->create_publisher<std_msgs::msg::Bool>("/movement_complete", 10);
      |         [01;31m[K^~~~~~~~~~~~~~~~~~[m[K
[01m[K/home/gaga/sad_ws/src/sad_pkg/src/real_inverse_node.cpp:225:68:[m[K [01;31m[Kerror: [m[K‘[01m[KBool[m[K’ is not a member of ‘[01m[Kstd_msgs::msg[m[K’
  225 |         movement_done_pub_ = this->create_publisher<std_msgs::msg::[01;31m[KBool[m[K>("/movement_complete", 10);
      |                                                                    [01;31m[K^~~~[m[K
[01m[K/home/gaga/sad_ws/src/sad_pkg/src/real_inverse_node.cpp:225:73:[m[K [01;31m[Kerror: [m[Kno matching function for call to ‘[01m[KManipulatorNode::create_publisher<<expression error> >(const char [19], int)[m[K’
  225 |         movement_done_pub_ = [01;31m[Kthis->create_publisher<std_msgs::msg::Bool>("/movement_complete", 10)[m[K;
      |                              [01;31m[K~~~~~~~~~~~~~~~~~~~~~~~~~~~~~~~~~~~~~~~~~~~^~~~~~~~~~~~~~~~~~~~~~~~~~[m[K
In file included from [01m[K/opt/ros/humble/include/rclcpp/rclcpp/node.hpp:1321[m[K,
                 from [01m[K/opt/ros/humble/include/rclcpp/rclcpp/executors/single_threaded_executor.hpp:28[m[K,
                 from [01m[K/opt/ros/humble/include/rclcpp/rclcpp/executors.hpp:22[m[K,
                 from [01m[K/opt/ros/humble/include/rclcpp/rclcpp/rclcpp.hpp:155[m[K,
                 from [01m[K/home/gaga/sad_ws/src/sad_pkg/src/real_inverse_node.cpp:8[m[K:
[01m[K/opt/ros/humble/include/rclcpp/rclcpp/node_impl.hpp:73:1:[m[K [01;36m[Knote: [m[Kcandidate: ‘[01m[Ktemplate<class MessageT, class AllocatorT, class PublisherT> std::shared_ptr<PublisherT> rclcpp::Node::create_publisher(const string&, const rclcpp::QoS&, const rclcpp::PublisherOptionsWithAllocator<AllocatorT>&)[m[K’
   73 | [01;36m[KNode[m[K::create_publisher(
      | [01;36m[K^~~~[m[K
[01m[K/opt/ros/humble/include/rclcpp/rclcpp/node_impl.hpp:73:1:[m[K [01;36m[Knote: [m[K  template argument deduction/substitution failed:
[01m[K/home/gaga/sad_ws/src/sad_pkg/src/real_inverse_node.cpp:225:73:[m[K [01;31m[Kerror: [m[Ktemplate argument 1 is invalid
  225 |         movement_done_pub_ = [01;31m[Kthis->create_publisher<std_msgs::msg::Bool>("/movement_complete", 10)[m[K;
      |                              [01;31m[K~~~~~~~~~~~~~~~~~~~~~~~~~~~~~~~~~~~~~~~~~~~^~~~~~~~~~~~~~~~~~~~~~~~~~[m[K
[01m[K/home/gaga/sad_ws/src/sad_pkg/src/real_inverse_node.cpp:[m[K In member function ‘[01m[Kvoid ManipulatorNode::timerCallback()[m[K’:
[01m[K/home/gaga/sad_ws/src/sad_pkg/src/real_inverse_node.cpp:360:32:[m[K [01;31m[Kerror: [m[K‘[01m[KBool[m[K’ is not a member of ‘[01m[Kstd_msgs::msg[m[K’
  360 |                 std_msgs::msg::[01;31m[KBool[m[K done_msg;
      |                                [01;31m[K^~~~[m[K
[01m[K/home/gaga/sad_ws/src/sad_pkg/src/real_inverse_node.cpp:361:17:[m[K [01;31m[Kerror: [m[K‘[01m[Kdone_msg[m[K’ was not declared in this scope
  361 |                 [01;31m[Kdone_msg[m[K.data = true;
      |                 [01;31m[K^~~~~~~~[m[K
[01m[K/home/gaga/sad_ws/src/sad_pkg/src/real_inverse_node.cpp:362:17:[m[K [01;31m[Kerror: [m[K‘[01m[Kmovement_done_pub_[m[K’ was not declared in this scope
  362 |                 [01;31m[Kmovement_done_pub_[m[K->publish(done_msg);
      |                 [01;31m[K^~~~~~~~~~~~~~~~~~[m[K
gmake[2]: *** [CMakeFiles/path_node.dir/build.make:76: CMakeFiles/path_node.dir/src/path_node.cpp.o] Error 1
gmake[1]: *** [CMakeFiles/Makefile2:285: CMakeFiles/path_node.dir/all] Error 2
gmake[1]: *** Waiting for unfinished jobs....
[ 90%] [32m[1mLinking CXX executable motor_node[0m
[ 90%] Built target motor_node
gmake[2]: *** [CMakeFiles/real_inverse_node.dir/build.make:76: CMakeFiles/real_inverse_node.dir/src/real_inverse_node.cpp.o] Error 1
gmake[1]: *** [CMakeFiles/Makefile2:363: CMakeFiles/real_inverse_node.dir/all] Error 2
gmake: *** [Makefile:146: all] Error 2
