[0.007s] Invoking command in '/home/gaga/sad_ws/build/sad_pkg': CMAKE_PREFIX_PATH=/home/gaga/sad_ws/install:/home/gaga/sad_ws/install/sad_pkg:/home/gaga/sad_ws/install/serial:/home/gaga/sad_ws/install/my_vision_msgs:/home/gaga/sad_ws/install/mani_urdf:/home/gaga/turtlebot3_ws/install/turtlebot3:/home/gaga/turtlebot3_ws/install/turtlebot3_simulations:/home/gaga/turtlebot3_ws/install/turtlebot3_bringup:/home/gaga/turtlebot3_ws/install/turtlebot3_node:/home/gaga/turtlebot3_ws/install/turtlebot3_navigation2:/home/gaga/turtlebot3_ws/install/turtlebot3_fake_node:/home/gaga/turtlebot3_ws/install/robot_master:/home/gaga/turtlebot3_ws/install/turtlebot3_msgs:/home/gaga/turtlebot3_ws/install/turtlebot3_gazebo:/home/gaga/turtlebot3_ws/install/turtlebot3_description:/home/gaga/turtlebot3_ws/install/turtlebot3_cartographer:/home/gaga/turtlebot3_ws/install/robot_vision:/home/gaga/turtlebot3_ws/install/robot_navigation:/home/gaga/turtlebot3_ws/install/robot_msgs:/home/gaga/turtlebot3_ws/install/dynamixel_sdk_examples:/home/gaga/turtlebot3_ws/install/dynamixel_sdk_custom_interfaces:/home/gaga/turtlebot3_ws/install/dynamixel_sdk:/home/gaga/ssibal_ws/install/robot_msgs:/home/gaga/sad_ws/src/install/vision_msgs:/home/gaga/sad_ws/src/install/sad_pkg:/home/gaga/turtlebot3_ws/install/turtlebot3_teleop:/home/gaga/turtlebot3_ws/install/turtlebot3_example:/opt/ros/humble:/home/gaga/sad_ws/src/install/serial:/home/gaga/sad_ws/src/install/my_vision_msgs:/home/gaga/sad_ws/src/install/mani_urdf:/home/gaga/robotprograming_ws/install/rp_pkg:/home/gaga/sad_ws/src/sad_pkg/install/sad_pkg /usr/bin/cmake /home/gaga/sad_ws/src/sad_pkg -DCMAKE_INSTALL_PREFIX=/home/gaga/sad_ws/install/sad_pkg
[0.053s] -- The C compiler identification is GNU 11.4.0
[0.095s] -- The CXX compiler identification is GNU 11.4.0
[0.099s] -- Detecting C compiler ABI info
[0.156s] -- Detecting C compiler ABI info - done
[0.160s] -- Check for working C compiler: /usr/bin/cc - skipped
[0.160s] -- Detecting C compile features
[0.160s] -- Detecting C compile features - done
[0.162s] -- Detecting CXX compiler ABI info
[0.220s] -- Detecting CXX compiler ABI info - done
[0.225s] -- Check for working CXX compiler: /usr/bin/c++ - skipped
[0.225s] -- Detecting CXX compile features
[0.225s] -- Detecting CXX compile features - done
[0.228s] -- Found ament_cmake: 1.3.11 (/opt/ros/humble/share/ament_cmake/cmake)
[0.346s] -- Found Python3: /usr/bin/python3 (found version "3.10.12") found components: Interpreter 
[0.419s] -- Found rclcpp: 16.0.12 (/opt/ros/humble/share/rclcpp/cmake)
[0.461s] -- Found rosidl_generator_c: 3.1.6 (/opt/ros/humble/share/rosidl_generator_c/cmake)
[0.466s] -- Found rosidl_adapter: 3.1.6 (/opt/ros/humble/share/rosidl_adapter/cmake)
[0.473s] -- Found rosidl_generator_cpp: 3.1.6 (/opt/ros/humble/share/rosidl_generator_cpp/cmake)
[0.482s] -- Using all available rosidl_typesupport_c: rosidl_typesupport_fastrtps_c;rosidl_typesupport_introspection_c
[0.494s] -- Using all available rosidl_typesupport_cpp: rosidl_typesupport_fastrtps_cpp;rosidl_typesupport_introspection_cpp
[0.526s] -- Found rmw_implementation_cmake: 6.1.2 (/opt/ros/humble/share/rmw_implementation_cmake/cmake)
[0.529s] -- Found rmw_fastrtps_cpp: 6.2.7 (/opt/ros/humble/share/rmw_fastrtps_cpp/cmake)
[0.602s] -- Found OpenSSL: /usr/lib/x86_64-linux-gnu/libcrypto.so (found version "3.0.2")  
[0.624s] -- Found FastRTPS: /opt/ros/humble/include  
[0.657s] -- Using RMW implementation 'rmw_fastrtps_cpp' as default
[0.665s] -- Looking for pthread.h
[0.719s] -- Looking for pthread.h - found
[0.719s] -- Performing Test CMAKE_HAVE_LIBC_PTHREAD
[0.775s] -- Performing Test CMAKE_HAVE_LIBC_PTHREAD - Success
[0.776s] -- Found Threads: TRUE  
[0.816s] -- Found visualization_msgs: 4.8.0 (/opt/ros/humble/share/visualization_msgs/cmake)
[0.849s] -- Found trajectory_msgs: 4.8.0 (/opt/ros/humble/share/trajectory_msgs/cmake)
[0.860s] -- Found xacro: 2.0.13 (/opt/ros/humble/share/xacro/cmake)
[0.862s] -- Found ros2_control: 2.50.0 (/opt/ros/humble/share/ros2_control/cmake)
[0.864s] -- Found gazebo_ros2_control: 0.4.10 (/opt/ros/humble/share/gazebo_ros2_control/cmake)
[0.974s] -- Found PkgConfig: /usr/bin/pkg-config (found version "0.29.2") 
[0.975s] -- Checking for module 'bullet>=2.82'
[0.987s] --   Found bullet, version 3.05
[1.094s] -- Found fcl: /usr/include (found suitable version "0.7.0", minimum required is "0.5.0") 
[1.142s] -- Found assimp: /usr/include (found version "5.2.0") 
[1.163s] -- Found DART: /usr/include (Required is at least version "6.6") found components: dart 
[1.187s] -- Found Boost: /usr/lib/x86_64-linux-gnu/cmake/Boost-1.74.0/BoostConfig.cmake (found suitable version "1.74.0", minimum required is "1.40.0") found components: thread system filesystem program_options regex iostreams date_time 
[1.198s] -- Found Protobuf: /usr/lib/x86_64-linux-gnu/libprotobuf.so (found version "3.12.4") 
[1.203s] -- Looking for ignition-math6 -- found version 6.15.1
[1.208s] -- Searching for dependencies of ignition-math6
[1.209s] -- Looking for OGRE...
[1.209s] -- OGRE_PREFIX_WATCH changed.
[1.214s] -- Checking for module 'OGRE'
[1.226s] --   Found OGRE, version 1.9.0
[1.276s] -- Found Ogre Ghadamon (1.9.0)
[1.285s] -- Found OGRE: optimized;/usr/lib/x86_64-linux-gnu/libOgreMain.so;debug;/usr/lib/x86_64-linux-gnu/libOgreMain.so
[1.291s] -- Looking for OGRE_Paging...
[1.295s] -- Found OGRE_Paging: optimized;/usr/lib/x86_64-linux-gnu/libOgrePaging.so;debug;/usr/lib/x86_64-linux-gnu/libOgrePaging.so
[1.295s] -- Looking for OGRE_Terrain...
[1.299s] -- Found OGRE_Terrain: optimized;/usr/lib/x86_64-linux-gnu/libOgreTerrain.so;debug;/usr/lib/x86_64-linux-gnu/libOgreTerrain.so
[1.299s] -- Looking for OGRE_Property...
[1.303s] -- Found OGRE_Property: optimized;/usr/lib/x86_64-linux-gnu/libOgreProperty.so;debug;/usr/lib/x86_64-linux-gnu/libOgreProperty.so
[1.303s] -- Looking for OGRE_RTShaderSystem...
[1.307s] -- Found OGRE_RTShaderSystem: optimized;/usr/lib/x86_64-linux-gnu/libOgreRTShaderSystem.so;debug;/usr/lib/x86_64-linux-gnu/libOgreRTShaderSystem.so
[1.307s] -- Looking for OGRE_Volume...
[1.311s] -- Found OGRE_Volume: optimized;/usr/lib/x86_64-linux-gnu/libOgreVolume.so;debug;/usr/lib/x86_64-linux-gnu/libOgreVolume.so
[1.311s] -- Looking for OGRE_Overlay...
[1.315s] -- Found OGRE_Overlay: optimized;/usr/lib/x86_64-linux-gnu/libOgreOverlay.so;debug;/usr/lib/x86_64-linux-gnu/libOgreOverlay.so
[1.406s] -- Looking for ignition-math6 -- found version 6.15.1
[1.408s] -- Looking for ignition-transport8 -- found version 8.2.1
[1.408s] -- Searching for dependencies of ignition-transport8
[1.422s] -- Found Protobuf: /usr/lib/x86_64-linux-gnu/libprotobuf.so (found suitable version "3.12.4", minimum required is "3") 
[1.433s] -- Config-file not installed for ZeroMQ -- checking for pkg-config
[1.439s] -- Checking for module 'libzmq >= 4'
[1.453s] --   Found libzmq , version 4.3.4
[1.511s] -- Found ZeroMQ: TRUE (Required is at least version "4") 
[1.521s] -- Checking for module 'uuid'
[1.552s] --   Found uuid, version 2.37.2
[1.610s] -- Found UUID: TRUE  
[1.616s] -- Looking for ignition-msgs5 -- found version 5.8.1
[1.617s] -- Searching for dependencies of ignition-msgs5
[1.636s] -- Looking for ignition-math6 -- found version 6.15.1
[1.640s] -- Checking for module 'tinyxml2'
[1.652s] --   Found tinyxml2, version 9.0.0
[1.703s] -- Looking for ignition-msgs5 -- found version 5.8.1
[1.707s] -- Looking for ignition-common3 -- found version 3.14.0
[1.708s] -- Searching for dependencies of ignition-common3
[1.708s] -- Looking for dlfcn.h - found
[1.709s] -- Looking for libdl - found
[1.709s] -- Found DL: TRUE  
[1.723s] -- Found tinyobjloader: /usr/lib/x86_64-linux-gnu/cmake/tinyobjloader/tinyobjloader-config.cmake (found version "2.0.0") 
[1.723s] -- Searching for <ignition-common3> component [graphics]
[1.728s] -- Looking for ignition-common3-graphics -- found version 3.14.0
[1.728s] -- Searching for dependencies of ignition-common3-graphics
[1.729s] -- Looking for ignition-math6 -- found version 6.15.1
[1.731s] -- Looking for ignition-fuel_tools4 -- found version 4.4.0
[1.731s] -- Searching for dependencies of ignition-fuel_tools4
[1.845s] -- Found CURL: /usr/lib/x86_64-linux-gnu/libcurl.so (found version "7.81.0")  
[1.861s] -- Checking for module 'jsoncpp'
[1.885s] --   Found jsoncpp, version 1.9.5
[1.947s] -- Found JSONCPP: TRUE  
[1.957s] -- Checking for module 'libzip'
[1.983s] --   Found libzip, version 1.7.3
[2.040s] -- Found ZIP: TRUE  
[2.040s] -- Looking for ignition-common3 -- found version 3.14.0
[2.041s] -- Looking for ignition-math6 -- found version 6.15.1
[2.041s] -- Looking for ignition-msgs5 -- found version 5.8.1
[2.044s] -- Gazebo version: 11.10
[2.045s] -- Checking for module 'tbb'
[2.066s] --   Found tbb, version 2021.5.0
[2.144s] -- Found my_vision_msgs: 0.1.0 (/home/gaga/sad_ws/src/install/my_vision_msgs/share/my_vision_msgs/cmake)
[2.154s] -- Found tf2: 0.25.12 (/opt/ros/humble/share/tf2/cmake)
[2.157s] -- Found tf2_geometry_msgs: 0.25.12 (/opt/ros/humble/share/tf2_geometry_msgs/cmake)
[2.165s] -- Found eigen3_cmake_module: 0.1.1 (/opt/ros/humble/share/eigen3_cmake_module/cmake)
[2.166s] -- Found Eigen3: TRUE (found version "3.4.0") 
[2.166s] -- Ensuring Eigen3 include directory is part of orocos-kdl CMake target
[2.200s] -- Found serial: 1.2.1 (/home/gaga/sad_ws/src/install/serial/share/serial/cmake)
[2.201s] -- Found dynamixel_sdk: 3.8.3 (/home/gaga/turtlebot3_ws/install/dynamixel_sdk/share/dynamixel_sdk/cmake)
[2.203s] -- Found std_srvs: 4.8.0 (/opt/ros/humble/share/std_srvs/cmake)
[2.249s] -- Found ament_lint_auto: 0.12.12 (/opt/ros/humble/share/ament_lint_auto/cmake)
[2.304s] -- Added test 'cppcheck' to perform static code analysis on C / C++ code
[2.308s] -- Configured cppcheck include dirs: 
[2.308s] -- Configured cppcheck exclude dirs and/or files: 
[2.309s] -- Added test 'flake8' to check Python code syntax and style conventions
[2.311s] -- Added test 'lint_cmake' to check CMake code style
[2.312s] -- Added test 'pep257' to check Python code against some of the docstring style conventions in PEP 257
[2.316s] -- Added test 'uncrustify' to check C / C++ code style
[2.316s] -- Configured uncrustify additional arguments: 
[2.317s] -- Added test 'xmllint' to check XML markup files
[2.318s] -- Configuring done
[2.346s] -- Generating done
[2.358s] -- Build files have been written to: /home/gaga/sad_ws/build/sad_pkg
[2.369s] Invoked command in '/home/gaga/sad_ws/build/sad_pkg' returned '0': CMAKE_PREFIX_PATH=/home/gaga/sad_ws/install:/home/gaga/sad_ws/install/sad_pkg:/home/gaga/sad_ws/install/serial:/home/gaga/sad_ws/install/my_vision_msgs:/home/gaga/sad_ws/install/mani_urdf:/home/gaga/turtlebot3_ws/install/turtlebot3:/home/gaga/turtlebot3_ws/install/turtlebot3_simulations:/home/gaga/turtlebot3_ws/install/turtlebot3_bringup:/home/gaga/turtlebot3_ws/install/turtlebot3_node:/home/gaga/turtlebot3_ws/install/turtlebot3_navigation2:/home/gaga/turtlebot3_ws/install/turtlebot3_fake_node:/home/gaga/turtlebot3_ws/install/robot_master:/home/gaga/turtlebot3_ws/install/turtlebot3_msgs:/home/gaga/turtlebot3_ws/install/turtlebot3_gazebo:/home/gaga/turtlebot3_ws/install/turtlebot3_description:/home/gaga/turtlebot3_ws/install/turtlebot3_cartographer:/home/gaga/turtlebot3_ws/install/robot_vision:/home/gaga/turtlebot3_ws/install/robot_navigation:/home/gaga/turtlebot3_ws/install/robot_msgs:/home/gaga/turtlebot3_ws/install/dynamixel_sdk_examples:/home/gaga/turtlebot3_ws/install/dynamixel_sdk_custom_interfaces:/home/gaga/turtlebot3_ws/install/dynamixel_sdk:/home/gaga/ssibal_ws/install/robot_msgs:/home/gaga/sad_ws/src/install/vision_msgs:/home/gaga/sad_ws/src/install/sad_pkg:/home/gaga/turtlebot3_ws/install/turtlebot3_teleop:/home/gaga/turtlebot3_ws/install/turtlebot3_example:/opt/ros/humble:/home/gaga/sad_ws/src/install/serial:/home/gaga/sad_ws/src/install/my_vision_msgs:/home/gaga/sad_ws/src/install/mani_urdf:/home/gaga/robotprograming_ws/install/rp_pkg:/home/gaga/sad_ws/src/sad_pkg/install/sad_pkg /usr/bin/cmake /home/gaga/sad_ws/src/sad_pkg -DCMAKE_INSTALL_PREFIX=/home/gaga/sad_ws/install/sad_pkg
[2.370s] Invoking command in '/home/gaga/sad_ws/build/sad_pkg': CMAKE_PREFIX_PATH=/home/gaga/sad_ws/install:/home/gaga/sad_ws/install/sad_pkg:/home/gaga/sad_ws/install/serial:/home/gaga/sad_ws/install/my_vision_msgs:/home/gaga/sad_ws/install/mani_urdf:/home/gaga/turtlebot3_ws/install/turtlebot3:/home/gaga/turtlebot3_ws/install/turtlebot3_simulations:/home/gaga/turtlebot3_ws/install/turtlebot3_bringup:/home/gaga/turtlebot3_ws/install/turtlebot3_node:/home/gaga/turtlebot3_ws/install/turtlebot3_navigation2:/home/gaga/turtlebot3_ws/install/turtlebot3_fake_node:/home/gaga/turtlebot3_ws/install/robot_master:/home/gaga/turtlebot3_ws/install/turtlebot3_msgs:/home/gaga/turtlebot3_ws/install/turtlebot3_gazebo:/home/gaga/turtlebot3_ws/install/turtlebot3_description:/home/gaga/turtlebot3_ws/install/turtlebot3_cartographer:/home/gaga/turtlebot3_ws/install/robot_vision:/home/gaga/turtlebot3_ws/install/robot_navigation:/home/gaga/turtlebot3_ws/install/robot_msgs:/home/gaga/turtlebot3_ws/install/dynamixel_sdk_examples:/home/gaga/turtlebot3_ws/install/dynamixel_sdk_custom_interfaces:/home/gaga/turtlebot3_ws/install/dynamixel_sdk:/home/gaga/ssibal_ws/install/robot_msgs:/home/gaga/sad_ws/src/install/vision_msgs:/home/gaga/sad_ws/src/install/sad_pkg:/home/gaga/turtlebot3_ws/install/turtlebot3_teleop:/home/gaga/turtlebot3_ws/install/turtlebot3_example:/opt/ros/humble:/home/gaga/sad_ws/src/install/serial:/home/gaga/sad_ws/src/install/my_vision_msgs:/home/gaga/sad_ws/src/install/mani_urdf:/home/gaga/robotprograming_ws/install/rp_pkg:/home/gaga/sad_ws/src/sad_pkg/install/sad_pkg /usr/bin/cmake --build /home/gaga/sad_ws/build/sad_pkg -- -j20 -l20
[2.418s] [  5%] [32mBuilding CXX object CMakeFiles/forward_node.dir/src/forward_node.cpp.o[0m
[2.418s] [ 15%] [32mBuilding CXX object CMakeFiles/spline_node.dir/src/spline_node.cpp.o[0m
[2.418s] [ 15%] [32mBuilding CXX object CMakeFiles/path_node.dir/src/path_node.cpp.o[0m
[2.419s] [ 20%] [32mBuilding CXX object CMakeFiles/map_node.dir/src/map_node.cpp.o[0m
[2.419s] [ 25%] [32mBuilding CXX object CMakeFiles/real_inverse_node.dir/src/real_inverse_node.cpp.o[0m
[2.422s] [ 30%] [32mBuilding CXX object CMakeFiles/Inverse_node.dir/src/Inverse_node.cpp.o[0m
[2.422s] [ 35%] [32mBuilding CXX object CMakeFiles/path_test_node.dir/src/path_test_node.cpp.o[0m
[2.422s] [ 40%] [32mBuilding CXX object CMakeFiles/motor_node.dir/src/motor_node.cpp.o[0m
[2.423s] [ 45%] [32mBuilding CXX object CMakeFiles/rrt_node.dir/src/rrt_node.cpp.o[0m
[2.423s] [ 50%] [32mBuilding CXX object CMakeFiles/obstacle_node.dir/src/obstacle_node.cpp.o[0m
[3.596s] [ 55%] [32m[1mLinking CXX executable forward_node[0m
[3.774s] [ 55%] Built target forward_node
[6.358s] [ 60%] [32m[1mLinking CXX executable path_test_node[0m
[6.607s] [ 60%] Built target path_test_node
[8.001s] [ 65%] [32m[1mLinking CXX executable obstacle_node[0m
[8.052s] [ 70%] [32m[1mLinking CXX executable motor_node[0m
[8.165s] /usr/bin/ld: /usr/lib/gcc/x86_64-linux-gnu/11/../../../x86_64-linux-gnu/Scrt1.o: in function `_start':
[8.165s] (.text+0x1b): undefined reference to `main'
[8.169s] collect2: error: ld returned 1 exit status
[8.171s] gmake[2]: *** [CMakeFiles/motor_node.dir/build.make:169: motor_node] Error 1
[8.171s] gmake[1]: *** [CMakeFiles/Makefile2:389: CMakeFiles/motor_node.dir/all] Error 2
[8.171s] gmake[1]: *** Waiting for unfinished jobs....
[8.220s] [ 70%] Built target obstacle_node
[9.261s] [ 75%] [32m[1mLinking CXX executable spline_node[0m
[9.453s] [ 75%] Built target spline_node
[10.176s] [ 80%] [32m[1mLinking CXX executable map_node[0m
[10.507s] [ 80%] Built target map_node
[10.835s] [ 85%] [32m[1mLinking CXX executable rrt_node[0m
[11.138s] [ 85%] Built target rrt_node
[13.670s] [ 90%] [32m[1mLinking CXX executable path_node[0m
[14.092s] [ 90%] Built target path_node
[16.483s] [ 95%] [32m[1mLinking CXX executable real_inverse_node[0m
[16.944s] [ 95%] Built target real_inverse_node
[17.969s] [100%] [32m[1mLinking CXX executable Inverse_node[0m
[18.508s] [100%] Built target Inverse_node
[18.509s] gmake: *** [Makefile:146: all] Error 2
[18.511s] Invoked command in '/home/gaga/sad_ws/build/sad_pkg' returned '2': CMAKE_PREFIX_PATH=/home/gaga/sad_ws/install:/home/gaga/sad_ws/install/sad_pkg:/home/gaga/sad_ws/install/serial:/home/gaga/sad_ws/install/my_vision_msgs:/home/gaga/sad_ws/install/mani_urdf:/home/gaga/turtlebot3_ws/install/turtlebot3:/home/gaga/turtlebot3_ws/install/turtlebot3_simulations:/home/gaga/turtlebot3_ws/install/turtlebot3_bringup:/home/gaga/turtlebot3_ws/install/turtlebot3_node:/home/gaga/turtlebot3_ws/install/turtlebot3_navigation2:/home/gaga/turtlebot3_ws/install/turtlebot3_fake_node:/home/gaga/turtlebot3_ws/install/robot_master:/home/gaga/turtlebot3_ws/install/turtlebot3_msgs:/home/gaga/turtlebot3_ws/install/turtlebot3_gazebo:/home/gaga/turtlebot3_ws/install/turtlebot3_description:/home/gaga/turtlebot3_ws/install/turtlebot3_cartographer:/home/gaga/turtlebot3_ws/install/robot_vision:/home/gaga/turtlebot3_ws/install/robot_navigation:/home/gaga/turtlebot3_ws/install/robot_msgs:/home/gaga/turtlebot3_ws/install/dynamixel_sdk_examples:/home/gaga/turtlebot3_ws/install/dynamixel_sdk_custom_interfaces:/home/gaga/turtlebot3_ws/install/dynamixel_sdk:/home/gaga/ssibal_ws/install/robot_msgs:/home/gaga/sad_ws/src/install/vision_msgs:/home/gaga/sad_ws/src/install/sad_pkg:/home/gaga/turtlebot3_ws/install/turtlebot3_teleop:/home/gaga/turtlebot3_ws/install/turtlebot3_example:/opt/ros/humble:/home/gaga/sad_ws/src/install/serial:/home/gaga/sad_ws/src/install/my_vision_msgs:/home/gaga/sad_ws/src/install/mani_urdf:/home/gaga/robotprograming_ws/install/rp_pkg:/home/gaga/sad_ws/src/sad_pkg/install/sad_pkg /usr/bin/cmake --build /home/gaga/sad_ws/build/sad_pkg -- -j20 -l20
