[0.011s] Invoking command in '/home/gaga/sad_ws/build/sad_pkg': CMAKE_PREFIX_PATH=/home/gaga/sad_ws/install/q_visualizer:/opt/ros/humble:/home/gaga/sad_ws/install/serial:/home/gaga/sad_ws/install:/home/gaga/sad_ws/install:/home/gaga/sad_ws/install/sad_pkg:/home/gaga/sad_ws/install/vision_msgs:/home/gaga/sad_ws/install/mani_urdf:/home/gaga/sad_ws/install/harvest_go:/home/gaga/ssibal_ws/install/robot_msgs:/home/gaga/sad_ws/src/install/vision_msgs:/home/gaga/sad_ws/src/install/sad_pkg:/home/gaga/sad_ws/src/install/serial:/home/gaga/sad_ws/src/install/vision_msgs:/home/gaga/sad_ws/src/install/mani_urdf:/home/gaga/robotprograming_ws/install/rp_pkg:/home/gaga/sad_ws/src/sad_pkg/install/sad_pkg /usr/bin/cmake /home/gaga/sad_ws/src/sad_pkg -DCMAKE_INSTALL_PREFIX=/home/gaga/sad_ws/install/sad_pkg
[0.077s] -- The C compiler identification is GNU 11.4.0
[0.134s] -- The CXX compiler identification is GNU 11.4.0
[0.141s] -- Detecting C compiler ABI info
[0.218s] -- Detecting C compiler ABI info - done
[0.223s] -- Check for working C compiler: /usr/bin/cc - skipped
[0.223s] -- Detecting C compile features
[0.223s] -- Detecting C compile features - done
[0.226s] -- Detecting CXX compiler ABI info
[0.316s] -- Detecting CXX compiler ABI info - done
[0.322s] -- Check for working CXX compiler: /usr/bin/c++ - skipped
[0.323s] -- Detecting CXX compile features
[0.323s] -- Detecting CXX compile features - done
[0.326s] -- Found ament_cmake: 1.3.11 (/opt/ros/humble/share/ament_cmake/cmake)
[0.476s] -- Found Python3: /usr/bin/python3 (found version "3.10.12") found components: Interpreter 
[0.558s] -- Found rclcpp: 16.0.12 (/opt/ros/humble/share/rclcpp/cmake)
[0.588s] -- Found rosidl_generator_c: 3.1.6 (/opt/ros/humble/share/rosidl_generator_c/cmake)
[0.591s] -- Found rosidl_adapter: 3.1.6 (/opt/ros/humble/share/rosidl_adapter/cmake)
[0.597s] -- Found rosidl_generator_cpp: 3.1.6 (/opt/ros/humble/share/rosidl_generator_cpp/cmake)
[0.606s] -- Using all available rosidl_typesupport_c: rosidl_typesupport_fastrtps_c;rosidl_typesupport_introspection_c
[0.617s] -- Using all available rosidl_typesupport_cpp: rosidl_typesupport_fastrtps_cpp;rosidl_typesupport_introspection_cpp
[0.647s] -- Found rmw_implementation_cmake: 6.1.2 (/opt/ros/humble/share/rmw_implementation_cmake/cmake)
[0.649s] -- Found rmw_fastrtps_cpp: 6.2.7 (/opt/ros/humble/share/rmw_fastrtps_cpp/cmake)
[0.731s] -- Found OpenSSL: /usr/lib/x86_64-linux-gnu/libcrypto.so (found version "3.0.2")  
[0.760s] -- Found FastRTPS: /opt/ros/humble/include  
[0.802s] -- Using RMW implementation 'rmw_fastrtps_cpp' as default
[0.809s] -- Looking for pthread.h
[0.902s] -- Looking for pthread.h - found
[0.902s] -- Performing Test CMAKE_HAVE_LIBC_PTHREAD
[0.991s] -- Performing Test CMAKE_HAVE_LIBC_PTHREAD - Success
[0.992s] -- Found Threads: TRUE  
[1.039s] -- Found visualization_msgs: 4.8.0 (/opt/ros/humble/share/visualization_msgs/cmake)
[1.076s] -- Found trajectory_msgs: 4.8.0 (/opt/ros/humble/share/trajectory_msgs/cmake)
[1.089s] -- Found xacro: 2.0.13 (/opt/ros/humble/share/xacro/cmake)
[1.090s] -- Found ros2_control: 2.50.0 (/opt/ros/humble/share/ros2_control/cmake)
[1.091s] -- Found gazebo_ros2_control: 0.4.10 (/opt/ros/humble/share/gazebo_ros2_control/cmake)
[1.214s] -- Found PkgConfig: /usr/bin/pkg-config (found version "0.29.2") 
[1.217s] -- Checking for module 'bullet>=2.82'
[1.235s] --   Found bullet, version 3.05
[1.353s] -- Found fcl: /usr/include (found suitable version "0.7.0", minimum required is "0.5.0") 
[1.420s] -- Found assimp: /usr/include (found version "5.2.0") 
[1.439s] -- Found DART: /usr/include (Required is at least version "6.6") found components: dart 
[1.465s] -- Found Boost: /usr/lib/x86_64-linux-gnu/cmake/Boost-1.74.0/BoostConfig.cmake (found suitable version "1.74.0", minimum required is "1.40.0") found components: thread system filesystem program_options regex iostreams date_time 
[1.482s] -- Found Protobuf: /usr/lib/x86_64-linux-gnu/libprotobuf.so (found version "3.12.4") 
[1.487s] -- Looking for ignition-math6 -- found version 6.15.1
[1.492s] -- Searching for dependencies of ignition-math6
[1.493s] -- Looking for OGRE...
[1.494s] -- OGRE_PREFIX_WATCH changed.
[1.501s] -- Checking for module 'OGRE'
[1.521s] --   Found OGRE, version 1.9.0
[1.565s] -- Found Ogre Ghadamon (1.9.0)
[1.574s] -- Found OGRE: optimized;/usr/lib/x86_64-linux-gnu/libOgreMain.so;debug;/usr/lib/x86_64-linux-gnu/libOgreMain.so
[1.583s] -- Looking for OGRE_Paging...
[1.590s] -- Found OGRE_Paging: optimized;/usr/lib/x86_64-linux-gnu/libOgrePaging.so;debug;/usr/lib/x86_64-linux-gnu/libOgrePaging.so
[1.590s] -- Looking for OGRE_Terrain...
[1.594s] -- Found OGRE_Terrain: optimized;/usr/lib/x86_64-linux-gnu/libOgreTerrain.so;debug;/usr/lib/x86_64-linux-gnu/libOgreTerrain.so
[1.594s] -- Looking for OGRE_Property...
[1.599s] -- Found OGRE_Property: optimized;/usr/lib/x86_64-linux-gnu/libOgreProperty.so;debug;/usr/lib/x86_64-linux-gnu/libOgreProperty.so
[1.599s] -- Looking for OGRE_RTShaderSystem...
[1.604s] -- Found OGRE_RTShaderSystem: optimized;/usr/lib/x86_64-linux-gnu/libOgreRTShaderSystem.so;debug;/usr/lib/x86_64-linux-gnu/libOgreRTShaderSystem.so
[1.604s] -- Looking for OGRE_Volume...
[1.608s] -- Found OGRE_Volume: optimized;/usr/lib/x86_64-linux-gnu/libOgreVolume.so;debug;/usr/lib/x86_64-linux-gnu/libOgreVolume.so
[1.608s] -- Looking for OGRE_Overlay...
[1.612s] -- Found OGRE_Overlay: optimized;/usr/lib/x86_64-linux-gnu/libOgreOverlay.so;debug;/usr/lib/x86_64-linux-gnu/libOgreOverlay.so
[1.708s] -- Looking for ignition-math6 -- found version 6.15.1
[1.711s] -- Looking for ignition-transport8 -- found version 8.2.1
[1.711s] -- Searching for dependencies of ignition-transport8
[1.729s] -- Found Protobuf: /usr/lib/x86_64-linux-gnu/libprotobuf.so (found suitable version "3.12.4", minimum required is "3") 
[1.739s] -- Config-file not installed for ZeroMQ -- checking for pkg-config
[1.747s] -- Checking for module 'libzmq >= 4'
[1.767s] --   Found libzmq , version 4.3.4
[1.818s] -- Found ZeroMQ: TRUE (Required is at least version "4") 
[1.826s] -- Checking for module 'uuid'
[1.847s] --   Found uuid, version 2.37.2
[1.894s] -- Found UUID: TRUE  
[1.896s] -- Looking for ignition-msgs5 -- found version 5.8.1
[1.896s] -- Searching for dependencies of ignition-msgs5
[1.916s] -- Looking for ignition-math6 -- found version 6.15.1
[1.922s] -- Checking for module 'tinyxml2'
[1.943s] --   Found tinyxml2, version 9.0.0
[1.989s] -- Looking for ignition-msgs5 -- found version 5.8.1
[1.991s] -- Looking for ignition-common3 -- found version 3.14.0
[1.991s] -- Searching for dependencies of ignition-common3
[1.992s] -- Looking for dlfcn.h - found
[1.993s] -- Looking for libdl - found
[1.995s] -- Found DL: TRUE  
[2.010s] -- Found tinyobjloader: /usr/lib/x86_64-linux-gnu/cmake/tinyobjloader/tinyobjloader-config.cmake (found version "2.0.0") 
[2.010s] -- Searching for <ignition-common3> component [graphics]
[2.012s] -- Looking for ignition-common3-graphics -- found version 3.14.0
[2.012s] -- Searching for dependencies of ignition-common3-graphics
[2.012s] -- Looking for ignition-math6 -- found version 6.15.1
[2.015s] -- Looking for ignition-fuel_tools4 -- found version 4.4.0
[2.015s] -- Searching for dependencies of ignition-fuel_tools4
[2.121s] -- Found CURL: /usr/lib/x86_64-linux-gnu/libcurl.so (found version "7.81.0")  
[2.133s] -- Checking for module 'jsoncpp'
[2.152s] --   Found jsoncpp, version 1.9.5
[2.193s] -- Found JSONCPP: TRUE  
[2.201s] -- Checking for module 'libzip'
[2.218s] --   Found libzip, version 1.7.3
[2.258s] -- Found ZIP: TRUE  
[2.258s] -- Looking for ignition-common3 -- found version 3.14.0
[2.259s] -- Looking for ignition-math6 -- found version 6.15.1
[2.259s] -- Looking for ignition-msgs5 -- found version 5.8.1
[2.262s] -- Gazebo version: 11.10
[2.262s] -- Checking for module 'tbb'
[2.282s] --   Found tbb, version 2021.5.0
[2.346s] [31mCMake Error at CMakeLists.txt:22 (find_package):
[2.346s]   By not providing "Findvision_msgs.cmake" in CMAKE_MODULE_PATH this
[2.346s]   project has asked CMake to find a package configuration file provided by
[2.346s]   "vision_msgs", but CMake did not find one.
[2.346s] 
[2.346s]   Could not find a package configuration file provided by "vision_msgs"
[2.346s]   with any of the following names:
[2.346s] 
[2.346s]     vision_msgsConfig.cmake
[2.346s]     vision_msgs-config.cmake
[2.346s] 
[2.346s]   Add the installation prefix of "vision_msgs" to CMAKE_PREFIX_PATH or set
[2.346s]   "vision_msgs_DIR" to a directory containing one of the above files.  If
[2.347s]   "vision_msgs" provides a separate development package or SDK, be sure it
[2.347s]   has been installed.
[2.347s] 
[2.347s] [0m
[2.347s] -- Configuring incomplete, errors occurred!
[2.347s] See also "/home/gaga/sad_ws/build/sad_pkg/CMakeFiles/CMakeOutput.log".
[2.367s] Invoked command in '/home/gaga/sad_ws/build/sad_pkg' returned '1': CMAKE_PREFIX_PATH=/home/gaga/sad_ws/install/q_visualizer:/opt/ros/humble:/home/gaga/sad_ws/install/serial:/home/gaga/sad_ws/install:/home/gaga/sad_ws/install:/home/gaga/sad_ws/install/sad_pkg:/home/gaga/sad_ws/install/vision_msgs:/home/gaga/sad_ws/install/mani_urdf:/home/gaga/sad_ws/install/harvest_go:/home/gaga/ssibal_ws/install/robot_msgs:/home/gaga/sad_ws/src/install/vision_msgs:/home/gaga/sad_ws/src/install/sad_pkg:/home/gaga/sad_ws/src/install/serial:/home/gaga/sad_ws/src/install/vision_msgs:/home/gaga/sad_ws/src/install/mani_urdf:/home/gaga/robotprograming_ws/install/rp_pkg:/home/gaga/sad_ws/src/sad_pkg/install/sad_pkg /usr/bin/cmake /home/gaga/sad_ws/src/sad_pkg -DCMAKE_INSTALL_PREFIX=/home/gaga/sad_ws/install/sad_pkg
