[0.011s] Invoking command in '/home/gaga/sad_ws/build/sad_pkg': CMAKE_PREFIX_PATH=/home/gaga/sad_ws/install/q_visualizer:/opt/ros/humble:/home/gaga/sad_ws/install/serial:/home/gaga/sad_ws/install/my_vision_msgs:/home/gaga/sad_ws/install:/home/gaga/sad_ws/install/sad_pkg:/home/gaga/sad_ws/install/mani_urdf:/home/gaga/ssibal_ws/install/robot_msgs:/home/gaga/sad_ws/src/install/vision_msgs:/home/gaga/sad_ws/src/install/sad_pkg:/home/gaga/sad_ws/src/install/serial:/home/gaga/sad_ws/src/install/my_vision_msgs:/home/gaga/sad_ws/src/install/mani_urdf:/home/gaga/robotprograming_ws/install/rp_pkg:/home/gaga/sad_ws/src/sad_pkg/install/sad_pkg /usr/bin/cmake --build /home/gaga/sad_ws/build/sad_pkg -- -j20 -l20
[0.067s] [ 10%] Built target forward_node
[0.068s] [ 30%] Built target rrt_node
[0.068s] [ 30%] Built target obstacle_node
[0.068s] [ 40%] Built target path_node
[0.071s] [ 60%] Built target spline_node
[0.071s] [ 60%] Built target map_node
[0.071s] [ 70%] Built target path_test_node
[0.071s] [ 75%] [32mBuilding CXX object CMakeFiles/motor_node.dir/src/motor_node.cpp.o[0m
[0.075s] [ 85%] Built target Inverse_node
[0.076s] [ 95%] Built target real_inverse_node
[1.377s] [01m[K/home/gaga/sad_ws/src/sad_pkg/src/motor_node.cpp:[m[K In member function ‘[01m[Kvoid MotorControlNode::setDynamixelVelocityGroupSync(int32_t, int32_t)[m[K’:
[1.377s] [01m[K/home/gaga/sad_ws/src/sad_pkg/src/motor_node.cpp:137:21:[m[K [01;31m[Kerror: [m[Kredeclaration of ‘[01m[Kint32_t raw[m[K’
[1.377s]   137 |             int32_t [01;31m[Kraw[m[K = velocities[i];
[1.377s]       |                     [01;31m[K^~~[m[K
[1.377s] [01m[K/home/gaga/sad_ws/src/sad_pkg/src/motor_node.cpp:130:21:[m[K [01;36m[Knote: [m[K‘[01m[Kint32_t raw[m[K’ previously declared here
[1.377s]   130 |             int32_t [01;36m[Kraw[m[K = velocities[i];
[1.377s]       |                     [01;36m[K^~~[m[K
[2.787s] gmake[2]: *** [CMakeFiles/motor_node.dir/build.make:76: CMakeFiles/motor_node.dir/src/motor_node.cpp.o] Error 1
[2.787s] gmake[1]: *** [CMakeFiles/Makefile2:389: CMakeFiles/motor_node.dir/all] Error 2
[2.787s] gmake: *** [Makefile:146: all] Error 2
[2.789s] Invoked command in '/home/gaga/sad_ws/build/sad_pkg' returned '2': CMAKE_PREFIX_PATH=/home/gaga/sad_ws/install/q_visualizer:/opt/ros/humble:/home/gaga/sad_ws/install/serial:/home/gaga/sad_ws/install/my_vision_msgs:/home/gaga/sad_ws/install:/home/gaga/sad_ws/install/sad_pkg:/home/gaga/sad_ws/install/mani_urdf:/home/gaga/ssibal_ws/install/robot_msgs:/home/gaga/sad_ws/src/install/vision_msgs:/home/gaga/sad_ws/src/install/sad_pkg:/home/gaga/sad_ws/src/install/serial:/home/gaga/sad_ws/src/install/my_vision_msgs:/home/gaga/sad_ws/src/install/mani_urdf:/home/gaga/robotprograming_ws/install/rp_pkg:/home/gaga/sad_ws/src/sad_pkg/install/sad_pkg /usr/bin/cmake --build /home/gaga/sad_ws/build/sad_pkg -- -j20 -l20
