[1.284s] Invoking command in '/home/gaga/sad_ws/q_visualizer': PYTHONPATH=/home/gaga/sad_ws/build/q_visualizer/prefix_override:/usr/lib/python3/dist-packages/colcon_core/task/python/colcon_distutils_commands:/home/gaga/sad_ws/install/q_visualizer/lib/python3.10/site-packages:${PYTHONPATH} /usr/bin/python3 -W ignore:setup.py install is deprecated -W ignore:easy_install command is deprecated setup.py egg_info --egg-base ../build/q_visualizer build --build-base /home/gaga/sad_ws/build/q_visualizer/build install --record /home/gaga/sad_ws/build/q_visualizer/install.log --single-version-externally-managed install_data
[1.631s] running egg_info
[1.635s] writing ../build/q_visualizer/q_visualizer.egg-info/PKG-INFO
[1.636s] writing dependency_links to ../build/q_visualizer/q_visualizer.egg-info/dependency_links.txt
[1.636s] writing entry points to ../build/q_visualizer/q_visualizer.egg-info/entry_points.txt
[1.636s] writing requirements to ../build/q_visualizer/q_visualizer.egg-info/requires.txt
[1.637s] writing top-level names to ../build/q_visualizer/q_visualizer.egg-info/top_level.txt
[1.644s] reading manifest file '../build/q_visualizer/q_visualizer.egg-info/SOURCES.txt'
[1.645s] writing manifest file '../build/q_visualizer/q_visualizer.egg-info/SOURCES.txt'
[1.645s] running build
[1.645s] running build_py
[1.646s] running install
[1.647s] running install_lib
[1.651s] running install_data
[1.651s] running install_egg_info
[1.656s] removing '/home/gaga/sad_ws/install/q_visualizer/lib/python3.10/site-packages/q_visualizer-0.1.0-py3.10.egg-info' (and everything under it)
[1.656s] Copying ../build/q_visualizer/q_visualizer.egg-info to /home/gaga/sad_ws/install/q_visualizer/lib/python3.10/site-packages/q_visualizer-0.1.0-py3.10.egg-info
[1.657s] running install_scripts
[1.712s] Installing q_visualizer_node script to /home/gaga/sad_ws/install/q_visualizer/lib/q_visualizer
[1.718s] writing list of installed files to '/home/gaga/sad_ws/build/q_visualizer/install.log'
[1.934s] Invoked command in '/home/gaga/sad_ws/q_visualizer' returned '0': PYTHONPATH=/home/gaga/sad_ws/build/q_visualizer/prefix_override:/usr/lib/python3/dist-packages/colcon_core/task/python/colcon_distutils_commands:/home/gaga/sad_ws/install/q_visualizer/lib/python3.10/site-packages:${PYTHONPATH} /usr/bin/python3 -W ignore:setup.py install is deprecated -W ignore:easy_install command is deprecated setup.py egg_info --egg-base ../build/q_visualizer build --build-base /home/gaga/sad_ws/build/q_visualizer/build install --record /home/gaga/sad_ws/build/q_visualizer/install.log --single-version-externally-managed install_data
