[0.011s] Invoking command in '/home/gaga/sad_ws/build/sad_pkg': CMAKE_PREFIX_PATH=/home/gaga/sad_ws/install/vision_msgs:/home/gaga/sad_ws/install/q_visualizer:/opt/ros/humble:/home/gaga/sad_ws/install/serial:/home/gaga/sad_ws/install:/home/gaga/sad_ws/install/sad_pkg:/home/gaga/sad_ws/install/harvest_master:/home/gaga/sad_ws/install/mani_urdf:/home/gaga/sad_ws/install/harvest_go /usr/bin/cmake /home/gaga/sad_ws/src/sad_pkg -DCMAKE_INSTALL_PREFIX=/home/gaga/sad_ws/install/sad_pkg
[0.072s] -- The C compiler identification is GNU 11.4.0
[0.123s] -- The CXX compiler identification is GNU 11.4.0
[0.130s] -- Detecting C compiler ABI info
[0.219s] -- Detecting C compiler ABI info - done
[0.227s] -- Check for working C compiler: /usr/bin/cc - skipped
[0.228s] -- Detecting C compile features
[0.228s] -- Detecting C compile features - done
[0.231s] -- Detecting CXX compiler ABI info
[0.324s] -- Detecting CXX compiler ABI info - done
[0.332s] -- Check for working CXX compiler: /usr/bin/c++ - skipped
[0.332s] -- Detecting CXX compile features
[0.333s] -- Detecting CXX compile features - done
[0.335s] -- Found ament_cmake: 1.3.11 (/opt/ros/humble/share/ament_cmake/cmake)
[0.533s] -- Found Python3: /usr/bin/python3 (found version "3.10.12") found components: Interpreter 
[0.651s] -- Found rclcpp: 16.0.12 (/opt/ros/humble/share/rclcpp/cmake)
[0.694s] -- Found rosidl_generator_c: 3.1.6 (/opt/ros/humble/share/rosidl_generator_c/cmake)
[0.697s] -- Found rosidl_adapter: 3.1.6 (/opt/ros/humble/share/rosidl_adapter/cmake)
[0.704s] -- Found rosidl_generator_cpp: 3.1.6 (/opt/ros/humble/share/rosidl_generator_cpp/cmake)
[0.714s] -- Using all available rosidl_typesupport_c: rosidl_typesupport_fastrtps_c;rosidl_typesupport_introspection_c
[0.728s] -- Using all available rosidl_typesupport_cpp: rosidl_typesupport_fastrtps_cpp;rosidl_typesupport_introspection_cpp
[0.768s] -- Found rmw_implementation_cmake: 6.1.2 (/opt/ros/humble/share/rmw_implementation_cmake/cmake)
[0.771s] -- Found rmw_fastrtps_cpp: 6.2.7 (/opt/ros/humble/share/rmw_fastrtps_cpp/cmake)
[0.861s] -- Found OpenSSL: /usr/lib/x86_64-linux-gnu/libcrypto.so (found version "3.0.2")  
[0.889s] -- Found FastRTPS: /opt/ros/humble/include  
[0.940s] -- Using RMW implementation 'rmw_fastrtps_cpp' as default
[0.953s] -- Looking for pthread.h
[1.045s] -- Looking for pthread.h - found
[1.046s] -- Performing Test CMAKE_HAVE_LIBC_PTHREAD
[1.136s] -- Performing Test CMAKE_HAVE_LIBC_PTHREAD - Success
[1.138s] -- Found Threads: TRUE  
[1.208s] -- Found visualization_msgs: 4.8.0 (/opt/ros/humble/share/visualization_msgs/cmake)
[1.258s] -- Found trajectory_msgs: 4.8.0 (/opt/ros/humble/share/trajectory_msgs/cmake)
[1.275s] -- Found xacro: 2.0.13 (/opt/ros/humble/share/xacro/cmake)
[1.277s] -- Found ros2_control: 2.50.0 (/opt/ros/humble/share/ros2_control/cmake)
[1.278s] -- Found gazebo_ros2_control: 0.4.10 (/opt/ros/humble/share/gazebo_ros2_control/cmake)
[1.525s] -- Found PkgConfig: /usr/bin/pkg-config (found version "0.29.2") 
[1.527s] -- Checking for module 'bullet>=2.82'
[1.546s] --   Found bullet, version 3.05
[1.686s] -- Found fcl: /usr/include (found suitable version "0.7.0", minimum required is "0.5.0") 
[1.761s] -- Found assimp: /usr/include (found version "5.2.0") 
[1.782s] -- Found DART: /usr/include (Required is at least version "6.6") found components: dart 
[1.817s] -- Found Boost: /usr/lib/x86_64-linux-gnu/cmake/Boost-1.74.0/BoostConfig.cmake (found suitable version "1.74.0", minimum required is "1.40.0") found components: thread system filesystem program_options regex iostreams date_time 
[1.842s] -- Found Protobuf: /usr/lib/x86_64-linux-gnu/libprotobuf.so (found version "3.12.4") 
[1.852s] -- Looking for ignition-math6 -- found version 6.15.1
[1.862s] -- Searching for dependencies of ignition-math6
[1.864s] -- Looking for OGRE...
[1.864s] -- OGRE_PREFIX_WATCH changed.
[1.872s] -- Checking for module 'OGRE'
[1.894s] --   Found OGRE, version 1.9.0
[1.952s] -- Found Ogre Ghadamon (1.9.0)
[1.966s] -- Found OGRE: optimized;/usr/lib/x86_64-linux-gnu/libOgreMain.so;debug;/usr/lib/x86_64-linux-gnu/libOgreMain.so
[1.977s] -- Looking for OGRE_Paging...
[1.988s] -- Found OGRE_Paging: optimized;/usr/lib/x86_64-linux-gnu/libOgrePaging.so;debug;/usr/lib/x86_64-linux-gnu/libOgrePaging.so
[1.988s] -- Looking for OGRE_Terrain...
[1.995s] -- Found OGRE_Terrain: optimized;/usr/lib/x86_64-linux-gnu/libOgreTerrain.so;debug;/usr/lib/x86_64-linux-gnu/libOgreTerrain.so
[1.995s] -- Looking for OGRE_Property...
[2.000s] -- Found OGRE_Property: optimized;/usr/lib/x86_64-linux-gnu/libOgreProperty.so;debug;/usr/lib/x86_64-linux-gnu/libOgreProperty.so
[2.000s] -- Looking for OGRE_RTShaderSystem...
[2.005s] -- Found OGRE_RTShaderSystem: optimized;/usr/lib/x86_64-linux-gnu/libOgreRTShaderSystem.so;debug;/usr/lib/x86_64-linux-gnu/libOgreRTShaderSystem.so
[2.005s] -- Looking for OGRE_Volume...
[2.011s] -- Found OGRE_Volume: optimized;/usr/lib/x86_64-linux-gnu/libOgreVolume.so;debug;/usr/lib/x86_64-linux-gnu/libOgreVolume.so
[2.012s] -- Looking for OGRE_Overlay...
[2.017s] -- Found OGRE_Overlay: optimized;/usr/lib/x86_64-linux-gnu/libOgreOverlay.so;debug;/usr/lib/x86_64-linux-gnu/libOgreOverlay.so
[2.165s] -- Looking for ignition-math6 -- found version 6.15.1
[2.180s] -- Looking for ignition-transport8 -- found version 8.2.1
[2.180s] -- Searching for dependencies of ignition-transport8
[2.201s] -- Found Protobuf: /usr/lib/x86_64-linux-gnu/libprotobuf.so (found suitable version "3.12.4", minimum required is "3") 
[2.211s] -- Config-file not installed for ZeroMQ -- checking for pkg-config
[2.218s] -- Checking for module 'libzmq >= 4'
[2.242s] --   Found libzmq , version 4.3.4
[2.300s] -- Found ZeroMQ: TRUE (Required is at least version "4") 
[2.310s] -- Checking for module 'uuid'
[2.333s] --   Found uuid, version 2.37.2
[2.382s] -- Found UUID: TRUE  
[2.386s] -- Looking for ignition-msgs5 -- found version 5.8.1
[2.386s] -- Searching for dependencies of ignition-msgs5
[2.408s] -- Looking for ignition-math6 -- found version 6.15.1
[2.425s] -- Checking for module 'tinyxml2'
[2.447s] --   Found tinyxml2, version 9.0.0
[2.501s] -- Looking for ignition-msgs5 -- found version 5.8.1
[2.504s] -- Looking for ignition-common3 -- found version 3.14.0
[2.504s] -- Searching for dependencies of ignition-common3
[2.504s] -- Looking for dlfcn.h - found
[2.507s] -- Looking for libdl - found
[2.508s] -- Found DL: TRUE  
[2.524s] -- Found tinyobjloader: /usr/lib/x86_64-linux-gnu/cmake/tinyobjloader/tinyobjloader-config.cmake (found version "2.0.0") 
[2.525s] -- Searching for <ignition-common3> component [graphics]
[2.527s] -- Looking for ignition-common3-graphics -- found version 3.14.0
[2.527s] -- Searching for dependencies of ignition-common3-graphics
[2.528s] -- Looking for ignition-math6 -- found version 6.15.1
[2.531s] -- Looking for ignition-fuel_tools4 -- found version 4.4.0
[2.531s] -- Searching for dependencies of ignition-fuel_tools4
[2.635s] -- Found CURL: /usr/lib/x86_64-linux-gnu/libcurl.so (found version "7.81.0")  
[2.647s] -- Checking for module 'jsoncpp'
[2.684s] --   Found jsoncpp, version 1.9.5
[2.717s] -- Found JSONCPP: TRUE  
[2.723s] -- Checking for module 'libzip'
[2.736s] --   Found libzip, version 1.7.3
[2.776s] -- Found ZIP: TRUE  
[2.776s] -- Looking for ignition-common3 -- found version 3.14.0
[2.776s] -- Looking for ignition-math6 -- found version 6.15.1
[2.776s] -- Looking for ignition-msgs5 -- found version 5.8.1
[2.783s] -- Gazebo version: 11.10
[2.783s] -- Checking for module 'tbb'
[2.800s] --   Found tbb, version 2021.5.0
[2.857s] -- Found vision_msgs: 0.1.0 (/home/gaga/sad_ws/install/vision_msgs/share/vision_msgs/cmake)
[2.874s] -- Found tf2: 0.25.12 (/opt/ros/humble/share/tf2/cmake)
[2.879s] -- Found tf2_geometry_msgs: 0.25.12 (/opt/ros/humble/share/tf2_geometry_msgs/cmake)
[2.891s] -- Found eigen3_cmake_module: 0.1.1 (/opt/ros/humble/share/eigen3_cmake_module/cmake)
[2.891s] -- Found Eigen3: TRUE (found version "3.4.0") 
[2.891s] -- Ensuring Eigen3 include directory is part of orocos-kdl CMake target
[2.949s] -- Found serial: 1.2.1 (/home/gaga/sad_ws/install/serial/share/serial/cmake)
[2.952s] -- Found dynamixel_sdk: 3.8.3 (/opt/ros/humble/share/dynamixel_sdk/cmake)
[2.955s] -- Found std_srvs: 4.8.0 (/opt/ros/humble/share/std_srvs/cmake)
[2.989s] -- Found ament_lint_auto: 0.12.12 (/opt/ros/humble/share/ament_lint_auto/cmake)
[3.066s] -- Added test 'cppcheck' to perform static code analysis on C / C++ code
[3.071s] -- Configured cppcheck include dirs: 
[3.071s] -- Configured cppcheck exclude dirs and/or files: 
[3.071s] -- Added test 'flake8' to check Python code syntax and style conventions
[3.072s] -- Added test 'lint_cmake' to check CMake code style
[3.072s] -- Added test 'pep257' to check Python code against some of the docstring style conventions in PEP 257
[3.074s] -- Added test 'uncrustify' to check C / C++ code style
[3.074s] -- Configured uncrustify additional arguments: 
[3.074s] -- Added test 'xmllint' to check XML markup files
[3.075s] -- Configuring done
[3.121s] -- Generating done
[3.146s] -- Build files have been written to: /home/gaga/sad_ws/build/sad_pkg
[3.195s] Invoked command in '/home/gaga/sad_ws/build/sad_pkg' returned '0': CMAKE_PREFIX_PATH=/home/gaga/sad_ws/install/vision_msgs:/home/gaga/sad_ws/install/q_visualizer:/opt/ros/humble:/home/gaga/sad_ws/install/serial:/home/gaga/sad_ws/install:/home/gaga/sad_ws/install/sad_pkg:/home/gaga/sad_ws/install/harvest_master:/home/gaga/sad_ws/install/mani_urdf:/home/gaga/sad_ws/install/harvest_go /usr/bin/cmake /home/gaga/sad_ws/src/sad_pkg -DCMAKE_INSTALL_PREFIX=/home/gaga/sad_ws/install/sad_pkg
[3.197s] Invoking command in '/home/gaga/sad_ws/build/sad_pkg': CMAKE_PREFIX_PATH=/home/gaga/sad_ws/install/vision_msgs:/home/gaga/sad_ws/install/q_visualizer:/opt/ros/humble:/home/gaga/sad_ws/install/serial:/home/gaga/sad_ws/install:/home/gaga/sad_ws/install/sad_pkg:/home/gaga/sad_ws/install/harvest_master:/home/gaga/sad_ws/install/mani_urdf:/home/gaga/sad_ws/install/harvest_go /usr/bin/cmake --build /home/gaga/sad_ws/build/sad_pkg -- -j20 -l20
[3.270s] [ 50%] [32mBuilding CXX object CMakeFiles/rrt_node.dir/src/rrt_node.cpp.o[0m
[3.270s] [ 50%] [32mBuilding CXX object CMakeFiles/spline_node.dir/src/spline_node.cpp.o[0m
[3.270s] [ 50%] [32mBuilding CXX object CMakeFiles/path_node.dir/src/path_node.cpp.o[0m
[3.270s] [ 50%] [32mBuilding CXX object CMakeFiles/map_node.dir/src/map_node.cpp.o[0m
[3.270s] [ 50%] [32mBuilding CXX object CMakeFiles/path_test_node.dir/src/path_test_node.cpp.o[0m
[3.270s] [ 50%] [32mBuilding CXX object CMakeFiles/obstacle_node.dir/src/obstacle_node.cpp.o[0m
[3.270s] [ 50%] [32mBuilding CXX object CMakeFiles/calibration_node.dir/src/calibration_node.cpp.o[0m
[3.271s] [ 50%] [32mBuilding CXX object CMakeFiles/real_inverse_node.dir/src/real_inverse_node.cpp.o[0m
[3.271s] [ 50%] [32mBuilding CXX object CMakeFiles/forward_node.dir/src/forward_node.cpp.o[0m
[3.271s] [ 50%] [32mBuilding CXX object CMakeFiles/motor_node.dir/src/motor_node.cpp.o[0m
[3.271s] [ 50%] [32mBuilding CXX object CMakeFiles/Inverse_node.dir/src/Inverse_node.cpp.o[0m
[5.637s] [ 54%] [32m[1mLinking CXX executable forward_node[0m
[6.040s] [ 54%] Built target forward_node
[11.062s] [ 59%] [32m[1mLinking CXX executable path_test_node[0m
[11.111s] [01m[K/home/gaga/sad_ws/src/sad_pkg/src/Inverse_node.cpp:[m[K In member function ‘[01m[Kvoid ManipulatorNode::timerCallback()[m[K’:
[11.111s] [01m[K/home/gaga/sad_ws/src/sad_pkg/src/Inverse_node.cpp:416:16:[m[K [01;35m[Kwarning: [m[Kunused variable ‘[01m[Kpos_err_norm[m[K’ [[01;35m[K]8;;https://gcc.gnu.org/onlinedocs/gcc/Warning-Options.html#index-Wunused-variable-Wunused-variable]8;;[m[K]
[11.111s]   416 |         double [01;35m[Kpos_err_norm[m[K = position_error.norm();  // 위치 오차 크기 (m)
[11.111s]       |                [01;35m[K^~~~~~~~~~~~[m[K
[11.111s] [01m[K/home/gaga/sad_ws/src/sad_pkg/src/Inverse_node.cpp:429:16:[m[K [01;35m[Kwarning: [m[Kunused variable ‘[01m[Kori_err_deg[m[K’ [[01;35m[K]8;;https://gcc.gnu.org/onlinedocs/gcc/Warning-Options.html#index-Wunused-variable-Wunused-variable]8;;[m[K]
[11.111s]   429 |         double [01;35m[Kori_err_deg[m[K = angle_rad * (180.0 / M_PI);  // 방위 오차 (°)
[11.111s]       |                [01;35m[K^~~~~~~~~~~[m[K
[11.359s] [ 63%] [32m[1mLinking CXX executable obstacle_node[0m
[11.516s] [ 63%] Built target path_test_node
[11.851s] [ 63%] Built target obstacle_node
[15.356s] [ 68%] [32m[1mLinking CXX executable spline_node[0m
[15.770s] [ 68%] Built target spline_node
[18.153s] [ 72%] [32m[1mLinking CXX executable motor_node[0m
[18.407s] [ 77%] [32m[1mLinking CXX executable map_node[0m
[18.961s] [ 77%] Built target motor_node
[19.181s] [ 77%] Built target map_node
[19.225s] [ 81%] [32m[1mLinking CXX executable rrt_node[0m
[19.811s] [ 81%] Built target rrt_node
[26.637s] [ 86%] [32m[1mLinking CXX executable calibration_node[0m
[27.299s] [ 90%] [32m[1mLinking CXX executable path_node[0m
[27.866s] [ 90%] Built target calibration_node
[28.285s] [ 90%] Built target path_node
[29.001s] [ 95%] [32m[1mLinking CXX executable real_inverse_node[0m
[29.741s] [ 95%] Built target real_inverse_node
[33.005s] [100%] [32m[1mLinking CXX executable Inverse_node[0m
[33.837s] [100%] Built target Inverse_node
[33.847s] Invoked command in '/home/gaga/sad_ws/build/sad_pkg' returned '0': CMAKE_PREFIX_PATH=/home/gaga/sad_ws/install/vision_msgs:/home/gaga/sad_ws/install/q_visualizer:/opt/ros/humble:/home/gaga/sad_ws/install/serial:/home/gaga/sad_ws/install:/home/gaga/sad_ws/install/sad_pkg:/home/gaga/sad_ws/install/harvest_master:/home/gaga/sad_ws/install/mani_urdf:/home/gaga/sad_ws/install/harvest_go /usr/bin/cmake --build /home/gaga/sad_ws/build/sad_pkg -- -j20 -l20
[33.848s] Invoking command in '/home/gaga/sad_ws/build/sad_pkg': CMAKE_PREFIX_PATH=/home/gaga/sad_ws/install/vision_msgs:/home/gaga/sad_ws/install/q_visualizer:/opt/ros/humble:/home/gaga/sad_ws/install/serial:/home/gaga/sad_ws/install:/home/gaga/sad_ws/install/sad_pkg:/home/gaga/sad_ws/install/harvest_master:/home/gaga/sad_ws/install/mani_urdf:/home/gaga/sad_ws/install/harvest_go /usr/bin/cmake --install /home/gaga/sad_ws/build/sad_pkg
[33.858s] -- Install configuration: ""
[33.858s] -- Installing: /home/gaga/sad_ws/install/sad_pkg/share/sad_pkg/launch
[33.858s] -- Installing: /home/gaga/sad_ws/install/sad_pkg/share/sad_pkg/launch/rviz.launch.py
[33.858s] -- Installing: /home/gaga/sad_ws/install/sad_pkg/share/sad_pkg/launch/real.launch.py
[33.858s] -- Installing: /home/gaga/sad_ws/install/sad_pkg/share/sad_pkg/launch/sad.launch.py
[33.858s] -- Installing: /home/gaga/sad_ws/install/sad_pkg/share/sad_pkg/launch/all.launch.py
[33.858s] -- Installing: /home/gaga/sad_ws/install/sad_pkg/share/sad_pkg/urdf
[33.858s] -- Installing: /home/gaga/sad_ws/install/sad_pkg/share/sad_pkg/urdf/description
[33.858s] -- Installing: /home/gaga/sad_ws/install/sad_pkg/share/sad_pkg/urdf/description/test.xacro
[33.858s] -- Installing: /home/gaga/sad_ws/install/sad_pkg/share/sad_pkg/urdf/description/sad.xacro
[33.858s] -- Installing: /home/gaga/sad_ws/install/sad_pkg/share/sad_pkg/urdf/description/all.xacro
[33.858s] -- Installing: /home/gaga/sad_ws/install/sad_pkg/share/sad_pkg/meshes
[33.858s] -- Installing: /home/gaga/sad_ws/install/sad_pkg/share/sad_pkg/meshes/next.stl
[33.864s] -- Installing: /home/gaga/sad_ws/install/sad_pkg/share/sad_pkg/meshes/link3.stl
[33.865s] -- Installing: /home/gaga/sad_ws/install/sad_pkg/share/sad_pkg/meshes/link1.stl
[33.865s] -- Installing: /home/gaga/sad_ws/install/sad_pkg/share/sad_pkg/meshes/link5.stl
[33.866s] -- Installing: /home/gaga/sad_ws/install/sad_pkg/share/sad_pkg/meshes/link6.stl
[33.866s] -- Installing: /home/gaga/sad_ws/install/sad_pkg/share/sad_pkg/meshes/link7.stl
[33.869s] -- Installing: /home/gaga/sad_ws/install/sad_pkg/share/sad_pkg/meshes/link2.stl
[33.869s] -- Installing: /home/gaga/sad_ws/install/sad_pkg/share/sad_pkg/meshes/mani.stl
[33.876s] -- Installing: /home/gaga/sad_ws/install/sad_pkg/share/sad_pkg/meshes/link4.stl
[33.879s] -- Installing: /home/gaga/sad_ws/install/sad_pkg/share/sad_pkg/meshes/endeffector.stl
[33.879s] -- Installing: /home/gaga/sad_ws/install/sad_pkg/share/sad_pkg/config
[33.879s] -- Installing: /home/gaga/sad_ws/install/sad_pkg/share/sad_pkg/config/install
[33.879s] -- Installing: /home/gaga/sad_ws/install/sad_pkg/share/sad_pkg/config/install/setup.zsh
[33.879s] -- Installing: /home/gaga/sad_ws/install/sad_pkg/share/sad_pkg/config/install/local_setup.bash
[33.879s] -- Installing: /home/gaga/sad_ws/install/sad_pkg/share/sad_pkg/config/install/setup.ps1
[33.879s] -- Installing: /home/gaga/sad_ws/install/sad_pkg/share/sad_pkg/config/install/setup.sh
[33.879s] -- Installing: /home/gaga/sad_ws/install/sad_pkg/share/sad_pkg/config/install/COLCON_IGNORE
[33.880s] -- Installing: /home/gaga/sad_ws/install/sad_pkg/share/sad_pkg/config/install/_local_setup_util_sh.py
[33.880s] -- Installing: /home/gaga/sad_ws/install/sad_pkg/share/sad_pkg/config/install/_local_setup_util_ps1.py
[33.880s] -- Installing: /home/gaga/sad_ws/install/sad_pkg/share/sad_pkg/config/install/setup.bash
[33.880s] -- Installing: /home/gaga/sad_ws/install/sad_pkg/share/sad_pkg/config/install/local_setup.sh
[33.880s] -- Installing: /home/gaga/sad_ws/install/sad_pkg/share/sad_pkg/config/install/.colcon_install_layout
[33.880s] -- Installing: /home/gaga/sad_ws/install/sad_pkg/share/sad_pkg/config/install/local_setup.ps1
[33.880s] -- Installing: /home/gaga/sad_ws/install/sad_pkg/share/sad_pkg/config/install/local_setup.zsh
[33.880s] -- Installing: /home/gaga/sad_ws/install/sad_pkg/share/sad_pkg/config/build
[33.880s] -- Installing: /home/gaga/sad_ws/install/sad_pkg/share/sad_pkg/config/build/COLCON_IGNORE
[33.880s] -- Installing: /home/gaga/sad_ws/install/sad_pkg/share/sad_pkg/config/build/.built_by
[33.880s] -- Installing: /home/gaga/sad_ws/install/sad_pkg/share/sad_pkg/config/sad_controllers.yaml
[33.880s] -- Installing: /home/gaga/sad_ws/install/sad_pkg/share/sad_pkg/config/log
[33.880s] -- Installing: /home/gaga/sad_ws/install/sad_pkg/share/sad_pkg/config/log/latest_build
[33.880s] -- Installing: /home/gaga/sad_ws/install/sad_pkg/share/sad_pkg/config/log/latest
[33.880s] -- Installing: /home/gaga/sad_ws/install/sad_pkg/share/sad_pkg/config/log/build_2025-04-02_10-07-56
[33.880s] -- Installing: /home/gaga/sad_ws/install/sad_pkg/share/sad_pkg/config/log/build_2025-04-02_10-07-56/logger_all.log
[33.880s] -- Installing: /home/gaga/sad_ws/install/sad_pkg/share/sad_pkg/config/log/build_2025-04-02_10-07-56/events.log
[33.880s] -- Installing: /home/gaga/sad_ws/install/sad_pkg/share/sad_pkg/config/log/COLCON_IGNORE
[33.881s] -- Installing: /home/gaga/sad_ws/install/sad_pkg/lib/sad_pkg/forward_node
[33.881s] -- Set runtime path of "/home/gaga/sad_ws/install/sad_pkg/lib/sad_pkg/forward_node" to ""
[33.881s] -- Installing: /home/gaga/sad_ws/install/sad_pkg/lib/sad_pkg/rrt_node
[33.883s] -- Set runtime path of "/home/gaga/sad_ws/install/sad_pkg/lib/sad_pkg/rrt_node" to ""
[33.883s] -- Installing: /home/gaga/sad_ws/install/sad_pkg/lib/sad_pkg/obstacle_node
[33.884s] -- Set runtime path of "/home/gaga/sad_ws/install/sad_pkg/lib/sad_pkg/obstacle_node" to ""
[33.884s] -- Installing: /home/gaga/sad_ws/install/sad_pkg/lib/sad_pkg/spline_node
[33.885s] -- Set runtime path of "/home/gaga/sad_ws/install/sad_pkg/lib/sad_pkg/spline_node" to ""
[33.885s] -- Installing: /home/gaga/sad_ws/install/sad_pkg/lib/sad_pkg/map_node
[33.887s] -- Set runtime path of "/home/gaga/sad_ws/install/sad_pkg/lib/sad_pkg/map_node" to ""
[33.887s] -- Installing: /home/gaga/sad_ws/install/sad_pkg/lib/sad_pkg/path_node
[33.891s] -- Set runtime path of "/home/gaga/sad_ws/install/sad_pkg/lib/sad_pkg/path_node" to ""
[33.892s] -- Installing: /home/gaga/sad_ws/install/sad_pkg/lib/sad_pkg/path_test_node
[33.892s] -- Set runtime path of "/home/gaga/sad_ws/install/sad_pkg/lib/sad_pkg/path_test_node" to ""
[33.892s] -- Installing: /home/gaga/sad_ws/install/sad_pkg/lib/sad_pkg/Inverse_node
[33.899s] -- Set runtime path of "/home/gaga/sad_ws/install/sad_pkg/lib/sad_pkg/Inverse_node" to ""
[33.899s] -- Installing: /home/gaga/sad_ws/install/sad_pkg/lib/sad_pkg/real_inverse_node
[33.903s] -- Set runtime path of "/home/gaga/sad_ws/install/sad_pkg/lib/sad_pkg/real_inverse_node" to ""
[33.903s] -- Installing: /home/gaga/sad_ws/install/sad_pkg/lib/sad_pkg/motor_node
[33.905s] -- Set runtime path of "/home/gaga/sad_ws/install/sad_pkg/lib/sad_pkg/motor_node" to ""
[33.906s] -- Installing: /home/gaga/sad_ws/install/sad_pkg/lib/sad_pkg/calibration_node
[33.911s] -- Set runtime path of "/home/gaga/sad_ws/install/sad_pkg/lib/sad_pkg/calibration_node" to ""
[33.911s] -- Installing: /home/gaga/sad_ws/install/sad_pkg/share/ament_index/resource_index/package_run_dependencies/sad_pkg
[33.911s] -- Installing: /home/gaga/sad_ws/install/sad_pkg/share/ament_index/resource_index/parent_prefix_path/sad_pkg
[33.911s] -- Installing: /home/gaga/sad_ws/install/sad_pkg/share/sad_pkg/environment/ament_prefix_path.sh
[33.911s] -- Installing: /home/gaga/sad_ws/install/sad_pkg/share/sad_pkg/environment/ament_prefix_path.dsv
[33.911s] -- Installing: /home/gaga/sad_ws/install/sad_pkg/share/sad_pkg/environment/path.sh
[33.911s] -- Installing: /home/gaga/sad_ws/install/sad_pkg/share/sad_pkg/environment/path.dsv
[33.912s] -- Installing: /home/gaga/sad_ws/install/sad_pkg/share/sad_pkg/local_setup.bash
[33.912s] -- Installing: /home/gaga/sad_ws/install/sad_pkg/share/sad_pkg/local_setup.sh
[33.912s] -- Installing: /home/gaga/sad_ws/install/sad_pkg/share/sad_pkg/local_setup.zsh
[33.912s] -- Installing: /home/gaga/sad_ws/install/sad_pkg/share/sad_pkg/local_setup.dsv
[33.912s] -- Installing: /home/gaga/sad_ws/install/sad_pkg/share/sad_pkg/package.dsv
[33.912s] -- Installing: /home/gaga/sad_ws/install/sad_pkg/share/ament_index/resource_index/packages/sad_pkg
[33.912s] -- Installing: /home/gaga/sad_ws/install/sad_pkg/share/sad_pkg/cmake/sad_pkgConfig.cmake
[33.912s] -- Installing: /home/gaga/sad_ws/install/sad_pkg/share/sad_pkg/cmake/sad_pkgConfig-version.cmake
[33.912s] -- Installing: /home/gaga/sad_ws/install/sad_pkg/share/sad_pkg/package.xml
[33.914s] Invoked command in '/home/gaga/sad_ws/build/sad_pkg' returned '0': CMAKE_PREFIX_PATH=/home/gaga/sad_ws/install/vision_msgs:/home/gaga/sad_ws/install/q_visualizer:/opt/ros/humble:/home/gaga/sad_ws/install/serial:/home/gaga/sad_ws/install:/home/gaga/sad_ws/install/sad_pkg:/home/gaga/sad_ws/install/harvest_master:/home/gaga/sad_ws/install/mani_urdf:/home/gaga/sad_ws/install/harvest_go /usr/bin/cmake --install /home/gaga/sad_ws/build/sad_pkg
