[0.019s] Invoking command in '/home/gaga/sad_ws/build/harvest_go': CMAKE_PREFIX_PATH=${CMAKE_PREFIX_PATH}:/home/gaga/sad_ws/install/q_visualizer:/opt/ros/humble /usr/bin/cmake /home/gaga/sad_ws/src/harvest_go -DCMAKE_INSTALL_PREFIX=/home/gaga/sad_ws/install/harvest_go
[0.093s] -- The C compiler identification is GNU 11.4.0
[0.151s] -- The CXX compiler identification is GNU 11.4.0
[0.158s] -- Detecting C compiler ABI info
[0.221s] -- Detecting C compiler ABI info - done
[0.230s] -- Check for working C compiler: /usr/bin/cc - skipped
[0.230s] -- Detecting C compile features
[0.230s] -- Detecting C compile features - done
[0.234s] -- Detecting CXX compiler ABI info
[0.339s] -- Detecting CXX compiler ABI info - done
[0.347s] -- Check for working CXX compiler: /usr/bin/c++ - skipped
[0.347s] -- Detecting CXX compile features
[0.348s] -- Detecting CXX compile features - done
[0.352s] -- Found ament_cmake: 1.3.11 (/opt/ros/humble/share/ament_cmake/cmake)
[0.507s] -- Found Python3: /usr/bin/python3 (found version "3.10.12") found components: Interpreter 
[0.627s] -- Found rclcpp: 16.0.12 (/opt/ros/humble/share/rclcpp/cmake)
[0.659s] -- Found rosidl_generator_c: 3.1.6 (/opt/ros/humble/share/rosidl_generator_c/cmake)
[0.663s] -- Found rosidl_adapter: 3.1.6 (/opt/ros/humble/share/rosidl_adapter/cmake)
[0.669s] -- Found rosidl_generator_cpp: 3.1.6 (/opt/ros/humble/share/rosidl_generator_cpp/cmake)
[0.678s] -- Using all available rosidl_typesupport_c: rosidl_typesupport_fastrtps_c;rosidl_typesupport_introspection_c
[0.689s] -- Using all available rosidl_typesupport_cpp: rosidl_typesupport_fastrtps_cpp;rosidl_typesupport_introspection_cpp
[0.723s] -- Found rmw_implementation_cmake: 6.1.2 (/opt/ros/humble/share/rmw_implementation_cmake/cmake)
[0.725s] -- Found rmw_fastrtps_cpp: 6.2.7 (/opt/ros/humble/share/rmw_fastrtps_cpp/cmake)
[0.813s] -- Found OpenSSL: /usr/lib/x86_64-linux-gnu/libcrypto.so (found version "3.0.2")  
[0.847s] -- Found FastRTPS: /opt/ros/humble/include  
[0.893s] -- Using RMW implementation 'rmw_fastrtps_cpp' as default
[0.907s] -- Looking for pthread.h
[1.022s] -- Looking for pthread.h - found
[1.022s] -- Performing Test CMAKE_HAVE_LIBC_PTHREAD
[1.138s] -- Performing Test CMAKE_HAVE_LIBC_PTHREAD - Success
[1.140s] -- Found Threads: TRUE  
[1.230s] -- Found Boost: /usr/lib/x86_64-linux-gnu/cmake/Boost-1.74.0/BoostConfig.cmake (found suitable version "1.74.0", minimum required is "1.71.0") found components: thread 
[1.363s] -- Configuring done
[1.382s] -- Generating done
[1.387s] -- Build files have been written to: /home/gaga/sad_ws/build/harvest_go
[1.410s] Invoked command in '/home/gaga/sad_ws/build/harvest_go' returned '0': CMAKE_PREFIX_PATH=${CMAKE_PREFIX_PATH}:/home/gaga/sad_ws/install/q_visualizer:/opt/ros/humble /usr/bin/cmake /home/gaga/sad_ws/src/harvest_go -DCMAKE_INSTALL_PREFIX=/home/gaga/sad_ws/install/harvest_go
[1.413s] Invoking command in '/home/gaga/sad_ws/build/harvest_go': CMAKE_PREFIX_PATH=${CMAKE_PREFIX_PATH}:/home/gaga/sad_ws/install/q_visualizer:/opt/ros/humble /usr/bin/cmake --build /home/gaga/sad_ws/build/harvest_go -- -j20 -l20
[1.469s] [ 33%] [34m[1mGenerating include/harvest_go/moc_main_window.cpp[0m
[1.469s] [ 33%] [34m[1mGenerating ui_mainwindow.h[0m
[1.496s] [ 50%] [32mBuilding CXX object CMakeFiles/harvest_go.dir/src/main.cpp.o[0m
[1.497s] [ 66%] [32mBuilding CXX object CMakeFiles/harvest_go.dir/src/main_window.cpp.o[0m
[1.497s] [ 83%] [32mBuilding CXX object CMakeFiles/harvest_go.dir/include/harvest_go/moc_main_window.cpp.o[0m
[3.340s] [100%] [32m[1mLinking CXX executable harvest_go[0m
[5.796s] /usr/bin/ld: CMakeFiles/harvest_go.dir/include/harvest_go/moc_main_window.cpp.o: in function `MainWindow::qt_static_metacall(QObject*, QMetaObject::Call, int, void**)':
[5.796s] moc_main_window.cpp:(.text+0x144): undefined reference to `MainWindow::on_Gripper_clicked()'
[5.838s] collect2: error: ld returned 1 exit status
[5.841s] gmake[2]: *** [CMakeFiles/harvest_go.dir/build.make:197: harvest_go] Error 1
[5.841s] gmake[1]: *** [CMakeFiles/Makefile2:137: CMakeFiles/harvest_go.dir/all] Error 2
[5.841s] gmake: *** [Makefile:146: all] Error 2
[5.844s] Invoked command in '/home/gaga/sad_ws/build/harvest_go' returned '2': CMAKE_PREFIX_PATH=${CMAKE_PREFIX_PATH}:/home/gaga/sad_ws/install/q_visualizer:/opt/ros/humble /usr/bin/cmake --build /home/gaga/sad_ws/build/harvest_go -- -j20 -l20
