[0.026s] Invoking command in '/home/gaga/sad_ws/build/mani_urdf': CMAKE_PREFIX_PATH=${CMAKE_PREFIX_PATH}:/home/gaga/sad_ws/install/q_visualizer:/opt/ros/humble /usr/bin/cmake /home/gaga/sad_ws/src/mani_urdf -DCMAKE_INSTALL_PREFIX=/home/gaga/sad_ws/install/mani_urdf
[0.121s] -- The C compiler identification is GNU 11.4.0
[0.217s] -- The CXX compiler identification is GNU 11.4.0
[0.228s] -- Detecting C compiler ABI info
[0.354s] -- Detecting C compiler ABI info - done
[0.362s] -- Check for working C compiler: /usr/bin/cc - skipped
[0.363s] -- Detecting C compile features
[0.364s] -- Detecting C compile features - done
[0.370s] -- Detecting CXX compiler ABI info
[0.510s] -- Detecting CXX compiler ABI info - done
[0.518s] -- Check for working CXX compiler: /usr/bin/c++ - skipped
[0.518s] -- Detecting CXX compile features
[0.518s] -- Detecting CXX compile features - done
[0.522s] -- Found ament_cmake: 1.3.11 (/opt/ros/humble/share/ament_cmake/cmake)
[0.752s] -- Found Python3: /usr/bin/python3 (found version "3.10.12") found components: Interpreter 
[0.931s] -- Found ament_lint_auto: 0.12.12 (/opt/ros/humble/share/ament_lint_auto/cmake)
[1.076s] -- Added test 'copyright' to check source files copyright and LICENSE
[1.079s] -- Added test 'flake8' to check Python code syntax and style conventions
[1.079s] -- Added test 'lint_cmake' to check CMake code style
[1.080s] -- Added test 'pep257' to check Python code against some of the docstring style conventions in PEP 257
[1.081s] -- Added test 'xmllint' to check XML markup files
[1.083s] -- Configuring done
[1.090s] -- Generating done
[1.093s] -- Build files have been written to: /home/gaga/sad_ws/build/mani_urdf
[1.109s] Invoked command in '/home/gaga/sad_ws/build/mani_urdf' returned '0': CMAKE_PREFIX_PATH=${CMAKE_PREFIX_PATH}:/home/gaga/sad_ws/install/q_visualizer:/opt/ros/humble /usr/bin/cmake /home/gaga/sad_ws/src/mani_urdf -DCMAKE_INSTALL_PREFIX=/home/gaga/sad_ws/install/mani_urdf
[1.113s] Invoking command in '/home/gaga/sad_ws/build/mani_urdf': CMAKE_PREFIX_PATH=${CMAKE_PREFIX_PATH}:/home/gaga/sad_ws/install/q_visualizer:/opt/ros/humble /usr/bin/cmake --build /home/gaga/sad_ws/build/mani_urdf -- -j20 -l20
[1.193s] Invoked command in '/home/gaga/sad_ws/build/mani_urdf' returned '0': CMAKE_PREFIX_PATH=${CMAKE_PREFIX_PATH}:/home/gaga/sad_ws/install/q_visualizer:/opt/ros/humble /usr/bin/cmake --build /home/gaga/sad_ws/build/mani_urdf -- -j20 -l20
[1.216s] Invoking command in '/home/gaga/sad_ws/build/mani_urdf': CMAKE_PREFIX_PATH=${CMAKE_PREFIX_PATH}:/home/gaga/sad_ws/install/q_visualizer:/opt/ros/humble /usr/bin/cmake --install /home/gaga/sad_ws/build/mani_urdf
[1.230s] -- Install configuration: ""
[1.231s] -- Installing: /home/gaga/sad_ws/install/mani_urdf/share/mani_urdf/description
[1.231s] -- Installing: /home/gaga/sad_ws/install/mani_urdf/share/mani_urdf/description/example_robot.urdf.xacro
[1.231s] -- Installing: /home/gaga/sad_ws/install/mani_urdf/share/mani_urdf/description/mesh
[1.231s] -- Installing: /home/gaga/sad_ws/install/mani_urdf/share/mani_urdf/description/mesh/before.zip
[1.232s] -- Installing: /home/gaga/sad_ws/install/mani_urdf/share/mani_urdf/description/mesh/link3.stl
[1.233s] -- Installing: /home/gaga/sad_ws/install/mani_urdf/share/mani_urdf/description/mesh/link1.stl
[1.236s] -- Installing: /home/gaga/sad_ws/install/mani_urdf/share/mani_urdf/description/mesh/link5.stl
[1.237s] -- Installing: /home/gaga/sad_ws/install/mani_urdf/share/mani_urdf/description/mesh/link6.stl
[1.240s] -- Installing: /home/gaga/sad_ws/install/mani_urdf/share/mani_urdf/description/mesh/link7.stl
[1.259s] -- Installing: /home/gaga/sad_ws/install/mani_urdf/share/mani_urdf/description/mesh/link2.stl
[1.264s] -- Installing: /home/gaga/sad_ws/install/mani_urdf/share/mani_urdf/description/mesh/link4.stl
[1.277s] -- Installing: /home/gaga/sad_ws/install/mani_urdf/share/mani_urdf/description/mesh/endeffector.stl
[1.277s] -- Installing: /home/gaga/sad_ws/install/mani_urdf/share/mani_urdf/description/mesh/link5_1.stl
[1.278s] -- Installing: /home/gaga/sad_ws/install/mani_urdf/share/mani_urdf/description/example_gazebo.xacro
[1.278s] -- Installing: /home/gaga/sad_ws/install/mani_urdf/share/mani_urdf/description/example_include.xacro
[1.278s] -- Installing: /home/gaga/sad_ws/install/mani_urdf/share/mani_urdf/launch
[1.278s] -- Installing: /home/gaga/sad_ws/install/mani_urdf/share/mani_urdf/launch/rsp.launch.py
[1.278s] -- Installing: /home/gaga/sad_ws/install/mani_urdf/share/mani_urdf/launch/rsp_sim.launch.py
[1.278s] -- Installing: /home/gaga/sad_ws/install/mani_urdf/share/mani_urdf/worlds
[1.278s] -- Installing: /home/gaga/sad_ws/install/mani_urdf/share/mani_urdf/worlds/test_world.world
[1.279s] -- Installing: /home/gaga/sad_ws/install/mani_urdf/share/mani_urdf/config
[1.279s] -- Installing: /home/gaga/sad_ws/install/mani_urdf/share/mani_urdf/config/gazebo_controll.yaml
[1.279s] -- Installing: /home/gaga/sad_ws/install/mani_urdf/share/ament_index/resource_index/package_run_dependencies/mani_urdf
[1.279s] -- Installing: /home/gaga/sad_ws/install/mani_urdf/share/ament_index/resource_index/parent_prefix_path/mani_urdf
[1.279s] -- Installing: /home/gaga/sad_ws/install/mani_urdf/share/mani_urdf/environment/ament_prefix_path.sh
[1.279s] -- Installing: /home/gaga/sad_ws/install/mani_urdf/share/mani_urdf/environment/ament_prefix_path.dsv
[1.279s] -- Installing: /home/gaga/sad_ws/install/mani_urdf/share/mani_urdf/environment/path.sh
[1.279s] -- Installing: /home/gaga/sad_ws/install/mani_urdf/share/mani_urdf/environment/path.dsv
[1.279s] -- Installing: /home/gaga/sad_ws/install/mani_urdf/share/mani_urdf/local_setup.bash
[1.279s] -- Installing: /home/gaga/sad_ws/install/mani_urdf/share/mani_urdf/local_setup.sh
[1.280s] -- Installing: /home/gaga/sad_ws/install/mani_urdf/share/mani_urdf/local_setup.zsh
[1.280s] -- Installing: /home/gaga/sad_ws/install/mani_urdf/share/mani_urdf/local_setup.dsv
[1.280s] -- Installing: /home/gaga/sad_ws/install/mani_urdf/share/mani_urdf/package.dsv
[1.280s] -- Installing: /home/gaga/sad_ws/install/mani_urdf/share/ament_index/resource_index/packages/mani_urdf
[1.280s] -- Installing: /home/gaga/sad_ws/install/mani_urdf/share/mani_urdf/cmake/mani_urdfConfig.cmake
[1.280s] -- Installing: /home/gaga/sad_ws/install/mani_urdf/share/mani_urdf/cmake/mani_urdfConfig-version.cmake
[1.280s] -- Installing: /home/gaga/sad_ws/install/mani_urdf/share/mani_urdf/package.xml
[1.289s] Invoked command in '/home/gaga/sad_ws/build/mani_urdf' returned '0': CMAKE_PREFIX_PATH=${CMAKE_PREFIX_PATH}:/home/gaga/sad_ws/install/q_visualizer:/opt/ros/humble /usr/bin/cmake --install /home/gaga/sad_ws/build/mani_urdf
