[0.029s] Invoking command in '/home/gaga/sad_ws/build/sad_pkg': CMAKE_PREFIX_PATH=/home/gaga/sad_ws/install/q_visualizer:/opt/ros/humble:/home/gaga/sad_ws/install/serial:/home/gaga/sad_ws/install/my_vision_msgs:/home/gaga/sad_ws/install:/home/gaga/sad_ws/install/sad_pkg:/home/gaga/sad_ws/install/mani_urdf:/home/gaga/ssibal_ws/install/robot_msgs:/home/gaga/sad_ws/src/install/vision_msgs:/home/gaga/sad_ws/src/install/sad_pkg:/home/gaga/sad_ws/src/install/serial:/home/gaga/sad_ws/src/install/my_vision_msgs:/home/gaga/sad_ws/src/install/mani_urdf:/home/gaga/robotprograming_ws/install/rp_pkg:/home/gaga/sad_ws/src/sad_pkg/install/sad_pkg /usr/bin/cmake --build /home/gaga/sad_ws/build/sad_pkg -- -j20 -l20
[0.139s] [35m[1mConsolidate compiler generated dependencies of target real_inverse_node[0m
[0.172s] [ 85%] Built target rrt_node
[0.172s] [ 85%] Built target motor_node
[0.172s] [ 85%] Built target path_node
[0.173s] [ 85%] Built target Inverse_node
[0.173s] [ 85%] Built target obstacle_node
[0.173s] [ 85%] Built target spline_node
[0.173s] [ 85%] Built target forward_node
[0.173s] [ 90%] Built target map_node
[0.173s] [ 90%] Built target path_test_node
[0.183s] [ 95%] [32mBuilding CXX object CMakeFiles/real_inverse_node.dir/src/real_inverse_node.cpp.o[0m
[5.373s] [01m[K/home/gaga/sad_ws/src/sad_pkg/src/real_inverse_node.cpp:[m[K In constructor ‘[01m[KMotor4TestNode::Motor4TestNode()[m[K’:
[5.373s] [01m[K/home/gaga/sad_ws/src/sad_pkg/src/real_inverse_node.cpp:17:60:[m[K [01;31m[Kerror: [m[K‘[01m[KSharedPtrㄴ[m[K’ in ‘[01m[Kusing Float64MultiArray = struct std_msgs::msg::Float64MultiArray_<std::allocator<void> >[m[K’ {aka ‘[01m[Kstruct std_msgs::msg::Float64MultiArray_<std::allocator<void> >[m[K’} does not name a type
[5.373s]    17 |             [this](const std_msgs::msg::Float64MultiArray::[01;31m[KSharedPtrㄴ[m[K msg) {
[5.373s]       |                                                            [01;31m[K^~~~~~~~~~~[m[K
[5.373s] [01m[K/home/gaga/sad_ws/src/sad_pkg/src/real_inverse_node.cpp:[m[K In lambda function:
[5.374s] [01m[K/home/gaga/sad_ws/src/sad_pkg/src/real_inverse_node.cpp:22:10:[m[K [01;31m[Kerror: [m[Kexpected ‘[01m[K{[m[K’ before ‘[01m[K;[m[K’ token
[5.374s]    22 |         )[01;31m[K;[m[K
[5.374s]       |          [01;31m[K^[m[K
[5.374s] [01m[K/home/gaga/sad_ws/src/sad_pkg/src/real_inverse_node.cpp:[m[K In constructor ‘[01m[KMotor4TestNode::Motor4TestNode()[m[K’:
[5.374s] [01m[K/home/gaga/sad_ws/src/sad_pkg/src/real_inverse_node.cpp:22:10:[m[K [01;31m[Kerror: [m[Kexpected ‘[01m[K)[m[K’ before ‘[01m[K;[m[K’ token
[5.374s] [01m[K/home/gaga/sad_ws/src/sad_pkg/src/real_inverse_node.cpp:15:88:[m[K [01;36m[Knote: [m[Kto match this ‘[01m[K([m[K’
[5.374s]    15 |         current_qdot_sub_ = this->create_subscription<std_msgs::msg::Float64MultiArray>[01;36m[K([m[K
[5.374s]       |                                                                                        [01;36m[K^[m[K
[7.230s] gmake[2]: *** [CMakeFiles/real_inverse_node.dir/build.make:76: CMakeFiles/real_inverse_node.dir/src/real_inverse_node.cpp.o] Error 1
[7.230s] gmake[1]: *** [CMakeFiles/Makefile2:363: CMakeFiles/real_inverse_node.dir/all] Error 2
[7.230s] gmake: *** [Makefile:146: all] Error 2
[7.239s] Invoked command in '/home/gaga/sad_ws/build/sad_pkg' returned '2': CMAKE_PREFIX_PATH=/home/gaga/sad_ws/install/q_visualizer:/opt/ros/humble:/home/gaga/sad_ws/install/serial:/home/gaga/sad_ws/install/my_vision_msgs:/home/gaga/sad_ws/install:/home/gaga/sad_ws/install/sad_pkg:/home/gaga/sad_ws/install/mani_urdf:/home/gaga/ssibal_ws/install/robot_msgs:/home/gaga/sad_ws/src/install/vision_msgs:/home/gaga/sad_ws/src/install/sad_pkg:/home/gaga/sad_ws/src/install/serial:/home/gaga/sad_ws/src/install/my_vision_msgs:/home/gaga/sad_ws/src/install/mani_urdf:/home/gaga/robotprograming_ws/install/rp_pkg:/home/gaga/sad_ws/src/sad_pkg/install/sad_pkg /usr/bin/cmake --build /home/gaga/sad_ws/build/sad_pkg -- -j20 -l20
