[01m[K/home/gaga/sad_ws/src/sad_pkg/src/motor_node.cpp:[m[K In destructor ‘[01m[Kvirtual MotorControlNode::~MotorControlNode()[m[K’:
[01m[K/home/gaga/sad_ws/src/sad_pkg/src/motor_node.cpp:96:54:[m[K [01;31m[Kerror: [m[K‘[01m[KDXL_ID_3[m[K’ was not declared in this scope; did you mean ‘[01m[KDXL_ID_1[m[K’?
   96 |         packetHandler_->write1ByteTxRx(portHandler_, [01;31m[KDXL_ID_3[m[K, ADDR_TORQUE_ENABLE, 0, &dxl_error);
      |                                                      [01;31m[K^~~~~~~~[m[K
      |                                                      [32m[KDXL_ID_1[m[K
[01m[K/home/gaga/sad_ws/src/sad_pkg/src/motor_node.cpp:[m[K In member function ‘[01m[Kvoid MotorControlNode::dq_callback(std_msgs::msg::Float64MultiArray_<std::allocator<void> >::SharedPtr)[m[K’:
[01m[K/home/gaga/sad_ws/src/sad_pkg/src/motor_node.cpp:120:9:[m[K [01;31m[Kerror: [m[K‘[01m[KsetDynamixelTorque[m[K’ was not declared in this scope; did you mean ‘[01m[KsetDynamixelVelocity[m[K’?
  120 |         [01;31m[KsetDynamixelTorque[m[K(DXL_ID_1, torque_1);
      |         [01;31m[K^~~~~~~~~~~~~~~~~~[m[K
      |         [32m[KsetDynamixelVelocity[m[K
[01m[K/home/gaga/sad_ws/src/sad_pkg/src/motor_node.cpp:[m[K In member function ‘[01m[Kvoid MotorControlNode::gripper_callback(std_msgs::msg::Float64_<std::allocator<void> >::SharedPtr)[m[K’:
[01m[K/home/gaga/sad_ws/src/sad_pkg/src/motor_node.cpp:126:54:[m[K [01;31m[Kerror: [m[K‘[01m[KDXL_ID_3[m[K’ was not declared in this scope; did you mean ‘[01m[KDXL_ID_1[m[K’?
  126 |         packetHandler_->write4ByteTxRx(portHandler_, [01;31m[KDXL_ID_3[m[K, ADDR_GOAL_POSITION, static_cast<uint32_t>(gripper_goal), &dxl_error);
      |                                                      [01;31m[K^~~~~~~~[m[K
      |                                                      [32m[KDXL_ID_1[m[K
[01m[K/home/gaga/sad_ws/src/sad_pkg/src/motor_node.cpp:126:64:[m[K [01;31m[Kerror: [m[K‘[01m[KADDR_GOAL_POSITION[m[K’ was not declared in this scope
  126 |         packetHandler_->write4ByteTxRx(portHandler_, DXL_ID_3, [01;31m[KADDR_GOAL_POSITION[m[K, static_cast<uint32_t>(gripper_goal), &dxl_error);
      |                                                                [01;31m[K^~~~~~~~~~~~~~~~~~[m[K
[01m[K/home/gaga/sad_ws/src/sad_pkg/src/motor_node.cpp:[m[K In member function ‘[01m[Kvoid MotorControlNode::setDynamixelVelocity(uint8_t, int32_t)[m[K’:
[01m[K/home/gaga/sad_ws/src/sad_pkg/src/motor_node.cpp:130:58:[m[K [01;31m[Kerror: [m[K‘[01m[KADDR_GOAL_VELOCITY[m[K’ was not declared in this scope
  130 |         packetHandler_->write4ByteTxRx(portHandler_, id, [01;31m[KADDR_GOAL_VELOCITY[m[K, static_cast<uint32_t>(vel), &dxl_error);
      |                                                          [01;31m[K^~~~~~~~~~~~~~~~~~[m[K
[01m[K/home/gaga/sad_ws/src/sad_pkg/src/motor_node.cpp:[m[K In member function ‘[01m[Kvoid MotorControlNode::readFromSTM32()[m[K’:
[01m[K/home/gaga/sad_ws/src/sad_pkg/src/motor_node.cpp:205:13:[m[K [01;31m[Kerror: [m[K‘[01m[KADDR_PRESENT_VELOCITY[m[K’ was not declared in this scope; did you mean ‘[01m[KADDR_PRESENT_TORQUE[m[K’?
  205 |             [01;31m[KADDR_PRESENT_VELOCITY[m[K,
      |             [01;31m[K^~~~~~~~~~~~~~~~~~~~~[m[K
      |             [32m[KADDR_PRESENT_TORQUE[m[K
[01m[K/home/gaga/sad_ws/src/sad_pkg/src/motor_node.cpp:[m[K In member function ‘[01m[Kvoid MotorControlNode::gripper_open_callback(std::shared_ptr<std_srvs::srv::Trigger_Request_<std::allocator<void> > >, std::shared_ptr<std_srvs::srv::Trigger_Response_<std::allocator<void> > >)[m[K’:
[01m[K/home/gaga/sad_ws/src/sad_pkg/src/motor_node.cpp:222:68:[m[K [01;31m[Kerror: [m[K‘[01m[KDXL_ID_3[m[K’ was not declared in this scope; did you mean ‘[01m[KDXL_ID_1[m[K’?
  222 |         auto result = packetHandler_->write4ByteTxRx(portHandler_, [01;31m[KDXL_ID_3[m[K, ADDR_GOAL_POSITION, open_pos, &dxl_error);
      |                                                                    [01;31m[K^~~~~~~~[m[K
      |                                                                    [32m[KDXL_ID_1[m[K
[01m[K/home/gaga/sad_ws/src/sad_pkg/src/motor_node.cpp:222:78:[m[K [01;31m[Kerror: [m[K‘[01m[KADDR_GOAL_POSITION[m[K’ was not declared in this scope
  222 |         auto result = packetHandler_->write4ByteTxRx(portHandler_, DXL_ID_3, [01;31m[KADDR_GOAL_POSITION[m[K, open_pos, &dxl_error);
      |                                                                              [01;31m[K^~~~~~~~~~~~~~~~~~[m[K
[01m[K/home/gaga/sad_ws/src/sad_pkg/src/motor_node.cpp:[m[K In member function ‘[01m[Kvoid MotorControlNode::gripper_close_callback(std::shared_ptr<std_srvs::srv::Trigger_Request_<std::allocator<void> > >, std::shared_ptr<std_srvs::srv::Trigger_Response_<std::allocator<void> > >)[m[K’:
[01m[K/home/gaga/sad_ws/src/sad_pkg/src/motor_node.cpp:231:68:[m[K [01;31m[Kerror: [m[K‘[01m[KDXL_ID_3[m[K’ was not declared in this scope; did you mean ‘[01m[KDXL_ID_1[m[K’?
  231 |         auto result = packetHandler_->write4ByteTxRx(portHandler_, [01;31m[KDXL_ID_3[m[K, ADDR_GOAL_POSITION, close_pos, &dxl_error);
      |                                                                    [01;31m[K^~~~~~~~[m[K
      |                                                                    [32m[KDXL_ID_1[m[K
[01m[K/home/gaga/sad_ws/src/sad_pkg/src/motor_node.cpp:231:78:[m[K [01;31m[Kerror: [m[K‘[01m[KADDR_GOAL_POSITION[m[K’ was not declared in this scope
  231 |         auto result = packetHandler_->write4ByteTxRx(portHandler_, DXL_ID_3, [01;31m[KADDR_GOAL_POSITION[m[K, close_pos, &dxl_error);
      |                                                                              [01;31m[K^~~~~~~~~~~~~~~~~~[m[K
gmake[2]: *** [CMakeFiles/motor_node.dir/build.make:76: CMakeFiles/motor_node.dir/src/motor_node.cpp.o] Error 1
gmake[1]: *** [CMakeFiles/Makefile2:389: CMakeFiles/motor_node.dir/all] Error 2
gmake: *** [Makefile:146: all] Error 2
