[0.025s] Invoking command in '/home/gaga/sad_ws/build/harvest_master': CMAKE_PREFIX_PATH=/home/gaga/sad_ws/install/vision_msgs:/home/gaga/sad_ws/install:/home/gaga/sad_ws/install/sad_pkg:/home/gaga/sad_ws/install/harvest_master:/home/gaga/sad_ws/install/q_visualizer:/opt/ros/humble:/home/gaga/sad_ws/install/serial:/home/gaga/sad_ws/install/mani_urdf:/home/gaga/sad_ws/install/harvest_go /usr/bin/cmake --build /home/gaga/sad_ws/build/harvest_master -- -j20 -l20
[0.145s] [ 50%] [32mBuilding CXX object CMakeFiles/master_node.dir/src/master_node.cpp.o[0m
[17.464s] [100%] [32m[1mLinking CXX executable master_node[0m
[18.476s] [100%] Built target master_node
[18.490s] Invoked command in '/home/gaga/sad_ws/build/harvest_master' returned '0': CMAKE_PREFIX_PATH=/home/gaga/sad_ws/install/vision_msgs:/home/gaga/sad_ws/install:/home/gaga/sad_ws/install/sad_pkg:/home/gaga/sad_ws/install/harvest_master:/home/gaga/sad_ws/install/q_visualizer:/opt/ros/humble:/home/gaga/sad_ws/install/serial:/home/gaga/sad_ws/install/mani_urdf:/home/gaga/sad_ws/install/harvest_go /usr/bin/cmake --build /home/gaga/sad_ws/build/harvest_master -- -j20 -l20
[18.491s] Invoking command in '/home/gaga/sad_ws/build/harvest_master': CMAKE_PREFIX_PATH=/home/gaga/sad_ws/install/vision_msgs:/home/gaga/sad_ws/install:/home/gaga/sad_ws/install/sad_pkg:/home/gaga/sad_ws/install/harvest_master:/home/gaga/sad_ws/install/q_visualizer:/opt/ros/humble:/home/gaga/sad_ws/install/serial:/home/gaga/sad_ws/install/mani_urdf:/home/gaga/sad_ws/install/harvest_go /usr/bin/cmake --install /home/gaga/sad_ws/build/harvest_master
[18.500s] -- Install configuration: ""
[18.500s] -- Installing: /home/gaga/sad_ws/install/harvest_master/lib/harvest_master/master_node
[18.507s] -- Set runtime path of "/home/gaga/sad_ws/install/harvest_master/lib/harvest_master/master_node" to ""
[18.507s] -- Up-to-date: /home/gaga/sad_ws/install/harvest_master/include/
[18.507s] -- Up-to-date: /home/gaga/sad_ws/install/harvest_master/include//harvest_master
[18.507s] -- Up-to-date: /home/gaga/sad_ws/install/harvest_master/include//harvest_master/master_node.hpp
[18.508s] -- Up-to-date: /home/gaga/sad_ws/install/harvest_master/share/ament_index/resource_index/package_run_dependencies/harvest_master
[18.508s] -- Up-to-date: /home/gaga/sad_ws/install/harvest_master/share/ament_index/resource_index/parent_prefix_path/harvest_master
[18.508s] -- Up-to-date: /home/gaga/sad_ws/install/harvest_master/share/harvest_master/environment/ament_prefix_path.sh
[18.508s] -- Up-to-date: /home/gaga/sad_ws/install/harvest_master/share/harvest_master/environment/ament_prefix_path.dsv
[18.508s] -- Up-to-date: /home/gaga/sad_ws/install/harvest_master/share/harvest_master/environment/path.sh
[18.508s] -- Up-to-date: /home/gaga/sad_ws/install/harvest_master/share/harvest_master/environment/path.dsv
[18.508s] -- Up-to-date: /home/gaga/sad_ws/install/harvest_master/share/harvest_master/local_setup.bash
[18.508s] -- Up-to-date: /home/gaga/sad_ws/install/harvest_master/share/harvest_master/local_setup.sh
[18.508s] -- Up-to-date: /home/gaga/sad_ws/install/harvest_master/share/harvest_master/local_setup.zsh
[18.508s] -- Up-to-date: /home/gaga/sad_ws/install/harvest_master/share/harvest_master/local_setup.dsv
[18.508s] -- Installing: /home/gaga/sad_ws/install/harvest_master/share/harvest_master/package.dsv
[18.508s] -- Up-to-date: /home/gaga/sad_ws/install/harvest_master/share/ament_index/resource_index/packages/harvest_master
[18.508s] -- Up-to-date: /home/gaga/sad_ws/install/harvest_master/share/harvest_master/cmake/harvest_masterConfig.cmake
[18.508s] -- Up-to-date: /home/gaga/sad_ws/install/harvest_master/share/harvest_master/cmake/harvest_masterConfig-version.cmake
[18.508s] -- Up-to-date: /home/gaga/sad_ws/install/harvest_master/share/harvest_master/package.xml
[18.510s] Invoked command in '/home/gaga/sad_ws/build/harvest_master' returned '0': CMAKE_PREFIX_PATH=/home/gaga/sad_ws/install/vision_msgs:/home/gaga/sad_ws/install:/home/gaga/sad_ws/install/sad_pkg:/home/gaga/sad_ws/install/harvest_master:/home/gaga/sad_ws/install/q_visualizer:/opt/ros/humble:/home/gaga/sad_ws/install/serial:/home/gaga/sad_ws/install/mani_urdf:/home/gaga/sad_ws/install/harvest_go /usr/bin/cmake --install /home/gaga/sad_ws/build/harvest_master
